Archive member included because of file (symbol)

c:/program files (x86)/atmel/atmel toolchain/avr8 gcc/native/3.4.2.1002/avr8-gnu-toolchain/bin/../lib/gcc/avr/4.7.2/avr51\libgcc.a(_exit.o)
                              c:/program files (x86)/atmel/atmel toolchain/avr8 gcc/native/3.4.2.1002/avr8-gnu-toolchain/bin/../lib/gcc/avr/4.7.2/../../../../avr/lib/avr51/crtm1284p.o (exit)
c:/program files (x86)/atmel/atmel toolchain/avr8 gcc/native/3.4.2.1002/avr8-gnu-toolchain/bin/../lib/gcc/avr/4.7.2/avr51\libgcc.a(_clear_bss.o)
                              Navigationsenhet.o (__do_clear_bss)

Allocating common symbols
Common symbol       size              file

right_sensor_back   0x2               Navigationsenhet.o
message_length      0x2               twi.o
settings            0x2               twi.o
right_sensor_front  0x2               Navigationsenhet.o
current_instruction
                    0x2               Navigationsenhet.o
command             0x6               twi.o
message             0xff              twi.o
forward_sensor      0x2               Navigationsenhet.o
left_sensor_front   0x2               Navigationsenhet.o
instruction         0x1               Navigationsenhet.o
current_command     0x2               twi.o
buffer              0xe               twi.o
message_counter     0x2               twi.o
servo               0x2               twi.o
my_adress           0x2               Navigationsenhet.o
low_pass_sensor     0x2               Navigationsenhet.o
sweep               0x2               twi.o
left_sensor_back    0x2               Navigationsenhet.o
sensor              0x2               twi.o
sensors             0xe               twi.o
high_pass_sensor    0x4               Navigationsenhet.o

Discarded input sections

 .bss           0x00000000        0x0 c:/program files (x86)/atmel/atmel toolchain/avr8 gcc/native/3.4.2.1002/avr8-gnu-toolchain/bin/../lib/gcc/avr/4.7.2/../../../../avr/lib/avr51/crtm1284p.o
 .text          0x00000000        0x0 Navigationsenhet.o
 .bss           0x00000000        0x0 Navigationsenhet.o
 .bss.algorithm
                0x00000000        0x2 Navigationsenhet.o
 .bss.automonity
                0x00000000        0x1 Navigationsenhet.o
 .text          0x00000000        0x0 twi.o
 .bss           0x00000000        0x0 twi.o
 .text.clear_int
                0x00000000        0x8 twi.o
 .text.start_bus
                0x00000000        0x8 twi.o
 .text.stop_bus
                0x00000000        0x8 twi.o
 .text.Error    0x00000000       0x16 twi.o
 .text.set_data
                0x00000000        0x6 twi.o
 .text.send_bus
                0x00000000        0x8 twi.o
 .text.wait_for_bus
                0x00000000        0xc twi.o
 .text.send_status
                0x00000000       0x76 twi.o
 .text.send_settings
                0x00000000       0x88 twi.o
 .text.send_sweep
                0x00000000       0x88 twi.o
 .text.send_command
                0x00000000       0xd4 twi.o
 .text.send_sensors
                0x00000000       0x8c twi.o
 .text.send_string
                0x00000000       0xb6 twi.o
 .text.send_string_fixed_length
                0x00000000       0xa6 twi.o
 .text.send_something
                0x00000000       0x94 twi.o
 .text.get_settings_from_bus
                0x00000000        0xe twi.o
 .text.get_settings
                0x00000000        0xa twi.o
 .text.get_command
                0x00000000       0x10 twi.o
 .text.get_message_length
                0x00000000        0xa twi.o
 .text.get_char
                0x00000000        0xa twi.o
 .text.get_sensor
                0x00000000       0x10 twi.o
 .text.get_servo
                0x00000000        0xa twi.o
 .text.get_sweep_from_bus
                0x00000000        0xe twi.o
 .text.get_sweep
                0x00000000        0xa twi.o
 .text.stop_twi
                0x00000000       0x1a twi.o
 .text          0x00000000        0x0 c:/program files (x86)/atmel/atmel toolchain/avr8 gcc/native/3.4.2.1002/avr8-gnu-toolchain/bin/../lib/gcc/avr/4.7.2/avr51\libgcc.a(_exit.o)
 .bss           0x00000000        0x0 c:/program files (x86)/atmel/atmel toolchain/avr8 gcc/native/3.4.2.1002/avr8-gnu-toolchain/bin/../lib/gcc/avr/4.7.2/avr51\libgcc.a(_exit.o)
 .text.libgcc.mul
                0x00000000        0x0 c:/program files (x86)/atmel/atmel toolchain/avr8 gcc/native/3.4.2.1002/avr8-gnu-toolchain/bin/../lib/gcc/avr/4.7.2/avr51\libgcc.a(_exit.o)
 .text.libgcc.div
                0x00000000        0x0 c:/program files (x86)/atmel/atmel toolchain/avr8 gcc/native/3.4.2.1002/avr8-gnu-toolchain/bin/../lib/gcc/avr/4.7.2/avr51\libgcc.a(_exit.o)
 .text.libgcc   0x00000000        0x0 c:/program files (x86)/atmel/atmel toolchain/avr8 gcc/native/3.4.2.1002/avr8-gnu-toolchain/bin/../lib/gcc/avr/4.7.2/avr51\libgcc.a(_exit.o)
 .text.libgcc.prologue
                0x00000000        0x0 c:/program files (x86)/atmel/atmel toolchain/avr8 gcc/native/3.4.2.1002/avr8-gnu-toolchain/bin/../lib/gcc/avr/4.7.2/avr51\libgcc.a(_exit.o)
 .text.libgcc.builtins
                0x00000000        0x0 c:/program files (x86)/atmel/atmel toolchain/avr8 gcc/native/3.4.2.1002/avr8-gnu-toolchain/bin/../lib/gcc/avr/4.7.2/avr51\libgcc.a(_exit.o)
 .text.libgcc.fmul
                0x00000000        0x0 c:/program files (x86)/atmel/atmel toolchain/avr8 gcc/native/3.4.2.1002/avr8-gnu-toolchain/bin/../lib/gcc/avr/4.7.2/avr51\libgcc.a(_exit.o)
 .text          0x00000000        0x0 c:/program files (x86)/atmel/atmel toolchain/avr8 gcc/native/3.4.2.1002/avr8-gnu-toolchain/bin/../lib/gcc/avr/4.7.2/avr51\libgcc.a(_clear_bss.o)
 .bss           0x00000000        0x0 c:/program files (x86)/atmel/atmel toolchain/avr8 gcc/native/3.4.2.1002/avr8-gnu-toolchain/bin/../lib/gcc/avr/4.7.2/avr51\libgcc.a(_clear_bss.o)
 .text.libgcc.mul
                0x00000000        0x0 c:/program files (x86)/atmel/atmel toolchain/avr8 gcc/native/3.4.2.1002/avr8-gnu-toolchain/bin/../lib/gcc/avr/4.7.2/avr51\libgcc.a(_clear_bss.o)
 .text.libgcc.div
                0x00000000        0x0 c:/program files (x86)/atmel/atmel toolchain/avr8 gcc/native/3.4.2.1002/avr8-gnu-toolchain/bin/../lib/gcc/avr/4.7.2/avr51\libgcc.a(_clear_bss.o)
 .text.libgcc   0x00000000        0x0 c:/program files (x86)/atmel/atmel toolchain/avr8 gcc/native/3.4.2.1002/avr8-gnu-toolchain/bin/../lib/gcc/avr/4.7.2/avr51\libgcc.a(_clear_bss.o)
 .text.libgcc.prologue
                0x00000000        0x0 c:/program files (x86)/atmel/atmel toolchain/avr8 gcc/native/3.4.2.1002/avr8-gnu-toolchain/bin/../lib/gcc/avr/4.7.2/avr51\libgcc.a(_clear_bss.o)
 .text.libgcc.builtins
                0x00000000        0x0 c:/program files (x86)/atmel/atmel toolchain/avr8 gcc/native/3.4.2.1002/avr8-gnu-toolchain/bin/../lib/gcc/avr/4.7.2/avr51\libgcc.a(_clear_bss.o)
 .text.libgcc.fmul
                0x00000000        0x0 c:/program files (x86)/atmel/atmel toolchain/avr8 gcc/native/3.4.2.1002/avr8-gnu-toolchain/bin/../lib/gcc/avr/4.7.2/avr51\libgcc.a(_clear_bss.o)

Memory Configuration

Name             Origin             Length             Attributes
text             0x00000000         0x00020000         xr
data             0x00800100         0x0000ff00         rw !x
eeprom           0x00810000         0x00010000         rw !x
fuse             0x00820000         0x00000400         rw !x
lock             0x00830000         0x00000400         rw !x
signature        0x00840000         0x00000400         rw !x
user_signatures  0x00850000         0x00000400         rw !x
*default*        0x00000000         0xffffffff

Linker script and memory map

Address of section .data set to 0x800100
LOAD c:/program files (x86)/atmel/atmel toolchain/avr8 gcc/native/3.4.2.1002/avr8-gnu-toolchain/bin/../lib/gcc/avr/4.7.2/../../../../avr/lib/avr51/crtm1284p.o
LOAD Navigationsenhet.o
LOAD twi.o
START GROUP
LOAD c:/program files (x86)/atmel/atmel toolchain/avr8 gcc/native/3.4.2.1002/avr8-gnu-toolchain/bin/../lib/gcc/avr/4.7.2/../../../../avr/lib/avr51\libm.a
END GROUP
LOAD c:/program files (x86)/atmel/atmel toolchain/avr8 gcc/native/3.4.2.1002/avr8-gnu-toolchain/bin/../lib/gcc/avr/4.7.2/avr51\libgcc.a
LOAD c:/program files (x86)/atmel/atmel toolchain/avr8 gcc/native/3.4.2.1002/avr8-gnu-toolchain/bin/../lib/gcc/avr/4.7.2/../../../../avr/lib/avr51\libc.a
LOAD c:/program files (x86)/atmel/atmel toolchain/avr8 gcc/native/3.4.2.1002/avr8-gnu-toolchain/bin/../lib/gcc/avr/4.7.2/avr51\libgcc.a

.hash
 *(.hash)

.dynsym
 *(.dynsym)

.dynstr
 *(.dynstr)

.gnu.version
 *(.gnu.version)

.gnu.version_d
 *(.gnu.version_d)

.gnu.version_r
 *(.gnu.version_r)

.rel.init
 *(.rel.init)

.rela.init
 *(.rela.init)

.rel.text
 *(.rel.text)
 *(.rel.text.*)
 *(.rel.gnu.linkonce.t*)

.rela.text
 *(.rela.text)
 *(.rela.text.*)
 *(.rela.gnu.linkonce.t*)

.rel.fini
 *(.rel.fini)

.rela.fini
 *(.rela.fini)

.rel.rodata
 *(.rel.rodata)
 *(.rel.rodata.*)
 *(.rel.gnu.linkonce.r*)

.rela.rodata
 *(.rela.rodata)
 *(.rela.rodata.*)
 *(.rela.gnu.linkonce.r*)

.rel.data
 *(.rel.data)
 *(.rel.data.*)
 *(.rel.gnu.linkonce.d*)

.rela.data
 *(.rela.data)
 *(.rela.data.*)
 *(.rela.gnu.linkonce.d*)

.rel.ctors
 *(.rel.ctors)

.rela.ctors
 *(.rela.ctors)

.rel.dtors
 *(.rel.dtors)

.rela.dtors
 *(.rela.dtors)

.rel.got
 *(.rel.got)

.rela.got
 *(.rela.got)

.rel.bss
 *(.rel.bss)

.rela.bss
 *(.rela.bss)

.rel.plt
 *(.rel.plt)

.rela.plt
 *(.rela.plt)

.text           0x00000000      0x2ca
 *(.vectors)
 .vectors       0x00000000       0x8c c:/program files (x86)/atmel/atmel toolchain/avr8 gcc/native/3.4.2.1002/avr8-gnu-toolchain/bin/../lib/gcc/avr/4.7.2/../../../../avr/lib/avr51/crtm1284p.o
                0x00000000                __vector_default
                0x00000000                __vectors
 *(.vectors)
 *(.progmem.gcc*)
 *(.progmem*)
                0x0000008c                . = ALIGN (0x2)
                0x0000008c                __trampolines_start = .
 *(.trampolines)
 .trampolines   0x0000008c        0x0 linker stubs
 *(.trampolines*)
                0x0000008c                __trampolines_end = .
 *(.jumptables)
 *(.jumptables*)
 *(.lowtext)
 *(.lowtext*)
                0x0000008c                __ctors_start = .
 *(.ctors)
                0x0000008c                __ctors_end = .
                0x0000008c                __dtors_start = .
 *(.dtors)
                0x0000008c                __dtors_end = .
 SORT(*)(.ctors)
 SORT(*)(.dtors)
 *(.init0)
 .init0         0x0000008c        0x0 c:/program files (x86)/atmel/atmel toolchain/avr8 gcc/native/3.4.2.1002/avr8-gnu-toolchain/bin/../lib/gcc/avr/4.7.2/../../../../avr/lib/avr51/crtm1284p.o
                0x0000008c                __init
 *(.init0)
 *(.init1)
 *(.init1)
 *(.init2)
 .init2         0x0000008c        0xc c:/program files (x86)/atmel/atmel toolchain/avr8 gcc/native/3.4.2.1002/avr8-gnu-toolchain/bin/../lib/gcc/avr/4.7.2/../../../../avr/lib/avr51/crtm1284p.o
 *(.init2)
 *(.init3)
 *(.init3)
 *(.init4)
 .init4         0x00000098       0x10 c:/program files (x86)/atmel/atmel toolchain/avr8 gcc/native/3.4.2.1002/avr8-gnu-toolchain/bin/../lib/gcc/avr/4.7.2/avr51\libgcc.a(_clear_bss.o)
                0x00000098                __do_clear_bss
 *(.init4)
 *(.init5)
 *(.init5)
 *(.init6)
 *(.init6)
 *(.init7)
 *(.init7)
 *(.init8)
 *(.init8)
 *(.init9)
 .init9         0x000000a8        0x4 c:/program files (x86)/atmel/atmel toolchain/avr8 gcc/native/3.4.2.1002/avr8-gnu-toolchain/bin/../lib/gcc/avr/4.7.2/../../../../avr/lib/avr51/crtm1284p.o
 *(.init9)
 *(.text)
 .text          0x000000ac        0x2 c:/program files (x86)/atmel/atmel toolchain/avr8 gcc/native/3.4.2.1002/avr8-gnu-toolchain/bin/../lib/gcc/avr/4.7.2/../../../../avr/lib/avr51/crtm1284p.o
                0x000000ac                __vector_22
                0x000000ac                __vector_28
                0x000000ac                __vector_1
                0x000000ac                __vector_32
                0x000000ac                __vector_34
                0x000000ac                __vector_24
                0x000000ac                __vector_12
                0x000000ac                __bad_interrupt
                0x000000ac                __vector_6
                0x000000ac                __vector_31
                0x000000ac                __vector_3
                0x000000ac                __vector_23
                0x000000ac                __vector_30
                0x000000ac                __vector_25
                0x000000ac                __vector_11
                0x000000ac                __vector_13
                0x000000ac                __vector_17
                0x000000ac                __vector_19
                0x000000ac                __vector_7
                0x000000ac                __vector_27
                0x000000ac                __vector_5
                0x000000ac                __vector_33
                0x000000ac                __vector_4
                0x000000ac                __vector_9
                0x000000ac                __vector_2
                0x000000ac                __vector_21
                0x000000ac                __vector_15
                0x000000ac                __vector_29
                0x000000ac                __vector_8
                0x000000ac                __vector_14
                0x000000ac                __vector_10
                0x000000ac                __vector_16
                0x000000ac                __vector_18
                0x000000ac                __vector_20
                0x000000ae                . = ALIGN (0x2)
 *(.text.*)
 .text.main     0x000000ae       0x16 Navigationsenhet.o
                0x000000ae                main
 .text.__vector_26
                0x000000c4       0xd4 Navigationsenhet.o
                0x000000c4                __vector_26
 .text.set_twi_reciever_enable
                0x00000198        0x8 twi.o
                0x00000198                set_twi_reciever_enable
 .text.init_TWI
                0x000001a0       0x4e twi.o
                0x000001a0                init_TWI
 .text.get_data
                0x000001ee        0x8 twi.o
                0x000001ee                get_data
 .text.get_char_from_bus
                0x000001f6       0x34 twi.o
                0x000001f6                get_char_from_bus
 .text.get_command_from_bus
                0x0000022a       0x32 twi.o
                0x0000022a                get_command_from_bus
 .text.get_sensor_from_bus
                0x0000025c       0x5e twi.o
                0x0000025c                get_sensor_from_bus
 .text.reset_TWI
                0x000002ba        0xc twi.o
                0x000002ba                reset_TWI
                0x000002c6                . = ALIGN (0x2)
 *(.fini9)
 .fini9         0x000002c6        0x0 c:/program files (x86)/atmel/atmel toolchain/avr8 gcc/native/3.4.2.1002/avr8-gnu-toolchain/bin/../lib/gcc/avr/4.7.2/avr51\libgcc.a(_exit.o)
                0x000002c6                _exit
                0x000002c6                exit
 *(.fini9)
 *(.fini8)
 *(.fini8)
 *(.fini7)
 *(.fini7)
 *(.fini6)
 *(.fini6)
 *(.fini5)
 *(.fini5)
 *(.fini4)
 *(.fini4)
 *(.fini3)
 *(.fini3)
 *(.fini2)
 *(.fini2)
 *(.fini1)
 *(.fini1)
 *(.fini0)
 .fini0         0x000002c6        0x4 c:/program files (x86)/atmel/atmel toolchain/avr8 gcc/native/3.4.2.1002/avr8-gnu-toolchain/bin/../lib/gcc/avr/4.7.2/avr51\libgcc.a(_exit.o)
 *(.fini0)
                0x000002ca                _etext = .

.data           0x00800100        0x0 load address 0x000002ca
                0x00800100                PROVIDE (__data_start, .)
 *(.data)
 .data          0x00800100        0x0 c:/program files (x86)/atmel/atmel toolchain/avr8 gcc/native/3.4.2.1002/avr8-gnu-toolchain/bin/../lib/gcc/avr/4.7.2/../../../../avr/lib/avr51/crtm1284p.o
 .data          0x00800100        0x0 Navigationsenhet.o
 .data          0x00800100        0x0 twi.o
 .data          0x00800100        0x0 c:/program files (x86)/atmel/atmel toolchain/avr8 gcc/native/3.4.2.1002/avr8-gnu-toolchain/bin/../lib/gcc/avr/4.7.2/avr51\libgcc.a(_exit.o)
 .data          0x00800100        0x0 c:/program files (x86)/atmel/atmel toolchain/avr8 gcc/native/3.4.2.1002/avr8-gnu-toolchain/bin/../lib/gcc/avr/4.7.2/avr51\libgcc.a(_clear_bss.o)
 *(.data*)
 *(.rodata)
 *(.rodata*)
 *(.gnu.linkonce.d*)
                0x00800100                . = ALIGN (0x2)
                0x00800100                _edata = .
                0x00800100                PROVIDE (__data_end, .)

.bss            0x00800100      0x144
                0x00800100                PROVIDE (__bss_start, .)
 *(.bss)
 *(.bss*)
 *(COMMON)
 COMMON         0x00800100       0x15 Navigationsenhet.o
                0x00800100                right_sensor_back
                0x00800102                right_sensor_front
                0x00800104                current_instruction
                0x00800106                forward_sensor
                0x00800108                left_sensor_front
                0x0080010a                instruction
                0x0080010b                my_adress
                0x0080010d                low_pass_sensor
                0x0080010f                left_sensor_back
                0x00800111                high_pass_sensor
 COMMON         0x00800115      0x12f twi.o
                0x00800115                message_length
                0x00800117                settings
                0x00800119                command
                0x0080011f                message
                0x0080021e                current_command
                0x00800220                buffer
                0x0080022e                message_counter
                0x00800230                servo
                0x00800232                sweep
                0x00800234                sensor
                0x00800236                sensors
                0x00800244                PROVIDE (__bss_end, .)
                0x000002ca                __data_load_start = LOADADDR (.data)
                0x000002ca                __data_load_end = (__data_load_start + SIZEOF (.data))

.noinit         0x00800244        0x0
                0x00800244                PROVIDE (__noinit_start, .)
 *(.noinit*)
                0x00800244                PROVIDE (__noinit_end, .)
                0x00800244                _end = .
                0x00800244                PROVIDE (__heap_start, .)

.eeprom         0x00810000        0x0
 *(.eeprom*)
                0x00810000                __eeprom_end = .

.fuse
 *(.fuse)
 *(.lfuse)
 *(.hfuse)
 *(.efuse)

.lock
 *(.lock*)

.signature
 *(.signature*)

.user_signatures
 *(.user_signatures*)

.stab           0x00000000      0x6cc
 *(.stab)
 .stab          0x00000000      0x6cc c:/program files (x86)/atmel/atmel toolchain/avr8 gcc/native/3.4.2.1002/avr8-gnu-toolchain/bin/../lib/gcc/avr/4.7.2/../../../../avr/lib/avr51/crtm1284p.o

.stabstr        0x00000000       0x97
 *(.stabstr)
 .stabstr       0x00000000       0x97 c:/program files (x86)/atmel/atmel toolchain/avr8 gcc/native/3.4.2.1002/avr8-gnu-toolchain/bin/../lib/gcc/avr/4.7.2/../../../../avr/lib/avr51/crtm1284p.o

.stab.excl
 *(.stab.excl)

.stab.exclstr
 *(.stab.exclstr)

.stab.index
 *(.stab.index)

.stab.indexstr
 *(.stab.indexstr)

.comment        0x00000000       0x2f
 *(.comment)
 .comment       0x00000000       0x2f Navigationsenhet.o
                                 0x30 (size before relaxing)
 .comment       0x00000000       0x30 twi.o

.debug
 *(.debug)

.line
 *(.line)

.debug_srcinfo
 *(.debug_srcinfo)

.debug_sfnames
 *(.debug_sfnames)

.debug_aranges  0x00000000      0x140
 *(.debug_aranges)
 .debug_aranges
                0x00000000       0x28 Navigationsenhet.o
 .debug_aranges
                0x00000028      0x118 twi.o

.debug_pubnames
 *(.debug_pubnames)

.debug_info     0x00000000      0xed0
 *(.debug_info)
 .debug_info    0x00000000      0x23e Navigationsenhet.o
 .debug_info    0x0000023e      0xc92 twi.o
 *(.gnu.linkonce.wi.*)

.debug_abbrev   0x00000000      0x31c
 *(.debug_abbrev)
 .debug_abbrev  0x00000000      0x106 Navigationsenhet.o
 .debug_abbrev  0x00000106      0x216 twi.o

.debug_line     0x00000000      0xb02
 *(.debug_line)
 .debug_line    0x00000000      0x187 Navigationsenhet.o
 .debug_line    0x00000187      0x97b twi.o

.debug_frame    0x00000000      0x348
 *(.debug_frame)
 .debug_frame   0x00000000       0x7c Navigationsenhet.o
 .debug_frame   0x0000007c      0x2cc twi.o

.debug_str      0x00000000      0x3a0
 *(.debug_str)
 .debug_str     0x00000000      0x1db Navigationsenhet.o
                                0x21b (size before relaxing)
 .debug_str     0x000001db      0x1c5 twi.o
                                0x371 (size before relaxing)

.debug_loc      0x00000000      0x72b
 *(.debug_loc)
 .debug_loc     0x00000000       0xcb Navigationsenhet.o
 .debug_loc     0x000000cb      0x660 twi.o

.debug_macinfo
 *(.debug_macinfo)

.debug_pubtypes
 *(.debug_pubtypes)

.debug_ranges   0x00000000      0x138
 *(.debug_ranges)
 .debug_ranges  0x00000000       0x18 Navigationsenhet.o
 .debug_ranges  0x00000018      0x120 twi.o

.debug_macro
 *(.debug_macro)
OUTPUT(Navigationsenhet.elf elf32-avr)
LOAD linker stubs
