Archive member included because of file (symbol)

c:/program files (x86)/atmel/atmel toolchain/avr8 gcc/native/3.4.2.1002/avr8-gnu-toolchain/bin/../lib/gcc/avr/4.7.2/../../../../avr/lib/avr51\libm.a(addsf3.o)
                              sensors.o (__subsf3)
c:/program files (x86)/atmel/atmel toolchain/avr8 gcc/native/3.4.2.1002/avr8-gnu-toolchain/bin/../lib/gcc/avr/4.7.2/../../../../avr/lib/avr51\libm.a(addsf3x.o)
                              c:/program files (x86)/atmel/atmel toolchain/avr8 gcc/native/3.4.2.1002/avr8-gnu-toolchain/bin/../lib/gcc/avr/4.7.2/../../../../avr/lib/avr51\libm.a(addsf3.o) (__addsf3x)
c:/program files (x86)/atmel/atmel toolchain/avr8 gcc/native/3.4.2.1002/avr8-gnu-toolchain/bin/../lib/gcc/avr/4.7.2/../../../../avr/lib/avr51\libm.a(cmpsf2.o)
                              display.o (__eqsf2)
c:/program files (x86)/atmel/atmel toolchain/avr8 gcc/native/3.4.2.1002/avr8-gnu-toolchain/bin/../lib/gcc/avr/4.7.2/../../../../avr/lib/avr51\libm.a(divsf3.o)
                              sensors.o (__divsf3)
c:/program files (x86)/atmel/atmel toolchain/avr8 gcc/native/3.4.2.1002/avr8-gnu-toolchain/bin/../lib/gcc/avr/4.7.2/../../../../avr/lib/avr51\libm.a(divsf3x.o)
                              c:/program files (x86)/atmel/atmel toolchain/avr8 gcc/native/3.4.2.1002/avr8-gnu-toolchain/bin/../lib/gcc/avr/4.7.2/../../../../avr/lib/avr51\libm.a(divsf3.o) (__divsf3x)
c:/program files (x86)/atmel/atmel toolchain/avr8 gcc/native/3.4.2.1002/avr8-gnu-toolchain/bin/../lib/gcc/avr/4.7.2/../../../../avr/lib/avr51\libm.a(fixsfsi.o)
                              display.o (__fixsfsi)
c:/program files (x86)/atmel/atmel toolchain/avr8 gcc/native/3.4.2.1002/avr8-gnu-toolchain/bin/../lib/gcc/avr/4.7.2/../../../../avr/lib/avr51\libm.a(fixunssfsi.o)
                              counter.o (__fixunssfsi)
c:/program files (x86)/atmel/atmel toolchain/avr8 gcc/native/3.4.2.1002/avr8-gnu-toolchain/bin/../lib/gcc/avr/4.7.2/../../../../avr/lib/avr51\libm.a(floatsisf.o)
                              counter.o (__floatunsisf)
c:/program files (x86)/atmel/atmel toolchain/avr8 gcc/native/3.4.2.1002/avr8-gnu-toolchain/bin/../lib/gcc/avr/4.7.2/../../../../avr/lib/avr51\libm.a(fp_cmp.o)
                              c:/program files (x86)/atmel/atmel toolchain/avr8 gcc/native/3.4.2.1002/avr8-gnu-toolchain/bin/../lib/gcc/avr/4.7.2/../../../../avr/lib/avr51\libm.a(cmpsf2.o) (__fp_cmp)
c:/program files (x86)/atmel/atmel toolchain/avr8 gcc/native/3.4.2.1002/avr8-gnu-toolchain/bin/../lib/gcc/avr/4.7.2/../../../../avr/lib/avr51\libm.a(fp_inf.o)
                              c:/program files (x86)/atmel/atmel toolchain/avr8 gcc/native/3.4.2.1002/avr8-gnu-toolchain/bin/../lib/gcc/avr/4.7.2/../../../../avr/lib/avr51\libm.a(addsf3x.o) (__fp_inf)
c:/program files (x86)/atmel/atmel toolchain/avr8 gcc/native/3.4.2.1002/avr8-gnu-toolchain/bin/../lib/gcc/avr/4.7.2/../../../../avr/lib/avr51\libm.a(fp_nan.o)
                              c:/program files (x86)/atmel/atmel toolchain/avr8 gcc/native/3.4.2.1002/avr8-gnu-toolchain/bin/../lib/gcc/avr/4.7.2/../../../../avr/lib/avr51\libm.a(addsf3x.o) (__fp_nan)
c:/program files (x86)/atmel/atmel toolchain/avr8 gcc/native/3.4.2.1002/avr8-gnu-toolchain/bin/../lib/gcc/avr/4.7.2/../../../../avr/lib/avr51\libm.a(fp_pscA.o)
                              c:/program files (x86)/atmel/atmel toolchain/avr8 gcc/native/3.4.2.1002/avr8-gnu-toolchain/bin/../lib/gcc/avr/4.7.2/../../../../avr/lib/avr51\libm.a(addsf3x.o) (__fp_pscA)
c:/program files (x86)/atmel/atmel toolchain/avr8 gcc/native/3.4.2.1002/avr8-gnu-toolchain/bin/../lib/gcc/avr/4.7.2/../../../../avr/lib/avr51\libm.a(fp_pscB.o)
                              c:/program files (x86)/atmel/atmel toolchain/avr8 gcc/native/3.4.2.1002/avr8-gnu-toolchain/bin/../lib/gcc/avr/4.7.2/../../../../avr/lib/avr51\libm.a(addsf3x.o) (__fp_pscB)
c:/program files (x86)/atmel/atmel toolchain/avr8 gcc/native/3.4.2.1002/avr8-gnu-toolchain/bin/../lib/gcc/avr/4.7.2/../../../../avr/lib/avr51\libm.a(fp_round.o)
                              c:/program files (x86)/atmel/atmel toolchain/avr8 gcc/native/3.4.2.1002/avr8-gnu-toolchain/bin/../lib/gcc/avr/4.7.2/../../../../avr/lib/avr51\libm.a(addsf3.o) (__fp_round)
c:/program files (x86)/atmel/atmel toolchain/avr8 gcc/native/3.4.2.1002/avr8-gnu-toolchain/bin/../lib/gcc/avr/4.7.2/../../../../avr/lib/avr51\libm.a(fp_split3.o)
                              c:/program files (x86)/atmel/atmel toolchain/avr8 gcc/native/3.4.2.1002/avr8-gnu-toolchain/bin/../lib/gcc/avr/4.7.2/../../../../avr/lib/avr51\libm.a(addsf3x.o) (__fp_split3)
c:/program files (x86)/atmel/atmel toolchain/avr8 gcc/native/3.4.2.1002/avr8-gnu-toolchain/bin/../lib/gcc/avr/4.7.2/../../../../avr/lib/avr51\libm.a(fp_zero.o)
                              c:/program files (x86)/atmel/atmel toolchain/avr8 gcc/native/3.4.2.1002/avr8-gnu-toolchain/bin/../lib/gcc/avr/4.7.2/../../../../avr/lib/avr51\libm.a(addsf3x.o) (__fp_zero)
c:/program files (x86)/atmel/atmel toolchain/avr8 gcc/native/3.4.2.1002/avr8-gnu-toolchain/bin/../lib/gcc/avr/4.7.2/../../../../avr/lib/avr51\libm.a(gesf2.o)
                              sensors.o (__gesf2)
c:/program files (x86)/atmel/atmel toolchain/avr8 gcc/native/3.4.2.1002/avr8-gnu-toolchain/bin/../lib/gcc/avr/4.7.2/../../../../avr/lib/avr51\libm.a(mulsf3.o)
                              counter.o (__mulsf3)
c:/program files (x86)/atmel/atmel toolchain/avr8 gcc/native/3.4.2.1002/avr8-gnu-toolchain/bin/../lib/gcc/avr/4.7.2/../../../../avr/lib/avr51\libm.a(mulsf3x.o)
                              c:/program files (x86)/atmel/atmel toolchain/avr8 gcc/native/3.4.2.1002/avr8-gnu-toolchain/bin/../lib/gcc/avr/4.7.2/../../../../avr/lib/avr51\libm.a(mulsf3.o) (__mulsf3x)
c:/program files (x86)/atmel/atmel toolchain/avr8 gcc/native/3.4.2.1002/avr8-gnu-toolchain/bin/../lib/gcc/avr/4.7.2/avr51\libgcc.a(_divmodhi4.o)
                              display.o (__divmodhi4)
c:/program files (x86)/atmel/atmel toolchain/avr8 gcc/native/3.4.2.1002/avr8-gnu-toolchain/bin/../lib/gcc/avr/4.7.2/avr51\libgcc.a(_exit.o)
                              c:/program files (x86)/atmel/atmel toolchain/avr8 gcc/native/3.4.2.1002/avr8-gnu-toolchain/bin/../lib/gcc/avr/4.7.2/../../../../avr/lib/avr51/crtm1284p.o (exit)
c:/program files (x86)/atmel/atmel toolchain/avr8 gcc/native/3.4.2.1002/avr8-gnu-toolchain/bin/../lib/gcc/avr/4.7.2/avr51\libgcc.a(_copy_data.o)
                              sensormodulen.o (__do_copy_data)
c:/program files (x86)/atmel/atmel toolchain/avr8 gcc/native/3.4.2.1002/avr8-gnu-toolchain/bin/../lib/gcc/avr/4.7.2/avr51\libgcc.a(_clear_bss.o)
                              sensormodulen.o (__do_clear_bss)
c:/program files (x86)/atmel/atmel toolchain/avr8 gcc/native/3.4.2.1002/avr8-gnu-toolchain/bin/../lib/gcc/avr/4.7.2/avr51\libgcc.a(_udivmodhi4.o)
                              c:/program files (x86)/atmel/atmel toolchain/avr8 gcc/native/3.4.2.1002/avr8-gnu-toolchain/bin/../lib/gcc/avr/4.7.2/avr51\libgcc.a(_divmodhi4.o) (__udivmodhi4)

Allocating common symbols
Common symbol       size              file

message_length      0x2               twi.o
current_instruction
                    0x2               twi.o
sensor_buffer       0x7               twi.o
command             0x3               twi.o
message             0xff              twi.o
autonom_settings    0x1               twi.o
instruction         0x1               twi.o
control_settings    0x3               twi.o
current_command     0x2               twi.o
elevation           0x2               twi.o
message_counter     0x2               twi.o
servo               0x1               twi.o
current_setting     0x2               twi.o
my_adress           0x1               twi.o
sweep               0x1               twi.o
sensor              0x2               twi.o
displayBuffer       0x500             sensormodulen.o
sensors             0x7               twi.o

Discarded input sections

 .bss           0x00000000        0x0 c:/program files (x86)/atmel/atmel toolchain/avr8 gcc/native/3.4.2.1002/avr8-gnu-toolchain/bin/../lib/gcc/avr/4.7.2/../../../../avr/lib/avr51/crtm1284p.o
 .text          0x00000000        0x0 counter.o
 .bss           0x00000000        0x0 counter.o
 .text          0x00000000        0x0 display.o
 .bss           0x00000000        0x0 display.o
 .text.display_text_line
                0x00000000       0x9c display.o
 .text          0x00000000        0x0 fifo.o
 .bss           0x00000000        0x0 fifo.o
 .text          0x00000000        0x0 sensormodulen.o
 .bss           0x00000000        0x0 sensormodulen.o
 .bss.bufferSize
                0x00000000        0x2 sensormodulen.o
 COMMON         0x00000000      0x500 sensormodulen.o
 .text          0x00000000        0x0 sensors.o
 .bss           0x00000000        0x0 sensors.o
 .text          0x00000000        0x0 twi.o
 .bss           0x00000000        0x0 twi.o
 .text.TWI_send_status
                0x00000000       0x58 twi.o
 .text.TWI_send_control_settings
                0x00000000       0xb2 twi.o
 .text.TWI_send_autonom_settings
                0x00000000       0x76 twi.o
 .text.TWI_send_sweep
                0x00000000       0x70 twi.o
 .text.TWI_send_command
                0x00000000       0xac twi.o
 .text.TWI_send_elevation
                0x00000000       0x70 twi.o
 .text.TWI_send_string
                0x00000000       0x9e twi.o
 .text.TWI_send_string_fixed_length
                0x00000000       0x8e twi.o
 .text.TWI_send_float
                0x00000000       0xa2 twi.o
 .text.TWI_send_something
                0x00000000       0x7c twi.o
 .text.TWI_get_command
                0x00000000        0xa twi.o
 .text.TWI_get_message_length
                0x00000000        0x6 twi.o
 .text.TWI_get_char
                0x00000000        0xa twi.o
 .text.TWI_get_sensor
                0x00000000        0xa twi.o
 .text.TWI_get_servo
                0x00000000        0x6 twi.o
 .text.TWI_get_sweep
                0x00000000        0x6 twi.o
 .text.TWI_get_control_setting
                0x00000000        0xa twi.o
 .text.TWI_get_autonom_settings
                0x00000000        0x6 twi.o
 .text.TWI_get_elevation
                0x00000000        0x6 twi.o
 .text.TWI_sensor_flag
                0x00000000       0x14 twi.o
 .text.TWI_command_flag
                0x00000000       0x14 twi.o
 .text.TWI_control_settings_flag
                0x00000000       0x14 twi.o
 .text.TWI_autonom_settings_flag
                0x00000000       0x14 twi.o
 .text.TWI_elevation_flag
                0x00000000       0x14 twi.o
 .text.TWI_sweep_flag
                0x00000000       0x14 twi.o
 .text          0x00000000        0x0 c:/program files (x86)/atmel/atmel toolchain/avr8 gcc/native/3.4.2.1002/avr8-gnu-toolchain/bin/../lib/gcc/avr/4.7.2/../../../../avr/lib/avr51\libm.a(addsf3.o)
 .bss           0x00000000        0x0 c:/program files (x86)/atmel/atmel toolchain/avr8 gcc/native/3.4.2.1002/avr8-gnu-toolchain/bin/../lib/gcc/avr/4.7.2/../../../../avr/lib/avr51\libm.a(addsf3.o)
 .text          0x00000000        0x0 c:/program files (x86)/atmel/atmel toolchain/avr8 gcc/native/3.4.2.1002/avr8-gnu-toolchain/bin/../lib/gcc/avr/4.7.2/../../../../avr/lib/avr51\libm.a(addsf3x.o)
 .bss           0x00000000        0x0 c:/program files (x86)/atmel/atmel toolchain/avr8 gcc/native/3.4.2.1002/avr8-gnu-toolchain/bin/../lib/gcc/avr/4.7.2/../../../../avr/lib/avr51\libm.a(addsf3x.o)
 .text          0x00000000        0x0 c:/program files (x86)/atmel/atmel toolchain/avr8 gcc/native/3.4.2.1002/avr8-gnu-toolchain/bin/../lib/gcc/avr/4.7.2/../../../../avr/lib/avr51\libm.a(cmpsf2.o)
 .bss           0x00000000        0x0 c:/program files (x86)/atmel/atmel toolchain/avr8 gcc/native/3.4.2.1002/avr8-gnu-toolchain/bin/../lib/gcc/avr/4.7.2/../../../../avr/lib/avr51\libm.a(cmpsf2.o)
 .text          0x00000000        0x0 c:/program files (x86)/atmel/atmel toolchain/avr8 gcc/native/3.4.2.1002/avr8-gnu-toolchain/bin/../lib/gcc/avr/4.7.2/../../../../avr/lib/avr51\libm.a(divsf3.o)
 .bss           0x00000000        0x0 c:/program files (x86)/atmel/atmel toolchain/avr8 gcc/native/3.4.2.1002/avr8-gnu-toolchain/bin/../lib/gcc/avr/4.7.2/../../../../avr/lib/avr51\libm.a(divsf3.o)
 .text          0x00000000        0x0 c:/program files (x86)/atmel/atmel toolchain/avr8 gcc/native/3.4.2.1002/avr8-gnu-toolchain/bin/../lib/gcc/avr/4.7.2/../../../../avr/lib/avr51\libm.a(divsf3x.o)
 .bss           0x00000000        0x0 c:/program files (x86)/atmel/atmel toolchain/avr8 gcc/native/3.4.2.1002/avr8-gnu-toolchain/bin/../lib/gcc/avr/4.7.2/../../../../avr/lib/avr51\libm.a(divsf3x.o)
 .text          0x00000000        0x0 c:/program files (x86)/atmel/atmel toolchain/avr8 gcc/native/3.4.2.1002/avr8-gnu-toolchain/bin/../lib/gcc/avr/4.7.2/../../../../avr/lib/avr51\libm.a(fixsfsi.o)
 .bss           0x00000000        0x0 c:/program files (x86)/atmel/atmel toolchain/avr8 gcc/native/3.4.2.1002/avr8-gnu-toolchain/bin/../lib/gcc/avr/4.7.2/../../../../avr/lib/avr51\libm.a(fixsfsi.o)
 .text          0x00000000        0x0 c:/program files (x86)/atmel/atmel toolchain/avr8 gcc/native/3.4.2.1002/avr8-gnu-toolchain/bin/../lib/gcc/avr/4.7.2/../../../../avr/lib/avr51\libm.a(fixunssfsi.o)
 .bss           0x00000000        0x0 c:/program files (x86)/atmel/atmel toolchain/avr8 gcc/native/3.4.2.1002/avr8-gnu-toolchain/bin/../lib/gcc/avr/4.7.2/../../../../avr/lib/avr51\libm.a(fixunssfsi.o)
 .text          0x00000000        0x0 c:/program files (x86)/atmel/atmel toolchain/avr8 gcc/native/3.4.2.1002/avr8-gnu-toolchain/bin/../lib/gcc/avr/4.7.2/../../../../avr/lib/avr51\libm.a(floatsisf.o)
 .bss           0x00000000        0x0 c:/program files (x86)/atmel/atmel toolchain/avr8 gcc/native/3.4.2.1002/avr8-gnu-toolchain/bin/../lib/gcc/avr/4.7.2/../../../../avr/lib/avr51\libm.a(floatsisf.o)
 .text          0x00000000        0x0 c:/program files (x86)/atmel/atmel toolchain/avr8 gcc/native/3.4.2.1002/avr8-gnu-toolchain/bin/../lib/gcc/avr/4.7.2/../../../../avr/lib/avr51\libm.a(fp_cmp.o)
 .bss           0x00000000        0x0 c:/program files (x86)/atmel/atmel toolchain/avr8 gcc/native/3.4.2.1002/avr8-gnu-toolchain/bin/../lib/gcc/avr/4.7.2/../../../../avr/lib/avr51\libm.a(fp_cmp.o)
 .text          0x00000000        0x0 c:/program files (x86)/atmel/atmel toolchain/avr8 gcc/native/3.4.2.1002/avr8-gnu-toolchain/bin/../lib/gcc/avr/4.7.2/../../../../avr/lib/avr51\libm.a(fp_inf.o)
 .bss           0x00000000        0x0 c:/program files (x86)/atmel/atmel toolchain/avr8 gcc/native/3.4.2.1002/avr8-gnu-toolchain/bin/../lib/gcc/avr/4.7.2/../../../../avr/lib/avr51\libm.a(fp_inf.o)
 .text          0x00000000        0x0 c:/program files (x86)/atmel/atmel toolchain/avr8 gcc/native/3.4.2.1002/avr8-gnu-toolchain/bin/../lib/gcc/avr/4.7.2/../../../../avr/lib/avr51\libm.a(fp_nan.o)
 .bss           0x00000000        0x0 c:/program files (x86)/atmel/atmel toolchain/avr8 gcc/native/3.4.2.1002/avr8-gnu-toolchain/bin/../lib/gcc/avr/4.7.2/../../../../avr/lib/avr51\libm.a(fp_nan.o)
 .text          0x00000000        0x0 c:/program files (x86)/atmel/atmel toolchain/avr8 gcc/native/3.4.2.1002/avr8-gnu-toolchain/bin/../lib/gcc/avr/4.7.2/../../../../avr/lib/avr51\libm.a(fp_pscA.o)
 .bss           0x00000000        0x0 c:/program files (x86)/atmel/atmel toolchain/avr8 gcc/native/3.4.2.1002/avr8-gnu-toolchain/bin/../lib/gcc/avr/4.7.2/../../../../avr/lib/avr51\libm.a(fp_pscA.o)
 .text          0x00000000        0x0 c:/program files (x86)/atmel/atmel toolchain/avr8 gcc/native/3.4.2.1002/avr8-gnu-toolchain/bin/../lib/gcc/avr/4.7.2/../../../../avr/lib/avr51\libm.a(fp_pscB.o)
 .bss           0x00000000        0x0 c:/program files (x86)/atmel/atmel toolchain/avr8 gcc/native/3.4.2.1002/avr8-gnu-toolchain/bin/../lib/gcc/avr/4.7.2/../../../../avr/lib/avr51\libm.a(fp_pscB.o)
 .text          0x00000000        0x0 c:/program files (x86)/atmel/atmel toolchain/avr8 gcc/native/3.4.2.1002/avr8-gnu-toolchain/bin/../lib/gcc/avr/4.7.2/../../../../avr/lib/avr51\libm.a(fp_round.o)
 .bss           0x00000000        0x0 c:/program files (x86)/atmel/atmel toolchain/avr8 gcc/native/3.4.2.1002/avr8-gnu-toolchain/bin/../lib/gcc/avr/4.7.2/../../../../avr/lib/avr51\libm.a(fp_round.o)
 .text          0x00000000        0x0 c:/program files (x86)/atmel/atmel toolchain/avr8 gcc/native/3.4.2.1002/avr8-gnu-toolchain/bin/../lib/gcc/avr/4.7.2/../../../../avr/lib/avr51\libm.a(fp_split3.o)
 .bss           0x00000000        0x0 c:/program files (x86)/atmel/atmel toolchain/avr8 gcc/native/3.4.2.1002/avr8-gnu-toolchain/bin/../lib/gcc/avr/4.7.2/../../../../avr/lib/avr51\libm.a(fp_split3.o)
 .text          0x00000000        0x0 c:/program files (x86)/atmel/atmel toolchain/avr8 gcc/native/3.4.2.1002/avr8-gnu-toolchain/bin/../lib/gcc/avr/4.7.2/../../../../avr/lib/avr51\libm.a(fp_zero.o)
 .bss           0x00000000        0x0 c:/program files (x86)/atmel/atmel toolchain/avr8 gcc/native/3.4.2.1002/avr8-gnu-toolchain/bin/../lib/gcc/avr/4.7.2/../../../../avr/lib/avr51\libm.a(fp_zero.o)
 .text          0x00000000        0x0 c:/program files (x86)/atmel/atmel toolchain/avr8 gcc/native/3.4.2.1002/avr8-gnu-toolchain/bin/../lib/gcc/avr/4.7.2/../../../../avr/lib/avr51\libm.a(gesf2.o)
 .bss           0x00000000        0x0 c:/program files (x86)/atmel/atmel toolchain/avr8 gcc/native/3.4.2.1002/avr8-gnu-toolchain/bin/../lib/gcc/avr/4.7.2/../../../../avr/lib/avr51\libm.a(gesf2.o)
 .text          0x00000000        0x0 c:/program files (x86)/atmel/atmel toolchain/avr8 gcc/native/3.4.2.1002/avr8-gnu-toolchain/bin/../lib/gcc/avr/4.7.2/../../../../avr/lib/avr51\libm.a(mulsf3.o)
 .bss           0x00000000        0x0 c:/program files (x86)/atmel/atmel toolchain/avr8 gcc/native/3.4.2.1002/avr8-gnu-toolchain/bin/../lib/gcc/avr/4.7.2/../../../../avr/lib/avr51\libm.a(mulsf3.o)
 .text          0x00000000        0x0 c:/program files (x86)/atmel/atmel toolchain/avr8 gcc/native/3.4.2.1002/avr8-gnu-toolchain/bin/../lib/gcc/avr/4.7.2/../../../../avr/lib/avr51\libm.a(mulsf3x.o)
 .bss           0x00000000        0x0 c:/program files (x86)/atmel/atmel toolchain/avr8 gcc/native/3.4.2.1002/avr8-gnu-toolchain/bin/../lib/gcc/avr/4.7.2/../../../../avr/lib/avr51\libm.a(mulsf3x.o)
 .text          0x00000000        0x0 c:/program files (x86)/atmel/atmel toolchain/avr8 gcc/native/3.4.2.1002/avr8-gnu-toolchain/bin/../lib/gcc/avr/4.7.2/avr51\libgcc.a(_divmodhi4.o)
 .bss           0x00000000        0x0 c:/program files (x86)/atmel/atmel toolchain/avr8 gcc/native/3.4.2.1002/avr8-gnu-toolchain/bin/../lib/gcc/avr/4.7.2/avr51\libgcc.a(_divmodhi4.o)
 .text.libgcc.mul
                0x00000000        0x0 c:/program files (x86)/atmel/atmel toolchain/avr8 gcc/native/3.4.2.1002/avr8-gnu-toolchain/bin/../lib/gcc/avr/4.7.2/avr51\libgcc.a(_divmodhi4.o)
 .text.libgcc   0x00000000        0x0 c:/program files (x86)/atmel/atmel toolchain/avr8 gcc/native/3.4.2.1002/avr8-gnu-toolchain/bin/../lib/gcc/avr/4.7.2/avr51\libgcc.a(_divmodhi4.o)
 .text.libgcc.prologue
                0x00000000        0x0 c:/program files (x86)/atmel/atmel toolchain/avr8 gcc/native/3.4.2.1002/avr8-gnu-toolchain/bin/../lib/gcc/avr/4.7.2/avr51\libgcc.a(_divmodhi4.o)
 .text.libgcc.builtins
                0x00000000        0x0 c:/program files (x86)/atmel/atmel toolchain/avr8 gcc/native/3.4.2.1002/avr8-gnu-toolchain/bin/../lib/gcc/avr/4.7.2/avr51\libgcc.a(_divmodhi4.o)
 .text.libgcc.fmul
                0x00000000        0x0 c:/program files (x86)/atmel/atmel toolchain/avr8 gcc/native/3.4.2.1002/avr8-gnu-toolchain/bin/../lib/gcc/avr/4.7.2/avr51\libgcc.a(_divmodhi4.o)
 .text          0x00000000        0x0 c:/program files (x86)/atmel/atmel toolchain/avr8 gcc/native/3.4.2.1002/avr8-gnu-toolchain/bin/../lib/gcc/avr/4.7.2/avr51\libgcc.a(_exit.o)
 .bss           0x00000000        0x0 c:/program files (x86)/atmel/atmel toolchain/avr8 gcc/native/3.4.2.1002/avr8-gnu-toolchain/bin/../lib/gcc/avr/4.7.2/avr51\libgcc.a(_exit.o)
 .text.libgcc.mul
                0x00000000        0x0 c:/program files (x86)/atmel/atmel toolchain/avr8 gcc/native/3.4.2.1002/avr8-gnu-toolchain/bin/../lib/gcc/avr/4.7.2/avr51\libgcc.a(_exit.o)
 .text.libgcc.div
                0x00000000        0x0 c:/program files (x86)/atmel/atmel toolchain/avr8 gcc/native/3.4.2.1002/avr8-gnu-toolchain/bin/../lib/gcc/avr/4.7.2/avr51\libgcc.a(_exit.o)
 .text.libgcc   0x00000000        0x0 c:/program files (x86)/atmel/atmel toolchain/avr8 gcc/native/3.4.2.1002/avr8-gnu-toolchain/bin/../lib/gcc/avr/4.7.2/avr51\libgcc.a(_exit.o)
 .text.libgcc.prologue
                0x00000000        0x0 c:/program files (x86)/atmel/atmel toolchain/avr8 gcc/native/3.4.2.1002/avr8-gnu-toolchain/bin/../lib/gcc/avr/4.7.2/avr51\libgcc.a(_exit.o)
 .text.libgcc.builtins
                0x00000000        0x0 c:/program files (x86)/atmel/atmel toolchain/avr8 gcc/native/3.4.2.1002/avr8-gnu-toolchain/bin/../lib/gcc/avr/4.7.2/avr51\libgcc.a(_exit.o)
 .text.libgcc.fmul
                0x00000000        0x0 c:/program files (x86)/atmel/atmel toolchain/avr8 gcc/native/3.4.2.1002/avr8-gnu-toolchain/bin/../lib/gcc/avr/4.7.2/avr51\libgcc.a(_exit.o)
 .text          0x00000000        0x0 c:/program files (x86)/atmel/atmel toolchain/avr8 gcc/native/3.4.2.1002/avr8-gnu-toolchain/bin/../lib/gcc/avr/4.7.2/avr51\libgcc.a(_copy_data.o)
 .bss           0x00000000        0x0 c:/program files (x86)/atmel/atmel toolchain/avr8 gcc/native/3.4.2.1002/avr8-gnu-toolchain/bin/../lib/gcc/avr/4.7.2/avr51\libgcc.a(_copy_data.o)
 .text.libgcc.mul
                0x00000000        0x0 c:/program files (x86)/atmel/atmel toolchain/avr8 gcc/native/3.4.2.1002/avr8-gnu-toolchain/bin/../lib/gcc/avr/4.7.2/avr51\libgcc.a(_copy_data.o)
 .text.libgcc.div
                0x00000000        0x0 c:/program files (x86)/atmel/atmel toolchain/avr8 gcc/native/3.4.2.1002/avr8-gnu-toolchain/bin/../lib/gcc/avr/4.7.2/avr51\libgcc.a(_copy_data.o)
 .text.libgcc   0x00000000        0x0 c:/program files (x86)/atmel/atmel toolchain/avr8 gcc/native/3.4.2.1002/avr8-gnu-toolchain/bin/../lib/gcc/avr/4.7.2/avr51\libgcc.a(_copy_data.o)
 .text.libgcc.prologue
                0x00000000        0x0 c:/program files (x86)/atmel/atmel toolchain/avr8 gcc/native/3.4.2.1002/avr8-gnu-toolchain/bin/../lib/gcc/avr/4.7.2/avr51\libgcc.a(_copy_data.o)
 .text.libgcc.builtins
                0x00000000        0x0 c:/program files (x86)/atmel/atmel toolchain/avr8 gcc/native/3.4.2.1002/avr8-gnu-toolchain/bin/../lib/gcc/avr/4.7.2/avr51\libgcc.a(_copy_data.o)
 .text.libgcc.fmul
                0x00000000        0x0 c:/program files (x86)/atmel/atmel toolchain/avr8 gcc/native/3.4.2.1002/avr8-gnu-toolchain/bin/../lib/gcc/avr/4.7.2/avr51\libgcc.a(_copy_data.o)
 .text          0x00000000        0x0 c:/program files (x86)/atmel/atmel toolchain/avr8 gcc/native/3.4.2.1002/avr8-gnu-toolchain/bin/../lib/gcc/avr/4.7.2/avr51\libgcc.a(_clear_bss.o)
 .bss           0x00000000        0x0 c:/program files (x86)/atmel/atmel toolchain/avr8 gcc/native/3.4.2.1002/avr8-gnu-toolchain/bin/../lib/gcc/avr/4.7.2/avr51\libgcc.a(_clear_bss.o)
 .text.libgcc.mul
                0x00000000        0x0 c:/program files (x86)/atmel/atmel toolchain/avr8 gcc/native/3.4.2.1002/avr8-gnu-toolchain/bin/../lib/gcc/avr/4.7.2/avr51\libgcc.a(_clear_bss.o)
 .text.libgcc.div
                0x00000000        0x0 c:/program files (x86)/atmel/atmel toolchain/avr8 gcc/native/3.4.2.1002/avr8-gnu-toolchain/bin/../lib/gcc/avr/4.7.2/avr51\libgcc.a(_clear_bss.o)
 .text.libgcc   0x00000000        0x0 c:/program files (x86)/atmel/atmel toolchain/avr8 gcc/native/3.4.2.1002/avr8-gnu-toolchain/bin/../lib/gcc/avr/4.7.2/avr51\libgcc.a(_clear_bss.o)
 .text.libgcc.prologue
                0x00000000        0x0 c:/program files (x86)/atmel/atmel toolchain/avr8 gcc/native/3.4.2.1002/avr8-gnu-toolchain/bin/../lib/gcc/avr/4.7.2/avr51\libgcc.a(_clear_bss.o)
 .text.libgcc.builtins
                0x00000000        0x0 c:/program files (x86)/atmel/atmel toolchain/avr8 gcc/native/3.4.2.1002/avr8-gnu-toolchain/bin/../lib/gcc/avr/4.7.2/avr51\libgcc.a(_clear_bss.o)
 .text.libgcc.fmul
                0x00000000        0x0 c:/program files (x86)/atmel/atmel toolchain/avr8 gcc/native/3.4.2.1002/avr8-gnu-toolchain/bin/../lib/gcc/avr/4.7.2/avr51\libgcc.a(_clear_bss.o)
 .text          0x00000000        0x0 c:/program files (x86)/atmel/atmel toolchain/avr8 gcc/native/3.4.2.1002/avr8-gnu-toolchain/bin/../lib/gcc/avr/4.7.2/avr51\libgcc.a(_udivmodhi4.o)
 .bss           0x00000000        0x0 c:/program files (x86)/atmel/atmel toolchain/avr8 gcc/native/3.4.2.1002/avr8-gnu-toolchain/bin/../lib/gcc/avr/4.7.2/avr51\libgcc.a(_udivmodhi4.o)
 .text.libgcc.mul
                0x00000000        0x0 c:/program files (x86)/atmel/atmel toolchain/avr8 gcc/native/3.4.2.1002/avr8-gnu-toolchain/bin/../lib/gcc/avr/4.7.2/avr51\libgcc.a(_udivmodhi4.o)
 .text.libgcc   0x00000000        0x0 c:/program files (x86)/atmel/atmel toolchain/avr8 gcc/native/3.4.2.1002/avr8-gnu-toolchain/bin/../lib/gcc/avr/4.7.2/avr51\libgcc.a(_udivmodhi4.o)
 .text.libgcc.prologue
                0x00000000        0x0 c:/program files (x86)/atmel/atmel toolchain/avr8 gcc/native/3.4.2.1002/avr8-gnu-toolchain/bin/../lib/gcc/avr/4.7.2/avr51\libgcc.a(_udivmodhi4.o)
 .text.libgcc.builtins
                0x00000000        0x0 c:/program files (x86)/atmel/atmel toolchain/avr8 gcc/native/3.4.2.1002/avr8-gnu-toolchain/bin/../lib/gcc/avr/4.7.2/avr51\libgcc.a(_udivmodhi4.o)
 .text.libgcc.fmul
                0x00000000        0x0 c:/program files (x86)/atmel/atmel toolchain/avr8 gcc/native/3.4.2.1002/avr8-gnu-toolchain/bin/../lib/gcc/avr/4.7.2/avr51\libgcc.a(_udivmodhi4.o)

Memory Configuration

Name             Origin             Length             Attributes
text             0x00000000         0x00020000         xr
data             0x00800100         0x0000ff00         rw !x
eeprom           0x00810000         0x00010000         rw !x
fuse             0x00820000         0x00000400         rw !x
lock             0x00830000         0x00000400         rw !x
signature        0x00840000         0x00000400         rw !x
user_signatures  0x00850000         0x00000400         rw !x
*default*        0x00000000         0xffffffff

Linker script and memory map

Address of section .data set to 0x800100
LOAD c:/program files (x86)/atmel/atmel toolchain/avr8 gcc/native/3.4.2.1002/avr8-gnu-toolchain/bin/../lib/gcc/avr/4.7.2/../../../../avr/lib/avr51/crtm1284p.o
LOAD counter.o
LOAD display.o
LOAD fifo.o
LOAD sensormodulen.o
LOAD sensors.o
LOAD twi.o
START GROUP
LOAD c:/program files (x86)/atmel/atmel toolchain/avr8 gcc/native/3.4.2.1002/avr8-gnu-toolchain/bin/../lib/gcc/avr/4.7.2/../../../../avr/lib/avr51\libm.a
END GROUP
LOAD c:/program files (x86)/atmel/atmel toolchain/avr8 gcc/native/3.4.2.1002/avr8-gnu-toolchain/bin/../lib/gcc/avr/4.7.2/avr51\libgcc.a
LOAD c:/program files (x86)/atmel/atmel toolchain/avr8 gcc/native/3.4.2.1002/avr8-gnu-toolchain/bin/../lib/gcc/avr/4.7.2/../../../../avr/lib/avr51\libc.a
LOAD c:/program files (x86)/atmel/atmel toolchain/avr8 gcc/native/3.4.2.1002/avr8-gnu-toolchain/bin/../lib/gcc/avr/4.7.2/avr51\libgcc.a

.hash
 *(.hash)

.dynsym
 *(.dynsym)

.dynstr
 *(.dynstr)

.gnu.version
 *(.gnu.version)

.gnu.version_d
 *(.gnu.version_d)

.gnu.version_r
 *(.gnu.version_r)

.rel.init
 *(.rel.init)

.rela.init
 *(.rela.init)

.rel.text
 *(.rel.text)
 *(.rel.text.*)
 *(.rel.gnu.linkonce.t*)

.rela.text
 *(.rela.text)
 *(.rela.text.*)
 *(.rela.gnu.linkonce.t*)

.rel.fini
 *(.rel.fini)

.rela.fini
 *(.rela.fini)

.rel.rodata
 *(.rel.rodata)
 *(.rel.rodata.*)
 *(.rel.gnu.linkonce.r*)

.rela.rodata
 *(.rela.rodata)
 *(.rela.rodata.*)
 *(.rela.gnu.linkonce.r*)

.rel.data
 *(.rel.data)
 *(.rel.data.*)
 *(.rel.gnu.linkonce.d*)

.rela.data
 *(.rela.data)
 *(.rela.data.*)
 *(.rela.gnu.linkonce.d*)

.rel.ctors
 *(.rel.ctors)

.rela.ctors
 *(.rela.ctors)

.rel.dtors
 *(.rel.dtors)

.rela.dtors
 *(.rela.dtors)

.rel.got
 *(.rel.got)

.rela.got
 *(.rela.got)

.rel.bss
 *(.rel.bss)

.rela.bss
 *(.rela.bss)

.rel.plt
 *(.rel.plt)

.rela.plt
 *(.rela.plt)

.text           0x00000000     0x1d74
 *(.vectors)
 .vectors       0x00000000       0x8c c:/program files (x86)/atmel/atmel toolchain/avr8 gcc/native/3.4.2.1002/avr8-gnu-toolchain/bin/../lib/gcc/avr/4.7.2/../../../../avr/lib/avr51/crtm1284p.o
                0x00000000                __vector_default
                0x00000000                __vectors
 *(.vectors)
 *(.progmem.gcc*)
 *(.progmem*)
                0x0000008c                . = ALIGN (0x2)
                0x0000008c                __trampolines_start = .
 *(.trampolines)
 .trampolines   0x0000008c        0x0 linker stubs
 *(.trampolines*)
                0x0000008c                __trampolines_end = .
 *(.jumptables)
 *(.jumptables*)
 *(.lowtext)
 *(.lowtext*)
                0x0000008c                __ctors_start = .
 *(.ctors)
                0x0000008c                __ctors_end = .
                0x0000008c                __dtors_start = .
 *(.dtors)
                0x0000008c                __dtors_end = .
 SORT(*)(.ctors)
 SORT(*)(.dtors)
 *(.init0)
 .init0         0x0000008c        0x0 c:/program files (x86)/atmel/atmel toolchain/avr8 gcc/native/3.4.2.1002/avr8-gnu-toolchain/bin/../lib/gcc/avr/4.7.2/../../../../avr/lib/avr51/crtm1284p.o
                0x0000008c                __init
 *(.init0)
 *(.init1)
 *(.init1)
 *(.init2)
 .init2         0x0000008c        0xc c:/program files (x86)/atmel/atmel toolchain/avr8 gcc/native/3.4.2.1002/avr8-gnu-toolchain/bin/../lib/gcc/avr/4.7.2/../../../../avr/lib/avr51/crtm1284p.o
 *(.init2)
 *(.init3)
 *(.init3)
 *(.init4)
 .init4         0x00000098       0x1a c:/program files (x86)/atmel/atmel toolchain/avr8 gcc/native/3.4.2.1002/avr8-gnu-toolchain/bin/../lib/gcc/avr/4.7.2/avr51\libgcc.a(_copy_data.o)
                0x00000098                __do_copy_data
 .init4         0x000000b2       0x10 c:/program files (x86)/atmel/atmel toolchain/avr8 gcc/native/3.4.2.1002/avr8-gnu-toolchain/bin/../lib/gcc/avr/4.7.2/avr51\libgcc.a(_clear_bss.o)
                0x000000b2                __do_clear_bss
 *(.init4)
 *(.init5)
 *(.init5)
 *(.init6)
 *(.init6)
 *(.init7)
 *(.init7)
 *(.init8)
 *(.init8)
 *(.init9)
 .init9         0x000000c2        0x6 c:/program files (x86)/atmel/atmel toolchain/avr8 gcc/native/3.4.2.1002/avr8-gnu-toolchain/bin/../lib/gcc/avr/4.7.2/../../../../avr/lib/avr51/crtm1284p.o
 *(.init9)
 *(.text)
 .text          0x000000c8        0x2 c:/program files (x86)/atmel/atmel toolchain/avr8 gcc/native/3.4.2.1002/avr8-gnu-toolchain/bin/../lib/gcc/avr/4.7.2/../../../../avr/lib/avr51/crtm1284p.o
                0x000000c8                __vector_22
                0x000000c8                __vector_28
                0x000000c8                __vector_1
                0x000000c8                __vector_34
                0x000000c8                __vector_12
                0x000000c8                __bad_interrupt
                0x000000c8                __vector_6
                0x000000c8                __vector_31
                0x000000c8                __vector_3
                0x000000c8                __vector_23
                0x000000c8                __vector_30
                0x000000c8                __vector_25
                0x000000c8                __vector_11
                0x000000c8                __vector_17
                0x000000c8                __vector_19
                0x000000c8                __vector_7
                0x000000c8                __vector_27
                0x000000c8                __vector_5
                0x000000c8                __vector_33
                0x000000c8                __vector_9
                0x000000c8                __vector_2
                0x000000c8                __vector_21
                0x000000c8                __vector_15
                0x000000c8                __vector_29
                0x000000c8                __vector_8
                0x000000c8                __vector_14
                0x000000c8                __vector_10
                0x000000c8                __vector_16
                0x000000c8                __vector_18
                0x000000c8                __vector_20
                0x000000ca                . = ALIGN (0x2)
 *(.text.*)
 .text.set_counter_1
                0x000000ca       0x24 counter.o
                0x000000ca                set_counter_1
 .text.set_counter_2
                0x000000ee       0x24 counter.o
                0x000000ee                set_counter_2
 .text.init_counters
                0x00000112       0x46 counter.o
                0x00000112                init_counters
 .text.toggle_enable
                0x00000158       0x14 display.o
 .text.display_init
                0x0000016c       0x54 display.o
                0x0000016c                display_init
 .text.display_clear
                0x000001c0        0x8 display.o
                0x000001c0                display_clear
 .text.display_set_pos
                0x000001c8       0x32 display.o
                0x000001c8                display_set_pos
 .text.display_char
                0x000001fa       0x92 display.o
                0x000001fa                display_char
 .text.print_digit
                0x0000028c       0x6e display.o
 .text.print_int
                0x000002fa       0x3a display.o
 .text.display_value
                0x00000334       0x5a display.o
                0x00000334                display_value
 .text.display_text_fixed_length
                0x0000038e       0x2c display.o
                0x0000038e                display_text_fixed_length
 .text.display_text
                0x000003ba       0x4a display.o
                0x000003ba                display_text
 .text.FifoDataLength
                0x00000404       0x10 fifo.o
                0x00000404                FifoDataLength
 .text.FifoWrite
                0x00000414       0x40 fifo.o
                0x00000414                FifoWrite
 .text.FifoRead
                0x00000454       0x46 fifo.o
                0x00000454                FifoRead
 .text.main     0x0000049a       0x40 sensormodulen.o
                0x0000049a                main
 .text.__vector_13
                0x000004da       0x56 sensormodulen.o
                0x000004da                __vector_13
 .text.__vector_32
                0x00000530       0x6a sensormodulen.o
                0x00000530                __vector_32
 .text.adc_start
                0x0000059a        0xc sensors.o
 .text.select_sensor
                0x000005a6       0x5a sensors.o
 .text.sensors_init
                0x00000600      0x5b2 sensors.o
                0x00000600                sensors_init
 .text.sensors_start_sample
                0x00000bb2        0x8 sensors.o
                0x00000bb2                sensors_start_sample
 .text.sensors_display_data
                0x00000bba       0xf2 sensors.o
                0x00000bba                sensors_display_data
 .text.sensors_sampling_done
                0x00000cac        0x6 sensors.o
                0x00000cac                sensors_sampling_done
 .text.sensors_reset_flag
                0x00000cb2        0x6 sensors.o
                0x00000cb2                sensors_reset_flag
 .text.sensors_get_data
                0x00000cb8        0x6 sensors.o
                0x00000cb8                sensors_get_data
 .text.__vector_24
                0x00000cbe      0x5e2 sensors.o
                0x00000cbe                __vector_24
 .text.__vector_4
                0x000012a0       0x30 sensors.o
                0x000012a0                __vector_4
 .text.set_twi_reciever_enable
                0x000012d0        0x8 twi.o
 .text.clear_int
                0x000012d8        0x8 twi.o
 .text.start_bus
                0x000012e0        0x8 twi.o
 .text.stop_bus
                0x000012e8        0x8 twi.o
 .text.Error    0x000012f0        0xe twi.o
 .text.get_data
                0x000012fe        0x6 twi.o
 .text.wait_for_bus
                0x00001304        0xc twi.o
 .text.send_data_and_wait
                0x00001310        0xc twi.o
 .text.stop_twi
                0x0000131c       0x22 twi.o
 .text.reset_TWI
                0x0000133e        0xc twi.o
 .text.get_sensor_from_bus
                0x0000134a       0x56 twi.o
 .text.get_control_settings_from_bus
                0x000013a0       0x22 twi.o
 .text.get_autonom_settings_from_bus
                0x000013c2        0x8 twi.o
 .text.get_char_from_bus
                0x000013ca       0x34 twi.o
 .text.TWI_init
                0x000013fe       0x46 twi.o
                0x000013fe                TWI_init
 .text.TWI_send_sensors
                0x00001444       0x64 twi.o
                0x00001444                TWI_send_sensors
 .text.decode_message_TwiFIFO
                0x000014a8       0xe6 twi.o
                0x000014a8                decode_message_TwiFIFO
 .text.write_to_TwiFIFO
                0x0000158e       0x96 twi.o
                0x0000158e                write_to_TwiFIFO
 .text.__vector_26
                0x00001624      0x2c8 twi.o
                0x00001624                __vector_26
 .text.avr-libc.fplib
                0x000018ec        0xa c:/program files (x86)/atmel/atmel toolchain/avr8 gcc/native/3.4.2.1002/avr8-gnu-toolchain/bin/../lib/gcc/avr/4.7.2/../../../../avr/lib/avr51\libm.a(addsf3.o)
                0x000018ec                __subsf3
                0x000018ee                __addsf3
 .text.avr-libc.fplib
                0x000018f6       0xc0 c:/program files (x86)/atmel/atmel toolchain/avr8 gcc/native/3.4.2.1002/avr8-gnu-toolchain/bin/../lib/gcc/avr/4.7.2/../../../../avr/lib/avr51\libm.a(addsf3x.o)
                0x00001910                __addsf3x
 .text.avr-libc.fplib
                0x000019b6        0x8 c:/program files (x86)/atmel/atmel toolchain/avr8 gcc/native/3.4.2.1002/avr8-gnu-toolchain/bin/../lib/gcc/avr/4.7.2/../../../../avr/lib/avr51\libm.a(cmpsf2.o)
                0x000019b6                __nesf2
                0x000019b6                __eqsf2
                0x000019b6                __cmpsf2
                0x000019b6                __ltsf2
                0x000019b6                __lesf2
 .text.avr-libc.fplib
                0x000019be        0x4 c:/program files (x86)/atmel/atmel toolchain/avr8 gcc/native/3.4.2.1002/avr8-gnu-toolchain/bin/../lib/gcc/avr/4.7.2/../../../../avr/lib/avr51\libm.a(divsf3.o)
                0x000019be                __divsf3
 .text.avr-libc.fplib
                0x000019c2       0xcc c:/program files (x86)/atmel/atmel toolchain/avr8 gcc/native/3.4.2.1002/avr8-gnu-toolchain/bin/../lib/gcc/avr/4.7.2/../../../../avr/lib/avr51\libm.a(divsf3x.o)
                0x000019d8                __divsf3x
                0x000019dc                __divsf3_pse
 .text.avr-libc.fplib
                0x00001a8e        0xa c:/program files (x86)/atmel/atmel toolchain/avr8 gcc/native/3.4.2.1002/avr8-gnu-toolchain/bin/../lib/gcc/avr/4.7.2/../../../../avr/lib/avr51\libm.a(fixsfsi.o)
                0x00001a8e                __fixsfsi
 .text.avr-libc.fplib
                0x00001a98       0x58 c:/program files (x86)/atmel/atmel toolchain/avr8 gcc/native/3.4.2.1002/avr8-gnu-toolchain/bin/../lib/gcc/avr/4.7.2/../../../../avr/lib/avr51\libm.a(fixunssfsi.o)
                0x00001a98                __fixunssfsi
 .text.avr-libc.fplib
                0x00001af0       0x7a c:/program files (x86)/atmel/atmel toolchain/avr8 gcc/native/3.4.2.1002/avr8-gnu-toolchain/bin/../lib/gcc/avr/4.7.2/../../../../avr/lib/avr51\libm.a(floatsisf.o)
                0x00001af0                __floatunsisf
                0x00001af4                __floatsisf
 .text.avr-libc.fplib
                0x00001b6a       0x48 c:/program files (x86)/atmel/atmel toolchain/avr8 gcc/native/3.4.2.1002/avr8-gnu-toolchain/bin/../lib/gcc/avr/4.7.2/../../../../avr/lib/avr51\libm.a(fp_cmp.o)
                0x00001b6a                __fp_cmp
 .text.avr-libc.fplib
                0x00001bb2        0xc c:/program files (x86)/atmel/atmel toolchain/avr8 gcc/native/3.4.2.1002/avr8-gnu-toolchain/bin/../lib/gcc/avr/4.7.2/../../../../avr/lib/avr51\libm.a(fp_inf.o)
                0x00001bb2                __fp_inf
 .text.avr-libc.fplib
                0x00001bbe        0x6 c:/program files (x86)/atmel/atmel toolchain/avr8 gcc/native/3.4.2.1002/avr8-gnu-toolchain/bin/../lib/gcc/avr/4.7.2/../../../../avr/lib/avr51\libm.a(fp_nan.o)
                0x00001bbe                __fp_nan
 .text.avr-libc.fplib
                0x00001bc4        0xe c:/program files (x86)/atmel/atmel toolchain/avr8 gcc/native/3.4.2.1002/avr8-gnu-toolchain/bin/../lib/gcc/avr/4.7.2/../../../../avr/lib/avr51\libm.a(fp_pscA.o)
                0x00001bc4                __fp_pscA
 .text.avr-libc.fplib
                0x00001bd2        0xe c:/program files (x86)/atmel/atmel toolchain/avr8 gcc/native/3.4.2.1002/avr8-gnu-toolchain/bin/../lib/gcc/avr/4.7.2/../../../../avr/lib/avr51\libm.a(fp_pscB.o)
                0x00001bd2                __fp_pscB
 .text.avr-libc.fplib
                0x00001be0       0x22 c:/program files (x86)/atmel/atmel toolchain/avr8 gcc/native/3.4.2.1002/avr8-gnu-toolchain/bin/../lib/gcc/avr/4.7.2/../../../../avr/lib/avr51\libm.a(fp_round.o)
                0x00001be0                __fp_round
 .text.avr-libc.fplib
                0x00001c02       0x44 c:/program files (x86)/atmel/atmel toolchain/avr8 gcc/native/3.4.2.1002/avr8-gnu-toolchain/bin/../lib/gcc/avr/4.7.2/../../../../avr/lib/avr51\libm.a(fp_split3.o)
                0x00001c02                __fp_split3
                0x00001c12                __fp_splitA
 .text.avr-libc.fplib
                0x00001c46        0xe c:/program files (x86)/atmel/atmel toolchain/avr8 gcc/native/3.4.2.1002/avr8-gnu-toolchain/bin/../lib/gcc/avr/4.7.2/../../../../avr/lib/avr51\libm.a(fp_zero.o)
                0x00001c46                __fp_zero
                0x00001c48                __fp_szero
 .text.avr-libc.fplib
                0x00001c54        0x8 c:/program files (x86)/atmel/atmel toolchain/avr8 gcc/native/3.4.2.1002/avr8-gnu-toolchain/bin/../lib/gcc/avr/4.7.2/../../../../avr/lib/avr51\libm.a(gesf2.o)
                0x00001c54                __gesf2
                0x00001c54                __gtsf2
 .text.avr-libc.fplib
                0x00001c5c        0x4 c:/program files (x86)/atmel/atmel toolchain/avr8 gcc/native/3.4.2.1002/avr8-gnu-toolchain/bin/../lib/gcc/avr/4.7.2/../../../../avr/lib/avr51\libm.a(mulsf3.o)
                0x00001c5c                __mulsf3
 .text.avr-libc.fplib
                0x00001c60       0xc2 c:/program files (x86)/atmel/atmel toolchain/avr8 gcc/native/3.4.2.1002/avr8-gnu-toolchain/bin/../lib/gcc/avr/4.7.2/../../../../avr/lib/avr51\libm.a(mulsf3x.o)
                0x00001c74                __mulsf3x
                0x00001c78                __mulsf3_pse
 .text.libgcc.div
                0x00001d22       0x26 c:/program files (x86)/atmel/atmel toolchain/avr8 gcc/native/3.4.2.1002/avr8-gnu-toolchain/bin/../lib/gcc/avr/4.7.2/avr51\libgcc.a(_divmodhi4.o)
                0x00001d22                _div
                0x00001d22                __divmodhi4
 .text.libgcc.div
                0x00001d48       0x28 c:/program files (x86)/atmel/atmel toolchain/avr8 gcc/native/3.4.2.1002/avr8-gnu-toolchain/bin/../lib/gcc/avr/4.7.2/avr51\libgcc.a(_udivmodhi4.o)
                0x00001d48                __udivmodhi4
                0x00001d70                . = ALIGN (0x2)
 *(.fini9)
 .fini9         0x00001d70        0x0 c:/program files (x86)/atmel/atmel toolchain/avr8 gcc/native/3.4.2.1002/avr8-gnu-toolchain/bin/../lib/gcc/avr/4.7.2/avr51\libgcc.a(_exit.o)
                0x00001d70                _exit
                0x00001d70                exit
 *(.fini9)
 *(.fini8)
 *(.fini8)
 *(.fini7)
 *(.fini7)
 *(.fini6)
 *(.fini6)
 *(.fini5)
 *(.fini5)
 *(.fini4)
 *(.fini4)
 *(.fini3)
 *(.fini3)
 *(.fini2)
 *(.fini2)
 *(.fini1)
 *(.fini1)
 *(.fini0)
 .fini0         0x00001d70        0x4 c:/program files (x86)/atmel/atmel toolchain/avr8 gcc/native/3.4.2.1002/avr8-gnu-toolchain/bin/../lib/gcc/avr/4.7.2/avr51\libgcc.a(_exit.o)
 *(.fini0)
                0x00001d74                _etext = .

.data           0x00800100     0x1056 load address 0x00001d74
                0x00800100                PROVIDE (__data_start, .)
 *(.data)
 .data          0x00800100        0x0 c:/program files (x86)/atmel/atmel toolchain/avr8 gcc/native/3.4.2.1002/avr8-gnu-toolchain/bin/../lib/gcc/avr/4.7.2/../../../../avr/lib/avr51/crtm1284p.o
 .data          0x00800100        0x0 counter.o
 .data          0x00800100        0x0 display.o
 .data          0x00800100        0x0 fifo.o
 .data          0x00800100        0x0 sensormodulen.o
 .data          0x00800100        0x0 sensors.o
 .data          0x00800100        0x0 twi.o
 .data          0x00800100        0x0 c:/program files (x86)/atmel/atmel toolchain/avr8 gcc/native/3.4.2.1002/avr8-gnu-toolchain/bin/../lib/gcc/avr/4.7.2/../../../../avr/lib/avr51\libm.a(addsf3.o)
 .data          0x00800100        0x0 c:/program files (x86)/atmel/atmel toolchain/avr8 gcc/native/3.4.2.1002/avr8-gnu-toolchain/bin/../lib/gcc/avr/4.7.2/../../../../avr/lib/avr51\libm.a(addsf3x.o)
 .data          0x00800100        0x0 c:/program files (x86)/atmel/atmel toolchain/avr8 gcc/native/3.4.2.1002/avr8-gnu-toolchain/bin/../lib/gcc/avr/4.7.2/../../../../avr/lib/avr51\libm.a(cmpsf2.o)
 .data          0x00800100        0x0 c:/program files (x86)/atmel/atmel toolchain/avr8 gcc/native/3.4.2.1002/avr8-gnu-toolchain/bin/../lib/gcc/avr/4.7.2/../../../../avr/lib/avr51\libm.a(divsf3.o)
 .data          0x00800100        0x0 c:/program files (x86)/atmel/atmel toolchain/avr8 gcc/native/3.4.2.1002/avr8-gnu-toolchain/bin/../lib/gcc/avr/4.7.2/../../../../avr/lib/avr51\libm.a(divsf3x.o)
 .data          0x00800100        0x0 c:/program files (x86)/atmel/atmel toolchain/avr8 gcc/native/3.4.2.1002/avr8-gnu-toolchain/bin/../lib/gcc/avr/4.7.2/../../../../avr/lib/avr51\libm.a(fixsfsi.o)
 .data          0x00800100        0x0 c:/program files (x86)/atmel/atmel toolchain/avr8 gcc/native/3.4.2.1002/avr8-gnu-toolchain/bin/../lib/gcc/avr/4.7.2/../../../../avr/lib/avr51\libm.a(fixunssfsi.o)
 .data          0x00800100        0x0 c:/program files (x86)/atmel/atmel toolchain/avr8 gcc/native/3.4.2.1002/avr8-gnu-toolchain/bin/../lib/gcc/avr/4.7.2/../../../../avr/lib/avr51\libm.a(floatsisf.o)
 .data          0x00800100        0x0 c:/program files (x86)/atmel/atmel toolchain/avr8 gcc/native/3.4.2.1002/avr8-gnu-toolchain/bin/../lib/gcc/avr/4.7.2/../../../../avr/lib/avr51\libm.a(fp_cmp.o)
 .data          0x00800100        0x0 c:/program files (x86)/atmel/atmel toolchain/avr8 gcc/native/3.4.2.1002/avr8-gnu-toolchain/bin/../lib/gcc/avr/4.7.2/../../../../avr/lib/avr51\libm.a(fp_inf.o)
 .data          0x00800100        0x0 c:/program files (x86)/atmel/atmel toolchain/avr8 gcc/native/3.4.2.1002/avr8-gnu-toolchain/bin/../lib/gcc/avr/4.7.2/../../../../avr/lib/avr51\libm.a(fp_nan.o)
 .data          0x00800100        0x0 c:/program files (x86)/atmel/atmel toolchain/avr8 gcc/native/3.4.2.1002/avr8-gnu-toolchain/bin/../lib/gcc/avr/4.7.2/../../../../avr/lib/avr51\libm.a(fp_pscA.o)
 .data          0x00800100        0x0 c:/program files (x86)/atmel/atmel toolchain/avr8 gcc/native/3.4.2.1002/avr8-gnu-toolchain/bin/../lib/gcc/avr/4.7.2/../../../../avr/lib/avr51\libm.a(fp_pscB.o)
 .data          0x00800100        0x0 c:/program files (x86)/atmel/atmel toolchain/avr8 gcc/native/3.4.2.1002/avr8-gnu-toolchain/bin/../lib/gcc/avr/4.7.2/../../../../avr/lib/avr51\libm.a(fp_round.o)
 .data          0x00800100        0x0 c:/program files (x86)/atmel/atmel toolchain/avr8 gcc/native/3.4.2.1002/avr8-gnu-toolchain/bin/../lib/gcc/avr/4.7.2/../../../../avr/lib/avr51\libm.a(fp_split3.o)
 .data          0x00800100        0x0 c:/program files (x86)/atmel/atmel toolchain/avr8 gcc/native/3.4.2.1002/avr8-gnu-toolchain/bin/../lib/gcc/avr/4.7.2/../../../../avr/lib/avr51\libm.a(fp_zero.o)
 .data          0x00800100        0x0 c:/program files (x86)/atmel/atmel toolchain/avr8 gcc/native/3.4.2.1002/avr8-gnu-toolchain/bin/../lib/gcc/avr/4.7.2/../../../../avr/lib/avr51\libm.a(gesf2.o)
 .data          0x00800100        0x0 c:/program files (x86)/atmel/atmel toolchain/avr8 gcc/native/3.4.2.1002/avr8-gnu-toolchain/bin/../lib/gcc/avr/4.7.2/../../../../avr/lib/avr51\libm.a(mulsf3.o)
 .data          0x00800100        0x0 c:/program files (x86)/atmel/atmel toolchain/avr8 gcc/native/3.4.2.1002/avr8-gnu-toolchain/bin/../lib/gcc/avr/4.7.2/../../../../avr/lib/avr51\libm.a(mulsf3x.o)
 .data          0x00800100        0x0 c:/program files (x86)/atmel/atmel toolchain/avr8 gcc/native/3.4.2.1002/avr8-gnu-toolchain/bin/../lib/gcc/avr/4.7.2/avr51\libgcc.a(_divmodhi4.o)
 .data          0x00800100        0x0 c:/program files (x86)/atmel/atmel toolchain/avr8 gcc/native/3.4.2.1002/avr8-gnu-toolchain/bin/../lib/gcc/avr/4.7.2/avr51\libgcc.a(_exit.o)
 .data          0x00800100        0x0 c:/program files (x86)/atmel/atmel toolchain/avr8 gcc/native/3.4.2.1002/avr8-gnu-toolchain/bin/../lib/gcc/avr/4.7.2/avr51\libgcc.a(_copy_data.o)
 .data          0x00800100        0x0 c:/program files (x86)/atmel/atmel toolchain/avr8 gcc/native/3.4.2.1002/avr8-gnu-toolchain/bin/../lib/gcc/avr/4.7.2/avr51\libgcc.a(_clear_bss.o)
 .data          0x00800100        0x0 c:/program files (x86)/atmel/atmel toolchain/avr8 gcc/native/3.4.2.1002/avr8-gnu-toolchain/bin/../lib/gcc/avr/4.7.2/avr51\libgcc.a(_udivmodhi4.o)
 *(.data*)
 .data.gTwiFIFO
                0x00800100        0x2 twi.o
                0x00800100                gTwiFIFO
 .data._raw_gTwiFIFO
                0x00800102     0x1006 twi.o
                0x00800102                _raw_gTwiFIFO
 *(.rodata)
 *(.rodata*)
 .rodata.str1.1
                0x00801108        0x6 sensormodulen.o
 .rodata.str1.1
                0x0080110e       0x20 sensors.o
 .rodata.str1.1
                0x0080112e       0x28 twi.o
 *(.gnu.linkonce.d*)
                0x00801156                . = ALIGN (0x2)
                0x00801156                _edata = .
                0x00801156                PROVIDE (__data_end, .)

.bss            0x00801156      0x216
                0x00801156                PROVIDE (__bss_start, .)
 *(.bss)
 *(.bss*)
 .bss.IRShort   0x00801156       0x68 sensors.o
 .bss.IRLong    0x008011be       0x78 sensors.o
 .bss.gSelectedSensor
                0x00801236        0x1 sensors.o
 .bss.gSensorBuffer
                0x00801237        0x8 sensors.o
 .bss.sensorDataFlag
                0x0080123f        0x1 sensors.o
 .bss.sweep_flag_
                0x00801240        0x1 twi.o
                0x00801240                sweep_flag_
 .bss.elevation_flag_
                0x00801241        0x1 twi.o
                0x00801241                elevation_flag_
 .bss.autonom_settings_flag_
                0x00801242        0x1 twi.o
                0x00801242                autonom_settings_flag_
 .bss.control_settings_flag_
                0x00801243        0x1 twi.o
                0x00801243                control_settings_flag_
 .bss.command_flag_
                0x00801244        0x1 twi.o
                0x00801244                command_flag_
 .bss.sensor_flag_
                0x00801245        0x1 twi.o
                0x00801245                sensor_flag_
 *(COMMON)
 COMMON         0x00801246      0x126 twi.o
                0x00801246                message_length
                0x00801248                current_instruction
                0x0080124a                sensor_buffer
                0x00801251                command
                0x00801254                message
                0x00801353                autonom_settings
                0x00801354                instruction
                0x00801355                control_settings
                0x00801358                current_command
                0x0080135a                elevation
                0x0080135c                message_counter
                0x0080135e                servo
                0x0080135f                current_setting
                0x00801361                my_adress
                0x00801362                sweep
                0x00801363                sensor
                0x00801365                sensors
                0x0080136c                PROVIDE (__bss_end, .)
                0x00001d74                __data_load_start = LOADADDR (.data)
                0x00002dca                __data_load_end = (__data_load_start + SIZEOF (.data))

.noinit         0x0080136c        0x0
                0x0080136c                PROVIDE (__noinit_start, .)
 *(.noinit*)
                0x0080136c                PROVIDE (__noinit_end, .)
                0x0080136c                _end = .
                0x0080136c                PROVIDE (__heap_start, .)

.eeprom         0x00810000        0x0
 *(.eeprom*)
                0x00810000                __eeprom_end = .

.fuse
 *(.fuse)
 *(.lfuse)
 *(.hfuse)
 *(.efuse)

.lock
 *(.lock*)

.signature
 *(.signature*)

.user_signatures
 *(.user_signatures*)

.stab           0x00000000     0x2448
 *(.stab)
 .stab          0x00000000      0x6cc c:/program files (x86)/atmel/atmel toolchain/avr8 gcc/native/3.4.2.1002/avr8-gnu-toolchain/bin/../lib/gcc/avr/4.7.2/../../../../avr/lib/avr51/crtm1284p.o
 .stab          0x000006cc       0x78 c:/program files (x86)/atmel/atmel toolchain/avr8 gcc/native/3.4.2.1002/avr8-gnu-toolchain/bin/../lib/gcc/avr/4.7.2/../../../../avr/lib/avr51\libm.a(addsf3.o)
                                 0x84 (size before relaxing)
 .stab          0x00000744      0x4bc c:/program files (x86)/atmel/atmel toolchain/avr8 gcc/native/3.4.2.1002/avr8-gnu-toolchain/bin/../lib/gcc/avr/4.7.2/../../../../avr/lib/avr51\libm.a(addsf3x.o)
                                0x4c8 (size before relaxing)
 .stab          0x00000c00       0x90 c:/program files (x86)/atmel/atmel toolchain/avr8 gcc/native/3.4.2.1002/avr8-gnu-toolchain/bin/../lib/gcc/avr/4.7.2/../../../../avr/lib/avr51\libm.a(cmpsf2.o)
                                 0x9c (size before relaxing)
 .stab          0x00000c90       0x48 c:/program files (x86)/atmel/atmel toolchain/avr8 gcc/native/3.4.2.1002/avr8-gnu-toolchain/bin/../lib/gcc/avr/4.7.2/../../../../avr/lib/avr51\libm.a(divsf3.o)
                                 0x54 (size before relaxing)
 .stab          0x00000cd8      0x510 c:/program files (x86)/atmel/atmel toolchain/avr8 gcc/native/3.4.2.1002/avr8-gnu-toolchain/bin/../lib/gcc/avr/4.7.2/../../../../avr/lib/avr51\libm.a(divsf3x.o)
                                0x51c (size before relaxing)
 .stab          0x000011e8       0x6c c:/program files (x86)/atmel/atmel toolchain/avr8 gcc/native/3.4.2.1002/avr8-gnu-toolchain/bin/../lib/gcc/avr/4.7.2/../../../../avr/lib/avr51\libm.a(fixsfsi.o)
                                 0x78 (size before relaxing)
 .stab          0x00001254      0x240 c:/program files (x86)/atmel/atmel toolchain/avr8 gcc/native/3.4.2.1002/avr8-gnu-toolchain/bin/../lib/gcc/avr/4.7.2/../../../../avr/lib/avr51\libm.a(fixunssfsi.o)
                                0x24c (size before relaxing)
 .stab          0x00001494      0x318 c:/program files (x86)/atmel/atmel toolchain/avr8 gcc/native/3.4.2.1002/avr8-gnu-toolchain/bin/../lib/gcc/avr/4.7.2/../../../../avr/lib/avr51\libm.a(floatsisf.o)
                                0x324 (size before relaxing)
 .stab          0x000017ac      0x1e0 c:/program files (x86)/atmel/atmel toolchain/avr8 gcc/native/3.4.2.1002/avr8-gnu-toolchain/bin/../lib/gcc/avr/4.7.2/../../../../avr/lib/avr51\libm.a(fp_cmp.o)
                                0x1ec (size before relaxing)
 .stab          0x0000198c       0x78 c:/program files (x86)/atmel/atmel toolchain/avr8 gcc/native/3.4.2.1002/avr8-gnu-toolchain/bin/../lib/gcc/avr/4.7.2/../../../../avr/lib/avr51\libm.a(fp_inf.o)
                                 0x84 (size before relaxing)
 .stab          0x00001a04       0x54 c:/program files (x86)/atmel/atmel toolchain/avr8 gcc/native/3.4.2.1002/avr8-gnu-toolchain/bin/../lib/gcc/avr/4.7.2/../../../../avr/lib/avr51\libm.a(fp_nan.o)
                                 0x60 (size before relaxing)
 .stab          0x00001a58       0x84 c:/program files (x86)/atmel/atmel toolchain/avr8 gcc/native/3.4.2.1002/avr8-gnu-toolchain/bin/../lib/gcc/avr/4.7.2/../../../../avr/lib/avr51\libm.a(fp_pscA.o)
                                 0x90 (size before relaxing)
 .stab          0x00001adc       0x84 c:/program files (x86)/atmel/atmel toolchain/avr8 gcc/native/3.4.2.1002/avr8-gnu-toolchain/bin/../lib/gcc/avr/4.7.2/../../../../avr/lib/avr51\libm.a(fp_pscB.o)
                                 0x90 (size before relaxing)
 .stab          0x00001b60       0xfc c:/program files (x86)/atmel/atmel toolchain/avr8 gcc/native/3.4.2.1002/avr8-gnu-toolchain/bin/../lib/gcc/avr/4.7.2/../../../../avr/lib/avr51\libm.a(fp_round.o)
                                0x108 (size before relaxing)
 .stab          0x00001c5c      0x1d4 c:/program files (x86)/atmel/atmel toolchain/avr8 gcc/native/3.4.2.1002/avr8-gnu-toolchain/bin/../lib/gcc/avr/4.7.2/../../../../avr/lib/avr51\libm.a(fp_split3.o)
                                0x1e0 (size before relaxing)
 .stab          0x00001e30       0x90 c:/program files (x86)/atmel/atmel toolchain/avr8 gcc/native/3.4.2.1002/avr8-gnu-toolchain/bin/../lib/gcc/avr/4.7.2/../../../../avr/lib/avr51\libm.a(fp_zero.o)
                                 0x9c (size before relaxing)
 .stab          0x00001ec0       0x6c c:/program files (x86)/atmel/atmel toolchain/avr8 gcc/native/3.4.2.1002/avr8-gnu-toolchain/bin/../lib/gcc/avr/4.7.2/../../../../avr/lib/avr51\libm.a(gesf2.o)
                                 0x78 (size before relaxing)
 .stab          0x00001f2c       0x48 c:/program files (x86)/atmel/atmel toolchain/avr8 gcc/native/3.4.2.1002/avr8-gnu-toolchain/bin/../lib/gcc/avr/4.7.2/../../../../avr/lib/avr51\libm.a(mulsf3.o)
                                 0x54 (size before relaxing)
 .stab          0x00001f74      0x4d4 c:/program files (x86)/atmel/atmel toolchain/avr8 gcc/native/3.4.2.1002/avr8-gnu-toolchain/bin/../lib/gcc/avr/4.7.2/../../../../avr/lib/avr51\libm.a(mulsf3x.o)
                                0x4e0 (size before relaxing)

.stabstr        0x00000000      0x932
 *(.stabstr)
 .stabstr       0x00000000      0x932 c:/program files (x86)/atmel/atmel toolchain/avr8 gcc/native/3.4.2.1002/avr8-gnu-toolchain/bin/../lib/gcc/avr/4.7.2/../../../../avr/lib/avr51/crtm1284p.o

.stab.excl
 *(.stab.excl)

.stab.exclstr
 *(.stab.exclstr)

.stab.index
 *(.stab.index)

.stab.indexstr
 *(.stab.indexstr)

.comment        0x00000000       0x2f
 *(.comment)
 .comment       0x00000000       0x2f counter.o
                                 0x30 (size before relaxing)
 .comment       0x00000000       0x30 display.o
 .comment       0x00000000       0x30 fifo.o
 .comment       0x00000000       0x30 sensormodulen.o
 .comment       0x00000000       0x30 sensors.o
 .comment       0x00000000       0x30 twi.o

.debug
 *(.debug)

.line
 *(.line)

.debug_srcinfo
 *(.debug_srcinfo)

.debug_sfnames
 *(.debug_sfnames)

.debug_aranges  0x00000000      0x2e0
 *(.debug_aranges)
 .debug_aranges
                0x00000000       0x30 counter.o
 .debug_aranges
                0x00000030       0x70 display.o
 .debug_aranges
                0x000000a0       0x30 fifo.o
 .debug_aranges
                0x000000d0       0x30 sensormodulen.o
 .debug_aranges
                0x00000100       0x68 sensors.o
 .debug_aranges
                0x00000168      0x178 twi.o

.debug_pubnames
 *(.debug_pubnames)

.debug_info     0x00000000     0x2a06
 *(.debug_info)
 .debug_info    0x00000000      0x119 counter.o
 .debug_info    0x00000119      0x858 display.o
 .debug_info    0x00000971      0x1b1 fifo.o
 .debug_info    0x00000b22      0x3b4 sensormodulen.o
 .debug_info    0x00000ed6      0x835 sensors.o
 .debug_info    0x0000170b     0x12fb twi.o
 *(.gnu.linkonce.wi.*)

.debug_abbrev   0x00000000      0xb77
 *(.debug_abbrev)
 .debug_abbrev  0x00000000       0x9c counter.o
 .debug_abbrev  0x0000009c      0x245 display.o
 .debug_abbrev  0x000002e1       0xce fifo.o
 .debug_abbrev  0x000003af      0x1a9 sensormodulen.o
 .debug_abbrev  0x00000558      0x298 sensors.o
 .debug_abbrev  0x000007f0      0x387 twi.o

.debug_line     0x00000000     0x1eea
 *(.debug_line)
 .debug_line    0x00000000      0x13c counter.o
 .debug_line    0x0000013c      0x568 display.o
 .debug_line    0x000006a4      0x14f fifo.o
 .debug_line    0x000007f3      0x248 sensormodulen.o
 .debug_line    0x00000a3b      0x69c sensors.o
 .debug_line    0x000010d7      0xe13 twi.o

.debug_frame    0x00000000      0x904
 *(.debug_frame)
 .debug_frame   0x00000000       0x44 counter.o
 .debug_frame   0x00000044      0x150 display.o
 .debug_frame   0x00000194       0x68 fifo.o
 .debug_frame   0x000001fc       0xd4 sensormodulen.o
 .debug_frame   0x000002d0      0x1b4 sensors.o
 .debug_frame   0x00000484      0x480 twi.o

.debug_str      0x00000000      0x90c
 *(.debug_str)
 .debug_str     0x00000000       0xe5 counter.o
                                0x119 (size before relaxing)
 .debug_str     0x000000e5      0x183 display.o
                                0x23b (size before relaxing)
 .debug_str     0x00000268       0x43 fifo.o
                                0x129 (size before relaxing)
 .debug_str     0x000002ab       0xf3 sensormodulen.o
                                0x269 (size before relaxing)
 .debug_str     0x0000039e      0x109 sensors.o
                                0x2f9 (size before relaxing)
 .debug_str     0x000004a7      0x465 twi.o
                                0x66d (size before relaxing)

.debug_loc      0x00000000     0x205c
 *(.debug_loc)
 .debug_loc     0x00000000       0x6c counter.o
 .debug_loc     0x0000006c      0x735 display.o
 .debug_loc     0x000007a1      0x17b fifo.o
 .debug_loc     0x0000091c      0x196 sensormodulen.o
 .debug_loc     0x00000ab2      0x94b sensors.o
 .debug_loc     0x000013fd      0xc5f twi.o

.debug_macinfo
 *(.debug_macinfo)

.debug_pubtypes
 *(.debug_pubtypes)

.debug_ranges   0x00000000      0x2f8
 *(.debug_ranges)
 .debug_ranges  0x00000000       0x20 counter.o
 .debug_ranges  0x00000020       0x60 display.o
 .debug_ranges  0x00000080       0x20 fifo.o
 .debug_ranges  0x000000a0       0x20 sensormodulen.o
 .debug_ranges  0x000000c0       0xb8 sensors.o
 .debug_ranges  0x00000178      0x180 twi.o

.debug_macro
 *(.debug_macro)
OUTPUT(sensormodulen.elf elf32-avr)
LOAD linker stubs
