Archive member included because of file (symbol)

c:/program files (x86)/atmel/atmel toolchain/avr8 gcc/native/3.4.2.1002/avr8-gnu-toolchain/bin/../lib/gcc/avr/4.7.2/../../../../avr/lib/avr51\libm.a(addsf3.o)
                              Navigation.o (__subsf3)
c:/program files (x86)/atmel/atmel toolchain/avr8 gcc/native/3.4.2.1002/avr8-gnu-toolchain/bin/../lib/gcc/avr/4.7.2/../../../../avr/lib/avr51\libm.a(addsf3x.o)
                              c:/program files (x86)/atmel/atmel toolchain/avr8 gcc/native/3.4.2.1002/avr8-gnu-toolchain/bin/../lib/gcc/avr/4.7.2/../../../../avr/lib/avr51\libm.a(addsf3.o) (__addsf3x)
c:/program files (x86)/atmel/atmel toolchain/avr8 gcc/native/3.4.2.1002/avr8-gnu-toolchain/bin/../lib/gcc/avr/4.7.2/../../../../avr/lib/avr51\libm.a(atan.o)
                              Navigation.o (atan)
c:/program files (x86)/atmel/atmel toolchain/avr8 gcc/native/3.4.2.1002/avr8-gnu-toolchain/bin/../lib/gcc/avr/4.7.2/../../../../avr/lib/avr51\libm.a(cmpsf2.o)
                              Navigation.o (__ltsf2)
c:/program files (x86)/atmel/atmel toolchain/avr8 gcc/native/3.4.2.1002/avr8-gnu-toolchain/bin/../lib/gcc/avr/4.7.2/../../../../avr/lib/avr51\libm.a(cos.o)
                              Navigation.o (cos)
c:/program files (x86)/atmel/atmel toolchain/avr8 gcc/native/3.4.2.1002/avr8-gnu-toolchain/bin/../lib/gcc/avr/4.7.2/../../../../avr/lib/avr51\libm.a(divsf3.o)
                              autonomouswalk.o (__divsf3)
c:/program files (x86)/atmel/atmel toolchain/avr8 gcc/native/3.4.2.1002/avr8-gnu-toolchain/bin/../lib/gcc/avr/4.7.2/../../../../avr/lib/avr51\libm.a(divsf3x.o)
                              c:/program files (x86)/atmel/atmel toolchain/avr8 gcc/native/3.4.2.1002/avr8-gnu-toolchain/bin/../lib/gcc/avr/4.7.2/../../../../avr/lib/avr51\libm.a(divsf3.o) (__divsf3x)
c:/program files (x86)/atmel/atmel toolchain/avr8 gcc/native/3.4.2.1002/avr8-gnu-toolchain/bin/../lib/gcc/avr/4.7.2/../../../../avr/lib/avr51\libm.a(fixsfsi.o)
                              autonomouswalk.o (__fixsfsi)
c:/program files (x86)/atmel/atmel toolchain/avr8 gcc/native/3.4.2.1002/avr8-gnu-toolchain/bin/../lib/gcc/avr/4.7.2/../../../../avr/lib/avr51\libm.a(fixunssfsi.o)
                              counter.o (__fixunssfsi)
c:/program files (x86)/atmel/atmel toolchain/avr8 gcc/native/3.4.2.1002/avr8-gnu-toolchain/bin/../lib/gcc/avr/4.7.2/../../../../avr/lib/avr51\libm.a(floatsisf.o)
                              counter.o (__floatunsisf)
c:/program files (x86)/atmel/atmel toolchain/avr8 gcc/native/3.4.2.1002/avr8-gnu-toolchain/bin/../lib/gcc/avr/4.7.2/../../../../avr/lib/avr51\libm.a(fp_cmp.o)
                              c:/program files (x86)/atmel/atmel toolchain/avr8 gcc/native/3.4.2.1002/avr8-gnu-toolchain/bin/../lib/gcc/avr/4.7.2/../../../../avr/lib/avr51\libm.a(cmpsf2.o) (__fp_cmp)
c:/program files (x86)/atmel/atmel toolchain/avr8 gcc/native/3.4.2.1002/avr8-gnu-toolchain/bin/../lib/gcc/avr/4.7.2/../../../../avr/lib/avr51\libm.a(fp_inf.o)
                              c:/program files (x86)/atmel/atmel toolchain/avr8 gcc/native/3.4.2.1002/avr8-gnu-toolchain/bin/../lib/gcc/avr/4.7.2/../../../../avr/lib/avr51\libm.a(addsf3x.o) (__fp_inf)
c:/program files (x86)/atmel/atmel toolchain/avr8 gcc/native/3.4.2.1002/avr8-gnu-toolchain/bin/../lib/gcc/avr/4.7.2/../../../../avr/lib/avr51\libm.a(fp_nan.o)
                              c:/program files (x86)/atmel/atmel toolchain/avr8 gcc/native/3.4.2.1002/avr8-gnu-toolchain/bin/../lib/gcc/avr/4.7.2/../../../../avr/lib/avr51\libm.a(addsf3x.o) (__fp_nan)
c:/program files (x86)/atmel/atmel toolchain/avr8 gcc/native/3.4.2.1002/avr8-gnu-toolchain/bin/../lib/gcc/avr/4.7.2/../../../../avr/lib/avr51\libm.a(fp_powser.o)
                              c:/program files (x86)/atmel/atmel toolchain/avr8 gcc/native/3.4.2.1002/avr8-gnu-toolchain/bin/../lib/gcc/avr/4.7.2/../../../../avr/lib/avr51\libm.a(atan.o) (__fp_powser)
c:/program files (x86)/atmel/atmel toolchain/avr8 gcc/native/3.4.2.1002/avr8-gnu-toolchain/bin/../lib/gcc/avr/4.7.2/../../../../avr/lib/avr51\libm.a(fp_pscA.o)
                              c:/program files (x86)/atmel/atmel toolchain/avr8 gcc/native/3.4.2.1002/avr8-gnu-toolchain/bin/../lib/gcc/avr/4.7.2/../../../../avr/lib/avr51\libm.a(addsf3x.o) (__fp_pscA)
c:/program files (x86)/atmel/atmel toolchain/avr8 gcc/native/3.4.2.1002/avr8-gnu-toolchain/bin/../lib/gcc/avr/4.7.2/../../../../avr/lib/avr51\libm.a(fp_pscB.o)
                              c:/program files (x86)/atmel/atmel toolchain/avr8 gcc/native/3.4.2.1002/avr8-gnu-toolchain/bin/../lib/gcc/avr/4.7.2/../../../../avr/lib/avr51\libm.a(addsf3x.o) (__fp_pscB)
c:/program files (x86)/atmel/atmel toolchain/avr8 gcc/native/3.4.2.1002/avr8-gnu-toolchain/bin/../lib/gcc/avr/4.7.2/../../../../avr/lib/avr51\libm.a(fp_rempio2.o)
                              c:/program files (x86)/atmel/atmel toolchain/avr8 gcc/native/3.4.2.1002/avr8-gnu-toolchain/bin/../lib/gcc/avr/4.7.2/../../../../avr/lib/avr51\libm.a(cos.o) (__fp_rempio2)
c:/program files (x86)/atmel/atmel toolchain/avr8 gcc/native/3.4.2.1002/avr8-gnu-toolchain/bin/../lib/gcc/avr/4.7.2/../../../../avr/lib/avr51\libm.a(fp_round.o)
                              c:/program files (x86)/atmel/atmel toolchain/avr8 gcc/native/3.4.2.1002/avr8-gnu-toolchain/bin/../lib/gcc/avr/4.7.2/../../../../avr/lib/avr51\libm.a(addsf3.o) (__fp_round)
c:/program files (x86)/atmel/atmel toolchain/avr8 gcc/native/3.4.2.1002/avr8-gnu-toolchain/bin/../lib/gcc/avr/4.7.2/../../../../avr/lib/avr51\libm.a(fp_sinus.o)
                              c:/program files (x86)/atmel/atmel toolchain/avr8 gcc/native/3.4.2.1002/avr8-gnu-toolchain/bin/../lib/gcc/avr/4.7.2/../../../../avr/lib/avr51\libm.a(cos.o) (__fp_sinus)
c:/program files (x86)/atmel/atmel toolchain/avr8 gcc/native/3.4.2.1002/avr8-gnu-toolchain/bin/../lib/gcc/avr/4.7.2/../../../../avr/lib/avr51\libm.a(fp_split3.o)
                              c:/program files (x86)/atmel/atmel toolchain/avr8 gcc/native/3.4.2.1002/avr8-gnu-toolchain/bin/../lib/gcc/avr/4.7.2/../../../../avr/lib/avr51\libm.a(addsf3x.o) (__fp_split3)
c:/program files (x86)/atmel/atmel toolchain/avr8 gcc/native/3.4.2.1002/avr8-gnu-toolchain/bin/../lib/gcc/avr/4.7.2/../../../../avr/lib/avr51\libm.a(fp_zero.o)
                              c:/program files (x86)/atmel/atmel toolchain/avr8 gcc/native/3.4.2.1002/avr8-gnu-toolchain/bin/../lib/gcc/avr/4.7.2/../../../../avr/lib/avr51\libm.a(addsf3x.o) (__fp_zero)
c:/program files (x86)/atmel/atmel toolchain/avr8 gcc/native/3.4.2.1002/avr8-gnu-toolchain/bin/../lib/gcc/avr/4.7.2/../../../../avr/lib/avr51\libm.a(gesf2.o)
                              Navigation.o (__gesf2)
c:/program files (x86)/atmel/atmel toolchain/avr8 gcc/native/3.4.2.1002/avr8-gnu-toolchain/bin/../lib/gcc/avr/4.7.2/../../../../avr/lib/avr51\libm.a(inverse.o)
                              c:/program files (x86)/atmel/atmel toolchain/avr8 gcc/native/3.4.2.1002/avr8-gnu-toolchain/bin/../lib/gcc/avr/4.7.2/../../../../avr/lib/avr51\libm.a(atan.o) (inverse)
c:/program files (x86)/atmel/atmel toolchain/avr8 gcc/native/3.4.2.1002/avr8-gnu-toolchain/bin/../lib/gcc/avr/4.7.2/../../../../avr/lib/avr51\libm.a(mulsf3.o)
                              autonomouswalk.o (__mulsf3)
c:/program files (x86)/atmel/atmel toolchain/avr8 gcc/native/3.4.2.1002/avr8-gnu-toolchain/bin/../lib/gcc/avr/4.7.2/../../../../avr/lib/avr51\libm.a(mulsf3x.o)
                              c:/program files (x86)/atmel/atmel toolchain/avr8 gcc/native/3.4.2.1002/avr8-gnu-toolchain/bin/../lib/gcc/avr/4.7.2/../../../../avr/lib/avr51\libm.a(atan.o) (__mulsf3x)
c:/program files (x86)/atmel/atmel toolchain/avr8 gcc/native/3.4.2.1002/avr8-gnu-toolchain/bin/../lib/gcc/avr/4.7.2/../../../../avr/lib/avr51\libm.a(square.o)
                              c:/program files (x86)/atmel/atmel toolchain/avr8 gcc/native/3.4.2.1002/avr8-gnu-toolchain/bin/../lib/gcc/avr/4.7.2/../../../../avr/lib/avr51\libm.a(atan.o) (square)
c:/program files (x86)/atmel/atmel toolchain/avr8 gcc/native/3.4.2.1002/avr8-gnu-toolchain/bin/../lib/gcc/avr/4.7.2/../../../../avr/lib/avr51\libm.a(fp_mpack.o)
                              c:/program files (x86)/atmel/atmel toolchain/avr8 gcc/native/3.4.2.1002/avr8-gnu-toolchain/bin/../lib/gcc/avr/4.7.2/../../../../avr/lib/avr51\libm.a(fp_rempio2.o) (__fp_mpack_finite)
c:/program files (x86)/atmel/atmel toolchain/avr8 gcc/native/3.4.2.1002/avr8-gnu-toolchain/bin/../lib/gcc/avr/4.7.2/../../../../avr/lib/avr51\libm.a(fp_powsodd.o)
                              c:/program files (x86)/atmel/atmel toolchain/avr8 gcc/native/3.4.2.1002/avr8-gnu-toolchain/bin/../lib/gcc/avr/4.7.2/../../../../avr/lib/avr51\libm.a(fp_sinus.o) (__fp_powsodd)
c:/program files (x86)/atmel/atmel toolchain/avr8 gcc/native/3.4.2.1002/avr8-gnu-toolchain/bin/../lib/gcc/avr/4.7.2/avr51\libgcc.a(_exit.o)
                              c:/program files (x86)/atmel/atmel toolchain/avr8 gcc/native/3.4.2.1002/avr8-gnu-toolchain/bin/../lib/gcc/avr/4.7.2/../../../../avr/lib/avr51/crtm1284p.o (exit)
c:/program files (x86)/atmel/atmel toolchain/avr8 gcc/native/3.4.2.1002/avr8-gnu-toolchain/bin/../lib/gcc/avr/4.7.2/avr51\libgcc.a(_copy_data.o)
                              autonomouswalk.o (__do_copy_data)
c:/program files (x86)/atmel/atmel toolchain/avr8 gcc/native/3.4.2.1002/avr8-gnu-toolchain/bin/../lib/gcc/avr/4.7.2/avr51\libgcc.a(_clear_bss.o)
                              autonomouswalk.o (__do_clear_bss)

Allocating common symbols
Common symbol       size              file

gRxBuffer           0x205             usart.o
floatMessage        0x4               twi.o
command             0x3               twi.o
autonomSettings     0x1               twi.o
message             0xff              twi.o
messageCounter      0x2               twi.o
controlSettings     0x3               twi.o
currentSetting      0x2               twi.o
myAdress            0x1               twi.o
medianBuffer        0x8               Navigation.o
floatCounter        0x2               twi.o
instruction         0x1               twi.o
currentCommand      0x2               twi.o
elevation           0x2               twi.o
servo               0x1               twi.o
messageLength       0x2               twi.o
gTxPayload          0xff              usart.o
sweep               0x1               twi.o
gTxBuffer           0x205             usart.o
currentInstruction  0x2               twi.o
sensor              0x2               twi.o
sensorMedianBuffer  0x28              Navigation.o
sensorBuffer        0x8               twi.o
sensors             0x8               twi.o

Discarded input sections

 .bss           0x00000000        0x0 c:/program files (x86)/atmel/atmel toolchain/avr8 gcc/native/3.4.2.1002/avr8-gnu-toolchain/bin/../lib/gcc/avr/4.7.2/../../../../avr/lib/avr51/crtm1284p.o
 .text          0x00000000        0x0 autonomouswalk.o
 .bss           0x00000000        0x0 autonomouswalk.o
 .text.autonomouswalk_set_speed
                0x00000000        0x6 autonomouswalk.o
 .text.autonomouswalk_get_speed
                0x00000000        0x6 autonomouswalk.o
 .text.autonomouswalk_set_return_status
                0x00000000        0x6 autonomouswalk.o
 .text.autonomouswalk_get_return_status
                0x00000000        0x6 autonomouswalk.o
 .text          0x00000000        0x0 counter.o
 .bss           0x00000000        0x0 counter.o
 .text          0x00000000        0x0 fifo.o
 .bss           0x00000000        0x0 fifo.o
 .text          0x00000000        0x0 Navigation.o
 .bss           0x00000000        0x0 Navigation.o
 .text.navigation_init
                0x00000000       0x18 Navigation.o
 .text.navigation_get_Kp
                0x00000000       0x18 Navigation.o
 .text.navigation_dead_end
                0x00000000       0x5e Navigation.o
 .text          0x00000000        0x0 Navigationsenheten.o
 .bss           0x00000000        0x0 Navigationsenheten.o
 .text          0x00000000        0x0 twi.o
 .bss           0x00000000        0x0 twi.o
 .text.TWI_send_status
                0x00000000       0x58 twi.o
 .text.TWI_send_control_settings
                0x00000000       0xb2 twi.o
 .text.TWI_send_sweep
                0x00000000       0x70 twi.o
 .text.TWI_send_elevation
                0x00000000       0x70 twi.o
 .text.TWI_send_sensors
                0x00000000       0x74 twi.o
 .text.TWI_send_something
                0x00000000       0x7c twi.o
 .text.TWI_get_servo
                0x00000000        0x6 twi.o
 .text.TWI_get_sweep
                0x00000000        0x6 twi.o
 .text.TWI_sensor_flag
                0x00000000       0x14 twi.o
 .text.TWI_sweep_flag
                0x00000000       0x14 twi.o
 .text.decode_message_TwiFIFO
                0x00000000       0xde twi.o
 .text          0x00000000        0x0 usart.o
 .bss           0x00000000        0x0 usart.o
 .text.USART_CheckRxComplete
                0x00000000        0x8 usart.o
 .text.USART_ReadByte
                0x00000000        0x6 usart.o
 .text.USART_SendMessage
                0x00000000       0x44 usart.o
 .text.USART_SendSensors
                0x00000000       0x3e usart.o
 .text.USART_RequestGyro
                0x00000000        0xa usart.o
 .text.USART_GyroFlag
                0x00000000       0x12 usart.o
 .text.USART_gyro_get_P
                0x00000000       0x1a usart.o
 .text.USART_gyro_get_R
                0x00000000       0x1a usart.o
 .text.USART_gyro_get_Y
                0x00000000       0x1a usart.o
 .text.USART_Bounce
                0x00000000       0x30 usart.o
 .text          0x00000000        0x0 c:/program files (x86)/atmel/atmel toolchain/avr8 gcc/native/3.4.2.1002/avr8-gnu-toolchain/bin/../lib/gcc/avr/4.7.2/../../../../avr/lib/avr51\libm.a(addsf3.o)
 .bss           0x00000000        0x0 c:/program files (x86)/atmel/atmel toolchain/avr8 gcc/native/3.4.2.1002/avr8-gnu-toolchain/bin/../lib/gcc/avr/4.7.2/../../../../avr/lib/avr51\libm.a(addsf3.o)
 .text          0x00000000        0x0 c:/program files (x86)/atmel/atmel toolchain/avr8 gcc/native/3.4.2.1002/avr8-gnu-toolchain/bin/../lib/gcc/avr/4.7.2/../../../../avr/lib/avr51\libm.a(addsf3x.o)
 .bss           0x00000000        0x0 c:/program files (x86)/atmel/atmel toolchain/avr8 gcc/native/3.4.2.1002/avr8-gnu-toolchain/bin/../lib/gcc/avr/4.7.2/../../../../avr/lib/avr51\libm.a(addsf3x.o)
 .text          0x00000000        0x0 c:/program files (x86)/atmel/atmel toolchain/avr8 gcc/native/3.4.2.1002/avr8-gnu-toolchain/bin/../lib/gcc/avr/4.7.2/../../../../avr/lib/avr51\libm.a(atan.o)
 .bss           0x00000000        0x0 c:/program files (x86)/atmel/atmel toolchain/avr8 gcc/native/3.4.2.1002/avr8-gnu-toolchain/bin/../lib/gcc/avr/4.7.2/../../../../avr/lib/avr51\libm.a(atan.o)
 .text          0x00000000        0x0 c:/program files (x86)/atmel/atmel toolchain/avr8 gcc/native/3.4.2.1002/avr8-gnu-toolchain/bin/../lib/gcc/avr/4.7.2/../../../../avr/lib/avr51\libm.a(cmpsf2.o)
 .bss           0x00000000        0x0 c:/program files (x86)/atmel/atmel toolchain/avr8 gcc/native/3.4.2.1002/avr8-gnu-toolchain/bin/../lib/gcc/avr/4.7.2/../../../../avr/lib/avr51\libm.a(cmpsf2.o)
 .text          0x00000000        0x0 c:/program files (x86)/atmel/atmel toolchain/avr8 gcc/native/3.4.2.1002/avr8-gnu-toolchain/bin/../lib/gcc/avr/4.7.2/../../../../avr/lib/avr51\libm.a(cos.o)
 .bss           0x00000000        0x0 c:/program files (x86)/atmel/atmel toolchain/avr8 gcc/native/3.4.2.1002/avr8-gnu-toolchain/bin/../lib/gcc/avr/4.7.2/../../../../avr/lib/avr51\libm.a(cos.o)
 .text          0x00000000        0x0 c:/program files (x86)/atmel/atmel toolchain/avr8 gcc/native/3.4.2.1002/avr8-gnu-toolchain/bin/../lib/gcc/avr/4.7.2/../../../../avr/lib/avr51\libm.a(divsf3.o)
 .bss           0x00000000        0x0 c:/program files (x86)/atmel/atmel toolchain/avr8 gcc/native/3.4.2.1002/avr8-gnu-toolchain/bin/../lib/gcc/avr/4.7.2/../../../../avr/lib/avr51\libm.a(divsf3.o)
 .text          0x00000000        0x0 c:/program files (x86)/atmel/atmel toolchain/avr8 gcc/native/3.4.2.1002/avr8-gnu-toolchain/bin/../lib/gcc/avr/4.7.2/../../../../avr/lib/avr51\libm.a(divsf3x.o)
 .bss           0x00000000        0x0 c:/program files (x86)/atmel/atmel toolchain/avr8 gcc/native/3.4.2.1002/avr8-gnu-toolchain/bin/../lib/gcc/avr/4.7.2/../../../../avr/lib/avr51\libm.a(divsf3x.o)
 .text          0x00000000        0x0 c:/program files (x86)/atmel/atmel toolchain/avr8 gcc/native/3.4.2.1002/avr8-gnu-toolchain/bin/../lib/gcc/avr/4.7.2/../../../../avr/lib/avr51\libm.a(fixsfsi.o)
 .bss           0x00000000        0x0 c:/program files (x86)/atmel/atmel toolchain/avr8 gcc/native/3.4.2.1002/avr8-gnu-toolchain/bin/../lib/gcc/avr/4.7.2/../../../../avr/lib/avr51\libm.a(fixsfsi.o)
 .text          0x00000000        0x0 c:/program files (x86)/atmel/atmel toolchain/avr8 gcc/native/3.4.2.1002/avr8-gnu-toolchain/bin/../lib/gcc/avr/4.7.2/../../../../avr/lib/avr51\libm.a(fixunssfsi.o)
 .bss           0x00000000        0x0 c:/program files (x86)/atmel/atmel toolchain/avr8 gcc/native/3.4.2.1002/avr8-gnu-toolchain/bin/../lib/gcc/avr/4.7.2/../../../../avr/lib/avr51\libm.a(fixunssfsi.o)
 .text          0x00000000        0x0 c:/program files (x86)/atmel/atmel toolchain/avr8 gcc/native/3.4.2.1002/avr8-gnu-toolchain/bin/../lib/gcc/avr/4.7.2/../../../../avr/lib/avr51\libm.a(floatsisf.o)
 .bss           0x00000000        0x0 c:/program files (x86)/atmel/atmel toolchain/avr8 gcc/native/3.4.2.1002/avr8-gnu-toolchain/bin/../lib/gcc/avr/4.7.2/../../../../avr/lib/avr51\libm.a(floatsisf.o)
 .text          0x00000000        0x0 c:/program files (x86)/atmel/atmel toolchain/avr8 gcc/native/3.4.2.1002/avr8-gnu-toolchain/bin/../lib/gcc/avr/4.7.2/../../../../avr/lib/avr51\libm.a(fp_cmp.o)
 .bss           0x00000000        0x0 c:/program files (x86)/atmel/atmel toolchain/avr8 gcc/native/3.4.2.1002/avr8-gnu-toolchain/bin/../lib/gcc/avr/4.7.2/../../../../avr/lib/avr51\libm.a(fp_cmp.o)
 .text          0x00000000        0x0 c:/program files (x86)/atmel/atmel toolchain/avr8 gcc/native/3.4.2.1002/avr8-gnu-toolchain/bin/../lib/gcc/avr/4.7.2/../../../../avr/lib/avr51\libm.a(fp_inf.o)
 .bss           0x00000000        0x0 c:/program files (x86)/atmel/atmel toolchain/avr8 gcc/native/3.4.2.1002/avr8-gnu-toolchain/bin/../lib/gcc/avr/4.7.2/../../../../avr/lib/avr51\libm.a(fp_inf.o)
 .text          0x00000000        0x0 c:/program files (x86)/atmel/atmel toolchain/avr8 gcc/native/3.4.2.1002/avr8-gnu-toolchain/bin/../lib/gcc/avr/4.7.2/../../../../avr/lib/avr51\libm.a(fp_nan.o)
 .bss           0x00000000        0x0 c:/program files (x86)/atmel/atmel toolchain/avr8 gcc/native/3.4.2.1002/avr8-gnu-toolchain/bin/../lib/gcc/avr/4.7.2/../../../../avr/lib/avr51\libm.a(fp_nan.o)
 .text          0x00000000        0x0 c:/program files (x86)/atmel/atmel toolchain/avr8 gcc/native/3.4.2.1002/avr8-gnu-toolchain/bin/../lib/gcc/avr/4.7.2/../../../../avr/lib/avr51\libm.a(fp_powser.o)
 .bss           0x00000000        0x0 c:/program files (x86)/atmel/atmel toolchain/avr8 gcc/native/3.4.2.1002/avr8-gnu-toolchain/bin/../lib/gcc/avr/4.7.2/../../../../avr/lib/avr51\libm.a(fp_powser.o)
 .text          0x00000000        0x0 c:/program files (x86)/atmel/atmel toolchain/avr8 gcc/native/3.4.2.1002/avr8-gnu-toolchain/bin/../lib/gcc/avr/4.7.2/../../../../avr/lib/avr51\libm.a(fp_pscA.o)
 .bss           0x00000000        0x0 c:/program files (x86)/atmel/atmel toolchain/avr8 gcc/native/3.4.2.1002/avr8-gnu-toolchain/bin/../lib/gcc/avr/4.7.2/../../../../avr/lib/avr51\libm.a(fp_pscA.o)
 .text          0x00000000        0x0 c:/program files (x86)/atmel/atmel toolchain/avr8 gcc/native/3.4.2.1002/avr8-gnu-toolchain/bin/../lib/gcc/avr/4.7.2/../../../../avr/lib/avr51\libm.a(fp_pscB.o)
 .bss           0x00000000        0x0 c:/program files (x86)/atmel/atmel toolchain/avr8 gcc/native/3.4.2.1002/avr8-gnu-toolchain/bin/../lib/gcc/avr/4.7.2/../../../../avr/lib/avr51\libm.a(fp_pscB.o)
 .text          0x00000000        0x0 c:/program files (x86)/atmel/atmel toolchain/avr8 gcc/native/3.4.2.1002/avr8-gnu-toolchain/bin/../lib/gcc/avr/4.7.2/../../../../avr/lib/avr51\libm.a(fp_rempio2.o)
 .bss           0x00000000        0x0 c:/program files (x86)/atmel/atmel toolchain/avr8 gcc/native/3.4.2.1002/avr8-gnu-toolchain/bin/../lib/gcc/avr/4.7.2/../../../../avr/lib/avr51\libm.a(fp_rempio2.o)
 .text          0x00000000        0x0 c:/program files (x86)/atmel/atmel toolchain/avr8 gcc/native/3.4.2.1002/avr8-gnu-toolchain/bin/../lib/gcc/avr/4.7.2/../../../../avr/lib/avr51\libm.a(fp_round.o)
 .bss           0x00000000        0x0 c:/program files (x86)/atmel/atmel toolchain/avr8 gcc/native/3.4.2.1002/avr8-gnu-toolchain/bin/../lib/gcc/avr/4.7.2/../../../../avr/lib/avr51\libm.a(fp_round.o)
 .text          0x00000000        0x0 c:/program files (x86)/atmel/atmel toolchain/avr8 gcc/native/3.4.2.1002/avr8-gnu-toolchain/bin/../lib/gcc/avr/4.7.2/../../../../avr/lib/avr51\libm.a(fp_sinus.o)
 .bss           0x00000000        0x0 c:/program files (x86)/atmel/atmel toolchain/avr8 gcc/native/3.4.2.1002/avr8-gnu-toolchain/bin/../lib/gcc/avr/4.7.2/../../../../avr/lib/avr51\libm.a(fp_sinus.o)
 .text          0x00000000        0x0 c:/program files (x86)/atmel/atmel toolchain/avr8 gcc/native/3.4.2.1002/avr8-gnu-toolchain/bin/../lib/gcc/avr/4.7.2/../../../../avr/lib/avr51\libm.a(fp_split3.o)
 .bss           0x00000000        0x0 c:/program files (x86)/atmel/atmel toolchain/avr8 gcc/native/3.4.2.1002/avr8-gnu-toolchain/bin/../lib/gcc/avr/4.7.2/../../../../avr/lib/avr51\libm.a(fp_split3.o)
 .text          0x00000000        0x0 c:/program files (x86)/atmel/atmel toolchain/avr8 gcc/native/3.4.2.1002/avr8-gnu-toolchain/bin/../lib/gcc/avr/4.7.2/../../../../avr/lib/avr51\libm.a(fp_zero.o)
 .bss           0x00000000        0x0 c:/program files (x86)/atmel/atmel toolchain/avr8 gcc/native/3.4.2.1002/avr8-gnu-toolchain/bin/../lib/gcc/avr/4.7.2/../../../../avr/lib/avr51\libm.a(fp_zero.o)
 .text          0x00000000        0x0 c:/program files (x86)/atmel/atmel toolchain/avr8 gcc/native/3.4.2.1002/avr8-gnu-toolchain/bin/../lib/gcc/avr/4.7.2/../../../../avr/lib/avr51\libm.a(gesf2.o)
 .bss           0x00000000        0x0 c:/program files (x86)/atmel/atmel toolchain/avr8 gcc/native/3.4.2.1002/avr8-gnu-toolchain/bin/../lib/gcc/avr/4.7.2/../../../../avr/lib/avr51\libm.a(gesf2.o)
 .text          0x00000000        0x0 c:/program files (x86)/atmel/atmel toolchain/avr8 gcc/native/3.4.2.1002/avr8-gnu-toolchain/bin/../lib/gcc/avr/4.7.2/../../../../avr/lib/avr51\libm.a(inverse.o)
 .bss           0x00000000        0x0 c:/program files (x86)/atmel/atmel toolchain/avr8 gcc/native/3.4.2.1002/avr8-gnu-toolchain/bin/../lib/gcc/avr/4.7.2/../../../../avr/lib/avr51\libm.a(inverse.o)
 .text          0x00000000        0x0 c:/program files (x86)/atmel/atmel toolchain/avr8 gcc/native/3.4.2.1002/avr8-gnu-toolchain/bin/../lib/gcc/avr/4.7.2/../../../../avr/lib/avr51\libm.a(mulsf3.o)
 .bss           0x00000000        0x0 c:/program files (x86)/atmel/atmel toolchain/avr8 gcc/native/3.4.2.1002/avr8-gnu-toolchain/bin/../lib/gcc/avr/4.7.2/../../../../avr/lib/avr51\libm.a(mulsf3.o)
 .text          0x00000000        0x0 c:/program files (x86)/atmel/atmel toolchain/avr8 gcc/native/3.4.2.1002/avr8-gnu-toolchain/bin/../lib/gcc/avr/4.7.2/../../../../avr/lib/avr51\libm.a(mulsf3x.o)
 .bss           0x00000000        0x0 c:/program files (x86)/atmel/atmel toolchain/avr8 gcc/native/3.4.2.1002/avr8-gnu-toolchain/bin/../lib/gcc/avr/4.7.2/../../../../avr/lib/avr51\libm.a(mulsf3x.o)
 .text          0x00000000        0x0 c:/program files (x86)/atmel/atmel toolchain/avr8 gcc/native/3.4.2.1002/avr8-gnu-toolchain/bin/../lib/gcc/avr/4.7.2/../../../../avr/lib/avr51\libm.a(square.o)
 .bss           0x00000000        0x0 c:/program files (x86)/atmel/atmel toolchain/avr8 gcc/native/3.4.2.1002/avr8-gnu-toolchain/bin/../lib/gcc/avr/4.7.2/../../../../avr/lib/avr51\libm.a(square.o)
 .text          0x00000000        0x0 c:/program files (x86)/atmel/atmel toolchain/avr8 gcc/native/3.4.2.1002/avr8-gnu-toolchain/bin/../lib/gcc/avr/4.7.2/../../../../avr/lib/avr51\libm.a(fp_mpack.o)
 .bss           0x00000000        0x0 c:/program files (x86)/atmel/atmel toolchain/avr8 gcc/native/3.4.2.1002/avr8-gnu-toolchain/bin/../lib/gcc/avr/4.7.2/../../../../avr/lib/avr51\libm.a(fp_mpack.o)
 .text          0x00000000        0x0 c:/program files (x86)/atmel/atmel toolchain/avr8 gcc/native/3.4.2.1002/avr8-gnu-toolchain/bin/../lib/gcc/avr/4.7.2/../../../../avr/lib/avr51\libm.a(fp_powsodd.o)
 .bss           0x00000000        0x0 c:/program files (x86)/atmel/atmel toolchain/avr8 gcc/native/3.4.2.1002/avr8-gnu-toolchain/bin/../lib/gcc/avr/4.7.2/../../../../avr/lib/avr51\libm.a(fp_powsodd.o)
 .text          0x00000000        0x0 c:/program files (x86)/atmel/atmel toolchain/avr8 gcc/native/3.4.2.1002/avr8-gnu-toolchain/bin/../lib/gcc/avr/4.7.2/avr51\libgcc.a(_exit.o)
 .bss           0x00000000        0x0 c:/program files (x86)/atmel/atmel toolchain/avr8 gcc/native/3.4.2.1002/avr8-gnu-toolchain/bin/../lib/gcc/avr/4.7.2/avr51\libgcc.a(_exit.o)
 .text.libgcc.mul
                0x00000000        0x0 c:/program files (x86)/atmel/atmel toolchain/avr8 gcc/native/3.4.2.1002/avr8-gnu-toolchain/bin/../lib/gcc/avr/4.7.2/avr51\libgcc.a(_exit.o)
 .text.libgcc.div
                0x00000000        0x0 c:/program files (x86)/atmel/atmel toolchain/avr8 gcc/native/3.4.2.1002/avr8-gnu-toolchain/bin/../lib/gcc/avr/4.7.2/avr51\libgcc.a(_exit.o)
 .text.libgcc   0x00000000        0x0 c:/program files (x86)/atmel/atmel toolchain/avr8 gcc/native/3.4.2.1002/avr8-gnu-toolchain/bin/../lib/gcc/avr/4.7.2/avr51\libgcc.a(_exit.o)
 .text.libgcc.prologue
                0x00000000        0x0 c:/program files (x86)/atmel/atmel toolchain/avr8 gcc/native/3.4.2.1002/avr8-gnu-toolchain/bin/../lib/gcc/avr/4.7.2/avr51\libgcc.a(_exit.o)
 .text.libgcc.builtins
                0x00000000        0x0 c:/program files (x86)/atmel/atmel toolchain/avr8 gcc/native/3.4.2.1002/avr8-gnu-toolchain/bin/../lib/gcc/avr/4.7.2/avr51\libgcc.a(_exit.o)
 .text.libgcc.fmul
                0x00000000        0x0 c:/program files (x86)/atmel/atmel toolchain/avr8 gcc/native/3.4.2.1002/avr8-gnu-toolchain/bin/../lib/gcc/avr/4.7.2/avr51\libgcc.a(_exit.o)
 .text          0x00000000        0x0 c:/program files (x86)/atmel/atmel toolchain/avr8 gcc/native/3.4.2.1002/avr8-gnu-toolchain/bin/../lib/gcc/avr/4.7.2/avr51\libgcc.a(_copy_data.o)
 .bss           0x00000000        0x0 c:/program files (x86)/atmel/atmel toolchain/avr8 gcc/native/3.4.2.1002/avr8-gnu-toolchain/bin/../lib/gcc/avr/4.7.2/avr51\libgcc.a(_copy_data.o)
 .text.libgcc.mul
                0x00000000        0x0 c:/program files (x86)/atmel/atmel toolchain/avr8 gcc/native/3.4.2.1002/avr8-gnu-toolchain/bin/../lib/gcc/avr/4.7.2/avr51\libgcc.a(_copy_data.o)
 .text.libgcc.div
                0x00000000        0x0 c:/program files (x86)/atmel/atmel toolchain/avr8 gcc/native/3.4.2.1002/avr8-gnu-toolchain/bin/../lib/gcc/avr/4.7.2/avr51\libgcc.a(_copy_data.o)
 .text.libgcc   0x00000000        0x0 c:/program files (x86)/atmel/atmel toolchain/avr8 gcc/native/3.4.2.1002/avr8-gnu-toolchain/bin/../lib/gcc/avr/4.7.2/avr51\libgcc.a(_copy_data.o)
 .text.libgcc.prologue
                0x00000000        0x0 c:/program files (x86)/atmel/atmel toolchain/avr8 gcc/native/3.4.2.1002/avr8-gnu-toolchain/bin/../lib/gcc/avr/4.7.2/avr51\libgcc.a(_copy_data.o)
 .text.libgcc.builtins
                0x00000000        0x0 c:/program files (x86)/atmel/atmel toolchain/avr8 gcc/native/3.4.2.1002/avr8-gnu-toolchain/bin/../lib/gcc/avr/4.7.2/avr51\libgcc.a(_copy_data.o)
 .text.libgcc.fmul
                0x00000000        0x0 c:/program files (x86)/atmel/atmel toolchain/avr8 gcc/native/3.4.2.1002/avr8-gnu-toolchain/bin/../lib/gcc/avr/4.7.2/avr51\libgcc.a(_copy_data.o)
 .text          0x00000000        0x0 c:/program files (x86)/atmel/atmel toolchain/avr8 gcc/native/3.4.2.1002/avr8-gnu-toolchain/bin/../lib/gcc/avr/4.7.2/avr51\libgcc.a(_clear_bss.o)
 .bss           0x00000000        0x0 c:/program files (x86)/atmel/atmel toolchain/avr8 gcc/native/3.4.2.1002/avr8-gnu-toolchain/bin/../lib/gcc/avr/4.7.2/avr51\libgcc.a(_clear_bss.o)
 .text.libgcc.mul
                0x00000000        0x0 c:/program files (x86)/atmel/atmel toolchain/avr8 gcc/native/3.4.2.1002/avr8-gnu-toolchain/bin/../lib/gcc/avr/4.7.2/avr51\libgcc.a(_clear_bss.o)
 .text.libgcc.div
                0x00000000        0x0 c:/program files (x86)/atmel/atmel toolchain/avr8 gcc/native/3.4.2.1002/avr8-gnu-toolchain/bin/../lib/gcc/avr/4.7.2/avr51\libgcc.a(_clear_bss.o)
 .text.libgcc   0x00000000        0x0 c:/program files (x86)/atmel/atmel toolchain/avr8 gcc/native/3.4.2.1002/avr8-gnu-toolchain/bin/../lib/gcc/avr/4.7.2/avr51\libgcc.a(_clear_bss.o)
 .text.libgcc.prologue
                0x00000000        0x0 c:/program files (x86)/atmel/atmel toolchain/avr8 gcc/native/3.4.2.1002/avr8-gnu-toolchain/bin/../lib/gcc/avr/4.7.2/avr51\libgcc.a(_clear_bss.o)
 .text.libgcc.builtins
                0x00000000        0x0 c:/program files (x86)/atmel/atmel toolchain/avr8 gcc/native/3.4.2.1002/avr8-gnu-toolchain/bin/../lib/gcc/avr/4.7.2/avr51\libgcc.a(_clear_bss.o)
 .text.libgcc.fmul
                0x00000000        0x0 c:/program files (x86)/atmel/atmel toolchain/avr8 gcc/native/3.4.2.1002/avr8-gnu-toolchain/bin/../lib/gcc/avr/4.7.2/avr51\libgcc.a(_clear_bss.o)

Memory Configuration

Name             Origin             Length             Attributes
text             0x00000000         0x00020000         xr
data             0x00800100         0x0000ff00         rw !x
eeprom           0x00810000         0x00010000         rw !x
fuse             0x00820000         0x00000400         rw !x
lock             0x00830000         0x00000400         rw !x
signature        0x00840000         0x00000400         rw !x
user_signatures  0x00850000         0x00000400         rw !x
*default*        0x00000000         0xffffffff

Linker script and memory map

Address of section .data set to 0x800100
LOAD c:/program files (x86)/atmel/atmel toolchain/avr8 gcc/native/3.4.2.1002/avr8-gnu-toolchain/bin/../lib/gcc/avr/4.7.2/../../../../avr/lib/avr51/crtm1284p.o
LOAD autonomouswalk.o
LOAD counter.o
LOAD fifo.o
LOAD Navigation.o
LOAD Navigationsenheten.o
LOAD twi.o
LOAD usart.o
START GROUP
LOAD c:/program files (x86)/atmel/atmel toolchain/avr8 gcc/native/3.4.2.1002/avr8-gnu-toolchain/bin/../lib/gcc/avr/4.7.2/../../../../avr/lib/avr51\libm.a
END GROUP
LOAD c:/program files (x86)/atmel/atmel toolchain/avr8 gcc/native/3.4.2.1002/avr8-gnu-toolchain/bin/../lib/gcc/avr/4.7.2/avr51\libgcc.a
LOAD c:/program files (x86)/atmel/atmel toolchain/avr8 gcc/native/3.4.2.1002/avr8-gnu-toolchain/bin/../lib/gcc/avr/4.7.2/../../../../avr/lib/avr51\libc.a
LOAD c:/program files (x86)/atmel/atmel toolchain/avr8 gcc/native/3.4.2.1002/avr8-gnu-toolchain/bin/../lib/gcc/avr/4.7.2/avr51\libgcc.a

.hash
 *(.hash)

.dynsym
 *(.dynsym)

.dynstr
 *(.dynstr)

.gnu.version
 *(.gnu.version)

.gnu.version_d
 *(.gnu.version_d)

.gnu.version_r
 *(.gnu.version_r)

.rel.init
 *(.rel.init)

.rela.init
 *(.rela.init)

.rel.text
 *(.rel.text)
 *(.rel.text.*)
 *(.rel.gnu.linkonce.t*)

.rela.text
 *(.rela.text)
 *(.rela.text.*)
 *(.rela.gnu.linkonce.t*)

.rel.fini
 *(.rel.fini)

.rela.fini
 *(.rela.fini)

.rel.rodata
 *(.rel.rodata)
 *(.rel.rodata.*)
 *(.rel.gnu.linkonce.r*)

.rela.rodata
 *(.rela.rodata)
 *(.rela.rodata.*)
 *(.rela.gnu.linkonce.r*)

.rel.data
 *(.rel.data)
 *(.rel.data.*)
 *(.rel.gnu.linkonce.d*)

.rela.data
 *(.rela.data)
 *(.rela.data.*)
 *(.rela.gnu.linkonce.d*)

.rel.ctors
 *(.rel.ctors)

.rela.ctors
 *(.rela.ctors)

.rel.dtors
 *(.rel.dtors)

.rela.dtors
 *(.rela.dtors)

.rel.got
 *(.rel.got)

.rela.got
 *(.rela.got)

.rel.bss
 *(.rel.bss)

.rela.bss
 *(.rela.bss)

.rel.plt
 *(.rel.plt)

.rela.plt
 *(.rela.plt)

.text           0x00000000     0x238e
 *(.vectors)
 .vectors       0x00000000       0x8c c:/program files (x86)/atmel/atmel toolchain/avr8 gcc/native/3.4.2.1002/avr8-gnu-toolchain/bin/../lib/gcc/avr/4.7.2/../../../../avr/lib/avr51/crtm1284p.o
                0x00000000                __vector_default
                0x00000000                __vectors
 *(.vectors)
 *(.progmem.gcc*)
 .progmem.gcc_fplib
                0x0000008c       0x2d c:/program files (x86)/atmel/atmel toolchain/avr8 gcc/native/3.4.2.1002/avr8-gnu-toolchain/bin/../lib/gcc/avr/4.7.2/../../../../avr/lib/avr51\libm.a(atan.o)
 .progmem.gcc_fplib
                0x000000b9       0x1e c:/program files (x86)/atmel/atmel toolchain/avr8 gcc/native/3.4.2.1002/avr8-gnu-toolchain/bin/../lib/gcc/avr/4.7.2/../../../../avr/lib/avr51\libm.a(fp_sinus.o)
 *(.progmem*)
                0x000000d8                . = ALIGN (0x2)
 *fill*         0x000000d7        0x1 
                0x000000d8                __trampolines_start = .
 *(.trampolines)
 .trampolines   0x000000d8        0x0 linker stubs
 *(.trampolines*)
                0x000000d8                __trampolines_end = .
 *(.jumptables)
 *(.jumptables*)
 *(.lowtext)
 *(.lowtext*)
                0x000000d8                __ctors_start = .
 *(.ctors)
                0x000000d8                __ctors_end = .
                0x000000d8                __dtors_start = .
 *(.dtors)
                0x000000d8                __dtors_end = .
 SORT(*)(.ctors)
 SORT(*)(.dtors)
 *(.init0)
 .init0         0x000000d8        0x0 c:/program files (x86)/atmel/atmel toolchain/avr8 gcc/native/3.4.2.1002/avr8-gnu-toolchain/bin/../lib/gcc/avr/4.7.2/../../../../avr/lib/avr51/crtm1284p.o
                0x000000d8                __init
 *(.init0)
 *(.init1)
 *(.init1)
 *(.init2)
 .init2         0x000000d8        0xc c:/program files (x86)/atmel/atmel toolchain/avr8 gcc/native/3.4.2.1002/avr8-gnu-toolchain/bin/../lib/gcc/avr/4.7.2/../../../../avr/lib/avr51/crtm1284p.o
 *(.init2)
 *(.init3)
 *(.init3)
 *(.init4)
 .init4         0x000000e4       0x1a c:/program files (x86)/atmel/atmel toolchain/avr8 gcc/native/3.4.2.1002/avr8-gnu-toolchain/bin/../lib/gcc/avr/4.7.2/avr51\libgcc.a(_copy_data.o)
                0x000000e4                __do_copy_data
 .init4         0x000000fe       0x10 c:/program files (x86)/atmel/atmel toolchain/avr8 gcc/native/3.4.2.1002/avr8-gnu-toolchain/bin/../lib/gcc/avr/4.7.2/avr51\libgcc.a(_clear_bss.o)
                0x000000fe                __do_clear_bss
 *(.init4)
 *(.init5)
 *(.init5)
 *(.init6)
 *(.init6)
 *(.init7)
 *(.init7)
 *(.init8)
 *(.init8)
 *(.init9)
 .init9         0x0000010e        0x6 c:/program files (x86)/atmel/atmel toolchain/avr8 gcc/native/3.4.2.1002/avr8-gnu-toolchain/bin/../lib/gcc/avr/4.7.2/../../../../avr/lib/avr51/crtm1284p.o
 *(.init9)
 *(.text)
 .text          0x00000114        0x2 c:/program files (x86)/atmel/atmel toolchain/avr8 gcc/native/3.4.2.1002/avr8-gnu-toolchain/bin/../lib/gcc/avr/4.7.2/../../../../avr/lib/avr51/crtm1284p.o
                0x00000114                __vector_22
                0x00000114                __vector_28
                0x00000114                __vector_34
                0x00000114                __vector_24
                0x00000114                __vector_12
                0x00000114                __bad_interrupt
                0x00000114                __vector_6
                0x00000114                __vector_31
                0x00000114                __vector_3
                0x00000114                __vector_23
                0x00000114                __vector_30
                0x00000114                __vector_25
                0x00000114                __vector_11
                0x00000114                __vector_17
                0x00000114                __vector_19
                0x00000114                __vector_7
                0x00000114                __vector_27
                0x00000114                __vector_5
                0x00000114                __vector_33
                0x00000114                __vector_9
                0x00000114                __vector_21
                0x00000114                __vector_15
                0x00000114                __vector_29
                0x00000114                __vector_8
                0x00000114                __vector_14
                0x00000114                __vector_10
                0x00000114                __vector_16
                0x00000114                __vector_18
                0x00000116                . = ALIGN (0x2)
 *(.text.*)
 .text.turn_around
                0x00000116       0x46 autonomouswalk.o
                0x00000116                turn_around
 .text.walk_forward
                0x0000015c       0xb0 autonomouswalk.o
                0x0000015c                walk_forward
 .text.turn_right
                0x0000020c       0x60 autonomouswalk.o
                0x0000020c                turn_right
 .text.turn_left
                0x0000026c       0x60 autonomouswalk.o
                0x0000026c                turn_left
 .text.autonomouswalk_walk
                0x000002cc       0xec autonomouswalk.o
                0x000002cc                autonomouswalk_walk
 .text.set_counter_1
                0x000003b8       0x24 counter.o
                0x000003b8                set_counter_1
 .text.set_counter_2
                0x000003dc       0x24 counter.o
                0x000003dc                set_counter_2
 .text.init_counters
                0x00000400       0x46 counter.o
                0x00000400                init_counters
 .text.FifoDataLength
                0x00000446       0x10 fifo.o
                0x00000446                FifoDataLength
 .text.FifoWrite
                0x00000456       0x40 fifo.o
                0x00000456                FifoWrite
 .text.FifoRead
                0x00000496       0x46 fifo.o
                0x00000496                FifoRead
 .text.navigation_set_Kp
                0x000004dc       0x1e Navigation.o
                0x000004dc                navigation_set_Kp
 .text.navigation_left_algorithm
                0x000004fa        0x6 Navigation.o
                0x000004fa                navigation_left_algorithm
 .text.navigation_set_algorithm
                0x00000500        0x6 Navigation.o
                0x00000500                navigation_set_algorithm
 .text.navigation_autonomous_walk
                0x00000506        0x6 Navigation.o
                0x00000506                navigation_autonomous_walk
 .text.navigation_set_autonomous_walk
                0x0000050c        0x6 Navigation.o
                0x0000050c                navigation_set_autonomous_walk
 .text.navigation_stepping_delay
                0x00000512       0x2e Navigation.o
                0x00000512                navigation_stepping_delay
 .text.navigation_fill_buffer
                0x00000540       0x56 Navigation.o
                0x00000540                navigation_fill_buffer
 .text.navigation_get_sensor
                0x00000596       0x7c Navigation.o
                0x00000596                navigation_get_sensor
 .text.navigation_detect_low_pass_obsticle
                0x00000612       0x12 Navigation.o
                0x00000612                navigation_detect_low_pass_obsticle
 .text.navigation_low_pass_obstacle
                0x00000624       0x4c Navigation.o
                0x00000624                navigation_low_pass_obstacle
 .text.navigation_check_right_turn
                0x00000670       0x2a Navigation.o
                0x00000670                navigation_check_right_turn
 .text.navigation_check_left_turn
                0x0000069a       0x2a Navigation.o
                0x0000069a                navigation_check_left_turn
 .text.navigation_direction_regulation
                0x000006c4      0x338 Navigation.o
                0x000006c4                navigation_direction_regulation
 .text.navigation_angle_offset
                0x000009fc      0x1f4 Navigation.o
                0x000009fc                navigation_angle_offset
 .text.__vector_1
                0x00000bf0       0x54 Navigation.o
                0x00000bf0                __vector_1
 .text.__vector_2
                0x00000c44       0x54 Navigation.o
                0x00000c44                __vector_2
 .text.main     0x00000c98       0xa2 Navigationsenheten.o
                0x00000c98                main
 .text.__vector_13
                0x00000d3a       0x1c Navigationsenheten.o
                0x00000d3a                __vector_13
 .text.__vector_32
                0x00000d56       0x7e Navigationsenheten.o
                0x00000d56                __vector_32
 .text.__vector_4
                0x00000dd4       0x7a Navigationsenheten.o
                0x00000dd4                __vector_4
 .text.set_twi_reciever_enable
                0x00000e4e        0x8 twi.o
 .text.clear_int
                0x00000e56        0x8 twi.o
 .text.start_bus
                0x00000e5e        0x8 twi.o
 .text.stop_bus
                0x00000e66        0x8 twi.o
 .text.Error    0x00000e6e        0xe twi.o
 .text.get_data
                0x00000e7c        0x6 twi.o
 .text.wait_for_bus
                0x00000e82        0xc twi.o
 .text.send_data_and_wait
                0x00000e8e        0xc twi.o
 .text.stop_twi
                0x00000e9a       0x2a twi.o
 .text.reset_TWI
                0x00000ec4        0xc twi.o
 .text.get_control_settings_from_bus
                0x00000ed0       0x22 twi.o
 .text.get_autonom_settings_from_bus
                0x00000ef2        0x8 twi.o
 .text.get_char_from_bus
                0x00000efa       0x34 twi.o
 .text.get_sensor_from_bus
                0x00000f2e       0x58 twi.o
 .text.TWI_init
                0x00000f86       0x46 twi.o
                0x00000f86                TWI_init
 .text.TWI_send_autonom_settings
                0x00000fcc       0x62 twi.o
                0x00000fcc                TWI_send_autonom_settings
 .text.TWI_send_command
                0x0000102e       0x90 twi.o
                0x0000102e                TWI_send_command
 .text.TWI_send_string
                0x000010be       0x8c twi.o
                0x000010be                TWI_send_string
 .text.TWI_send_string_fixed_length
                0x0000114a       0x7c twi.o
                0x0000114a                TWI_send_string_fixed_length
 .text.TWI_send_float
                0x000011c6       0x90 twi.o
                0x000011c6                TWI_send_float
 .text.TWI_get_command
                0x00001256        0xa twi.o
                0x00001256                TWI_get_command
 .text.TWI_get_sensor
                0x00001260        0xa twi.o
                0x00001260                TWI_get_sensor
 .text.TWI_get_control_setting
                0x0000126a        0xa twi.o
                0x0000126a                TWI_get_control_setting
 .text.TWI_get_autonom_settings
                0x00001274        0x6 twi.o
                0x00001274                TWI_get_autonom_settings
 .text.TWI_get_elevation
                0x0000127a        0x6 twi.o
                0x0000127a                TWI_get_elevation
 .text.TWI_command_flag
                0x00001280       0x14 twi.o
                0x00001280                TWI_command_flag
 .text.TWI_control_settings_flag
                0x00001294       0x14 twi.o
                0x00001294                TWI_control_settings_flag
 .text.TWI_autonom_settings_flag
                0x000012a8       0x14 twi.o
                0x000012a8                TWI_autonom_settings_flag
 .text.TWI_elevation_flag
                0x000012bc       0x14 twi.o
                0x000012bc                TWI_elevation_flag
 .text.write_to_TwiFIFO
                0x000012d0       0x70 twi.o
                0x000012d0                write_to_TwiFIFO
 .text.__vector_26
                0x00001340      0x316 twi.o
                0x00001340                __vector_26
 .text.USART_init
                0x00001656       0x18 usart.o
                0x00001656                USART_init
 .text.USART_set_twi_message_destination
                0x0000166e        0xa usart.o
                0x0000166e                USART_set_twi_message_destination
 .text.USART_CheckTxReady
                0x00001678        0x8 usart.o
                0x00001678                USART_CheckTxReady
 .text.USART_WriteByte
                0x00001680       0x12 usart.o
                0x00001680                USART_WriteByte
 .text.USART_crc16
                0x00001692       0xb2 usart.o
                0x00001692                USART_crc16
 .text.USART_SendPacket
                0x00001744       0xc0 usart.o
                0x00001744                USART_SendPacket
 .text.USART_SendCommand
                0x00001804       0x24 usart.o
                0x00001804                USART_SendCommand
 .text.USART_SendElevation
                0x00001828        0xc usart.o
                0x00001828                USART_SendElevation
 .text.USART_SendTurn
                0x00001834       0x12 usart.o
                0x00001834                USART_SendTurn
 .text.USART_DecodeMessageRxFIFO
                0x00001846       0xee usart.o
                0x00001846                USART_DecodeMessageRxFIFO
 .text.USART_DecodeGyroFIFO
                0x00001934      0x146 usart.o
                0x00001934                USART_DecodeGyroFIFO
 .text.USART_DecodeCommandRxFIFO
                0x00001a7a       0xb4 usart.o
                0x00001a7a                USART_DecodeCommandRxFIFO
 .text.USART_DecodeValueFIFO
                0x00001b2e       0x9c usart.o
                0x00001b2e                USART_DecodeValueFIFO
 .text.USART_DecodeReadyFIFO
                0x00001bca       0x36 usart.o
                0x00001bca                USART_DecodeReadyFIFO
 .text.USART_DecodeTurnDoneRxFIFO
                0x00001c00       0x36 usart.o
                0x00001c00                USART_DecodeTurnDoneRxFIFO
 .text.USART_ready
                0x00001c36       0x14 usart.o
                0x00001c36                USART_ready
 .text.USART_turn_done
                0x00001c4a       0x14 usart.o
                0x00001c4a                USART_turn_done
 .text.USART_DecodeRxFIFO
                0x00001c5e       0x68 usart.o
                0x00001c5e                USART_DecodeRxFIFO
 .text.__vector_20
                0x00001cc6      0x118 usart.o
                0x00001cc6                __vector_20
 .text.USART_send_command_parameters
                0x00001dde       0x12 usart.o
                0x00001dde                USART_send_command_parameters
 .text.avr-libc.fplib
                0x00001df0        0xa c:/program files (x86)/atmel/atmel toolchain/avr8 gcc/native/3.4.2.1002/avr8-gnu-toolchain/bin/../lib/gcc/avr/4.7.2/../../../../avr/lib/avr51\libm.a(addsf3.o)
                0x00001df0                __subsf3
                0x00001df2                __addsf3
 .text.avr-libc.fplib
                0x00001dfa       0xc0 c:/program files (x86)/atmel/atmel toolchain/avr8 gcc/native/3.4.2.1002/avr8-gnu-toolchain/bin/../lib/gcc/avr/4.7.2/../../../../avr/lib/avr51\libm.a(addsf3x.o)
                0x00001e14                __addsf3x
 .text.avr-libc.fplib
                0x00001eba       0x50 c:/program files (x86)/atmel/atmel toolchain/avr8 gcc/native/3.4.2.1002/avr8-gnu-toolchain/bin/../lib/gcc/avr/4.7.2/../../../../avr/lib/avr51\libm.a(atan.o)
                0x00001eba                atan
 .text.avr-libc.fplib
                0x00001f0a        0x8 c:/program files (x86)/atmel/atmel toolchain/avr8 gcc/native/3.4.2.1002/avr8-gnu-toolchain/bin/../lib/gcc/avr/4.7.2/../../../../avr/lib/avr51\libm.a(cmpsf2.o)
                0x00001f0a                __nesf2
                0x00001f0a                __eqsf2
                0x00001f0a                __cmpsf2
                0x00001f0a                __ltsf2
                0x00001f0a                __lesf2
 .text.avr-libc.fplib
                0x00001f12        0x6 c:/program files (x86)/atmel/atmel toolchain/avr8 gcc/native/3.4.2.1002/avr8-gnu-toolchain/bin/../lib/gcc/avr/4.7.2/../../../../avr/lib/avr51\libm.a(cos.o)
                0x00001f12                cos
 .text.avr-libc.fplib
                0x00001f18        0x4 c:/program files (x86)/atmel/atmel toolchain/avr8 gcc/native/3.4.2.1002/avr8-gnu-toolchain/bin/../lib/gcc/avr/4.7.2/../../../../avr/lib/avr51\libm.a(divsf3.o)
                0x00001f18                __divsf3
 .text.avr-libc.fplib
                0x00001f1c       0xcc c:/program files (x86)/atmel/atmel toolchain/avr8 gcc/native/3.4.2.1002/avr8-gnu-toolchain/bin/../lib/gcc/avr/4.7.2/../../../../avr/lib/avr51\libm.a(divsf3x.o)
                0x00001f32                __divsf3x
                0x00001f36                __divsf3_pse
 .text.avr-libc.fplib
                0x00001fe8        0xa c:/program files (x86)/atmel/atmel toolchain/avr8 gcc/native/3.4.2.1002/avr8-gnu-toolchain/bin/../lib/gcc/avr/4.7.2/../../../../avr/lib/avr51\libm.a(fixsfsi.o)
                0x00001fe8                __fixsfsi
 .text.avr-libc.fplib
                0x00001ff2       0x58 c:/program files (x86)/atmel/atmel toolchain/avr8 gcc/native/3.4.2.1002/avr8-gnu-toolchain/bin/../lib/gcc/avr/4.7.2/../../../../avr/lib/avr51\libm.a(fixunssfsi.o)
                0x00001ff2                __fixunssfsi
 .text.avr-libc.fplib
                0x0000204a       0x7a c:/program files (x86)/atmel/atmel toolchain/avr8 gcc/native/3.4.2.1002/avr8-gnu-toolchain/bin/../lib/gcc/avr/4.7.2/../../../../avr/lib/avr51\libm.a(floatsisf.o)
                0x0000204a                __floatunsisf
                0x0000204e                __floatsisf
 .text.avr-libc.fplib
                0x000020c4       0x48 c:/program files (x86)/atmel/atmel toolchain/avr8 gcc/native/3.4.2.1002/avr8-gnu-toolchain/bin/../lib/gcc/avr/4.7.2/../../../../avr/lib/avr51\libm.a(fp_cmp.o)
                0x000020c4                __fp_cmp
 .text.avr-libc.fplib
                0x0000210c        0xc c:/program files (x86)/atmel/atmel toolchain/avr8 gcc/native/3.4.2.1002/avr8-gnu-toolchain/bin/../lib/gcc/avr/4.7.2/../../../../avr/lib/avr51\libm.a(fp_inf.o)
                0x0000210c                __fp_inf
 .text.avr-libc.fplib
                0x00002118        0x6 c:/program files (x86)/atmel/atmel toolchain/avr8 gcc/native/3.4.2.1002/avr8-gnu-toolchain/bin/../lib/gcc/avr/4.7.2/../../../../avr/lib/avr51\libm.a(fp_nan.o)
                0x00002118                __fp_nan
 .text.avr-libc.fplib
                0x0000211e       0x4a c:/program files (x86)/atmel/atmel toolchain/avr8 gcc/native/3.4.2.1002/avr8-gnu-toolchain/bin/../lib/gcc/avr/4.7.2/../../../../avr/lib/avr51\libm.a(fp_powser.o)
                0x0000211e                __fp_powser
 .text.avr-libc.fplib
                0x00002168        0xe c:/program files (x86)/atmel/atmel toolchain/avr8 gcc/native/3.4.2.1002/avr8-gnu-toolchain/bin/../lib/gcc/avr/4.7.2/../../../../avr/lib/avr51\libm.a(fp_pscA.o)
                0x00002168                __fp_pscA
 .text.avr-libc.fplib
                0x00002176        0xe c:/program files (x86)/atmel/atmel toolchain/avr8 gcc/native/3.4.2.1002/avr8-gnu-toolchain/bin/../lib/gcc/avr/4.7.2/../../../../avr/lib/avr51\libm.a(fp_pscB.o)
                0x00002176                __fp_pscB
 .text.avr-libc.fplib
                0x00002184       0x50 c:/program files (x86)/atmel/atmel toolchain/avr8 gcc/native/3.4.2.1002/avr8-gnu-toolchain/bin/../lib/gcc/avr/4.7.2/../../../../avr/lib/avr51\libm.a(fp_rempio2.o)
                0x00002186                __fp_rempio2
 .text.avr-libc.fplib
                0x000021d4       0x22 c:/program files (x86)/atmel/atmel toolchain/avr8 gcc/native/3.4.2.1002/avr8-gnu-toolchain/bin/../lib/gcc/avr/4.7.2/../../../../avr/lib/avr51\libm.a(fp_round.o)
                0x000021d4                __fp_round
 .text.avr-libc.fplib
                0x000021f6       0x22 c:/program files (x86)/atmel/atmel toolchain/avr8 gcc/native/3.4.2.1002/avr8-gnu-toolchain/bin/../lib/gcc/avr/4.7.2/../../../../avr/lib/avr51\libm.a(fp_sinus.o)
                0x000021f6                __fp_sinus
 .text.avr-libc.fplib
                0x00002218       0x44 c:/program files (x86)/atmel/atmel toolchain/avr8 gcc/native/3.4.2.1002/avr8-gnu-toolchain/bin/../lib/gcc/avr/4.7.2/../../../../avr/lib/avr51\libm.a(fp_split3.o)
                0x00002218                __fp_split3
                0x00002228                __fp_splitA
 .text.avr-libc.fplib
                0x0000225c        0xe c:/program files (x86)/atmel/atmel toolchain/avr8 gcc/native/3.4.2.1002/avr8-gnu-toolchain/bin/../lib/gcc/avr/4.7.2/../../../../avr/lib/avr51\libm.a(fp_zero.o)
                0x0000225c                __fp_zero
                0x0000225e                __fp_szero
 .text.avr-libc.fplib
                0x0000226a        0x8 c:/program files (x86)/atmel/atmel toolchain/avr8 gcc/native/3.4.2.1002/avr8-gnu-toolchain/bin/../lib/gcc/avr/4.7.2/../../../../avr/lib/avr51\libm.a(gesf2.o)
                0x0000226a                __gesf2
                0x0000226a                __gtsf2
 .text.avr-libc.fplib
                0x00002272        0xe c:/program files (x86)/atmel/atmel toolchain/avr8 gcc/native/3.4.2.1002/avr8-gnu-toolchain/bin/../lib/gcc/avr/4.7.2/../../../../avr/lib/avr51\libm.a(inverse.o)
                0x00002272                inverse
 .text.avr-libc.fplib
                0x00002280        0x4 c:/program files (x86)/atmel/atmel toolchain/avr8 gcc/native/3.4.2.1002/avr8-gnu-toolchain/bin/../lib/gcc/avr/4.7.2/../../../../avr/lib/avr51\libm.a(mulsf3.o)
                0x00002280                __mulsf3
 .text.avr-libc.fplib
                0x00002284       0xc2 c:/program files (x86)/atmel/atmel toolchain/avr8 gcc/native/3.4.2.1002/avr8-gnu-toolchain/bin/../lib/gcc/avr/4.7.2/../../../../avr/lib/avr51\libm.a(mulsf3x.o)
                0x00002298                __mulsf3x
                0x0000229c                __mulsf3_pse
 .text.avr-libc.fplib
                0x00002346        0x6 c:/program files (x86)/atmel/atmel toolchain/avr8 gcc/native/3.4.2.1002/avr8-gnu-toolchain/bin/../lib/gcc/avr/4.7.2/../../../../avr/lib/avr51\libm.a(square.o)
                0x00002346                square
 .text.avr-libc.fplib
                0x0000234c       0x1c c:/program files (x86)/atmel/atmel toolchain/avr8 gcc/native/3.4.2.1002/avr8-gnu-toolchain/bin/../lib/gcc/avr/4.7.2/../../../../avr/lib/avr51\libm.a(fp_mpack.o)
                0x0000234c                __fp_mpack
                0x00002350                __fp_mpack_finite
 .text.avr-libc.fplib
                0x00002368       0x22 c:/program files (x86)/atmel/atmel toolchain/avr8 gcc/native/3.4.2.1002/avr8-gnu-toolchain/bin/../lib/gcc/avr/4.7.2/../../../../avr/lib/avr51\libm.a(fp_powsodd.o)
                0x00002368                __fp_powsodd
                0x0000238a                . = ALIGN (0x2)
 *(.fini9)
 .fini9         0x0000238a        0x0 c:/program files (x86)/atmel/atmel toolchain/avr8 gcc/native/3.4.2.1002/avr8-gnu-toolchain/bin/../lib/gcc/avr/4.7.2/avr51\libgcc.a(_exit.o)
                0x0000238a                _exit
                0x0000238a                exit
 *(.fini9)
 *(.fini8)
 *(.fini8)
 *(.fini7)
 *(.fini7)
 *(.fini6)
 *(.fini6)
 *(.fini5)
 *(.fini5)
 *(.fini4)
 *(.fini4)
 *(.fini3)
 *(.fini3)
 *(.fini2)
 *(.fini2)
 *(.fini1)
 *(.fini1)
 *(.fini0)
 .fini0         0x0000238a        0x4 c:/program files (x86)/atmel/atmel toolchain/avr8 gcc/native/3.4.2.1002/avr8-gnu-toolchain/bin/../lib/gcc/avr/4.7.2/avr51\libgcc.a(_exit.o)
 *(.fini0)
                0x0000238e                _etext = .

.data           0x00800100     0x1296 load address 0x0000238e
                0x00800100                PROVIDE (__data_start, .)
 *(.data)
 .data          0x00800100        0x0 c:/program files (x86)/atmel/atmel toolchain/avr8 gcc/native/3.4.2.1002/avr8-gnu-toolchain/bin/../lib/gcc/avr/4.7.2/../../../../avr/lib/avr51/crtm1284p.o
 .data          0x00800100        0x0 autonomouswalk.o
 .data          0x00800100        0x0 counter.o
 .data          0x00800100        0x0 fifo.o
 .data          0x00800100        0x0 Navigation.o
 .data          0x00800100        0x0 Navigationsenheten.o
 .data          0x00800100        0x0 twi.o
 .data          0x00800100        0x0 usart.o
 .data          0x00800100        0x0 c:/program files (x86)/atmel/atmel toolchain/avr8 gcc/native/3.4.2.1002/avr8-gnu-toolchain/bin/../lib/gcc/avr/4.7.2/../../../../avr/lib/avr51\libm.a(addsf3.o)
 .data          0x00800100        0x0 c:/program files (x86)/atmel/atmel toolchain/avr8 gcc/native/3.4.2.1002/avr8-gnu-toolchain/bin/../lib/gcc/avr/4.7.2/../../../../avr/lib/avr51\libm.a(addsf3x.o)
 .data          0x00800100        0x0 c:/program files (x86)/atmel/atmel toolchain/avr8 gcc/native/3.4.2.1002/avr8-gnu-toolchain/bin/../lib/gcc/avr/4.7.2/../../../../avr/lib/avr51\libm.a(atan.o)
 .data          0x00800100        0x0 c:/program files (x86)/atmel/atmel toolchain/avr8 gcc/native/3.4.2.1002/avr8-gnu-toolchain/bin/../lib/gcc/avr/4.7.2/../../../../avr/lib/avr51\libm.a(cmpsf2.o)
 .data          0x00800100        0x0 c:/program files (x86)/atmel/atmel toolchain/avr8 gcc/native/3.4.2.1002/avr8-gnu-toolchain/bin/../lib/gcc/avr/4.7.2/../../../../avr/lib/avr51\libm.a(cos.o)
 .data          0x00800100        0x0 c:/program files (x86)/atmel/atmel toolchain/avr8 gcc/native/3.4.2.1002/avr8-gnu-toolchain/bin/../lib/gcc/avr/4.7.2/../../../../avr/lib/avr51\libm.a(divsf3.o)
 .data          0x00800100        0x0 c:/program files (x86)/atmel/atmel toolchain/avr8 gcc/native/3.4.2.1002/avr8-gnu-toolchain/bin/../lib/gcc/avr/4.7.2/../../../../avr/lib/avr51\libm.a(divsf3x.o)
 .data          0x00800100        0x0 c:/program files (x86)/atmel/atmel toolchain/avr8 gcc/native/3.4.2.1002/avr8-gnu-toolchain/bin/../lib/gcc/avr/4.7.2/../../../../avr/lib/avr51\libm.a(fixsfsi.o)
 .data          0x00800100        0x0 c:/program files (x86)/atmel/atmel toolchain/avr8 gcc/native/3.4.2.1002/avr8-gnu-toolchain/bin/../lib/gcc/avr/4.7.2/../../../../avr/lib/avr51\libm.a(fixunssfsi.o)
 .data          0x00800100        0x0 c:/program files (x86)/atmel/atmel toolchain/avr8 gcc/native/3.4.2.1002/avr8-gnu-toolchain/bin/../lib/gcc/avr/4.7.2/../../../../avr/lib/avr51\libm.a(floatsisf.o)
 .data          0x00800100        0x0 c:/program files (x86)/atmel/atmel toolchain/avr8 gcc/native/3.4.2.1002/avr8-gnu-toolchain/bin/../lib/gcc/avr/4.7.2/../../../../avr/lib/avr51\libm.a(fp_cmp.o)
 .data          0x00800100        0x0 c:/program files (x86)/atmel/atmel toolchain/avr8 gcc/native/3.4.2.1002/avr8-gnu-toolchain/bin/../lib/gcc/avr/4.7.2/../../../../avr/lib/avr51\libm.a(fp_inf.o)
 .data          0x00800100        0x0 c:/program files (x86)/atmel/atmel toolchain/avr8 gcc/native/3.4.2.1002/avr8-gnu-toolchain/bin/../lib/gcc/avr/4.7.2/../../../../avr/lib/avr51\libm.a(fp_nan.o)
 .data          0x00800100        0x0 c:/program files (x86)/atmel/atmel toolchain/avr8 gcc/native/3.4.2.1002/avr8-gnu-toolchain/bin/../lib/gcc/avr/4.7.2/../../../../avr/lib/avr51\libm.a(fp_powser.o)
 .data          0x00800100        0x0 c:/program files (x86)/atmel/atmel toolchain/avr8 gcc/native/3.4.2.1002/avr8-gnu-toolchain/bin/../lib/gcc/avr/4.7.2/../../../../avr/lib/avr51\libm.a(fp_pscA.o)
 .data          0x00800100        0x0 c:/program files (x86)/atmel/atmel toolchain/avr8 gcc/native/3.4.2.1002/avr8-gnu-toolchain/bin/../lib/gcc/avr/4.7.2/../../../../avr/lib/avr51\libm.a(fp_pscB.o)
 .data          0x00800100        0x0 c:/program files (x86)/atmel/atmel toolchain/avr8 gcc/native/3.4.2.1002/avr8-gnu-toolchain/bin/../lib/gcc/avr/4.7.2/../../../../avr/lib/avr51\libm.a(fp_rempio2.o)
 .data          0x00800100        0x0 c:/program files (x86)/atmel/atmel toolchain/avr8 gcc/native/3.4.2.1002/avr8-gnu-toolchain/bin/../lib/gcc/avr/4.7.2/../../../../avr/lib/avr51\libm.a(fp_round.o)
 .data          0x00800100        0x0 c:/program files (x86)/atmel/atmel toolchain/avr8 gcc/native/3.4.2.1002/avr8-gnu-toolchain/bin/../lib/gcc/avr/4.7.2/../../../../avr/lib/avr51\libm.a(fp_sinus.o)
 .data          0x00800100        0x0 c:/program files (x86)/atmel/atmel toolchain/avr8 gcc/native/3.4.2.1002/avr8-gnu-toolchain/bin/../lib/gcc/avr/4.7.2/../../../../avr/lib/avr51\libm.a(fp_split3.o)
 .data          0x00800100        0x0 c:/program files (x86)/atmel/atmel toolchain/avr8 gcc/native/3.4.2.1002/avr8-gnu-toolchain/bin/../lib/gcc/avr/4.7.2/../../../../avr/lib/avr51\libm.a(fp_zero.o)
 .data          0x00800100        0x0 c:/program files (x86)/atmel/atmel toolchain/avr8 gcc/native/3.4.2.1002/avr8-gnu-toolchain/bin/../lib/gcc/avr/4.7.2/../../../../avr/lib/avr51\libm.a(gesf2.o)
 .data          0x00800100        0x0 c:/program files (x86)/atmel/atmel toolchain/avr8 gcc/native/3.4.2.1002/avr8-gnu-toolchain/bin/../lib/gcc/avr/4.7.2/../../../../avr/lib/avr51\libm.a(inverse.o)
 .data          0x00800100        0x0 c:/program files (x86)/atmel/atmel toolchain/avr8 gcc/native/3.4.2.1002/avr8-gnu-toolchain/bin/../lib/gcc/avr/4.7.2/../../../../avr/lib/avr51\libm.a(mulsf3.o)
 .data          0x00800100        0x0 c:/program files (x86)/atmel/atmel toolchain/avr8 gcc/native/3.4.2.1002/avr8-gnu-toolchain/bin/../lib/gcc/avr/4.7.2/../../../../avr/lib/avr51\libm.a(mulsf3x.o)
 .data          0x00800100        0x0 c:/program files (x86)/atmel/atmel toolchain/avr8 gcc/native/3.4.2.1002/avr8-gnu-toolchain/bin/../lib/gcc/avr/4.7.2/../../../../avr/lib/avr51\libm.a(square.o)
 .data          0x00800100        0x0 c:/program files (x86)/atmel/atmel toolchain/avr8 gcc/native/3.4.2.1002/avr8-gnu-toolchain/bin/../lib/gcc/avr/4.7.2/../../../../avr/lib/avr51\libm.a(fp_mpack.o)
 .data          0x00800100        0x0 c:/program files (x86)/atmel/atmel toolchain/avr8 gcc/native/3.4.2.1002/avr8-gnu-toolchain/bin/../lib/gcc/avr/4.7.2/../../../../avr/lib/avr51\libm.a(fp_powsodd.o)
 .data          0x00800100        0x0 c:/program files (x86)/atmel/atmel toolchain/avr8 gcc/native/3.4.2.1002/avr8-gnu-toolchain/bin/../lib/gcc/avr/4.7.2/avr51\libgcc.a(_exit.o)
 .data          0x00800100        0x0 c:/program files (x86)/atmel/atmel toolchain/avr8 gcc/native/3.4.2.1002/avr8-gnu-toolchain/bin/../lib/gcc/avr/4.7.2/avr51\libgcc.a(_copy_data.o)
 .data          0x00800100        0x0 c:/program files (x86)/atmel/atmel toolchain/avr8 gcc/native/3.4.2.1002/avr8-gnu-toolchain/bin/../lib/gcc/avr/4.7.2/avr51\libgcc.a(_clear_bss.o)
 *(.data*)
 .data.gStatus  0x00800100        0x1 autonomouswalk.o
                0x00800100                gStatus
 .data.gSpeed   0x00800101        0x1 autonomouswalk.o
                0x00800101                gSpeed
 .data.gAutonomousWalk
                0x00800102        0x1 Navigation.o
                0x00800102                gAutonomousWalk
 .data.gKp      0x00800103        0x4 Navigation.o
                0x00800103                gKp
 .data.gAlgorithm
                0x00800107        0x1 Navigation.o
                0x00800107                gAlgorithm
 .data.autonom_flag
                0x00800108        0x1 Navigationsenheten.o
                0x00800108                autonom_flag
 .data.gTwiFIFO
                0x00800109        0x2 twi.o
                0x00800109                gTwiFIFO
 .data._raw_gTwiFIFO
                0x0080010b        0x7 twi.o
                0x0080010b                _raw_gTwiFIFO
 .data.gRxFIFO  0x00800112        0x2 usart.o
                0x00800112                gRxFIFO
 .data._raw_gRxFIFO
                0x00800114     0x1006 usart.o
                0x00800114                _raw_gRxFIFO
 .data.gMessageDesitnation
                0x0080111a        0x2 usart.o
                0x0080111a                gMessageDesitnation
 *(.rodata)
 *(.rodata*)
 .rodata.str1.1
                0x0080111c       0xce autonomouswalk.o
 .rodata.str1.1
                0x008011ea       0x1c Navigation.o
 .rodata.str1.1
                0x00801206      0x190 usart.o
 *(.gnu.linkonce.d*)
                0x00801396                . = ALIGN (0x2)
                0x00801396                _edata = .
                0x00801396                PROVIDE (__data_end, .)

.bss            0x00801396      0x683
                0x00801396                PROVIDE (__bss_start, .)
 *(.bss)
 *(.bss*)
 .bss.decisionCounter
                0x00801396        0x1 autonomouswalk.o
                0x00801396                decisionCounter
 .bss.lowPassObstacleFlag
                0x00801397        0x1 Navigation.o
                0x00801397                lowPassObstacleFlag
 .bss.currentBufferLine
                0x00801398        0x1 Navigation.o
                0x00801398                currentBufferLine
 .bss.sweepFlag_
                0x00801399        0x1 twi.o
                0x00801399                sweepFlag_
 .bss.elevationFlag_
                0x0080139a        0x1 twi.o
                0x0080139a                elevationFlag_
 .bss.autonomSettingsFlag_
                0x0080139b        0x1 twi.o
                0x0080139b                autonomSettingsFlag_
 .bss.controlSettingsFlag_
                0x0080139c        0x1 twi.o
                0x0080139c                controlSettingsFlag_
 .bss.commandFlag_
                0x0080139d        0x1 twi.o
                0x0080139d                commandFlag_
 .bss.sensorFlag_
                0x0080139e        0x1 twi.o
                0x0080139e                sensorFlag_
 .bss.gGyroY    0x0080139f        0x4 usart.o
                0x0080139f                gGyroY
 .bss.gGyroR    0x008013a3        0x4 usart.o
                0x008013a3                gGyroR
 .bss.gGyroP    0x008013a7        0x4 usart.o
                0x008013a7                gGyroP
 .bss.gGyroFlag
                0x008013ab        0x1 usart.o
                0x008013ab                gGyroFlag
 .bss.gTurnDone
                0x008013ac        0x1 usart.o
                0x008013ac                gTurnDone
 .bss.gGangReady
                0x008013ad        0x1 usart.o
                0x008013ad                gGangReady
 .bss.gInvertNextFlag
                0x008013ae        0x2 usart.o
                0x008013ae                gInvertNextFlag
 .bss.gRxBufferIndex
                0x008013b0        0x2 usart.o
                0x008013b0                gRxBufferIndex
 *(COMMON)
 COMMON         0x008013b2       0x30 Navigation.o
                0x008013b2                medianBuffer
                0x008013ba                sensorMedianBuffer
 COMMON         0x008013e2      0x12e twi.o
                0x008013e2                floatMessage
                0x008013e6                command
                0x008013e9                autonomSettings
                0x008013ea                message
                0x008014e9                messageCounter
                0x008014eb                controlSettings
                0x008014ee                currentSetting
                0x008014f0                myAdress
                0x008014f1                floatCounter
                0x008014f3                instruction
                0x008014f4                currentCommand
                0x008014f6                elevation
                0x008014f8                servo
                0x008014f9                messageLength
                0x008014fb                sweep
                0x008014fc                currentInstruction
                0x008014fe                sensor
                0x00801500                sensorBuffer
                0x00801508                sensors
 COMMON         0x00801510      0x509 usart.o
                0x00801510                gRxBuffer
                0x00801715                gTxPayload
                0x00801814                gTxBuffer
                0x00801a19                PROVIDE (__bss_end, .)
                0x0000238e                __data_load_start = LOADADDR (.data)
                0x00003624                __data_load_end = (__data_load_start + SIZEOF (.data))

.noinit         0x00801a19        0x0
                0x00801a19                PROVIDE (__noinit_start, .)
 *(.noinit*)
                0x00801a19                PROVIDE (__noinit_end, .)
                0x00801a19                _end = .
                0x00801a19                PROVIDE (__heap_start, .)

.eeprom         0x00810000        0x0
 *(.eeprom*)
                0x00810000                __eeprom_end = .

.fuse
 *(.fuse)
 *(.lfuse)
 *(.hfuse)
 *(.efuse)

.lock
 *(.lock*)

.signature
 *(.signature*)

.user_signatures
 *(.user_signatures*)

.stab           0x00000000     0x2e68
 *(.stab)
 .stab          0x00000000      0x6cc c:/program files (x86)/atmel/atmel toolchain/avr8 gcc/native/3.4.2.1002/avr8-gnu-toolchain/bin/../lib/gcc/avr/4.7.2/../../../../avr/lib/avr51/crtm1284p.o
 .stab          0x000006cc       0x78 c:/program files (x86)/atmel/atmel toolchain/avr8 gcc/native/3.4.2.1002/avr8-gnu-toolchain/bin/../lib/gcc/avr/4.7.2/../../../../avr/lib/avr51\libm.a(addsf3.o)
                                 0x84 (size before relaxing)
 .stab          0x00000744      0x4bc c:/program files (x86)/atmel/atmel toolchain/avr8 gcc/native/3.4.2.1002/avr8-gnu-toolchain/bin/../lib/gcc/avr/4.7.2/../../../../avr/lib/avr51\libm.a(addsf3x.o)
                                0x4c8 (size before relaxing)
 .stab          0x00000c00      0x210 c:/program files (x86)/atmel/atmel toolchain/avr8 gcc/native/3.4.2.1002/avr8-gnu-toolchain/bin/../lib/gcc/avr/4.7.2/../../../../avr/lib/avr51\libm.a(atan.o)
                                0x21c (size before relaxing)
 .stab          0x00000e10       0x90 c:/program files (x86)/atmel/atmel toolchain/avr8 gcc/native/3.4.2.1002/avr8-gnu-toolchain/bin/../lib/gcc/avr/4.7.2/../../../../avr/lib/avr51\libm.a(cmpsf2.o)
                                 0x9c (size before relaxing)
 .stab          0x00000ea0       0x54 c:/program files (x86)/atmel/atmel toolchain/avr8 gcc/native/3.4.2.1002/avr8-gnu-toolchain/bin/../lib/gcc/avr/4.7.2/../../../../avr/lib/avr51\libm.a(cos.o)
                                 0x60 (size before relaxing)
 .stab          0x00000ef4       0x48 c:/program files (x86)/atmel/atmel toolchain/avr8 gcc/native/3.4.2.1002/avr8-gnu-toolchain/bin/../lib/gcc/avr/4.7.2/../../../../avr/lib/avr51\libm.a(divsf3.o)
                                 0x54 (size before relaxing)
 .stab          0x00000f3c      0x510 c:/program files (x86)/atmel/atmel toolchain/avr8 gcc/native/3.4.2.1002/avr8-gnu-toolchain/bin/../lib/gcc/avr/4.7.2/../../../../avr/lib/avr51\libm.a(divsf3x.o)
                                0x51c (size before relaxing)
 .stab          0x0000144c       0x6c c:/program files (x86)/atmel/atmel toolchain/avr8 gcc/native/3.4.2.1002/avr8-gnu-toolchain/bin/../lib/gcc/avr/4.7.2/../../../../avr/lib/avr51\libm.a(fixsfsi.o)
                                 0x78 (size before relaxing)
 .stab          0x000014b8      0x240 c:/program files (x86)/atmel/atmel toolchain/avr8 gcc/native/3.4.2.1002/avr8-gnu-toolchain/bin/../lib/gcc/avr/4.7.2/../../../../avr/lib/avr51\libm.a(fixunssfsi.o)
                                0x24c (size before relaxing)
 .stab          0x000016f8      0x318 c:/program files (x86)/atmel/atmel toolchain/avr8 gcc/native/3.4.2.1002/avr8-gnu-toolchain/bin/../lib/gcc/avr/4.7.2/../../../../avr/lib/avr51\libm.a(floatsisf.o)
                                0x324 (size before relaxing)
 .stab          0x00001a10      0x1e0 c:/program files (x86)/atmel/atmel toolchain/avr8 gcc/native/3.4.2.1002/avr8-gnu-toolchain/bin/../lib/gcc/avr/4.7.2/../../../../avr/lib/avr51\libm.a(fp_cmp.o)
                                0x1ec (size before relaxing)
 .stab          0x00001bf0       0x78 c:/program files (x86)/atmel/atmel toolchain/avr8 gcc/native/3.4.2.1002/avr8-gnu-toolchain/bin/../lib/gcc/avr/4.7.2/../../../../avr/lib/avr51\libm.a(fp_inf.o)
                                 0x84 (size before relaxing)
 .stab          0x00001c68       0x54 c:/program files (x86)/atmel/atmel toolchain/avr8 gcc/native/3.4.2.1002/avr8-gnu-toolchain/bin/../lib/gcc/avr/4.7.2/../../../../avr/lib/avr51\libm.a(fp_nan.o)
                                 0x60 (size before relaxing)
 .stab          0x00001cbc      0x1ec c:/program files (x86)/atmel/atmel toolchain/avr8 gcc/native/3.4.2.1002/avr8-gnu-toolchain/bin/../lib/gcc/avr/4.7.2/../../../../avr/lib/avr51\libm.a(fp_powser.o)
                                0x1f8 (size before relaxing)
 .stab          0x00001ea8       0x84 c:/program files (x86)/atmel/atmel toolchain/avr8 gcc/native/3.4.2.1002/avr8-gnu-toolchain/bin/../lib/gcc/avr/4.7.2/../../../../avr/lib/avr51\libm.a(fp_pscA.o)
                                 0x90 (size before relaxing)
 .stab          0x00001f2c       0x84 c:/program files (x86)/atmel/atmel toolchain/avr8 gcc/native/3.4.2.1002/avr8-gnu-toolchain/bin/../lib/gcc/avr/4.7.2/../../../../avr/lib/avr51\libm.a(fp_pscB.o)
                                 0x90 (size before relaxing)
 .stab          0x00001fb0      0x21c c:/program files (x86)/atmel/atmel toolchain/avr8 gcc/native/3.4.2.1002/avr8-gnu-toolchain/bin/../lib/gcc/avr/4.7.2/../../../../avr/lib/avr51\libm.a(fp_rempio2.o)
                                0x228 (size before relaxing)
 .stab          0x000021cc       0xfc c:/program files (x86)/atmel/atmel toolchain/avr8 gcc/native/3.4.2.1002/avr8-gnu-toolchain/bin/../lib/gcc/avr/4.7.2/../../../../avr/lib/avr51\libm.a(fp_round.o)
                                0x108 (size before relaxing)
 .stab          0x000022c8       0xfc c:/program files (x86)/atmel/atmel toolchain/avr8 gcc/native/3.4.2.1002/avr8-gnu-toolchain/bin/../lib/gcc/avr/4.7.2/../../../../avr/lib/avr51\libm.a(fp_sinus.o)
                                0x108 (size before relaxing)
 .stab          0x000023c4      0x1d4 c:/program files (x86)/atmel/atmel toolchain/avr8 gcc/native/3.4.2.1002/avr8-gnu-toolchain/bin/../lib/gcc/avr/4.7.2/../../../../avr/lib/avr51\libm.a(fp_split3.o)
                                0x1e0 (size before relaxing)
 .stab          0x00002598       0x90 c:/program files (x86)/atmel/atmel toolchain/avr8 gcc/native/3.4.2.1002/avr8-gnu-toolchain/bin/../lib/gcc/avr/4.7.2/../../../../avr/lib/avr51\libm.a(fp_zero.o)
                                 0x9c (size before relaxing)
 .stab          0x00002628       0x6c c:/program files (x86)/atmel/atmel toolchain/avr8 gcc/native/3.4.2.1002/avr8-gnu-toolchain/bin/../lib/gcc/avr/4.7.2/../../../../avr/lib/avr51\libm.a(gesf2.o)
                                 0x78 (size before relaxing)
 .stab          0x00002694       0x84 c:/program files (x86)/atmel/atmel toolchain/avr8 gcc/native/3.4.2.1002/avr8-gnu-toolchain/bin/../lib/gcc/avr/4.7.2/../../../../avr/lib/avr51\libm.a(inverse.o)
                                 0x90 (size before relaxing)
 .stab          0x00002718       0x48 c:/program files (x86)/atmel/atmel toolchain/avr8 gcc/native/3.4.2.1002/avr8-gnu-toolchain/bin/../lib/gcc/avr/4.7.2/../../../../avr/lib/avr51\libm.a(mulsf3.o)
                                 0x54 (size before relaxing)
 .stab          0x00002760      0x4d4 c:/program files (x86)/atmel/atmel toolchain/avr8 gcc/native/3.4.2.1002/avr8-gnu-toolchain/bin/../lib/gcc/avr/4.7.2/../../../../avr/lib/avr51\libm.a(mulsf3x.o)
                                0x4e0 (size before relaxing)
 .stab          0x00002c34       0x54 c:/program files (x86)/atmel/atmel toolchain/avr8 gcc/native/3.4.2.1002/avr8-gnu-toolchain/bin/../lib/gcc/avr/4.7.2/../../../../avr/lib/avr51\libm.a(square.o)
                                 0x60 (size before relaxing)
 .stab          0x00002c88       0xe4 c:/program files (x86)/atmel/atmel toolchain/avr8 gcc/native/3.4.2.1002/avr8-gnu-toolchain/bin/../lib/gcc/avr/4.7.2/../../../../avr/lib/avr51\libm.a(fp_mpack.o)
                                 0xf0 (size before relaxing)
 .stab          0x00002d6c       0xfc c:/program files (x86)/atmel/atmel toolchain/avr8 gcc/native/3.4.2.1002/avr8-gnu-toolchain/bin/../lib/gcc/avr/4.7.2/../../../../avr/lib/avr51\libm.a(fp_powsodd.o)
                                0x108 (size before relaxing)

.stabstr        0x00000000      0xd48
 *(.stabstr)
 .stabstr       0x00000000      0xd48 c:/program files (x86)/atmel/atmel toolchain/avr8 gcc/native/3.4.2.1002/avr8-gnu-toolchain/bin/../lib/gcc/avr/4.7.2/../../../../avr/lib/avr51/crtm1284p.o

.stab.excl
 *(.stab.excl)

.stab.exclstr
 *(.stab.exclstr)

.stab.index
 *(.stab.index)

.stab.indexstr
 *(.stab.indexstr)

.comment        0x00000000       0x2f
 *(.comment)
 .comment       0x00000000       0x2f autonomouswalk.o
                                 0x30 (size before relaxing)
 .comment       0x00000000       0x30 counter.o
 .comment       0x00000000       0x30 fifo.o
 .comment       0x00000000       0x30 Navigation.o
 .comment       0x00000000       0x30 Navigationsenheten.o
 .comment       0x00000000       0x30 twi.o
 .comment       0x00000000       0x30 usart.o

.debug
 *(.debug)

.line
 *(.line)

.debug_srcinfo
 *(.debug_srcinfo)

.debug_sfnames
 *(.debug_sfnames)

.debug_aranges  0x00000000      0x418
 *(.debug_aranges)
 .debug_aranges
                0x00000000       0x60 autonomouswalk.o
 .debug_aranges
                0x00000060       0x30 counter.o
 .debug_aranges
                0x00000090       0x30 fifo.o
 .debug_aranges
                0x000000c0       0xb0 Navigation.o
 .debug_aranges
                0x00000170       0x38 Navigationsenheten.o
 .debug_aranges
                0x000001a8      0x168 twi.o
 .debug_aranges
                0x00000310      0x108 usart.o

.debug_pubnames
 *(.debug_pubnames)

.debug_info     0x00000000     0x3d93
 *(.debug_info)
 .debug_info    0x00000000      0x822 autonomouswalk.o
 .debug_info    0x00000822      0x119 counter.o
 .debug_info    0x0000093b      0x1b1 fifo.o
 .debug_info    0x00000aec      0xc2a Navigation.o
 .debug_info    0x00001716      0x4cc Navigationsenheten.o
 .debug_info    0x00001be2     0x12b7 twi.o
 .debug_info    0x00002e99      0xefa usart.o
 *(.gnu.linkonce.wi.*)

.debug_abbrev   0x00000000      0xfe3
 *(.debug_abbrev)
 .debug_abbrev  0x00000000      0x208 autonomouswalk.o
 .debug_abbrev  0x00000208       0x9c counter.o
 .debug_abbrev  0x000002a4       0xce fifo.o
 .debug_abbrev  0x00000372      0x3b9 Navigation.o
 .debug_abbrev  0x0000072b      0x1d5 Navigationsenheten.o
 .debug_abbrev  0x00000900      0x331 twi.o
 .debug_abbrev  0x00000c31      0x3b2 usart.o

.debug_line     0x00000000     0x264d
 *(.debug_line)
 .debug_line    0x00000000      0x48d autonomouswalk.o
 .debug_line    0x0000048d      0x13c counter.o
 .debug_line    0x000005c9      0x14f fifo.o
 .debug_line    0x00000718      0x588 Navigation.o
 .debug_line    0x00000ca0      0x337 Navigationsenheten.o
 .debug_line    0x00000fd7      0xe0e twi.o
 .debug_line    0x00001de5      0x868 usart.o

.debug_frame    0x00000000      0xc8c
 *(.debug_frame)
 .debug_frame   0x00000000       0xf0 autonomouswalk.o
 .debug_frame   0x000000f0       0x44 counter.o
 .debug_frame   0x00000134       0x68 fifo.o
 .debug_frame   0x0000019c      0x248 Navigation.o
 .debug_frame   0x000003e4       0xf0 Navigationsenheten.o
 .debug_frame   0x000004d4      0x454 twi.o
 .debug_frame   0x00000928      0x364 usart.o

.debug_str      0x00000000      0xd2b
 *(.debug_str)
 .debug_str     0x00000000      0x3b2 autonomouswalk.o
                                0x3fe (size before relaxing)
 .debug_str     0x000003b2       0x42 counter.o
                                0x115 (size before relaxing)
 .debug_str     0x000003f4       0x3e fifo.o
                                0x125 (size before relaxing)
 .debug_str     0x00000432      0x16f Navigation.o
                                0x3f4 (size before relaxing)
 .debug_str     0x000005a1      0x153 Navigationsenheten.o
                                0x335 (size before relaxing)
 .debug_str     0x000006f4      0x3e2 twi.o
                                0x639 (size before relaxing)
 .debug_str     0x00000ad6      0x255 usart.o
                                0x50d (size before relaxing)

.debug_loc      0x00000000     0x262a
 *(.debug_loc)
 .debug_loc     0x00000000      0x297 autonomouswalk.o
 .debug_loc     0x00000297       0x6c counter.o
 .debug_loc     0x00000303      0x17b fifo.o
 .debug_loc     0x0000047e      0x769 Navigation.o
 .debug_loc     0x00000be7      0x1ee Navigationsenheten.o
 .debug_loc     0x00000dd5      0xc5c twi.o
 .debug_loc     0x00001a31      0xbf9 usart.o

.debug_macinfo
 *(.debug_macinfo)

.debug_pubtypes
 *(.debug_pubtypes)

.debug_ranges   0x00000000      0x470
 *(.debug_ranges)
 .debug_ranges  0x00000000       0x50 autonomouswalk.o
 .debug_ranges  0x00000050       0x20 counter.o
 .debug_ranges  0x00000070       0x20 fifo.o
 .debug_ranges  0x00000090       0xb8 Navigation.o
 .debug_ranges  0x00000148       0x28 Navigationsenheten.o
 .debug_ranges  0x00000170      0x1a0 twi.o
 .debug_ranges  0x00000310      0x160 usart.o

.debug_macro
 *(.debug_macro)
OUTPUT(Navigationsenheten.elf elf32-avr)
LOAD linker stubs
