Archive member included because of file (symbol)

c:/program files (x86)/atmel/atmel toolchain/avr8 gcc/native/3.4.2.1002/avr8-gnu-toolchain/bin/../lib/gcc/avr/4.7.2/../../../../avr/lib/avr51\libm.a(addsf3.o)
                              Navigation.o (__subsf3)
c:/program files (x86)/atmel/atmel toolchain/avr8 gcc/native/3.4.2.1002/avr8-gnu-toolchain/bin/../lib/gcc/avr/4.7.2/../../../../avr/lib/avr51\libm.a(addsf3x.o)
                              c:/program files (x86)/atmel/atmel toolchain/avr8 gcc/native/3.4.2.1002/avr8-gnu-toolchain/bin/../lib/gcc/avr/4.7.2/../../../../avr/lib/avr51\libm.a(addsf3.o) (__addsf3x)
c:/program files (x86)/atmel/atmel toolchain/avr8 gcc/native/3.4.2.1002/avr8-gnu-toolchain/bin/../lib/gcc/avr/4.7.2/../../../../avr/lib/avr51\libm.a(atan.o)
                              Navigation.o (atan)
c:/program files (x86)/atmel/atmel toolchain/avr8 gcc/native/3.4.2.1002/avr8-gnu-toolchain/bin/../lib/gcc/avr/4.7.2/../../../../avr/lib/avr51\libm.a(cmpsf2.o)
                              Navigation.o (__ltsf2)
c:/program files (x86)/atmel/atmel toolchain/avr8 gcc/native/3.4.2.1002/avr8-gnu-toolchain/bin/../lib/gcc/avr/4.7.2/../../../../avr/lib/avr51\libm.a(cos.o)
                              Navigation.o (cos)
c:/program files (x86)/atmel/atmel toolchain/avr8 gcc/native/3.4.2.1002/avr8-gnu-toolchain/bin/../lib/gcc/avr/4.7.2/../../../../avr/lib/avr51\libm.a(divsf3.o)
                              autonomouswalk.o (__divsf3)
c:/program files (x86)/atmel/atmel toolchain/avr8 gcc/native/3.4.2.1002/avr8-gnu-toolchain/bin/../lib/gcc/avr/4.7.2/../../../../avr/lib/avr51\libm.a(divsf3x.o)
                              c:/program files (x86)/atmel/atmel toolchain/avr8 gcc/native/3.4.2.1002/avr8-gnu-toolchain/bin/../lib/gcc/avr/4.7.2/../../../../avr/lib/avr51\libm.a(divsf3.o) (__divsf3x)
c:/program files (x86)/atmel/atmel toolchain/avr8 gcc/native/3.4.2.1002/avr8-gnu-toolchain/bin/../lib/gcc/avr/4.7.2/../../../../avr/lib/avr51\libm.a(fixsfsi.o)
                              autonomouswalk.o (__fixsfsi)
c:/program files (x86)/atmel/atmel toolchain/avr8 gcc/native/3.4.2.1002/avr8-gnu-toolchain/bin/../lib/gcc/avr/4.7.2/../../../../avr/lib/avr51\libm.a(fixunssfsi.o)
                              counter.o (__fixunssfsi)
c:/program files (x86)/atmel/atmel toolchain/avr8 gcc/native/3.4.2.1002/avr8-gnu-toolchain/bin/../lib/gcc/avr/4.7.2/../../../../avr/lib/avr51\libm.a(floatsisf.o)
                              counter.o (__floatunsisf)
c:/program files (x86)/atmel/atmel toolchain/avr8 gcc/native/3.4.2.1002/avr8-gnu-toolchain/bin/../lib/gcc/avr/4.7.2/../../../../avr/lib/avr51\libm.a(fp_cmp.o)
                              c:/program files (x86)/atmel/atmel toolchain/avr8 gcc/native/3.4.2.1002/avr8-gnu-toolchain/bin/../lib/gcc/avr/4.7.2/../../../../avr/lib/avr51\libm.a(cmpsf2.o) (__fp_cmp)
c:/program files (x86)/atmel/atmel toolchain/avr8 gcc/native/3.4.2.1002/avr8-gnu-toolchain/bin/../lib/gcc/avr/4.7.2/../../../../avr/lib/avr51\libm.a(fp_inf.o)
                              c:/program files (x86)/atmel/atmel toolchain/avr8 gcc/native/3.4.2.1002/avr8-gnu-toolchain/bin/../lib/gcc/avr/4.7.2/../../../../avr/lib/avr51\libm.a(addsf3x.o) (__fp_inf)
c:/program files (x86)/atmel/atmel toolchain/avr8 gcc/native/3.4.2.1002/avr8-gnu-toolchain/bin/../lib/gcc/avr/4.7.2/../../../../avr/lib/avr51\libm.a(fp_nan.o)
                              c:/program files (x86)/atmel/atmel toolchain/avr8 gcc/native/3.4.2.1002/avr8-gnu-toolchain/bin/../lib/gcc/avr/4.7.2/../../../../avr/lib/avr51\libm.a(addsf3x.o) (__fp_nan)
c:/program files (x86)/atmel/atmel toolchain/avr8 gcc/native/3.4.2.1002/avr8-gnu-toolchain/bin/../lib/gcc/avr/4.7.2/../../../../avr/lib/avr51\libm.a(fp_powser.o)
                              c:/program files (x86)/atmel/atmel toolchain/avr8 gcc/native/3.4.2.1002/avr8-gnu-toolchain/bin/../lib/gcc/avr/4.7.2/../../../../avr/lib/avr51\libm.a(atan.o) (__fp_powser)
c:/program files (x86)/atmel/atmel toolchain/avr8 gcc/native/3.4.2.1002/avr8-gnu-toolchain/bin/../lib/gcc/avr/4.7.2/../../../../avr/lib/avr51\libm.a(fp_pscA.o)
                              c:/program files (x86)/atmel/atmel toolchain/avr8 gcc/native/3.4.2.1002/avr8-gnu-toolchain/bin/../lib/gcc/avr/4.7.2/../../../../avr/lib/avr51\libm.a(addsf3x.o) (__fp_pscA)
c:/program files (x86)/atmel/atmel toolchain/avr8 gcc/native/3.4.2.1002/avr8-gnu-toolchain/bin/../lib/gcc/avr/4.7.2/../../../../avr/lib/avr51\libm.a(fp_pscB.o)
                              c:/program files (x86)/atmel/atmel toolchain/avr8 gcc/native/3.4.2.1002/avr8-gnu-toolchain/bin/../lib/gcc/avr/4.7.2/../../../../avr/lib/avr51\libm.a(addsf3x.o) (__fp_pscB)
c:/program files (x86)/atmel/atmel toolchain/avr8 gcc/native/3.4.2.1002/avr8-gnu-toolchain/bin/../lib/gcc/avr/4.7.2/../../../../avr/lib/avr51\libm.a(fp_rempio2.o)
                              c:/program files (x86)/atmel/atmel toolchain/avr8 gcc/native/3.4.2.1002/avr8-gnu-toolchain/bin/../lib/gcc/avr/4.7.2/../../../../avr/lib/avr51\libm.a(cos.o) (__fp_rempio2)
c:/program files (x86)/atmel/atmel toolchain/avr8 gcc/native/3.4.2.1002/avr8-gnu-toolchain/bin/../lib/gcc/avr/4.7.2/../../../../avr/lib/avr51\libm.a(fp_round.o)
                              c:/program files (x86)/atmel/atmel toolchain/avr8 gcc/native/3.4.2.1002/avr8-gnu-toolchain/bin/../lib/gcc/avr/4.7.2/../../../../avr/lib/avr51\libm.a(addsf3.o) (__fp_round)
c:/program files (x86)/atmel/atmel toolchain/avr8 gcc/native/3.4.2.1002/avr8-gnu-toolchain/bin/../lib/gcc/avr/4.7.2/../../../../avr/lib/avr51\libm.a(fp_sinus.o)
                              c:/program files (x86)/atmel/atmel toolchain/avr8 gcc/native/3.4.2.1002/avr8-gnu-toolchain/bin/../lib/gcc/avr/4.7.2/../../../../avr/lib/avr51\libm.a(cos.o) (__fp_sinus)
c:/program files (x86)/atmel/atmel toolchain/avr8 gcc/native/3.4.2.1002/avr8-gnu-toolchain/bin/../lib/gcc/avr/4.7.2/../../../../avr/lib/avr51\libm.a(fp_split3.o)
                              c:/program files (x86)/atmel/atmel toolchain/avr8 gcc/native/3.4.2.1002/avr8-gnu-toolchain/bin/../lib/gcc/avr/4.7.2/../../../../avr/lib/avr51\libm.a(addsf3x.o) (__fp_split3)
c:/program files (x86)/atmel/atmel toolchain/avr8 gcc/native/3.4.2.1002/avr8-gnu-toolchain/bin/../lib/gcc/avr/4.7.2/../../../../avr/lib/avr51\libm.a(fp_zero.o)
                              c:/program files (x86)/atmel/atmel toolchain/avr8 gcc/native/3.4.2.1002/avr8-gnu-toolchain/bin/../lib/gcc/avr/4.7.2/../../../../avr/lib/avr51\libm.a(addsf3x.o) (__fp_zero)
c:/program files (x86)/atmel/atmel toolchain/avr8 gcc/native/3.4.2.1002/avr8-gnu-toolchain/bin/../lib/gcc/avr/4.7.2/../../../../avr/lib/avr51\libm.a(gesf2.o)
                              Navigation.o (__gesf2)
c:/program files (x86)/atmel/atmel toolchain/avr8 gcc/native/3.4.2.1002/avr8-gnu-toolchain/bin/../lib/gcc/avr/4.7.2/../../../../avr/lib/avr51\libm.a(inverse.o)
                              c:/program files (x86)/atmel/atmel toolchain/avr8 gcc/native/3.4.2.1002/avr8-gnu-toolchain/bin/../lib/gcc/avr/4.7.2/../../../../avr/lib/avr51\libm.a(atan.o) (inverse)
c:/program files (x86)/atmel/atmel toolchain/avr8 gcc/native/3.4.2.1002/avr8-gnu-toolchain/bin/../lib/gcc/avr/4.7.2/../../../../avr/lib/avr51\libm.a(mulsf3.o)
                              autonomouswalk.o (__mulsf3)
c:/program files (x86)/atmel/atmel toolchain/avr8 gcc/native/3.4.2.1002/avr8-gnu-toolchain/bin/../lib/gcc/avr/4.7.2/../../../../avr/lib/avr51\libm.a(mulsf3x.o)
                              c:/program files (x86)/atmel/atmel toolchain/avr8 gcc/native/3.4.2.1002/avr8-gnu-toolchain/bin/../lib/gcc/avr/4.7.2/../../../../avr/lib/avr51\libm.a(atan.o) (__mulsf3x)
c:/program files (x86)/atmel/atmel toolchain/avr8 gcc/native/3.4.2.1002/avr8-gnu-toolchain/bin/../lib/gcc/avr/4.7.2/../../../../avr/lib/avr51\libm.a(square.o)
                              c:/program files (x86)/atmel/atmel toolchain/avr8 gcc/native/3.4.2.1002/avr8-gnu-toolchain/bin/../lib/gcc/avr/4.7.2/../../../../avr/lib/avr51\libm.a(atan.o) (square)
c:/program files (x86)/atmel/atmel toolchain/avr8 gcc/native/3.4.2.1002/avr8-gnu-toolchain/bin/../lib/gcc/avr/4.7.2/../../../../avr/lib/avr51\libm.a(fp_mpack.o)
                              c:/program files (x86)/atmel/atmel toolchain/avr8 gcc/native/3.4.2.1002/avr8-gnu-toolchain/bin/../lib/gcc/avr/4.7.2/../../../../avr/lib/avr51\libm.a(fp_rempio2.o) (__fp_mpack_finite)
c:/program files (x86)/atmel/atmel toolchain/avr8 gcc/native/3.4.2.1002/avr8-gnu-toolchain/bin/../lib/gcc/avr/4.7.2/../../../../avr/lib/avr51\libm.a(fp_powsodd.o)
                              c:/program files (x86)/atmel/atmel toolchain/avr8 gcc/native/3.4.2.1002/avr8-gnu-toolchain/bin/../lib/gcc/avr/4.7.2/../../../../avr/lib/avr51\libm.a(fp_sinus.o) (__fp_powsodd)
c:/program files (x86)/atmel/atmel toolchain/avr8 gcc/native/3.4.2.1002/avr8-gnu-toolchain/bin/../lib/gcc/avr/4.7.2/avr51\libgcc.a(_exit.o)
                              c:/program files (x86)/atmel/atmel toolchain/avr8 gcc/native/3.4.2.1002/avr8-gnu-toolchain/bin/../lib/gcc/avr/4.7.2/../../../../avr/lib/avr51/crtm1284p.o (exit)
c:/program files (x86)/atmel/atmel toolchain/avr8 gcc/native/3.4.2.1002/avr8-gnu-toolchain/bin/../lib/gcc/avr/4.7.2/avr51\libgcc.a(_copy_data.o)
                              autonomouswalk.o (__do_copy_data)
c:/program files (x86)/atmel/atmel toolchain/avr8 gcc/native/3.4.2.1002/avr8-gnu-toolchain/bin/../lib/gcc/avr/4.7.2/avr51\libgcc.a(_clear_bss.o)
                              Navigation.o (__do_clear_bss)

Allocating common symbols
Common symbol       size              file

gRxBuffer           0x205             usart.o
floatMessage        0x4               twi.o
command             0x3               twi.o
autonomSettings     0x1               twi.o
message             0xff              twi.o
messageCounter      0x2               twi.o
controlSettings     0x3               twi.o
currentSetting      0x2               twi.o
myAdress            0x1               twi.o
medianBuffer        0x8               Navigation.o
floatCounter        0x2               twi.o
instruction         0x1               twi.o
currentCommand      0x2               twi.o
elevation           0x2               twi.o
servo               0x1               twi.o
messageLength       0x2               twi.o
gTxPayload          0xff              usart.o
sweep               0x1               twi.o
gTxBuffer           0x205             usart.o
currentInstruction  0x2               twi.o
sensor              0x2               twi.o
sensorBuffer        0x38              Navigation.o
sensors             0x8               twi.o

Discarded input sections

 .bss           0x00000000        0x0 c:/program files (x86)/atmel/atmel toolchain/avr8 gcc/native/3.4.2.1002/avr8-gnu-toolchain/bin/../lib/gcc/avr/4.7.2/../../../../avr/lib/avr51/crtm1284p.o
 .text          0x00000000        0x0 autonomouswalk.o
 .bss           0x00000000        0x0 autonomouswalk.o
 .text.autonomouswalk_set_speed
                0x00000000        0x6 autonomouswalk.o
 .text.autonomouswalk_get_speed
                0x00000000        0x6 autonomouswalk.o
 .text.autonomouswalk_set_return_status
                0x00000000        0x6 autonomouswalk.o
 .text.autonomouswalk_get_return_status
                0x00000000        0x6 autonomouswalk.o
 .text          0x00000000        0x0 counter.o
 .bss           0x00000000        0x0 counter.o
 .text          0x00000000        0x0 fifo.o
 .bss           0x00000000        0x0 fifo.o
 .text          0x00000000        0x0 Navigation.o
 .bss           0x00000000        0x0 Navigation.o
 .text.navigation_init
                0x00000000       0x18 Navigation.o
 .text.navigation_get_Kp
                0x00000000       0x18 Navigation.o
 .text.navigation_dead_end
                0x00000000       0x5e Navigation.o
 .text.navigation_detect_low_pass_obsticle
                0x00000000       0x14 Navigation.o
 .text          0x00000000        0x0 Navigationsenheten.o
 .bss           0x00000000        0x0 Navigationsenheten.o
 .text          0x00000000        0x0 twi.o
 .bss           0x00000000        0x0 twi.o
 .text.TWI_send_status
                0x00000000       0x58 twi.o
 .text.TWI_send_control_settings
                0x00000000       0xb2 twi.o
 .text.TWI_send_autonom_settings
                0x00000000       0x76 twi.o
 .text.TWI_send_sweep
                0x00000000       0x70 twi.o
 .text.TWI_send_elevation
                0x00000000       0x70 twi.o
 .text.TWI_send_sensors
                0x00000000       0x74 twi.o
 .text.TWI_send_something
                0x00000000       0x7c twi.o
 .text.TWI_get_servo
                0x00000000        0x6 twi.o
 .text.TWI_get_sweep
                0x00000000        0x6 twi.o
 .text.TWI_get_elevation
                0x00000000        0x6 twi.o
 .text.TWI_elevation_flag
                0x00000000       0x14 twi.o
 .text.TWI_sweep_flag
                0x00000000       0x14 twi.o
 .text.decode_message_TwiFIFO
                0x00000000       0xde twi.o
 .text          0x00000000        0x0 usart.o
 .bss           0x00000000        0x0 usart.o
 .text.USART_CheckRxComplete
                0x00000000        0x8 usart.o
 .text.USART_ReadByte
                0x00000000        0x6 usart.o
 .text.USART_SendMessage
                0x00000000       0x44 usart.o
 .text.USART_SendSensors
                0x00000000       0x3e usart.o
 .text.USART_Bounce
                0x00000000       0x30 usart.o
 .text          0x00000000        0x0 c:/program files (x86)/atmel/atmel toolchain/avr8 gcc/native/3.4.2.1002/avr8-gnu-toolchain/bin/../lib/gcc/avr/4.7.2/../../../../avr/lib/avr51\libm.a(addsf3.o)
 .bss           0x00000000        0x0 c:/program files (x86)/atmel/atmel toolchain/avr8 gcc/native/3.4.2.1002/avr8-gnu-toolchain/bin/../lib/gcc/avr/4.7.2/../../../../avr/lib/avr51\libm.a(addsf3.o)
 .text          0x00000000        0x0 c:/program files (x86)/atmel/atmel toolchain/avr8 gcc/native/3.4.2.1002/avr8-gnu-toolchain/bin/../lib/gcc/avr/4.7.2/../../../../avr/lib/avr51\libm.a(addsf3x.o)
 .bss           0x00000000        0x0 c:/program files (x86)/atmel/atmel toolchain/avr8 gcc/native/3.4.2.1002/avr8-gnu-toolchain/bin/../lib/gcc/avr/4.7.2/../../../../avr/lib/avr51\libm.a(addsf3x.o)
 .text          0x00000000        0x0 c:/program files (x86)/atmel/atmel toolchain/avr8 gcc/native/3.4.2.1002/avr8-gnu-toolchain/bin/../lib/gcc/avr/4.7.2/../../../../avr/lib/avr51\libm.a(atan.o)
 .bss           0x00000000        0x0 c:/program files (x86)/atmel/atmel toolchain/avr8 gcc/native/3.4.2.1002/avr8-gnu-toolchain/bin/../lib/gcc/avr/4.7.2/../../../../avr/lib/avr51\libm.a(atan.o)
 .text          0x00000000        0x0 c:/program files (x86)/atmel/atmel toolchain/avr8 gcc/native/3.4.2.1002/avr8-gnu-toolchain/bin/../lib/gcc/avr/4.7.2/../../../../avr/lib/avr51\libm.a(cmpsf2.o)
 .bss           0x00000000        0x0 c:/program files (x86)/atmel/atmel toolchain/avr8 gcc/native/3.4.2.1002/avr8-gnu-toolchain/bin/../lib/gcc/avr/4.7.2/../../../../avr/lib/avr51\libm.a(cmpsf2.o)
 .text          0x00000000        0x0 c:/program files (x86)/atmel/atmel toolchain/avr8 gcc/native/3.4.2.1002/avr8-gnu-toolchain/bin/../lib/gcc/avr/4.7.2/../../../../avr/lib/avr51\libm.a(cos.o)
 .bss           0x00000000        0x0 c:/program files (x86)/atmel/atmel toolchain/avr8 gcc/native/3.4.2.1002/avr8-gnu-toolchain/bin/../lib/gcc/avr/4.7.2/../../../../avr/lib/avr51\libm.a(cos.o)
 .text          0x00000000        0x0 c:/program files (x86)/atmel/atmel toolchain/avr8 gcc/native/3.4.2.1002/avr8-gnu-toolchain/bin/../lib/gcc/avr/4.7.2/../../../../avr/lib/avr51\libm.a(divsf3.o)
 .bss           0x00000000        0x0 c:/program files (x86)/atmel/atmel toolchain/avr8 gcc/native/3.4.2.1002/avr8-gnu-toolchain/bin/../lib/gcc/avr/4.7.2/../../../../avr/lib/avr51\libm.a(divsf3.o)
 .text          0x00000000        0x0 c:/program files (x86)/atmel/atmel toolchain/avr8 gcc/native/3.4.2.1002/avr8-gnu-toolchain/bin/../lib/gcc/avr/4.7.2/../../../../avr/lib/avr51\libm.a(divsf3x.o)
 .bss           0x00000000        0x0 c:/program files (x86)/atmel/atmel toolchain/avr8 gcc/native/3.4.2.1002/avr8-gnu-toolchain/bin/../lib/gcc/avr/4.7.2/../../../../avr/lib/avr51\libm.a(divsf3x.o)
 .text          0x00000000        0x0 c:/program files (x86)/atmel/atmel toolchain/avr8 gcc/native/3.4.2.1002/avr8-gnu-toolchain/bin/../lib/gcc/avr/4.7.2/../../../../avr/lib/avr51\libm.a(fixsfsi.o)
 .bss           0x00000000        0x0 c:/program files (x86)/atmel/atmel toolchain/avr8 gcc/native/3.4.2.1002/avr8-gnu-toolchain/bin/../lib/gcc/avr/4.7.2/../../../../avr/lib/avr51\libm.a(fixsfsi.o)
 .text          0x00000000        0x0 c:/program files (x86)/atmel/atmel toolchain/avr8 gcc/native/3.4.2.1002/avr8-gnu-toolchain/bin/../lib/gcc/avr/4.7.2/../../../../avr/lib/avr51\libm.a(fixunssfsi.o)
 .bss           0x00000000        0x0 c:/program files (x86)/atmel/atmel toolchain/avr8 gcc/native/3.4.2.1002/avr8-gnu-toolchain/bin/../lib/gcc/avr/4.7.2/../../../../avr/lib/avr51\libm.a(fixunssfsi.o)
 .text          0x00000000        0x0 c:/program files (x86)/atmel/atmel toolchain/avr8 gcc/native/3.4.2.1002/avr8-gnu-toolchain/bin/../lib/gcc/avr/4.7.2/../../../../avr/lib/avr51\libm.a(floatsisf.o)
 .bss           0x00000000        0x0 c:/program files (x86)/atmel/atmel toolchain/avr8 gcc/native/3.4.2.1002/avr8-gnu-toolchain/bin/../lib/gcc/avr/4.7.2/../../../../avr/lib/avr51\libm.a(floatsisf.o)
 .text          0x00000000        0x0 c:/program files (x86)/atmel/atmel toolchain/avr8 gcc/native/3.4.2.1002/avr8-gnu-toolchain/bin/../lib/gcc/avr/4.7.2/../../../../avr/lib/avr51\libm.a(fp_cmp.o)
 .bss           0x00000000        0x0 c:/program files (x86)/atmel/atmel toolchain/avr8 gcc/native/3.4.2.1002/avr8-gnu-toolchain/bin/../lib/gcc/avr/4.7.2/../../../../avr/lib/avr51\libm.a(fp_cmp.o)
 .text          0x00000000        0x0 c:/program files (x86)/atmel/atmel toolchain/avr8 gcc/native/3.4.2.1002/avr8-gnu-toolchain/bin/../lib/gcc/avr/4.7.2/../../../../avr/lib/avr51\libm.a(fp_inf.o)
 .bss           0x00000000        0x0 c:/program files (x86)/atmel/atmel toolchain/avr8 gcc/native/3.4.2.1002/avr8-gnu-toolchain/bin/../lib/gcc/avr/4.7.2/../../../../avr/lib/avr51\libm.a(fp_inf.o)
 .text          0x00000000        0x0 c:/program files (x86)/atmel/atmel toolchain/avr8 gcc/native/3.4.2.1002/avr8-gnu-toolchain/bin/../lib/gcc/avr/4.7.2/../../../../avr/lib/avr51\libm.a(fp_nan.o)
 .bss           0x00000000        0x0 c:/program files (x86)/atmel/atmel toolchain/avr8 gcc/native/3.4.2.1002/avr8-gnu-toolchain/bin/../lib/gcc/avr/4.7.2/../../../../avr/lib/avr51\libm.a(fp_nan.o)
 .text          0x00000000        0x0 c:/program files (x86)/atmel/atmel toolchain/avr8 gcc/native/3.4.2.1002/avr8-gnu-toolchain/bin/../lib/gcc/avr/4.7.2/../../../../avr/lib/avr51\libm.a(fp_powser.o)
 .bss           0x00000000        0x0 c:/program files (x86)/atmel/atmel toolchain/avr8 gcc/native/3.4.2.1002/avr8-gnu-toolchain/bin/../lib/gcc/avr/4.7.2/../../../../avr/lib/avr51\libm.a(fp_powser.o)
 .text          0x00000000        0x0 c:/program files (x86)/atmel/atmel toolchain/avr8 gcc/native/3.4.2.1002/avr8-gnu-toolchain/bin/../lib/gcc/avr/4.7.2/../../../../avr/lib/avr51\libm.a(fp_pscA.o)
 .bss           0x00000000        0x0 c:/program files (x86)/atmel/atmel toolchain/avr8 gcc/native/3.4.2.1002/avr8-gnu-toolchain/bin/../lib/gcc/avr/4.7.2/../../../../avr/lib/avr51\libm.a(fp_pscA.o)
 .text          0x00000000        0x0 c:/program files (x86)/atmel/atmel toolchain/avr8 gcc/native/3.4.2.1002/avr8-gnu-toolchain/bin/../lib/gcc/avr/4.7.2/../../../../avr/lib/avr51\libm.a(fp_pscB.o)
 .bss           0x00000000        0x0 c:/program files (x86)/atmel/atmel toolchain/avr8 gcc/native/3.4.2.1002/avr8-gnu-toolchain/bin/../lib/gcc/avr/4.7.2/../../../../avr/lib/avr51\libm.a(fp_pscB.o)
 .text          0x00000000        0x0 c:/program files (x86)/atmel/atmel toolchain/avr8 gcc/native/3.4.2.1002/avr8-gnu-toolchain/bin/../lib/gcc/avr/4.7.2/../../../../avr/lib/avr51\libm.a(fp_rempio2.o)
 .bss           0x00000000        0x0 c:/program files (x86)/atmel/atmel toolchain/avr8 gcc/native/3.4.2.1002/avr8-gnu-toolchain/bin/../lib/gcc/avr/4.7.2/../../../../avr/lib/avr51\libm.a(fp_rempio2.o)
 .text          0x00000000        0x0 c:/program files (x86)/atmel/atmel toolchain/avr8 gcc/native/3.4.2.1002/avr8-gnu-toolchain/bin/../lib/gcc/avr/4.7.2/../../../../avr/lib/avr51\libm.a(fp_round.o)
 .bss           0x00000000        0x0 c:/program files (x86)/atmel/atmel toolchain/avr8 gcc/native/3.4.2.1002/avr8-gnu-toolchain/bin/../lib/gcc/avr/4.7.2/../../../../avr/lib/avr51\libm.a(fp_round.o)
 .text          0x00000000        0x0 c:/program files (x86)/atmel/atmel toolchain/avr8 gcc/native/3.4.2.1002/avr8-gnu-toolchain/bin/../lib/gcc/avr/4.7.2/../../../../avr/lib/avr51\libm.a(fp_sinus.o)
 .bss           0x00000000        0x0 c:/program files (x86)/atmel/atmel toolchain/avr8 gcc/native/3.4.2.1002/avr8-gnu-toolchain/bin/../lib/gcc/avr/4.7.2/../../../../avr/lib/avr51\libm.a(fp_sinus.o)
 .text          0x00000000        0x0 c:/program files (x86)/atmel/atmel toolchain/avr8 gcc/native/3.4.2.1002/avr8-gnu-toolchain/bin/../lib/gcc/avr/4.7.2/../../../../avr/lib/avr51\libm.a(fp_split3.o)
 .bss           0x00000000        0x0 c:/program files (x86)/atmel/atmel toolchain/avr8 gcc/native/3.4.2.1002/avr8-gnu-toolchain/bin/../lib/gcc/avr/4.7.2/../../../../avr/lib/avr51\libm.a(fp_split3.o)
 .text          0x00000000        0x0 c:/program files (x86)/atmel/atmel toolchain/avr8 gcc/native/3.4.2.1002/avr8-gnu-toolchain/bin/../lib/gcc/avr/4.7.2/../../../../avr/lib/avr51\libm.a(fp_zero.o)
 .bss           0x00000000        0x0 c:/program files (x86)/atmel/atmel toolchain/avr8 gcc/native/3.4.2.1002/avr8-gnu-toolchain/bin/../lib/gcc/avr/4.7.2/../../../../avr/lib/avr51\libm.a(fp_zero.o)
 .text          0x00000000        0x0 c:/program files (x86)/atmel/atmel toolchain/avr8 gcc/native/3.4.2.1002/avr8-gnu-toolchain/bin/../lib/gcc/avr/4.7.2/../../../../avr/lib/avr51\libm.a(gesf2.o)
 .bss           0x00000000        0x0 c:/program files (x86)/atmel/atmel toolchain/avr8 gcc/native/3.4.2.1002/avr8-gnu-toolchain/bin/../lib/gcc/avr/4.7.2/../../../../avr/lib/avr51\libm.a(gesf2.o)
 .text          0x00000000        0x0 c:/program files (x86)/atmel/atmel toolchain/avr8 gcc/native/3.4.2.1002/avr8-gnu-toolchain/bin/../lib/gcc/avr/4.7.2/../../../../avr/lib/avr51\libm.a(inverse.o)
 .bss           0x00000000        0x0 c:/program files (x86)/atmel/atmel toolchain/avr8 gcc/native/3.4.2.1002/avr8-gnu-toolchain/bin/../lib/gcc/avr/4.7.2/../../../../avr/lib/avr51\libm.a(inverse.o)
 .text          0x00000000        0x0 c:/program files (x86)/atmel/atmel toolchain/avr8 gcc/native/3.4.2.1002/avr8-gnu-toolchain/bin/../lib/gcc/avr/4.7.2/../../../../avr/lib/avr51\libm.a(mulsf3.o)
 .bss           0x00000000        0x0 c:/program files (x86)/atmel/atmel toolchain/avr8 gcc/native/3.4.2.1002/avr8-gnu-toolchain/bin/../lib/gcc/avr/4.7.2/../../../../avr/lib/avr51\libm.a(mulsf3.o)
 .text          0x00000000        0x0 c:/program files (x86)/atmel/atmel toolchain/avr8 gcc/native/3.4.2.1002/avr8-gnu-toolchain/bin/../lib/gcc/avr/4.7.2/../../../../avr/lib/avr51\libm.a(mulsf3x.o)
 .bss           0x00000000        0x0 c:/program files (x86)/atmel/atmel toolchain/avr8 gcc/native/3.4.2.1002/avr8-gnu-toolchain/bin/../lib/gcc/avr/4.7.2/../../../../avr/lib/avr51\libm.a(mulsf3x.o)
 .text          0x00000000        0x0 c:/program files (x86)/atmel/atmel toolchain/avr8 gcc/native/3.4.2.1002/avr8-gnu-toolchain/bin/../lib/gcc/avr/4.7.2/../../../../avr/lib/avr51\libm.a(square.o)
 .bss           0x00000000        0x0 c:/program files (x86)/atmel/atmel toolchain/avr8 gcc/native/3.4.2.1002/avr8-gnu-toolchain/bin/../lib/gcc/avr/4.7.2/../../../../avr/lib/avr51\libm.a(square.o)
 .text          0x00000000        0x0 c:/program files (x86)/atmel/atmel toolchain/avr8 gcc/native/3.4.2.1002/avr8-gnu-toolchain/bin/../lib/gcc/avr/4.7.2/../../../../avr/lib/avr51\libm.a(fp_mpack.o)
 .bss           0x00000000        0x0 c:/program files (x86)/atmel/atmel toolchain/avr8 gcc/native/3.4.2.1002/avr8-gnu-toolchain/bin/../lib/gcc/avr/4.7.2/../../../../avr/lib/avr51\libm.a(fp_mpack.o)
 .text          0x00000000        0x0 c:/program files (x86)/atmel/atmel toolchain/avr8 gcc/native/3.4.2.1002/avr8-gnu-toolchain/bin/../lib/gcc/avr/4.7.2/../../../../avr/lib/avr51\libm.a(fp_powsodd.o)
 .bss           0x00000000        0x0 c:/program files (x86)/atmel/atmel toolchain/avr8 gcc/native/3.4.2.1002/avr8-gnu-toolchain/bin/../lib/gcc/avr/4.7.2/../../../../avr/lib/avr51\libm.a(fp_powsodd.o)
 .text          0x00000000        0x0 c:/program files (x86)/atmel/atmel toolchain/avr8 gcc/native/3.4.2.1002/avr8-gnu-toolchain/bin/../lib/gcc/avr/4.7.2/avr51\libgcc.a(_exit.o)
 .bss           0x00000000        0x0 c:/program files (x86)/atmel/atmel toolchain/avr8 gcc/native/3.4.2.1002/avr8-gnu-toolchain/bin/../lib/gcc/avr/4.7.2/avr51\libgcc.a(_exit.o)
 .text.libgcc.mul
                0x00000000        0x0 c:/program files (x86)/atmel/atmel toolchain/avr8 gcc/native/3.4.2.1002/avr8-gnu-toolchain/bin/../lib/gcc/avr/4.7.2/avr51\libgcc.a(_exit.o)
 .text.libgcc.div
                0x00000000        0x0 c:/program files (x86)/atmel/atmel toolchain/avr8 gcc/native/3.4.2.1002/avr8-gnu-toolchain/bin/../lib/gcc/avr/4.7.2/avr51\libgcc.a(_exit.o)
 .text.libgcc   0x00000000        0x0 c:/program files (x86)/atmel/atmel toolchain/avr8 gcc/native/3.4.2.1002/avr8-gnu-toolchain/bin/../lib/gcc/avr/4.7.2/avr51\libgcc.a(_exit.o)
 .text.libgcc.prologue
                0x00000000        0x0 c:/program files (x86)/atmel/atmel toolchain/avr8 gcc/native/3.4.2.1002/avr8-gnu-toolchain/bin/../lib/gcc/avr/4.7.2/avr51\libgcc.a(_exit.o)
 .text.libgcc.builtins
                0x00000000        0x0 c:/program files (x86)/atmel/atmel toolchain/avr8 gcc/native/3.4.2.1002/avr8-gnu-toolchain/bin/../lib/gcc/avr/4.7.2/avr51\libgcc.a(_exit.o)
 .text.libgcc.fmul
                0x00000000        0x0 c:/program files (x86)/atmel/atmel toolchain/avr8 gcc/native/3.4.2.1002/avr8-gnu-toolchain/bin/../lib/gcc/avr/4.7.2/avr51\libgcc.a(_exit.o)
 .text          0x00000000        0x0 c:/program files (x86)/atmel/atmel toolchain/avr8 gcc/native/3.4.2.1002/avr8-gnu-toolchain/bin/../lib/gcc/avr/4.7.2/avr51\libgcc.a(_copy_data.o)
 .bss           0x00000000        0x0 c:/program files (x86)/atmel/atmel toolchain/avr8 gcc/native/3.4.2.1002/avr8-gnu-toolchain/bin/../lib/gcc/avr/4.7.2/avr51\libgcc.a(_copy_data.o)
 .text.libgcc.mul
                0x00000000        0x0 c:/program files (x86)/atmel/atmel toolchain/avr8 gcc/native/3.4.2.1002/avr8-gnu-toolchain/bin/../lib/gcc/avr/4.7.2/avr51\libgcc.a(_copy_data.o)
 .text.libgcc.div
                0x00000000        0x0 c:/program files (x86)/atmel/atmel toolchain/avr8 gcc/native/3.4.2.1002/avr8-gnu-toolchain/bin/../lib/gcc/avr/4.7.2/avr51\libgcc.a(_copy_data.o)
 .text.libgcc   0x00000000        0x0 c:/program files (x86)/atmel/atmel toolchain/avr8 gcc/native/3.4.2.1002/avr8-gnu-toolchain/bin/../lib/gcc/avr/4.7.2/avr51\libgcc.a(_copy_data.o)
 .text.libgcc.prologue
                0x00000000        0x0 c:/program files (x86)/atmel/atmel toolchain/avr8 gcc/native/3.4.2.1002/avr8-gnu-toolchain/bin/../lib/gcc/avr/4.7.2/avr51\libgcc.a(_copy_data.o)
 .text.libgcc.builtins
                0x00000000        0x0 c:/program files (x86)/atmel/atmel toolchain/avr8 gcc/native/3.4.2.1002/avr8-gnu-toolchain/bin/../lib/gcc/avr/4.7.2/avr51\libgcc.a(_copy_data.o)
 .text.libgcc.fmul
                0x00000000        0x0 c:/program files (x86)/atmel/atmel toolchain/avr8 gcc/native/3.4.2.1002/avr8-gnu-toolchain/bin/../lib/gcc/avr/4.7.2/avr51\libgcc.a(_copy_data.o)
 .text          0x00000000        0x0 c:/program files (x86)/atmel/atmel toolchain/avr8 gcc/native/3.4.2.1002/avr8-gnu-toolchain/bin/../lib/gcc/avr/4.7.2/avr51\libgcc.a(_clear_bss.o)
 .bss           0x00000000        0x0 c:/program files (x86)/atmel/atmel toolchain/avr8 gcc/native/3.4.2.1002/avr8-gnu-toolchain/bin/../lib/gcc/avr/4.7.2/avr51\libgcc.a(_clear_bss.o)
 .text.libgcc.mul
                0x00000000        0x0 c:/program files (x86)/atmel/atmel toolchain/avr8 gcc/native/3.4.2.1002/avr8-gnu-toolchain/bin/../lib/gcc/avr/4.7.2/avr51\libgcc.a(_clear_bss.o)
 .text.libgcc.div
                0x00000000        0x0 c:/program files (x86)/atmel/atmel toolchain/avr8 gcc/native/3.4.2.1002/avr8-gnu-toolchain/bin/../lib/gcc/avr/4.7.2/avr51\libgcc.a(_clear_bss.o)
 .text.libgcc   0x00000000        0x0 c:/program files (x86)/atmel/atmel toolchain/avr8 gcc/native/3.4.2.1002/avr8-gnu-toolchain/bin/../lib/gcc/avr/4.7.2/avr51\libgcc.a(_clear_bss.o)
 .text.libgcc.prologue
                0x00000000        0x0 c:/program files (x86)/atmel/atmel toolchain/avr8 gcc/native/3.4.2.1002/avr8-gnu-toolchain/bin/../lib/gcc/avr/4.7.2/avr51\libgcc.a(_clear_bss.o)
 .text.libgcc.builtins
                0x00000000        0x0 c:/program files (x86)/atmel/atmel toolchain/avr8 gcc/native/3.4.2.1002/avr8-gnu-toolchain/bin/../lib/gcc/avr/4.7.2/avr51\libgcc.a(_clear_bss.o)
 .text.libgcc.fmul
                0x00000000        0x0 c:/program files (x86)/atmel/atmel toolchain/avr8 gcc/native/3.4.2.1002/avr8-gnu-toolchain/bin/../lib/gcc/avr/4.7.2/avr51\libgcc.a(_clear_bss.o)

Memory Configuration

Name             Origin             Length             Attributes
text             0x00000000         0x00020000         xr
data             0x00800100         0x0000ff00         rw !x
eeprom           0x00810000         0x00010000         rw !x
fuse             0x00820000         0x00000400         rw !x
lock             0x00830000         0x00000400         rw !x
signature        0x00840000         0x00000400         rw !x
user_signatures  0x00850000         0x00000400         rw !x
*default*        0x00000000         0xffffffff

Linker script and memory map

Address of section .data set to 0x800100
LOAD c:/program files (x86)/atmel/atmel toolchain/avr8 gcc/native/3.4.2.1002/avr8-gnu-toolchain/bin/../lib/gcc/avr/4.7.2/../../../../avr/lib/avr51/crtm1284p.o
LOAD autonomouswalk.o
LOAD counter.o
LOAD fifo.o
LOAD Navigation.o
LOAD Navigationsenheten.o
LOAD twi.o
LOAD usart.o
START GROUP
LOAD c:/program files (x86)/atmel/atmel toolchain/avr8 gcc/native/3.4.2.1002/avr8-gnu-toolchain/bin/../lib/gcc/avr/4.7.2/../../../../avr/lib/avr51\libm.a
END GROUP
LOAD c:/program files (x86)/atmel/atmel toolchain/avr8 gcc/native/3.4.2.1002/avr8-gnu-toolchain/bin/../lib/gcc/avr/4.7.2/avr51\libgcc.a
LOAD c:/program files (x86)/atmel/atmel toolchain/avr8 gcc/native/3.4.2.1002/avr8-gnu-toolchain/bin/../lib/gcc/avr/4.7.2/../../../../avr/lib/avr51\libc.a
LOAD c:/program files (x86)/atmel/atmel toolchain/avr8 gcc/native/3.4.2.1002/avr8-gnu-toolchain/bin/../lib/gcc/avr/4.7.2/avr51\libgcc.a

.hash
 *(.hash)

.dynsym
 *(.dynsym)

.dynstr
 *(.dynstr)

.gnu.version
 *(.gnu.version)

.gnu.version_d
 *(.gnu.version_d)

.gnu.version_r
 *(.gnu.version_r)

.rel.init
 *(.rel.init)

.rela.init
 *(.rela.init)

.rel.text
 *(.rel.text)
 *(.rel.text.*)
 *(.rel.gnu.linkonce.t*)

.rela.text
 *(.rela.text)
 *(.rela.text.*)
 *(.rela.gnu.linkonce.t*)

.rel.fini
 *(.rel.fini)

.rela.fini
 *(.rela.fini)

.rel.rodata
 *(.rel.rodata)
 *(.rel.rodata.*)
 *(.rel.gnu.linkonce.r*)

.rela.rodata
 *(.rela.rodata)
 *(.rela.rodata.*)
 *(.rela.gnu.linkonce.r*)

.rel.data
 *(.rel.data)
 *(.rel.data.*)
 *(.rel.gnu.linkonce.d*)

.rela.data
 *(.rela.data)
 *(.rela.data.*)
 *(.rela.gnu.linkonce.d*)

.rel.ctors
 *(.rel.ctors)

.rela.ctors
 *(.rela.ctors)

.rel.dtors
 *(.rel.dtors)

.rela.dtors
 *(.rela.dtors)

.rel.got
 *(.rel.got)

.rela.got
 *(.rela.got)

.rel.bss
 *(.rel.bss)

.rela.bss
 *(.rela.bss)

.rel.plt
 *(.rel.plt)

.rela.plt
 *(.rela.plt)

.text           0x00000000     0x1df6
 *(.vectors)
 .vectors       0x00000000       0x8c c:/program files (x86)/atmel/atmel toolchain/avr8 gcc/native/3.4.2.1002/avr8-gnu-toolchain/bin/../lib/gcc/avr/4.7.2/../../../../avr/lib/avr51/crtm1284p.o
                0x00000000                __vector_default
                0x00000000                __vectors
 *(.vectors)
 *(.progmem.gcc*)
 .progmem.gcc_fplib
                0x0000008c       0x2d c:/program files (x86)/atmel/atmel toolchain/avr8 gcc/native/3.4.2.1002/avr8-gnu-toolchain/bin/../lib/gcc/avr/4.7.2/../../../../avr/lib/avr51\libm.a(atan.o)
 .progmem.gcc_fplib
                0x000000b9       0x1e c:/program files (x86)/atmel/atmel toolchain/avr8 gcc/native/3.4.2.1002/avr8-gnu-toolchain/bin/../lib/gcc/avr/4.7.2/../../../../avr/lib/avr51\libm.a(fp_sinus.o)
 *(.progmem*)
                0x000000d8                . = ALIGN (0x2)
 *fill*         0x000000d7        0x1 
                0x000000d8                __trampolines_start = .
 *(.trampolines)
 .trampolines   0x000000d8        0x0 linker stubs
 *(.trampolines*)
                0x000000d8                __trampolines_end = .
 *(.jumptables)
 *(.jumptables*)
 *(.lowtext)
 *(.lowtext*)
                0x000000d8                __ctors_start = .
 *(.ctors)
                0x000000d8                __ctors_end = .
                0x000000d8                __dtors_start = .
 *(.dtors)
                0x000000d8                __dtors_end = .
 SORT(*)(.ctors)
 SORT(*)(.dtors)
 *(.init0)
 .init0         0x000000d8        0x0 c:/program files (x86)/atmel/atmel toolchain/avr8 gcc/native/3.4.2.1002/avr8-gnu-toolchain/bin/../lib/gcc/avr/4.7.2/../../../../avr/lib/avr51/crtm1284p.o
                0x000000d8                __init
 *(.init0)
 *(.init1)
 *(.init1)
 *(.init2)
 .init2         0x000000d8        0xc c:/program files (x86)/atmel/atmel toolchain/avr8 gcc/native/3.4.2.1002/avr8-gnu-toolchain/bin/../lib/gcc/avr/4.7.2/../../../../avr/lib/avr51/crtm1284p.o
 *(.init2)
 *(.init3)
 *(.init3)
 *(.init4)
 .init4         0x000000e4       0x1a c:/program files (x86)/atmel/atmel toolchain/avr8 gcc/native/3.4.2.1002/avr8-gnu-toolchain/bin/../lib/gcc/avr/4.7.2/avr51\libgcc.a(_copy_data.o)
                0x000000e4                __do_copy_data
 .init4         0x000000fe       0x10 c:/program files (x86)/atmel/atmel toolchain/avr8 gcc/native/3.4.2.1002/avr8-gnu-toolchain/bin/../lib/gcc/avr/4.7.2/avr51\libgcc.a(_clear_bss.o)
                0x000000fe                __do_clear_bss
 *(.init4)
 *(.init5)
 *(.init5)
 *(.init6)
 *(.init6)
 *(.init7)
 *(.init7)
 *(.init8)
 *(.init8)
 *(.init9)
 .init9         0x0000010e        0x6 c:/program files (x86)/atmel/atmel toolchain/avr8 gcc/native/3.4.2.1002/avr8-gnu-toolchain/bin/../lib/gcc/avr/4.7.2/../../../../avr/lib/avr51/crtm1284p.o
 *(.init9)
 *(.text)
 .text          0x00000114        0x2 c:/program files (x86)/atmel/atmel toolchain/avr8 gcc/native/3.4.2.1002/avr8-gnu-toolchain/bin/../lib/gcc/avr/4.7.2/../../../../avr/lib/avr51/crtm1284p.o
                0x00000114                __vector_22
                0x00000114                __vector_28
                0x00000114                __vector_34
                0x00000114                __vector_24
                0x00000114                __vector_12
                0x00000114                __bad_interrupt
                0x00000114                __vector_6
                0x00000114                __vector_31
                0x00000114                __vector_3
                0x00000114                __vector_23
                0x00000114                __vector_30
                0x00000114                __vector_25
                0x00000114                __vector_11
                0x00000114                __vector_17
                0x00000114                __vector_19
                0x00000114                __vector_7
                0x00000114                __vector_27
                0x00000114                __vector_5
                0x00000114                __vector_33
                0x00000114                __vector_4
                0x00000114                __vector_9
                0x00000114                __vector_21
                0x00000114                __vector_15
                0x00000114                __vector_29
                0x00000114                __vector_8
                0x00000114                __vector_14
                0x00000114                __vector_10
                0x00000114                __vector_16
                0x00000114                __vector_18
                0x00000116                . = ALIGN (0x2)
 *(.text.*)
 .text.turn_around
                0x00000116       0x54 autonomouswalk.o
                0x00000116                turn_around
 .text.walk_forward
                0x0000016a       0xf6 autonomouswalk.o
                0x0000016a                walk_forward
 .text.turn_right
                0x00000260       0x5e autonomouswalk.o
                0x00000260                turn_right
 .text.turn_left
                0x000002be       0x64 autonomouswalk.o
                0x000002be                turn_left
 .text.autonomouswalk_walk
                0x00000322       0x48 autonomouswalk.o
                0x00000322                autonomouswalk_walk
 .text.set_counter_1
                0x0000036a       0x24 counter.o
                0x0000036a                set_counter_1
 .text.set_counter_2
                0x0000038e       0x24 counter.o
                0x0000038e                set_counter_2
 .text.init_counters
                0x000003b2       0x46 counter.o
                0x000003b2                init_counters
 .text.FifoDataLength
                0x000003f8       0x10 fifo.o
                0x000003f8                FifoDataLength
 .text.FifoWrite
                0x00000408       0x40 fifo.o
                0x00000408                FifoWrite
 .text.FifoRead
                0x00000448       0x46 fifo.o
                0x00000448                FifoRead
 .text.navigation_set_Kp
                0x0000048e       0x1e Navigation.o
                0x0000048e                navigation_set_Kp
 .text.navigation_left_algorithm
                0x000004ac        0x6 Navigation.o
                0x000004ac                navigation_left_algorithm
 .text.navigation_set_algorithm
                0x000004b2        0x6 Navigation.o
                0x000004b2                navigation_set_algorithm
 .text.navigation_autonomous_walk
                0x000004b8        0x6 Navigation.o
                0x000004b8                navigation_autonomous_walk
 .text.navigation_set_autonomous_walk
                0x000004be        0x6 Navigation.o
                0x000004be                navigation_set_autonomous_walk
 .text.navigation_fill_buffer
                0x000004c4      0x13a Navigation.o
                0x000004c4                navigation_fill_buffer
 .text.navigation_get_sensor
                0x000005fe        0x4 Navigation.o
                0x000005fe                navigation_get_sensor
 .text.navigation_check_right_turn
                0x00000602       0x2a Navigation.o
                0x00000602                navigation_check_right_turn
 .text.navigation_check_left_turn
                0x0000062c       0x2a Navigation.o
                0x0000062c                navigation_check_left_turn
 .text.navigation_direction_regulation
                0x00000656      0x20c Navigation.o
                0x00000656                navigation_direction_regulation
 .text.navigation_angle_offset
                0x00000862      0x11c Navigation.o
                0x00000862                navigation_angle_offset
 .text.__vector_1
                0x0000097e       0x54 Navigation.o
                0x0000097e                __vector_1
 .text.__vector_2
                0x000009d2       0x54 Navigation.o
                0x000009d2                __vector_2
 .text.main     0x00000a26       0x7c Navigationsenheten.o
                0x00000a26                main
 .text.__vector_13
                0x00000aa2       0x1c Navigationsenheten.o
                0x00000aa2                __vector_13
 .text.__vector_32
                0x00000abe       0x1c Navigationsenheten.o
                0x00000abe                __vector_32
 .text.set_twi_reciever_enable
                0x00000ada        0x8 twi.o
 .text.clear_int
                0x00000ae2        0x8 twi.o
 .text.start_bus
                0x00000aea        0x8 twi.o
 .text.stop_bus
                0x00000af2        0x8 twi.o
 .text.Error    0x00000afa        0xe twi.o
 .text.get_data
                0x00000b08        0x6 twi.o
 .text.wait_for_bus
                0x00000b0e        0xc twi.o
 .text.send_data_and_wait
                0x00000b1a        0xc twi.o
 .text.stop_twi
                0x00000b26       0x2a twi.o
 .text.reset_TWI
                0x00000b50        0xc twi.o
 .text.get_sensor_from_bus
                0x00000b5c       0x56 twi.o
 .text.get_control_settings_from_bus
                0x00000bb2       0x22 twi.o
 .text.get_autonom_settings_from_bus
                0x00000bd4        0x8 twi.o
 .text.get_char_from_bus
                0x00000bdc       0x34 twi.o
 .text.TWI_init
                0x00000c10       0x46 twi.o
                0x00000c10                TWI_init
 .text.TWI_send_command
                0x00000c56       0x90 twi.o
                0x00000c56                TWI_send_command
 .text.TWI_send_string
                0x00000ce6       0x8c twi.o
                0x00000ce6                TWI_send_string
 .text.TWI_send_string_fixed_length
                0x00000d72       0x7c twi.o
                0x00000d72                TWI_send_string_fixed_length
 .text.TWI_send_float
                0x00000dee       0x90 twi.o
                0x00000dee                TWI_send_float
 .text.TWI_get_command
                0x00000e7e        0xa twi.o
                0x00000e7e                TWI_get_command
 .text.TWI_get_sensor
                0x00000e88        0xa twi.o
                0x00000e88                TWI_get_sensor
 .text.TWI_get_control_setting
                0x00000e92        0xa twi.o
                0x00000e92                TWI_get_control_setting
 .text.TWI_get_autonom_settings
                0x00000e9c        0x6 twi.o
                0x00000e9c                TWI_get_autonom_settings
 .text.TWI_sensor_flag
                0x00000ea2       0x14 twi.o
                0x00000ea2                TWI_sensor_flag
 .text.TWI_command_flag
                0x00000eb6       0x14 twi.o
                0x00000eb6                TWI_command_flag
 .text.TWI_control_settings_flag
                0x00000eca       0x14 twi.o
                0x00000eca                TWI_control_settings_flag
 .text.TWI_autonom_settings_flag
                0x00000ede       0x14 twi.o
                0x00000ede                TWI_autonom_settings_flag
 .text.write_to_TwiFIFO
                0x00000ef2       0x82 twi.o
                0x00000ef2                write_to_TwiFIFO
 .text.__vector_26
                0x00000f74      0x366 twi.o
                0x00000f74                __vector_26
 .text.USART_init
                0x000012da       0x18 usart.o
                0x000012da                USART_init
 .text.USART_CheckTxReady
                0x000012f2        0x8 usart.o
                0x000012f2                USART_CheckTxReady
 .text.USART_WriteByte
                0x000012fa       0x12 usart.o
                0x000012fa                USART_WriteByte
 .text.USART_crc16
                0x0000130c       0xb2 usart.o
                0x0000130c                USART_crc16
 .text.USART_SendPacket
                0x000013be       0xc0 usart.o
                0x000013be                USART_SendPacket
 .text.USART_SendCommand
                0x0000147e       0x24 usart.o
                0x0000147e                USART_SendCommand
 .text.USART_DecodeMessageRxFIFO
                0x000014a2       0xec usart.o
                0x000014a2                USART_DecodeMessageRxFIFO
 .text.USART_DecodeCommandRxFIFO
                0x0000158e       0xb4 usart.o
                0x0000158e                USART_DecodeCommandRxFIFO
 .text.USART_DecodeValueFIFO
                0x00001642       0xae usart.o
                0x00001642                USART_DecodeValueFIFO
 .text.USART_DecodeRxFIFO
                0x000016f0       0x3e usart.o
                0x000016f0                USART_DecodeRxFIFO
 .text.__vector_20
                0x0000172e      0x118 usart.o
                0x0000172e                __vector_20
 .text.USART_send_command_parameters
                0x00001846       0x12 usart.o
                0x00001846                USART_send_command_parameters
 .text.avr-libc.fplib
                0x00001858        0xa c:/program files (x86)/atmel/atmel toolchain/avr8 gcc/native/3.4.2.1002/avr8-gnu-toolchain/bin/../lib/gcc/avr/4.7.2/../../../../avr/lib/avr51\libm.a(addsf3.o)
                0x00001858                __subsf3
                0x0000185a                __addsf3
 .text.avr-libc.fplib
                0x00001862       0xc0 c:/program files (x86)/atmel/atmel toolchain/avr8 gcc/native/3.4.2.1002/avr8-gnu-toolchain/bin/../lib/gcc/avr/4.7.2/../../../../avr/lib/avr51\libm.a(addsf3x.o)
                0x0000187c                __addsf3x
 .text.avr-libc.fplib
                0x00001922       0x50 c:/program files (x86)/atmel/atmel toolchain/avr8 gcc/native/3.4.2.1002/avr8-gnu-toolchain/bin/../lib/gcc/avr/4.7.2/../../../../avr/lib/avr51\libm.a(atan.o)
                0x00001922                atan
 .text.avr-libc.fplib
                0x00001972        0x8 c:/program files (x86)/atmel/atmel toolchain/avr8 gcc/native/3.4.2.1002/avr8-gnu-toolchain/bin/../lib/gcc/avr/4.7.2/../../../../avr/lib/avr51\libm.a(cmpsf2.o)
                0x00001972                __nesf2
                0x00001972                __eqsf2
                0x00001972                __cmpsf2
                0x00001972                __ltsf2
                0x00001972                __lesf2
 .text.avr-libc.fplib
                0x0000197a        0x6 c:/program files (x86)/atmel/atmel toolchain/avr8 gcc/native/3.4.2.1002/avr8-gnu-toolchain/bin/../lib/gcc/avr/4.7.2/../../../../avr/lib/avr51\libm.a(cos.o)
                0x0000197a                cos
 .text.avr-libc.fplib
                0x00001980        0x4 c:/program files (x86)/atmel/atmel toolchain/avr8 gcc/native/3.4.2.1002/avr8-gnu-toolchain/bin/../lib/gcc/avr/4.7.2/../../../../avr/lib/avr51\libm.a(divsf3.o)
                0x00001980                __divsf3
 .text.avr-libc.fplib
                0x00001984       0xcc c:/program files (x86)/atmel/atmel toolchain/avr8 gcc/native/3.4.2.1002/avr8-gnu-toolchain/bin/../lib/gcc/avr/4.7.2/../../../../avr/lib/avr51\libm.a(divsf3x.o)
                0x0000199a                __divsf3x
                0x0000199e                __divsf3_pse
 .text.avr-libc.fplib
                0x00001a50        0xa c:/program files (x86)/atmel/atmel toolchain/avr8 gcc/native/3.4.2.1002/avr8-gnu-toolchain/bin/../lib/gcc/avr/4.7.2/../../../../avr/lib/avr51\libm.a(fixsfsi.o)
                0x00001a50                __fixsfsi
 .text.avr-libc.fplib
                0x00001a5a       0x58 c:/program files (x86)/atmel/atmel toolchain/avr8 gcc/native/3.4.2.1002/avr8-gnu-toolchain/bin/../lib/gcc/avr/4.7.2/../../../../avr/lib/avr51\libm.a(fixunssfsi.o)
                0x00001a5a                __fixunssfsi
 .text.avr-libc.fplib
                0x00001ab2       0x7a c:/program files (x86)/atmel/atmel toolchain/avr8 gcc/native/3.4.2.1002/avr8-gnu-toolchain/bin/../lib/gcc/avr/4.7.2/../../../../avr/lib/avr51\libm.a(floatsisf.o)
                0x00001ab2                __floatunsisf
                0x00001ab6                __floatsisf
 .text.avr-libc.fplib
                0x00001b2c       0x48 c:/program files (x86)/atmel/atmel toolchain/avr8 gcc/native/3.4.2.1002/avr8-gnu-toolchain/bin/../lib/gcc/avr/4.7.2/../../../../avr/lib/avr51\libm.a(fp_cmp.o)
                0x00001b2c                __fp_cmp
 .text.avr-libc.fplib
                0x00001b74        0xc c:/program files (x86)/atmel/atmel toolchain/avr8 gcc/native/3.4.2.1002/avr8-gnu-toolchain/bin/../lib/gcc/avr/4.7.2/../../../../avr/lib/avr51\libm.a(fp_inf.o)
                0x00001b74                __fp_inf
 .text.avr-libc.fplib
                0x00001b80        0x6 c:/program files (x86)/atmel/atmel toolchain/avr8 gcc/native/3.4.2.1002/avr8-gnu-toolchain/bin/../lib/gcc/avr/4.7.2/../../../../avr/lib/avr51\libm.a(fp_nan.o)
                0x00001b80                __fp_nan
 .text.avr-libc.fplib
                0x00001b86       0x4a c:/program files (x86)/atmel/atmel toolchain/avr8 gcc/native/3.4.2.1002/avr8-gnu-toolchain/bin/../lib/gcc/avr/4.7.2/../../../../avr/lib/avr51\libm.a(fp_powser.o)
                0x00001b86                __fp_powser
 .text.avr-libc.fplib
                0x00001bd0        0xe c:/program files (x86)/atmel/atmel toolchain/avr8 gcc/native/3.4.2.1002/avr8-gnu-toolchain/bin/../lib/gcc/avr/4.7.2/../../../../avr/lib/avr51\libm.a(fp_pscA.o)
                0x00001bd0                __fp_pscA
 .text.avr-libc.fplib
                0x00001bde        0xe c:/program files (x86)/atmel/atmel toolchain/avr8 gcc/native/3.4.2.1002/avr8-gnu-toolchain/bin/../lib/gcc/avr/4.7.2/../../../../avr/lib/avr51\libm.a(fp_pscB.o)
                0x00001bde                __fp_pscB
 .text.avr-libc.fplib
                0x00001bec       0x50 c:/program files (x86)/atmel/atmel toolchain/avr8 gcc/native/3.4.2.1002/avr8-gnu-toolchain/bin/../lib/gcc/avr/4.7.2/../../../../avr/lib/avr51\libm.a(fp_rempio2.o)
                0x00001bee                __fp_rempio2
 .text.avr-libc.fplib
                0x00001c3c       0x22 c:/program files (x86)/atmel/atmel toolchain/avr8 gcc/native/3.4.2.1002/avr8-gnu-toolchain/bin/../lib/gcc/avr/4.7.2/../../../../avr/lib/avr51\libm.a(fp_round.o)
                0x00001c3c                __fp_round
 .text.avr-libc.fplib
                0x00001c5e       0x22 c:/program files (x86)/atmel/atmel toolchain/avr8 gcc/native/3.4.2.1002/avr8-gnu-toolchain/bin/../lib/gcc/avr/4.7.2/../../../../avr/lib/avr51\libm.a(fp_sinus.o)
                0x00001c5e                __fp_sinus
 .text.avr-libc.fplib
                0x00001c80       0x44 c:/program files (x86)/atmel/atmel toolchain/avr8 gcc/native/3.4.2.1002/avr8-gnu-toolchain/bin/../lib/gcc/avr/4.7.2/../../../../avr/lib/avr51\libm.a(fp_split3.o)
                0x00001c80                __fp_split3
                0x00001c90                __fp_splitA
 .text.avr-libc.fplib
                0x00001cc4        0xe c:/program files (x86)/atmel/atmel toolchain/avr8 gcc/native/3.4.2.1002/avr8-gnu-toolchain/bin/../lib/gcc/avr/4.7.2/../../../../avr/lib/avr51\libm.a(fp_zero.o)
                0x00001cc4                __fp_zero
                0x00001cc6                __fp_szero
 .text.avr-libc.fplib
                0x00001cd2        0x8 c:/program files (x86)/atmel/atmel toolchain/avr8 gcc/native/3.4.2.1002/avr8-gnu-toolchain/bin/../lib/gcc/avr/4.7.2/../../../../avr/lib/avr51\libm.a(gesf2.o)
                0x00001cd2                __gesf2
                0x00001cd2                __gtsf2
 .text.avr-libc.fplib
                0x00001cda        0xe c:/program files (x86)/atmel/atmel toolchain/avr8 gcc/native/3.4.2.1002/avr8-gnu-toolchain/bin/../lib/gcc/avr/4.7.2/../../../../avr/lib/avr51\libm.a(inverse.o)
                0x00001cda                inverse
 .text.avr-libc.fplib
                0x00001ce8        0x4 c:/program files (x86)/atmel/atmel toolchain/avr8 gcc/native/3.4.2.1002/avr8-gnu-toolchain/bin/../lib/gcc/avr/4.7.2/../../../../avr/lib/avr51\libm.a(mulsf3.o)
                0x00001ce8                __mulsf3
 .text.avr-libc.fplib
                0x00001cec       0xc2 c:/program files (x86)/atmel/atmel toolchain/avr8 gcc/native/3.4.2.1002/avr8-gnu-toolchain/bin/../lib/gcc/avr/4.7.2/../../../../avr/lib/avr51\libm.a(mulsf3x.o)
                0x00001d00                __mulsf3x
                0x00001d04                __mulsf3_pse
 .text.avr-libc.fplib
                0x00001dae        0x6 c:/program files (x86)/atmel/atmel toolchain/avr8 gcc/native/3.4.2.1002/avr8-gnu-toolchain/bin/../lib/gcc/avr/4.7.2/../../../../avr/lib/avr51\libm.a(square.o)
                0x00001dae                square
 .text.avr-libc.fplib
                0x00001db4       0x1c c:/program files (x86)/atmel/atmel toolchain/avr8 gcc/native/3.4.2.1002/avr8-gnu-toolchain/bin/../lib/gcc/avr/4.7.2/../../../../avr/lib/avr51\libm.a(fp_mpack.o)
                0x00001db4                __fp_mpack
                0x00001db8                __fp_mpack_finite
 .text.avr-libc.fplib
                0x00001dd0       0x22 c:/program files (x86)/atmel/atmel toolchain/avr8 gcc/native/3.4.2.1002/avr8-gnu-toolchain/bin/../lib/gcc/avr/4.7.2/../../../../avr/lib/avr51\libm.a(fp_powsodd.o)
                0x00001dd0                __fp_powsodd
                0x00001df2                . = ALIGN (0x2)
 *(.fini9)
 .fini9         0x00001df2        0x0 c:/program files (x86)/atmel/atmel toolchain/avr8 gcc/native/3.4.2.1002/avr8-gnu-toolchain/bin/../lib/gcc/avr/4.7.2/avr51\libgcc.a(_exit.o)
                0x00001df2                _exit
                0x00001df2                exit
 *(.fini9)
 *(.fini8)
 *(.fini8)
 *(.fini7)
 *(.fini7)
 *(.fini6)
 *(.fini6)
 *(.fini5)
 *(.fini5)
 *(.fini4)
 *(.fini4)
 *(.fini3)
 *(.fini3)
 *(.fini2)
 *(.fini2)
 *(.fini1)
 *(.fini1)
 *(.fini0)
 .fini0         0x00001df2        0x4 c:/program files (x86)/atmel/atmel toolchain/avr8 gcc/native/3.4.2.1002/avr8-gnu-toolchain/bin/../lib/gcc/avr/4.7.2/avr51\libgcc.a(_exit.o)
 *(.fini0)
                0x00001df6                _etext = .

.data           0x00800100     0x21ba load address 0x00001df6
                0x00800100                PROVIDE (__data_start, .)
 *(.data)
 .data          0x00800100        0x0 c:/program files (x86)/atmel/atmel toolchain/avr8 gcc/native/3.4.2.1002/avr8-gnu-toolchain/bin/../lib/gcc/avr/4.7.2/../../../../avr/lib/avr51/crtm1284p.o
 .data          0x00800100        0x0 autonomouswalk.o
 .data          0x00800100        0x0 counter.o
 .data          0x00800100        0x0 fifo.o
 .data          0x00800100        0x0 Navigation.o
 .data          0x00800100        0x0 Navigationsenheten.o
 .data          0x00800100        0x0 twi.o
 .data          0x00800100        0x0 usart.o
 .data          0x00800100        0x0 c:/program files (x86)/atmel/atmel toolchain/avr8 gcc/native/3.4.2.1002/avr8-gnu-toolchain/bin/../lib/gcc/avr/4.7.2/../../../../avr/lib/avr51\libm.a(addsf3.o)
 .data          0x00800100        0x0 c:/program files (x86)/atmel/atmel toolchain/avr8 gcc/native/3.4.2.1002/avr8-gnu-toolchain/bin/../lib/gcc/avr/4.7.2/../../../../avr/lib/avr51\libm.a(addsf3x.o)
 .data          0x00800100        0x0 c:/program files (x86)/atmel/atmel toolchain/avr8 gcc/native/3.4.2.1002/avr8-gnu-toolchain/bin/../lib/gcc/avr/4.7.2/../../../../avr/lib/avr51\libm.a(atan.o)
 .data          0x00800100        0x0 c:/program files (x86)/atmel/atmel toolchain/avr8 gcc/native/3.4.2.1002/avr8-gnu-toolchain/bin/../lib/gcc/avr/4.7.2/../../../../avr/lib/avr51\libm.a(cmpsf2.o)
 .data          0x00800100        0x0 c:/program files (x86)/atmel/atmel toolchain/avr8 gcc/native/3.4.2.1002/avr8-gnu-toolchain/bin/../lib/gcc/avr/4.7.2/../../../../avr/lib/avr51\libm.a(cos.o)
 .data          0x00800100        0x0 c:/program files (x86)/atmel/atmel toolchain/avr8 gcc/native/3.4.2.1002/avr8-gnu-toolchain/bin/../lib/gcc/avr/4.7.2/../../../../avr/lib/avr51\libm.a(divsf3.o)
 .data          0x00800100        0x0 c:/program files (x86)/atmel/atmel toolchain/avr8 gcc/native/3.4.2.1002/avr8-gnu-toolchain/bin/../lib/gcc/avr/4.7.2/../../../../avr/lib/avr51\libm.a(divsf3x.o)
 .data          0x00800100        0x0 c:/program files (x86)/atmel/atmel toolchain/avr8 gcc/native/3.4.2.1002/avr8-gnu-toolchain/bin/../lib/gcc/avr/4.7.2/../../../../avr/lib/avr51\libm.a(fixsfsi.o)
 .data          0x00800100        0x0 c:/program files (x86)/atmel/atmel toolchain/avr8 gcc/native/3.4.2.1002/avr8-gnu-toolchain/bin/../lib/gcc/avr/4.7.2/../../../../avr/lib/avr51\libm.a(fixunssfsi.o)
 .data          0x00800100        0x0 c:/program files (x86)/atmel/atmel toolchain/avr8 gcc/native/3.4.2.1002/avr8-gnu-toolchain/bin/../lib/gcc/avr/4.7.2/../../../../avr/lib/avr51\libm.a(floatsisf.o)
 .data          0x00800100        0x0 c:/program files (x86)/atmel/atmel toolchain/avr8 gcc/native/3.4.2.1002/avr8-gnu-toolchain/bin/../lib/gcc/avr/4.7.2/../../../../avr/lib/avr51\libm.a(fp_cmp.o)
 .data          0x00800100        0x0 c:/program files (x86)/atmel/atmel toolchain/avr8 gcc/native/3.4.2.1002/avr8-gnu-toolchain/bin/../lib/gcc/avr/4.7.2/../../../../avr/lib/avr51\libm.a(fp_inf.o)
 .data          0x00800100        0x0 c:/program files (x86)/atmel/atmel toolchain/avr8 gcc/native/3.4.2.1002/avr8-gnu-toolchain/bin/../lib/gcc/avr/4.7.2/../../../../avr/lib/avr51\libm.a(fp_nan.o)
 .data          0x00800100        0x0 c:/program files (x86)/atmel/atmel toolchain/avr8 gcc/native/3.4.2.1002/avr8-gnu-toolchain/bin/../lib/gcc/avr/4.7.2/../../../../avr/lib/avr51\libm.a(fp_powser.o)
 .data          0x00800100        0x0 c:/program files (x86)/atmel/atmel toolchain/avr8 gcc/native/3.4.2.1002/avr8-gnu-toolchain/bin/../lib/gcc/avr/4.7.2/../../../../avr/lib/avr51\libm.a(fp_pscA.o)
 .data          0x00800100        0x0 c:/program files (x86)/atmel/atmel toolchain/avr8 gcc/native/3.4.2.1002/avr8-gnu-toolchain/bin/../lib/gcc/avr/4.7.2/../../../../avr/lib/avr51\libm.a(fp_pscB.o)
 .data          0x00800100        0x0 c:/program files (x86)/atmel/atmel toolchain/avr8 gcc/native/3.4.2.1002/avr8-gnu-toolchain/bin/../lib/gcc/avr/4.7.2/../../../../avr/lib/avr51\libm.a(fp_rempio2.o)
 .data          0x00800100        0x0 c:/program files (x86)/atmel/atmel toolchain/avr8 gcc/native/3.4.2.1002/avr8-gnu-toolchain/bin/../lib/gcc/avr/4.7.2/../../../../avr/lib/avr51\libm.a(fp_round.o)
 .data          0x00800100        0x0 c:/program files (x86)/atmel/atmel toolchain/avr8 gcc/native/3.4.2.1002/avr8-gnu-toolchain/bin/../lib/gcc/avr/4.7.2/../../../../avr/lib/avr51\libm.a(fp_sinus.o)
 .data          0x00800100        0x0 c:/program files (x86)/atmel/atmel toolchain/avr8 gcc/native/3.4.2.1002/avr8-gnu-toolchain/bin/../lib/gcc/avr/4.7.2/../../../../avr/lib/avr51\libm.a(fp_split3.o)
 .data          0x00800100        0x0 c:/program files (x86)/atmel/atmel toolchain/avr8 gcc/native/3.4.2.1002/avr8-gnu-toolchain/bin/../lib/gcc/avr/4.7.2/../../../../avr/lib/avr51\libm.a(fp_zero.o)
 .data          0x00800100        0x0 c:/program files (x86)/atmel/atmel toolchain/avr8 gcc/native/3.4.2.1002/avr8-gnu-toolchain/bin/../lib/gcc/avr/4.7.2/../../../../avr/lib/avr51\libm.a(gesf2.o)
 .data          0x00800100        0x0 c:/program files (x86)/atmel/atmel toolchain/avr8 gcc/native/3.4.2.1002/avr8-gnu-toolchain/bin/../lib/gcc/avr/4.7.2/../../../../avr/lib/avr51\libm.a(inverse.o)
 .data          0x00800100        0x0 c:/program files (x86)/atmel/atmel toolchain/avr8 gcc/native/3.4.2.1002/avr8-gnu-toolchain/bin/../lib/gcc/avr/4.7.2/../../../../avr/lib/avr51\libm.a(mulsf3.o)
 .data          0x00800100        0x0 c:/program files (x86)/atmel/atmel toolchain/avr8 gcc/native/3.4.2.1002/avr8-gnu-toolchain/bin/../lib/gcc/avr/4.7.2/../../../../avr/lib/avr51\libm.a(mulsf3x.o)
 .data          0x00800100        0x0 c:/program files (x86)/atmel/atmel toolchain/avr8 gcc/native/3.4.2.1002/avr8-gnu-toolchain/bin/../lib/gcc/avr/4.7.2/../../../../avr/lib/avr51\libm.a(square.o)
 .data          0x00800100        0x0 c:/program files (x86)/atmel/atmel toolchain/avr8 gcc/native/3.4.2.1002/avr8-gnu-toolchain/bin/../lib/gcc/avr/4.7.2/../../../../avr/lib/avr51\libm.a(fp_mpack.o)
 .data          0x00800100        0x0 c:/program files (x86)/atmel/atmel toolchain/avr8 gcc/native/3.4.2.1002/avr8-gnu-toolchain/bin/../lib/gcc/avr/4.7.2/../../../../avr/lib/avr51\libm.a(fp_powsodd.o)
 .data          0x00800100        0x0 c:/program files (x86)/atmel/atmel toolchain/avr8 gcc/native/3.4.2.1002/avr8-gnu-toolchain/bin/../lib/gcc/avr/4.7.2/avr51\libgcc.a(_exit.o)
 .data          0x00800100        0x0 c:/program files (x86)/atmel/atmel toolchain/avr8 gcc/native/3.4.2.1002/avr8-gnu-toolchain/bin/../lib/gcc/avr/4.7.2/avr51\libgcc.a(_copy_data.o)
 .data          0x00800100        0x0 c:/program files (x86)/atmel/atmel toolchain/avr8 gcc/native/3.4.2.1002/avr8-gnu-toolchain/bin/../lib/gcc/avr/4.7.2/avr51\libgcc.a(_clear_bss.o)
 *(.data*)
 .data.gStatus  0x00800100        0x1 autonomouswalk.o
                0x00800100                gStatus
 .data.gSpeed   0x00800101        0x1 autonomouswalk.o
                0x00800101                gSpeed
 .data.gAutonomousWalk
                0x00800102        0x1 Navigation.o
                0x00800102                gAutonomousWalk
 .data.gKp      0x00800103        0x4 Navigation.o
                0x00800103                gKp
 .data.gAlgorithm
                0x00800107        0x1 Navigation.o
                0x00800107                gAlgorithm
 .data.gTwiFIFO
                0x00800108        0x2 twi.o
                0x00800108                gTwiFIFO
 .data._raw_gTwiFIFO
                0x0080010a     0x1006 twi.o
                0x0080010a                _raw_gTwiFIFO
 .data.gRxFIFO  0x00801110        0x2 usart.o
                0x00801110                gRxFIFO
 .data._raw_gRxFIFO
                0x00801112     0x1006 usart.o
                0x00801112                _raw_gRxFIFO
 *(.rodata)
 *(.rodata*)
 .rodata.str1.1
                0x00802118       0x94 autonomouswalk.o
 .rodata.str1.1
                0x008021ac      0x10d usart.o
 *(.gnu.linkonce.d*)
                0x008022ba                . = ALIGN (0x2)
 *fill*         0x008022b9        0x1 
                0x008022ba                _edata = .
                0x008022ba                PROVIDE (__data_end, .)

.bss            0x008022ba      0x67a
                0x008022ba                PROVIDE (__bss_start, .)
 *(.bss)
 *(.bss*)
 .bss.currentBufferLine
                0x008022ba        0x1 Navigation.o
                0x008022ba                currentBufferLine
 .bss.sweepFlag_
                0x008022bb        0x1 twi.o
                0x008022bb                sweepFlag_
 .bss.elevationFlag_
                0x008022bc        0x1 twi.o
                0x008022bc                elevationFlag_
 .bss.autonomSettingsFlag_
                0x008022bd        0x1 twi.o
                0x008022bd                autonomSettingsFlag_
 .bss.controlSettingsFlag_
                0x008022be        0x1 twi.o
                0x008022be                controlSettingsFlag_
 .bss.commandFlag_
                0x008022bf        0x1 twi.o
                0x008022bf                commandFlag_
 .bss.sensorFlag_
                0x008022c0        0x1 twi.o
                0x008022c0                sensorFlag_
 .bss.gInvertNextFlag
                0x008022c1        0x2 usart.o
                0x008022c1                gInvertNextFlag
 .bss.gRxBufferIndex
                0x008022c3        0x2 usart.o
                0x008022c3                gRxBufferIndex
 *(COMMON)
 COMMON         0x008022c5       0x40 Navigation.o
                0x008022c5                medianBuffer
                0x008022cd                sensorBuffer
 COMMON         0x00802305      0x126 twi.o
                0x00802305                floatMessage
                0x00802309                command
                0x0080230c                autonomSettings
                0x0080230d                message
                0x0080240c                messageCounter
                0x0080240e                controlSettings
                0x00802411                currentSetting
                0x00802413                myAdress
                0x00802414                floatCounter
                0x00802416                instruction
                0x00802417                currentCommand
                0x00802419                elevation
                0x0080241b                servo
                0x0080241c                messageLength
                0x0080241e                sweep
                0x0080241f                currentInstruction
                0x00802421                sensor
                0x00802423                sensors
 COMMON         0x0080242b      0x509 usart.o
                0x0080242b                gRxBuffer
                0x00802630                gTxPayload
                0x0080272f                gTxBuffer
                0x00802934                PROVIDE (__bss_end, .)
                0x00001df6                __data_load_start = LOADADDR (.data)
                0x00003fb0                __data_load_end = (__data_load_start + SIZEOF (.data))

.noinit         0x00802934        0x0
                0x00802934                PROVIDE (__noinit_start, .)
 *(.noinit*)
                0x00802934                PROVIDE (__noinit_end, .)
                0x00802934                _end = .
                0x00802934                PROVIDE (__heap_start, .)

.eeprom         0x00810000        0x0
 *(.eeprom*)
                0x00810000                __eeprom_end = .

.fuse
 *(.fuse)
 *(.lfuse)
 *(.hfuse)
 *(.efuse)

.lock
 *(.lock*)

.signature
 *(.signature*)

.user_signatures
 *(.user_signatures*)

.stab           0x00000000     0x2e68
 *(.stab)
 .stab          0x00000000      0x6cc c:/program files (x86)/atmel/atmel toolchain/avr8 gcc/native/3.4.2.1002/avr8-gnu-toolchain/bin/../lib/gcc/avr/4.7.2/../../../../avr/lib/avr51/crtm1284p.o
 .stab          0x000006cc       0x78 c:/program files (x86)/atmel/atmel toolchain/avr8 gcc/native/3.4.2.1002/avr8-gnu-toolchain/bin/../lib/gcc/avr/4.7.2/../../../../avr/lib/avr51\libm.a(addsf3.o)
                                 0x84 (size before relaxing)
 .stab          0x00000744      0x4bc c:/program files (x86)/atmel/atmel toolchain/avr8 gcc/native/3.4.2.1002/avr8-gnu-toolchain/bin/../lib/gcc/avr/4.7.2/../../../../avr/lib/avr51\libm.a(addsf3x.o)
                                0x4c8 (size before relaxing)
 .stab          0x00000c00      0x210 c:/program files (x86)/atmel/atmel toolchain/avr8 gcc/native/3.4.2.1002/avr8-gnu-toolchain/bin/../lib/gcc/avr/4.7.2/../../../../avr/lib/avr51\libm.a(atan.o)
                                0x21c (size before relaxing)
 .stab          0x00000e10       0x90 c:/program files (x86)/atmel/atmel toolchain/avr8 gcc/native/3.4.2.1002/avr8-gnu-toolchain/bin/../lib/gcc/avr/4.7.2/../../../../avr/lib/avr51\libm.a(cmpsf2.o)
                                 0x9c (size before relaxing)
 .stab          0x00000ea0       0x54 c:/program files (x86)/atmel/atmel toolchain/avr8 gcc/native/3.4.2.1002/avr8-gnu-toolchain/bin/../lib/gcc/avr/4.7.2/../../../../avr/lib/avr51\libm.a(cos.o)
                                 0x60 (size before relaxing)
 .stab          0x00000ef4       0x48 c:/program files (x86)/atmel/atmel toolchain/avr8 gcc/native/3.4.2.1002/avr8-gnu-toolchain/bin/../lib/gcc/avr/4.7.2/../../../../avr/lib/avr51\libm.a(divsf3.o)
                                 0x54 (size before relaxing)
 .stab          0x00000f3c      0x510 c:/program files (x86)/atmel/atmel toolchain/avr8 gcc/native/3.4.2.1002/avr8-gnu-toolchain/bin/../lib/gcc/avr/4.7.2/../../../../avr/lib/avr51\libm.a(divsf3x.o)
                                0x51c (size before relaxing)
 .stab          0x0000144c       0x6c c:/program files (x86)/atmel/atmel toolchain/avr8 gcc/native/3.4.2.1002/avr8-gnu-toolchain/bin/../lib/gcc/avr/4.7.2/../../../../avr/lib/avr51\libm.a(fixsfsi.o)
                                 0x78 (size before relaxing)
 .stab          0x000014b8      0x240 c:/program files (x86)/atmel/atmel toolchain/avr8 gcc/native/3.4.2.1002/avr8-gnu-toolchain/bin/../lib/gcc/avr/4.7.2/../../../../avr/lib/avr51\libm.a(fixunssfsi.o)
                                0x24c (size before relaxing)
 .stab          0x000016f8      0x318 c:/program files (x86)/atmel/atmel toolchain/avr8 gcc/native/3.4.2.1002/avr8-gnu-toolchain/bin/../lib/gcc/avr/4.7.2/../../../../avr/lib/avr51\libm.a(floatsisf.o)
                                0x324 (size before relaxing)
 .stab          0x00001a10      0x1e0 c:/program files (x86)/atmel/atmel toolchain/avr8 gcc/native/3.4.2.1002/avr8-gnu-toolchain/bin/../lib/gcc/avr/4.7.2/../../../../avr/lib/avr51\libm.a(fp_cmp.o)
                                0x1ec (size before relaxing)
 .stab          0x00001bf0       0x78 c:/program files (x86)/atmel/atmel toolchain/avr8 gcc/native/3.4.2.1002/avr8-gnu-toolchain/bin/../lib/gcc/avr/4.7.2/../../../../avr/lib/avr51\libm.a(fp_inf.o)
                                 0x84 (size before relaxing)
 .stab          0x00001c68       0x54 c:/program files (x86)/atmel/atmel toolchain/avr8 gcc/native/3.4.2.1002/avr8-gnu-toolchain/bin/../lib/gcc/avr/4.7.2/../../../../avr/lib/avr51\libm.a(fp_nan.o)
                                 0x60 (size before relaxing)
 .stab          0x00001cbc      0x1ec c:/program files (x86)/atmel/atmel toolchain/avr8 gcc/native/3.4.2.1002/avr8-gnu-toolchain/bin/../lib/gcc/avr/4.7.2/../../../../avr/lib/avr51\libm.a(fp_powser.o)
                                0x1f8 (size before relaxing)
 .stab          0x00001ea8       0x84 c:/program files (x86)/atmel/atmel toolchain/avr8 gcc/native/3.4.2.1002/avr8-gnu-toolchain/bin/../lib/gcc/avr/4.7.2/../../../../avr/lib/avr51\libm.a(fp_pscA.o)
                                 0x90 (size before relaxing)
 .stab          0x00001f2c       0x84 c:/program files (x86)/atmel/atmel toolchain/avr8 gcc/native/3.4.2.1002/avr8-gnu-toolchain/bin/../lib/gcc/avr/4.7.2/../../../../avr/lib/avr51\libm.a(fp_pscB.o)
                                 0x90 (size before relaxing)
 .stab          0x00001fb0      0x21c c:/program files (x86)/atmel/atmel toolchain/avr8 gcc/native/3.4.2.1002/avr8-gnu-toolchain/bin/../lib/gcc/avr/4.7.2/../../../../avr/lib/avr51\libm.a(fp_rempio2.o)
                                0x228 (size before relaxing)
 .stab          0x000021cc       0xfc c:/program files (x86)/atmel/atmel toolchain/avr8 gcc/native/3.4.2.1002/avr8-gnu-toolchain/bin/../lib/gcc/avr/4.7.2/../../../../avr/lib/avr51\libm.a(fp_round.o)
                                0x108 (size before relaxing)
 .stab          0x000022c8       0xfc c:/program files (x86)/atmel/atmel toolchain/avr8 gcc/native/3.4.2.1002/avr8-gnu-toolchain/bin/../lib/gcc/avr/4.7.2/../../../../avr/lib/avr51\libm.a(fp_sinus.o)
                                0x108 (size before relaxing)
 .stab          0x000023c4      0x1d4 c:/program files (x86)/atmel/atmel toolchain/avr8 gcc/native/3.4.2.1002/avr8-gnu-toolchain/bin/../lib/gcc/avr/4.7.2/../../../../avr/lib/avr51\libm.a(fp_split3.o)
                                0x1e0 (size before relaxing)
 .stab          0x00002598       0x90 c:/program files (x86)/atmel/atmel toolchain/avr8 gcc/native/3.4.2.1002/avr8-gnu-toolchain/bin/../lib/gcc/avr/4.7.2/../../../../avr/lib/avr51\libm.a(fp_zero.o)
                                 0x9c (size before relaxing)
 .stab          0x00002628       0x6c c:/program files (x86)/atmel/atmel toolchain/avr8 gcc/native/3.4.2.1002/avr8-gnu-toolchain/bin/../lib/gcc/avr/4.7.2/../../../../avr/lib/avr51\libm.a(gesf2.o)
                                 0x78 (size before relaxing)
 .stab          0x00002694       0x84 c:/program files (x86)/atmel/atmel toolchain/avr8 gcc/native/3.4.2.1002/avr8-gnu-toolchain/bin/../lib/gcc/avr/4.7.2/../../../../avr/lib/avr51\libm.a(inverse.o)
                                 0x90 (size before relaxing)
 .stab          0x00002718       0x48 c:/program files (x86)/atmel/atmel toolchain/avr8 gcc/native/3.4.2.1002/avr8-gnu-toolchain/bin/../lib/gcc/avr/4.7.2/../../../../avr/lib/avr51\libm.a(mulsf3.o)
                                 0x54 (size before relaxing)
 .stab          0x00002760      0x4d4 c:/program files (x86)/atmel/atmel toolchain/avr8 gcc/native/3.4.2.1002/avr8-gnu-toolchain/bin/../lib/gcc/avr/4.7.2/../../../../avr/lib/avr51\libm.a(mulsf3x.o)
                                0x4e0 (size before relaxing)
 .stab          0x00002c34       0x54 c:/program files (x86)/atmel/atmel toolchain/avr8 gcc/native/3.4.2.1002/avr8-gnu-toolchain/bin/../lib/gcc/avr/4.7.2/../../../../avr/lib/avr51\libm.a(square.o)
                                 0x60 (size before relaxing)
 .stab          0x00002c88       0xe4 c:/program files (x86)/atmel/atmel toolchain/avr8 gcc/native/3.4.2.1002/avr8-gnu-toolchain/bin/../lib/gcc/avr/4.7.2/../../../../avr/lib/avr51\libm.a(fp_mpack.o)
                                 0xf0 (size before relaxing)
 .stab          0x00002d6c       0xfc c:/program files (x86)/atmel/atmel toolchain/avr8 gcc/native/3.4.2.1002/avr8-gnu-toolchain/bin/../lib/gcc/avr/4.7.2/../../../../avr/lib/avr51\libm.a(fp_powsodd.o)
                                0x108 (size before relaxing)

.stabstr        0x00000000      0xd48
 *(.stabstr)
 .stabstr       0x00000000      0xd48 c:/program files (x86)/atmel/atmel toolchain/avr8 gcc/native/3.4.2.1002/avr8-gnu-toolchain/bin/../lib/gcc/avr/4.7.2/../../../../avr/lib/avr51/crtm1284p.o

.stab.excl
 *(.stab.excl)

.stab.exclstr
 *(.stab.exclstr)

.stab.index
 *(.stab.index)

.stab.indexstr
 *(.stab.indexstr)

.comment        0x00000000       0x2f
 *(.comment)
 .comment       0x00000000       0x2f autonomouswalk.o
                                 0x30 (size before relaxing)
 .comment       0x00000000       0x30 counter.o
 .comment       0x00000000       0x30 fifo.o
 .comment       0x00000000       0x30 Navigation.o
 .comment       0x00000000       0x30 Navigationsenheten.o
 .comment       0x00000000       0x30 twi.o
 .comment       0x00000000       0x30 usart.o

.debug
 *(.debug)

.line
 *(.line)

.debug_srcinfo
 *(.debug_srcinfo)

.debug_sfnames
 *(.debug_sfnames)

.debug_aranges  0x00000000      0x398
 *(.debug_aranges)
 .debug_aranges
                0x00000000       0x60 autonomouswalk.o
 .debug_aranges
                0x00000060       0x30 counter.o
 .debug_aranges
                0x00000090       0x30 fifo.o
 .debug_aranges
                0x000000c0       0xa0 Navigation.o
 .debug_aranges
                0x00000160       0x30 Navigationsenheten.o
 .debug_aranges
                0x00000190      0x168 twi.o
 .debug_aranges
                0x000002f8       0xa0 usart.o

.debug_pubnames
 *(.debug_pubnames)

.debug_info     0x00000000     0x33c8
 *(.debug_info)
 .debug_info    0x00000000      0x74d autonomouswalk.o
 .debug_info    0x0000074d      0x119 counter.o
 .debug_info    0x00000866      0x1b1 fifo.o
 .debug_info    0x00000a17      0x871 Navigation.o
 .debug_info    0x00001288      0x3ab Navigationsenheten.o
 .debug_info    0x00001633     0x12c5 twi.o
 .debug_info    0x000028f8      0xad0 usart.o
 *(.gnu.linkonce.wi.*)

.debug_abbrev   0x00000000      0xf2b
 *(.debug_abbrev)
 .debug_abbrev  0x00000000      0x223 autonomouswalk.o
 .debug_abbrev  0x00000223       0x9c counter.o
 .debug_abbrev  0x000002bf       0xce fifo.o
 .debug_abbrev  0x0000038d      0x345 Navigation.o
 .debug_abbrev  0x000006d2      0x1a8 Navigationsenheten.o
 .debug_abbrev  0x0000087a      0x354 twi.o
 .debug_abbrev  0x00000bce      0x35d usart.o

.debug_line     0x00000000     0x2117
 *(.debug_line)
 .debug_line    0x00000000      0x3bb autonomouswalk.o
 .debug_line    0x000003bb      0x13c counter.o
 .debug_line    0x000004f7      0x14f fifo.o
 .debug_line    0x00000646      0x42f Navigation.o
 .debug_line    0x00000a75      0x2a8 Navigationsenheten.o
 .debug_line    0x00000d1d      0xe16 twi.o
 .debug_line    0x00001b33      0x5e4 usart.o

.debug_frame    0x00000000      0xb08
 *(.debug_frame)
 .debug_frame   0x00000000       0xfc autonomouswalk.o
 .debug_frame   0x000000fc       0x44 counter.o
 .debug_frame   0x00000140       0x68 fifo.o
 .debug_frame   0x000001a8      0x248 Navigation.o
 .debug_frame   0x000003f0       0x5c Navigationsenheten.o
 .debug_frame   0x0000044c      0x460 twi.o
 .debug_frame   0x000008ac      0x25c usart.o

.debug_str      0x00000000      0xc2c
 *(.debug_str)
 .debug_str     0x00000000      0x306 autonomouswalk.o
                                0x352 (size before relaxing)
 .debug_str     0x00000306       0x9c counter.o
                                0x120 (size before relaxing)
 .debug_str     0x000003a2       0x9a fifo.o
                                0x138 (size before relaxing)
 .debug_str     0x0000043c      0x191 Navigation.o
                                0x335 (size before relaxing)
 .debug_str     0x000005cd       0xfb Navigationsenheten.o
                                0x2ce (size before relaxing)
 .debug_str     0x000006c8      0x403 twi.o
                                0x638 (size before relaxing)
 .debug_str     0x00000acb      0x161 usart.o
                                0x3ba (size before relaxing)

.debug_loc      0x00000000     0x22af
 *(.debug_loc)
 .debug_loc     0x00000000      0x3b2 autonomouswalk.o
 .debug_loc     0x000003b2       0x6c counter.o
 .debug_loc     0x0000041e      0x17b fifo.o
 .debug_loc     0x00000599      0x641 Navigation.o
 .debug_loc     0x00000bda       0x87 Navigationsenheten.o
 .debug_loc     0x00000c61      0xc96 twi.o
 .debug_loc     0x000018f7      0x9b8 usart.o

.debug_macinfo
 *(.debug_macinfo)

.debug_pubtypes
 *(.debug_pubtypes)

.debug_ranges   0x00000000      0x418
 *(.debug_ranges)
 .debug_ranges  0x00000000       0x50 autonomouswalk.o
 .debug_ranges  0x00000050       0x20 counter.o
 .debug_ranges  0x00000070       0x20 fifo.o
 .debug_ranges  0x00000090      0x120 Navigation.o
 .debug_ranges  0x000001b0       0x20 Navigationsenheten.o
 .debug_ranges  0x000001d0      0x1a0 twi.o
 .debug_ranges  0x00000370       0xa8 usart.o

.debug_macro
 *(.debug_macro)
OUTPUT(Navigationsenheten.elf elf32-avr)
LOAD linker stubs
