Archive member included because of file (symbol)

c:/program files (x86)/atmel/atmel toolchain/avr8 gcc/native/3.4.2.1002/avr8-gnu-toolchain/bin/../lib/gcc/avr/4.7.2/avr51\libgcc.a(_exit.o)
                              c:/program files (x86)/atmel/atmel toolchain/avr8 gcc/native/3.4.2.1002/avr8-gnu-toolchain/bin/../lib/gcc/avr/4.7.2/../../../../avr/lib/avr51/crtm1284p.o (exit)
c:/program files (x86)/atmel/atmel toolchain/avr8 gcc/native/3.4.2.1002/avr8-gnu-toolchain/bin/../lib/gcc/avr/4.7.2/avr51\libgcc.a(_copy_data.o)
                              usart.o (__do_copy_data)
c:/program files (x86)/atmel/atmel toolchain/avr8 gcc/native/3.4.2.1002/avr8-gnu-toolchain/bin/../lib/gcc/avr/4.7.2/avr51\libgcc.a(_clear_bss.o)
                              kommunikationsmodulen.o (__do_clear_bss)

Allocating common symbols
Common symbol       size              file

gRxBuffer           0x205             usart.o
message_length      0x2               twi.o
settings            0x2               twi.o
current_instruction
                    0x2               kommunikationsmodulen.o
command             0x6               twi.o
message             0xff              twi.o
instruction         0x1               kommunikationsmodulen.o
current_command     0x2               twi.o
buffer              0xe               twi.o
message_counter     0x2               twi.o
servo               0x2               twi.o
my_adress           0x2               kommunikationsmodulen.o
gTxPayload          0xff              usart.o
sweep               0x2               twi.o
gTxBuffer           0x205             usart.o
sensor              0x2               twi.o
sensors             0xe               twi.o

Discarded input sections

 .bss           0x00000000        0x0 c:/program files (x86)/atmel/atmel toolchain/avr8 gcc/native/3.4.2.1002/avr8-gnu-toolchain/bin/../lib/gcc/avr/4.7.2/../../../../avr/lib/avr51/crtm1284p.o
 .text          0x00000000        0x0 fifo.o
 .bss           0x00000000        0x0 fifo.o
 .text          0x00000000        0x0 kommunikationsmodulen.o
 .bss           0x00000000        0x0 kommunikationsmodulen.o
 .text          0x00000000        0x0 twi.o
 .bss           0x00000000        0x0 twi.o
 .text.send_status
                0x00000000       0x7c twi.o
 .text.send_settings
                0x00000000       0x90 twi.o
 .text.send_sweep
                0x00000000       0x90 twi.o
 .text.send_command
                0x00000000       0xe4 twi.o
 .text.send_sensors
                0x00000000       0x94 twi.o
 .text.send_something
                0x00000000       0xa0 twi.o
 .text.get_command_from_bus
                0x00000000       0x34 twi.o
 .text.get_command
                0x00000000       0x10 twi.o
 .text.get_message_length
                0x00000000        0xa twi.o
 .text.get_char
                0x00000000        0xa twi.o
 .text.get_sweep_from_bus
                0x00000000        0xe twi.o
 .text.get_sweep
                0x00000000        0xa twi.o
 .text          0x00000000        0x0 usart.o
 .bss           0x00000000        0x0 usart.o
 .text.USART_CheckRxComplete
                0x00000000        0x8 usart.o
 .text.USART_ReadByte
                0x00000000        0x6 usart.o
 .text.USART_SendMessage
                0x00000000       0x44 usart.o
 .text          0x00000000        0x0 c:/program files (x86)/atmel/atmel toolchain/avr8 gcc/native/3.4.2.1002/avr8-gnu-toolchain/bin/../lib/gcc/avr/4.7.2/avr51\libgcc.a(_exit.o)
 .bss           0x00000000        0x0 c:/program files (x86)/atmel/atmel toolchain/avr8 gcc/native/3.4.2.1002/avr8-gnu-toolchain/bin/../lib/gcc/avr/4.7.2/avr51\libgcc.a(_exit.o)
 .text.libgcc.mul
                0x00000000        0x0 c:/program files (x86)/atmel/atmel toolchain/avr8 gcc/native/3.4.2.1002/avr8-gnu-toolchain/bin/../lib/gcc/avr/4.7.2/avr51\libgcc.a(_exit.o)
 .text.libgcc.div
                0x00000000        0x0 c:/program files (x86)/atmel/atmel toolchain/avr8 gcc/native/3.4.2.1002/avr8-gnu-toolchain/bin/../lib/gcc/avr/4.7.2/avr51\libgcc.a(_exit.o)
 .text.libgcc   0x00000000        0x0 c:/program files (x86)/atmel/atmel toolchain/avr8 gcc/native/3.4.2.1002/avr8-gnu-toolchain/bin/../lib/gcc/avr/4.7.2/avr51\libgcc.a(_exit.o)
 .text.libgcc.prologue
                0x00000000        0x0 c:/program files (x86)/atmel/atmel toolchain/avr8 gcc/native/3.4.2.1002/avr8-gnu-toolchain/bin/../lib/gcc/avr/4.7.2/avr51\libgcc.a(_exit.o)
 .text.libgcc.builtins
                0x00000000        0x0 c:/program files (x86)/atmel/atmel toolchain/avr8 gcc/native/3.4.2.1002/avr8-gnu-toolchain/bin/../lib/gcc/avr/4.7.2/avr51\libgcc.a(_exit.o)
 .text.libgcc.fmul
                0x00000000        0x0 c:/program files (x86)/atmel/atmel toolchain/avr8 gcc/native/3.4.2.1002/avr8-gnu-toolchain/bin/../lib/gcc/avr/4.7.2/avr51\libgcc.a(_exit.o)
 .text          0x00000000        0x0 c:/program files (x86)/atmel/atmel toolchain/avr8 gcc/native/3.4.2.1002/avr8-gnu-toolchain/bin/../lib/gcc/avr/4.7.2/avr51\libgcc.a(_copy_data.o)
 .bss           0x00000000        0x0 c:/program files (x86)/atmel/atmel toolchain/avr8 gcc/native/3.4.2.1002/avr8-gnu-toolchain/bin/../lib/gcc/avr/4.7.2/avr51\libgcc.a(_copy_data.o)
 .text.libgcc.mul
                0x00000000        0x0 c:/program files (x86)/atmel/atmel toolchain/avr8 gcc/native/3.4.2.1002/avr8-gnu-toolchain/bin/../lib/gcc/avr/4.7.2/avr51\libgcc.a(_copy_data.o)
 .text.libgcc.div
                0x00000000        0x0 c:/program files (x86)/atmel/atmel toolchain/avr8 gcc/native/3.4.2.1002/avr8-gnu-toolchain/bin/../lib/gcc/avr/4.7.2/avr51\libgcc.a(_copy_data.o)
 .text.libgcc   0x00000000        0x0 c:/program files (x86)/atmel/atmel toolchain/avr8 gcc/native/3.4.2.1002/avr8-gnu-toolchain/bin/../lib/gcc/avr/4.7.2/avr51\libgcc.a(_copy_data.o)
 .text.libgcc.prologue
                0x00000000        0x0 c:/program files (x86)/atmel/atmel toolchain/avr8 gcc/native/3.4.2.1002/avr8-gnu-toolchain/bin/../lib/gcc/avr/4.7.2/avr51\libgcc.a(_copy_data.o)
 .text.libgcc.builtins
                0x00000000        0x0 c:/program files (x86)/atmel/atmel toolchain/avr8 gcc/native/3.4.2.1002/avr8-gnu-toolchain/bin/../lib/gcc/avr/4.7.2/avr51\libgcc.a(_copy_data.o)
 .text.libgcc.fmul
                0x00000000        0x0 c:/program files (x86)/atmel/atmel toolchain/avr8 gcc/native/3.4.2.1002/avr8-gnu-toolchain/bin/../lib/gcc/avr/4.7.2/avr51\libgcc.a(_copy_data.o)
 .text          0x00000000        0x0 c:/program files (x86)/atmel/atmel toolchain/avr8 gcc/native/3.4.2.1002/avr8-gnu-toolchain/bin/../lib/gcc/avr/4.7.2/avr51\libgcc.a(_clear_bss.o)
 .bss           0x00000000        0x0 c:/program files (x86)/atmel/atmel toolchain/avr8 gcc/native/3.4.2.1002/avr8-gnu-toolchain/bin/../lib/gcc/avr/4.7.2/avr51\libgcc.a(_clear_bss.o)
 .text.libgcc.mul
                0x00000000        0x0 c:/program files (x86)/atmel/atmel toolchain/avr8 gcc/native/3.4.2.1002/avr8-gnu-toolchain/bin/../lib/gcc/avr/4.7.2/avr51\libgcc.a(_clear_bss.o)
 .text.libgcc.div
                0x00000000        0x0 c:/program files (x86)/atmel/atmel toolchain/avr8 gcc/native/3.4.2.1002/avr8-gnu-toolchain/bin/../lib/gcc/avr/4.7.2/avr51\libgcc.a(_clear_bss.o)
 .text.libgcc   0x00000000        0x0 c:/program files (x86)/atmel/atmel toolchain/avr8 gcc/native/3.4.2.1002/avr8-gnu-toolchain/bin/../lib/gcc/avr/4.7.2/avr51\libgcc.a(_clear_bss.o)
 .text.libgcc.prologue
                0x00000000        0x0 c:/program files (x86)/atmel/atmel toolchain/avr8 gcc/native/3.4.2.1002/avr8-gnu-toolchain/bin/../lib/gcc/avr/4.7.2/avr51\libgcc.a(_clear_bss.o)
 .text.libgcc.builtins
                0x00000000        0x0 c:/program files (x86)/atmel/atmel toolchain/avr8 gcc/native/3.4.2.1002/avr8-gnu-toolchain/bin/../lib/gcc/avr/4.7.2/avr51\libgcc.a(_clear_bss.o)
 .text.libgcc.fmul
                0x00000000        0x0 c:/program files (x86)/atmel/atmel toolchain/avr8 gcc/native/3.4.2.1002/avr8-gnu-toolchain/bin/../lib/gcc/avr/4.7.2/avr51\libgcc.a(_clear_bss.o)

Memory Configuration

Name             Origin             Length             Attributes
text             0x00000000         0x00020000         xr
data             0x00800100         0x0000ff00         rw !x
eeprom           0x00810000         0x00010000         rw !x
fuse             0x00820000         0x00000400         rw !x
lock             0x00830000         0x00000400         rw !x
signature        0x00840000         0x00000400         rw !x
user_signatures  0x00850000         0x00000400         rw !x
*default*        0x00000000         0xffffffff

Linker script and memory map

Address of section .data set to 0x800100
LOAD c:/program files (x86)/atmel/atmel toolchain/avr8 gcc/native/3.4.2.1002/avr8-gnu-toolchain/bin/../lib/gcc/avr/4.7.2/../../../../avr/lib/avr51/crtm1284p.o
LOAD fifo.o
LOAD kommunikationsmodulen.o
LOAD twi.o
LOAD usart.o
START GROUP
LOAD c:/program files (x86)/atmel/atmel toolchain/avr8 gcc/native/3.4.2.1002/avr8-gnu-toolchain/bin/../lib/gcc/avr/4.7.2/../../../../avr/lib/avr51\libm.a
END GROUP
LOAD c:/program files (x86)/atmel/atmel toolchain/avr8 gcc/native/3.4.2.1002/avr8-gnu-toolchain/bin/../lib/gcc/avr/4.7.2/avr51\libgcc.a
LOAD c:/program files (x86)/atmel/atmel toolchain/avr8 gcc/native/3.4.2.1002/avr8-gnu-toolchain/bin/../lib/gcc/avr/4.7.2/../../../../avr/lib/avr51\libc.a
LOAD c:/program files (x86)/atmel/atmel toolchain/avr8 gcc/native/3.4.2.1002/avr8-gnu-toolchain/bin/../lib/gcc/avr/4.7.2/avr51\libgcc.a

.hash
 *(.hash)

.dynsym
 *(.dynsym)

.dynstr
 *(.dynstr)

.gnu.version
 *(.gnu.version)

.gnu.version_d
 *(.gnu.version_d)

.gnu.version_r
 *(.gnu.version_r)

.rel.init
 *(.rel.init)

.rela.init
 *(.rela.init)

.rel.text
 *(.rel.text)
 *(.rel.text.*)
 *(.rel.gnu.linkonce.t*)

.rela.text
 *(.rela.text)
 *(.rela.text.*)
 *(.rela.gnu.linkonce.t*)

.rel.fini
 *(.rel.fini)

.rela.fini
 *(.rela.fini)

.rel.rodata
 *(.rel.rodata)
 *(.rel.rodata.*)
 *(.rel.gnu.linkonce.r*)

.rela.rodata
 *(.rela.rodata)
 *(.rela.rodata.*)
 *(.rela.gnu.linkonce.r*)

.rel.data
 *(.rel.data)
 *(.rel.data.*)
 *(.rel.gnu.linkonce.d*)

.rela.data
 *(.rela.data)
 *(.rela.data.*)
 *(.rela.gnu.linkonce.d*)

.rel.ctors
 *(.rel.ctors)

.rela.ctors
 *(.rela.ctors)

.rel.dtors
 *(.rel.dtors)

.rela.dtors
 *(.rela.dtors)

.rel.got
 *(.rel.got)

.rela.got
 *(.rela.got)

.rel.bss
 *(.rel.bss)

.rela.bss
 *(.rela.bss)

.rel.plt
 *(.rel.plt)

.rela.plt
 *(.rela.plt)

.text           0x00000000      0x958
 *(.vectors)
 .vectors       0x00000000       0x8c c:/program files (x86)/atmel/atmel toolchain/avr8 gcc/native/3.4.2.1002/avr8-gnu-toolchain/bin/../lib/gcc/avr/4.7.2/../../../../avr/lib/avr51/crtm1284p.o
                0x00000000                __vector_default
                0x00000000                __vectors
 *(.vectors)
 *(.progmem.gcc*)
 *(.progmem*)
                0x0000008c                . = ALIGN (0x2)
                0x0000008c                __trampolines_start = .
 *(.trampolines)
 .trampolines   0x0000008c        0x0 linker stubs
 *(.trampolines*)
                0x0000008c                __trampolines_end = .
 *(.jumptables)
 *(.jumptables*)
 *(.lowtext)
 *(.lowtext*)
                0x0000008c                __ctors_start = .
 *(.ctors)
                0x0000008c                __ctors_end = .
                0x0000008c                __dtors_start = .
 *(.dtors)
                0x0000008c                __dtors_end = .
 SORT(*)(.ctors)
 SORT(*)(.dtors)
 *(.init0)
 .init0         0x0000008c        0x0 c:/program files (x86)/atmel/atmel toolchain/avr8 gcc/native/3.4.2.1002/avr8-gnu-toolchain/bin/../lib/gcc/avr/4.7.2/../../../../avr/lib/avr51/crtm1284p.o
                0x0000008c                __init
 *(.init0)
 *(.init1)
 *(.init1)
 *(.init2)
 .init2         0x0000008c        0xc c:/program files (x86)/atmel/atmel toolchain/avr8 gcc/native/3.4.2.1002/avr8-gnu-toolchain/bin/../lib/gcc/avr/4.7.2/../../../../avr/lib/avr51/crtm1284p.o
 *(.init2)
 *(.init3)
 *(.init3)
 *(.init4)
 .init4         0x00000098       0x1a c:/program files (x86)/atmel/atmel toolchain/avr8 gcc/native/3.4.2.1002/avr8-gnu-toolchain/bin/../lib/gcc/avr/4.7.2/avr51\libgcc.a(_copy_data.o)
                0x00000098                __do_copy_data
 .init4         0x000000b2       0x10 c:/program files (x86)/atmel/atmel toolchain/avr8 gcc/native/3.4.2.1002/avr8-gnu-toolchain/bin/../lib/gcc/avr/4.7.2/avr51\libgcc.a(_clear_bss.o)
                0x000000b2                __do_clear_bss
 *(.init4)
 *(.init5)
 *(.init5)
 *(.init6)
 *(.init6)
 *(.init7)
 *(.init7)
 *(.init8)
 *(.init8)
 *(.init9)
 .init9         0x000000c2        0x4 c:/program files (x86)/atmel/atmel toolchain/avr8 gcc/native/3.4.2.1002/avr8-gnu-toolchain/bin/../lib/gcc/avr/4.7.2/../../../../avr/lib/avr51/crtm1284p.o
 *(.init9)
 *(.text)
 .text          0x000000c6        0x2 c:/program files (x86)/atmel/atmel toolchain/avr8 gcc/native/3.4.2.1002/avr8-gnu-toolchain/bin/../lib/gcc/avr/4.7.2/../../../../avr/lib/avr51/crtm1284p.o
                0x000000c6                __vector_22
                0x000000c6                __vector_28
                0x000000c6                __vector_1
                0x000000c6                __vector_32
                0x000000c6                __vector_34
                0x000000c6                __vector_24
                0x000000c6                __vector_12
                0x000000c6                __bad_interrupt
                0x000000c6                __vector_6
                0x000000c6                __vector_31
                0x000000c6                __vector_3
                0x000000c6                __vector_23
                0x000000c6                __vector_30
                0x000000c6                __vector_25
                0x000000c6                __vector_11
                0x000000c6                __vector_13
                0x000000c6                __vector_17
                0x000000c6                __vector_19
                0x000000c6                __vector_7
                0x000000c6                __vector_27
                0x000000c6                __vector_5
                0x000000c6                __vector_33
                0x000000c6                __vector_4
                0x000000c6                __vector_9
                0x000000c6                __vector_2
                0x000000c6                __vector_21
                0x000000c6                __vector_15
                0x000000c6                __vector_29
                0x000000c6                __vector_8
                0x000000c6                __vector_14
                0x000000c6                __vector_10
                0x000000c6                __vector_16
                0x000000c6                __vector_18
                0x000000c8                . = ALIGN (0x2)
 *(.text.*)
 .text.FifoDataLength
                0x000000c8       0x10 fifo.o
                0x000000c8                FifoDataLength
 .text.FifoWrite
                0x000000d8       0x40 fifo.o
                0x000000d8                FifoWrite
 .text.FifoRead
                0x00000118       0x46 fifo.o
                0x00000118                FifoRead
 .text.init     0x0000015e        0x8 kommunikationsmodulen.o
                0x0000015e                init
 .text.main     0x00000166       0x34 kommunikationsmodulen.o
                0x00000166                main
 .text.__vector_26
                0x0000019a       0xd6 kommunikationsmodulen.o
                0x0000019a                __vector_26
 .text.set_twi_reciever_enable
                0x00000270        0x8 twi.o
                0x00000270                set_twi_reciever_enable
 .text.init_TWI
                0x00000278       0x4e twi.o
                0x00000278                init_TWI
 .text.clear_int
                0x000002c6        0x8 twi.o
                0x000002c6                clear_int
 .text.start_bus
                0x000002ce       0x1a twi.o
                0x000002ce                start_bus
 .text.stop_bus
                0x000002e8        0x8 twi.o
                0x000002e8                stop_bus
 .text.Error    0x000002f0        0xe twi.o
                0x000002f0                Error
 .text.set_data
                0x000002fe        0x6 twi.o
                0x000002fe                set_data
 .text.get_data
                0x00000304        0x8 twi.o
                0x00000304                get_data
 .text.send_bus
                0x0000030c        0x8 twi.o
                0x0000030c                send_bus
 .text.wait_for_bus
                0x00000314        0xc twi.o
                0x00000314                wait_for_bus
 .text.send_string
                0x00000320       0x9c twi.o
                0x00000320                send_string
 .text.send_string_fixed_length
                0x000003bc       0x8c twi.o
                0x000003bc                send_string_fixed_length
 .text.get_settings_from_bus
                0x00000448        0xc twi.o
                0x00000448                get_settings_from_bus
 .text.get_settings
                0x00000454        0xa twi.o
                0x00000454                get_settings
 .text.get_char_from_bus
                0x0000045e       0x34 twi.o
                0x0000045e                get_char_from_bus
 .text.get_sensor_from_bus
                0x00000492       0x5e twi.o
                0x00000492                get_sensor_from_bus
 .text.get_sensor
                0x000004f0       0x10 twi.o
                0x000004f0                get_sensor
 .text.get_servo
                0x00000500        0xa twi.o
                0x00000500                get_servo
 .text.stop_twi
                0x0000050a       0x1a twi.o
                0x0000050a                stop_twi
 .text.reset_TWI
                0x00000524        0xc twi.o
                0x00000524                reset_TWI
 .text.USART_init
                0x00000530       0x18 usart.o
                0x00000530                USART_init
 .text.USART_CheckTxReady
                0x00000548        0x8 usart.o
                0x00000548                USART_CheckTxReady
 .text.USART_WriteByte
                0x00000550       0x12 usart.o
                0x00000550                USART_WriteByte
 .text.USART_crc16
                0x00000562       0xb2 usart.o
                0x00000562                USART_crc16
 .text.USART_SendPacket
                0x00000614       0xc0 usart.o
                0x00000614                USART_SendPacket
 .text.USART_SendSensors
                0x000006d4       0x3e usart.o
                0x000006d4                USART_SendSensors
 .text.USART_DecodeMessageRxFIFO
                0x00000712       0xee usart.o
                0x00000712                USART_DecodeMessageRxFIFO
 .text.USART_DecodeRxFIFO
                0x00000800       0x1e usart.o
                0x00000800                USART_DecodeRxFIFO
 .text.USART_Bounce
                0x0000081e       0x2c usart.o
                0x0000081e                USART_Bounce
 .text.__vector_20
                0x0000084a      0x10a usart.o
                0x0000084a                __vector_20
                0x00000954                . = ALIGN (0x2)
 *(.fini9)
 .fini9         0x00000954        0x0 c:/program files (x86)/atmel/atmel toolchain/avr8 gcc/native/3.4.2.1002/avr8-gnu-toolchain/bin/../lib/gcc/avr/4.7.2/avr51\libgcc.a(_exit.o)
                0x00000954                _exit
                0x00000954                exit
 *(.fini9)
 *(.fini8)
 *(.fini8)
 *(.fini7)
 *(.fini7)
 *(.fini6)
 *(.fini6)
 *(.fini5)
 *(.fini5)
 *(.fini4)
 *(.fini4)
 *(.fini3)
 *(.fini3)
 *(.fini2)
 *(.fini2)
 *(.fini1)
 *(.fini1)
 *(.fini0)
 .fini0         0x00000954        0x4 c:/program files (x86)/atmel/atmel toolchain/avr8 gcc/native/3.4.2.1002/avr8-gnu-toolchain/bin/../lib/gcc/avr/4.7.2/avr51\libgcc.a(_exit.o)
 *(.fini0)
                0x00000958                _etext = .

.data           0x00800100     0x103e load address 0x00000958
                0x00800100                PROVIDE (__data_start, .)
 *(.data)
 .data          0x00800100        0x0 c:/program files (x86)/atmel/atmel toolchain/avr8 gcc/native/3.4.2.1002/avr8-gnu-toolchain/bin/../lib/gcc/avr/4.7.2/../../../../avr/lib/avr51/crtm1284p.o
 .data          0x00800100        0x0 fifo.o
 .data          0x00800100        0x0 kommunikationsmodulen.o
 .data          0x00800100        0x0 twi.o
 .data          0x00800100        0x0 usart.o
 .data          0x00800100        0x0 c:/program files (x86)/atmel/atmel toolchain/avr8 gcc/native/3.4.2.1002/avr8-gnu-toolchain/bin/../lib/gcc/avr/4.7.2/avr51\libgcc.a(_exit.o)
 .data          0x00800100        0x0 c:/program files (x86)/atmel/atmel toolchain/avr8 gcc/native/3.4.2.1002/avr8-gnu-toolchain/bin/../lib/gcc/avr/4.7.2/avr51\libgcc.a(_copy_data.o)
 .data          0x00800100        0x0 c:/program files (x86)/atmel/atmel toolchain/avr8 gcc/native/3.4.2.1002/avr8-gnu-toolchain/bin/../lib/gcc/avr/4.7.2/avr51\libgcc.a(_clear_bss.o)
 *(.data*)
 .data.gRxFIFO  0x00800100        0x2 usart.o
                0x00800100                gRxFIFO
 .data._raw_gRxFIFO
                0x00800102     0x1006 usart.o
                0x00800102                _raw_gRxFIFO
 *(.rodata)
 *(.rodata*)
 .rodata.str1.1
                0x00801108       0x35 usart.o
 *(.gnu.linkonce.d*)
                0x0080113e                . = ALIGN (0x2)
 *fill*         0x0080113d        0x1 
                0x0080113e                _edata = .
                0x0080113e                PROVIDE (__data_end, .)

.bss            0x0080113e      0x641
                0x0080113e                PROVIDE (__bss_start, .)
 *(.bss)
 *(.bss*)
 .bss.gInvertNextFlag
                0x0080113e        0x2 usart.o
                0x0080113e                gInvertNextFlag
 .bss.gRxBufferIndex
                0x00801140        0x2 usart.o
                0x00801140                gRxBufferIndex
 *(COMMON)
 COMMON         0x00801142        0x5 kommunikationsmodulen.o
                0x00801142                current_instruction
                0x00801144                instruction
                0x00801145                my_adress
 COMMON         0x00801147      0x12f twi.o
                0x00801147                message_length
                0x00801149                settings
                0x0080114b                command
                0x00801151                message
                0x00801250                current_command
                0x00801252                buffer
                0x00801260                message_counter
                0x00801262                servo
                0x00801264                sweep
                0x00801266                sensor
                0x00801268                sensors
 COMMON         0x00801276      0x509 usart.o
                0x00801276                gRxBuffer
                0x0080147b                gTxPayload
                0x0080157a                gTxBuffer
                0x0080177f                PROVIDE (__bss_end, .)
                0x00000958                __data_load_start = LOADADDR (.data)
                0x00001996                __data_load_end = (__data_load_start + SIZEOF (.data))

.noinit         0x0080177f        0x0
                0x0080177f                PROVIDE (__noinit_start, .)
 *(.noinit*)
                0x0080177f                PROVIDE (__noinit_end, .)
                0x0080177f                _end = .
                0x0080177f                PROVIDE (__heap_start, .)

.eeprom         0x00810000        0x0
 *(.eeprom*)
                0x00810000                __eeprom_end = .

.fuse
 *(.fuse)
 *(.lfuse)
 *(.hfuse)
 *(.efuse)

.lock
 *(.lock*)

.signature
 *(.signature*)

.user_signatures
 *(.user_signatures*)

.stab           0x00000000      0x6cc
 *(.stab)
 .stab          0x00000000      0x6cc c:/program files (x86)/atmel/atmel toolchain/avr8 gcc/native/3.4.2.1002/avr8-gnu-toolchain/bin/../lib/gcc/avr/4.7.2/../../../../avr/lib/avr51/crtm1284p.o

.stabstr        0x00000000       0x97
 *(.stabstr)
 .stabstr       0x00000000       0x97 c:/program files (x86)/atmel/atmel toolchain/avr8 gcc/native/3.4.2.1002/avr8-gnu-toolchain/bin/../lib/gcc/avr/4.7.2/../../../../avr/lib/avr51/crtm1284p.o

.stab.excl
 *(.stab.excl)

.stab.exclstr
 *(.stab.exclstr)

.stab.index
 *(.stab.index)

.stab.indexstr
 *(.stab.indexstr)

.comment        0x00000000       0x2f
 *(.comment)
 .comment       0x00000000       0x2f fifo.o
                                 0x30 (size before relaxing)
 .comment       0x00000000       0x30 kommunikationsmodulen.o
 .comment       0x00000000       0x30 twi.o
 .comment       0x00000000       0x30 usart.o

.debug
 *(.debug)

.line
 *(.line)

.debug_srcinfo
 *(.debug_srcinfo)

.debug_sfnames
 *(.debug_sfnames)

.debug_aranges  0x00000000      0x1f8
 *(.debug_aranges)
 .debug_aranges
                0x00000000       0x30 fifo.o
 .debug_aranges
                0x00000030       0x30 kommunikationsmodulen.o
 .debug_aranges
                0x00000060      0x118 twi.o
 .debug_aranges
                0x00000178       0x80 usart.o

.debug_pubnames
 *(.debug_pubnames)

.debug_info     0x00000000     0x1903
 *(.debug_info)
 .debug_info    0x00000000      0x1b1 fifo.o
 .debug_info    0x000001b1      0x2d1 kommunikationsmodulen.o
 .debug_info    0x00000482      0xdad twi.o
 .debug_info    0x0000122f      0x6d4 usart.o
 *(.gnu.linkonce.wi.*)

.debug_abbrev   0x00000000      0x77f
 *(.debug_abbrev)
 .debug_abbrev  0x00000000       0xce fifo.o
 .debug_abbrev  0x000000ce      0x184 kommunikationsmodulen.o
 .debug_abbrev  0x00000252      0x293 twi.o
 .debug_abbrev  0x000004e5      0x29a usart.o

.debug_line     0x00000000     0x12b5
 *(.debug_line)
 .debug_line    0x00000000      0x14f fifo.o
 .debug_line    0x0000014f      0x29b kommunikationsmodulen.o
 .debug_line    0x000003ea      0xa23 twi.o
 .debug_line    0x00000e0d      0x4a8 usart.o

.debug_frame    0x00000000      0x5dc
 *(.debug_frame)
 .debug_frame   0x00000000       0x68 fifo.o
 .debug_frame   0x00000068       0x8c kommunikationsmodulen.o
 .debug_frame   0x000000f4      0x2fc twi.o
 .debug_frame   0x000003f0      0x1ec usart.o

.debug_str      0x00000000      0x571
 *(.debug_str)
 .debug_str     0x00000000       0xe1 fifo.o
                                0x11f (size before relaxing)
 .debug_str     0x000000e1      0x143 kommunikationsmodulen.o
                                0x224 (size before relaxing)
 .debug_str     0x00000224      0x1ff twi.o
                                0x3cb (size before relaxing)
 .debug_str     0x00000423      0x14e usart.o
                                0x2d6 (size before relaxing)

.debug_loc      0x00000000     0x1197
 *(.debug_loc)
 .debug_loc     0x00000000      0x17b fifo.o
 .debug_loc     0x0000017b       0xcb kommunikationsmodulen.o
 .debug_loc     0x00000246      0x7c0 twi.o
 .debug_loc     0x00000a06      0x791 usart.o

.debug_macinfo
 *(.debug_macinfo)

.debug_pubtypes
 *(.debug_pubtypes)

.debug_ranges   0x00000000      0x1d0
 *(.debug_ranges)
 .debug_ranges  0x00000000       0x20 fifo.o
 .debug_ranges  0x00000020       0x20 kommunikationsmodulen.o
 .debug_ranges  0x00000040      0x120 twi.o
 .debug_ranges  0x00000160       0x70 usart.o

.debug_macro
 *(.debug_macro)
OUTPUT(kommunikationsmodulen.elf elf32-avr)
LOAD linker stubs
