Archive member included because of file (symbol)

c:/program files (x86)/atmel/atmel toolchain/avr8 gcc/native/3.4.2.1002/avr8-gnu-toolchain/bin/../lib/gcc/avr/4.7.2/../../../../avr/lib/avr51\libm.a(acos.o)
                              inverseKinematics.o (acos)
c:/program files (x86)/atmel/atmel toolchain/avr8 gcc/native/3.4.2.1002/avr8-gnu-toolchain/bin/../lib/gcc/avr/4.7.2/../../../../avr/lib/avr51\libm.a(addsf3.o)
                              highLevelWalking.o (__subsf3)
c:/program files (x86)/atmel/atmel toolchain/avr8 gcc/native/3.4.2.1002/avr8-gnu-toolchain/bin/../lib/gcc/avr/4.7.2/../../../../avr/lib/avr51\libm.a(addsf3x.o)
                              c:/program files (x86)/atmel/atmel toolchain/avr8 gcc/native/3.4.2.1002/avr8-gnu-toolchain/bin/../lib/gcc/avr/4.7.2/../../../../avr/lib/avr51\libm.a(acos.o) (__addsf3x)
c:/program files (x86)/atmel/atmel toolchain/avr8 gcc/native/3.4.2.1002/avr8-gnu-toolchain/bin/../lib/gcc/avr/4.7.2/../../../../avr/lib/avr51\libm.a(asin.o)
                              inverseKinematics.o (asin)
c:/program files (x86)/atmel/atmel toolchain/avr8 gcc/native/3.4.2.1002/avr8-gnu-toolchain/bin/../lib/gcc/avr/4.7.2/../../../../avr/lib/avr51\libm.a(atan2.o)
                              MpuInit.o (atan2)
c:/program files (x86)/atmel/atmel toolchain/avr8 gcc/native/3.4.2.1002/avr8-gnu-toolchain/bin/../lib/gcc/avr/4.7.2/../../../../avr/lib/avr51\libm.a(atan.o)
                              inverseKinematics.o (atan)
c:/program files (x86)/atmel/atmel toolchain/avr8 gcc/native/3.4.2.1002/avr8-gnu-toolchain/bin/../lib/gcc/avr/4.7.2/../../../../avr/lib/avr51\libm.a(cmpsf2.o)
                              highLevelWalking.o (__eqsf2)
c:/program files (x86)/atmel/atmel toolchain/avr8 gcc/native/3.4.2.1002/avr8-gnu-toolchain/bin/../lib/gcc/avr/4.7.2/../../../../avr/lib/avr51\libm.a(cos.o)
                              highLevelWalking.o (cos)
c:/program files (x86)/atmel/atmel toolchain/avr8 gcc/native/3.4.2.1002/avr8-gnu-toolchain/bin/../lib/gcc/avr/4.7.2/../../../../avr/lib/avr51\libm.a(divsf3.o)
                              highLevelWalking.o (__divsf3)
c:/program files (x86)/atmel/atmel toolchain/avr8 gcc/native/3.4.2.1002/avr8-gnu-toolchain/bin/../lib/gcc/avr/4.7.2/../../../../avr/lib/avr51\libm.a(divsf3x.o)
                              c:/program files (x86)/atmel/atmel toolchain/avr8 gcc/native/3.4.2.1002/avr8-gnu-toolchain/bin/../lib/gcc/avr/4.7.2/../../../../avr/lib/avr51\libm.a(divsf3.o) (__divsf3x)
c:/program files (x86)/atmel/atmel toolchain/avr8 gcc/native/3.4.2.1002/avr8-gnu-toolchain/bin/../lib/gcc/avr/4.7.2/../../../../avr/lib/avr51\libm.a(fixsfsi.o)
                              highLevelWalking.o (__fixsfsi)
c:/program files (x86)/atmel/atmel toolchain/avr8 gcc/native/3.4.2.1002/avr8-gnu-toolchain/bin/../lib/gcc/avr/4.7.2/../../../../avr/lib/avr51\libm.a(fixunssfsi.o)
                              counter.o (__fixunssfsi)
c:/program files (x86)/atmel/atmel toolchain/avr8 gcc/native/3.4.2.1002/avr8-gnu-toolchain/bin/../lib/gcc/avr/4.7.2/../../../../avr/lib/avr51\libm.a(floatsisf.o)
                              counter.o (__floatunsisf)
c:/program files (x86)/atmel/atmel toolchain/avr8 gcc/native/3.4.2.1002/avr8-gnu-toolchain/bin/../lib/gcc/avr/4.7.2/../../../../avr/lib/avr51\libm.a(fmax.o)
                              highLevelWalking.o (fmax)
c:/program files (x86)/atmel/atmel toolchain/avr8 gcc/native/3.4.2.1002/avr8-gnu-toolchain/bin/../lib/gcc/avr/4.7.2/../../../../avr/lib/avr51\libm.a(fmod.o)
                              highLevelWalking.o (fmod)
c:/program files (x86)/atmel/atmel toolchain/avr8 gcc/native/3.4.2.1002/avr8-gnu-toolchain/bin/../lib/gcc/avr/4.7.2/../../../../avr/lib/avr51\libm.a(fp_arccos.o)
                              c:/program files (x86)/atmel/atmel toolchain/avr8 gcc/native/3.4.2.1002/avr8-gnu-toolchain/bin/../lib/gcc/avr/4.7.2/../../../../avr/lib/avr51\libm.a(acos.o) (__fp_arccos)
c:/program files (x86)/atmel/atmel toolchain/avr8 gcc/native/3.4.2.1002/avr8-gnu-toolchain/bin/../lib/gcc/avr/4.7.2/../../../../avr/lib/avr51\libm.a(fp_cmp.o)
                              c:/program files (x86)/atmel/atmel toolchain/avr8 gcc/native/3.4.2.1002/avr8-gnu-toolchain/bin/../lib/gcc/avr/4.7.2/../../../../avr/lib/avr51\libm.a(cmpsf2.o) (__fp_cmp)
c:/program files (x86)/atmel/atmel toolchain/avr8 gcc/native/3.4.2.1002/avr8-gnu-toolchain/bin/../lib/gcc/avr/4.7.2/../../../../avr/lib/avr51\libm.a(fp_inf.o)
                              c:/program files (x86)/atmel/atmel toolchain/avr8 gcc/native/3.4.2.1002/avr8-gnu-toolchain/bin/../lib/gcc/avr/4.7.2/../../../../avr/lib/avr51\libm.a(addsf3x.o) (__fp_inf)
c:/program files (x86)/atmel/atmel toolchain/avr8 gcc/native/3.4.2.1002/avr8-gnu-toolchain/bin/../lib/gcc/avr/4.7.2/../../../../avr/lib/avr51\libm.a(fp_mpack.o)
[...]
Memory Configuration

Name             Origin             Length             Attributes
text             0x00000000         0x00020000         xr
data             0x00800100         0x0000ff00         rw !x
eeprom           0x00810000         0x00010000         rw !x
fuse             0x00820000         0x00000400         rw !x
lock             0x00830000         0x00000400         rw !x
signature        0x00840000         0x00000400         rw !x
user_signatures  0x00850000         0x00000400         rw !x
*default*        0x00000000         0xffffffff

Linker script and memory map

Address of section .data set to 0x800100
LOAD c:/program files (x86)/atmel/atmel toolchain/avr8 gcc/native/3.4.2.1002/avr8-gnu-toolchain/bin/../lib/gcc/avr/4.7.2/../../../../avr/lib/avr51/crtm1284p.o
LOAD counter.o
LOAD fifo.o
LOAD Gangenheten.o
LOAD highLevelWalking.o
LOAD I2Cdev.o
LOAD inverseKinematics.o
LOAD MPU6050.o
LOAD MpuInit.o
LOAD serialServoControl.o
LOAD usart.o
START GROUP
LOAD c:/program files (x86)/atmel/atmel toolchain/avr8 gcc/native/3.4.2.1002/avr8-gnu-toolchain/bin/../lib/gcc/avr/4.7.2/../../../../avr/lib/avr51\libm.a
END GROUP
LOAD c:/program files (x86)/atmel/atmel toolchain/avr8 gcc/native/3.4.2.1002/avr8-gnu-toolchain/bin/../lib/gcc/avr/4.7.2/avr51\libgcc.a
LOAD c:/program files (x86)/atmel/atmel toolchain/avr8 gcc/native/3.4.2.1002/avr8-gnu-toolchain/bin/../lib/gcc/avr/4.7.2/../../../../avr/lib/avr51\libm.a
LOAD c:/program files (x86)/atmel/atmel toolchain/avr8 gcc/native/3.4.2.1002/avr8-gnu-toolchain/bin/../lib/gcc/avr/4.7.2/avr51\libgcc.a
LOAD c:/program files (x86)/atmel/atmel toolchain/avr8 gcc/native/3.4.2.1002/avr8-gnu-toolchain/bin/../lib/gcc/avr/4.7.2/../../../../avr/lib/avr51\libc.a
LOAD c:/program files (x86)/atmel/atmel toolchain/avr8 gcc/native/3.4.2.1002/avr8-gnu-toolchain/bin/../lib/gcc/avr/4.7.2/avr51\libgcc.a

.hash
 *(.hash)

.dynsym
 *(.dynsym)

.dynstr
 *(.dynstr)

.gnu.version
 *(.gnu.version)

.gnu.version_d
 *(.gnu.version_d)

.gnu.version_r
 *(.gnu.version_r)

.rel.init
 *(.rel.init)

.rela.init
 *(.rela.init)

.rel.text
 *(.rel.text)
 *(.rel.text.*)
 *(.rel.gnu.linkonce.t*)

.rela.text
 *(.rela.text)
 *(.rela.text.*)
 *(.rela.gnu.linkonce.t*)

.rel.fini
 *(.rel.fini)

.rela.fini
 *(.rela.fini)

.rel.rodata
 *(.rel.rodata)
 *(.rel.rodata.*)
 *(.rel.gnu.linkonce.r*)

.rela.rodata
 *(.rela.rodata)
 *(.rela.rodata.*)
 *(.rela.gnu.linkonce.r*)

.rel.data
 *(.rel.data)
 *(.rel.data.*)
 *(.rel.gnu.linkonce.d*)

.rela.data
 *(.rela.data)
 *(.rela.data.*)
 *(.rela.gnu.linkonce.d*)

.rel.ctors
 *(.rel.ctors)

.rela.ctors
 *(.rela.ctors)

.rel.dtors
 *(.rel.dtors)

.rela.dtors
 *(.rela.dtors)

.rel.got
 *(.rel.got)

.rela.got
 *(.rela.got)

.rel.bss
 *(.rel.bss)

.rela.bss
 *(.rela.bss)

.rel.plt
 *(.rel.plt)

.rela.plt
 *(.rela.plt)

.text           0x00000000     0x8d52
 *(.vectors)
 .vectors       0x00000000       0x8c c:/program files (x86)/atmel/atmel toolchain/avr8 gcc/native/3.4.2.1002/avr8-gnu-toolchain/bin/../lib/gcc/avr/4.7.2/../../../../avr/lib/avr51/crtm1284p.o
                0x00000000                __vector_default
                0x00000000                __vectors
 *(.vectors)
 *(.progmem.gcc*)
 .progmem.gcc_fplib
                0x0000008c       0x14 c:/program files (x86)/atmel/atmel toolchain/avr8 gcc/native/3.4.2.1002/avr8-gnu-toolchain/bin/../lib/gcc/avr/4.7.2/../../../../avr/lib/avr51\libm.a(asin.o)
 .progmem.gcc_fplib
                0x000000a0       0x2d c:/program files (x86)/atmel/atmel toolchain/avr8 gcc/native/3.4.2.1002/avr8-gnu-toolchain/bin/../lib/gcc/avr/4.7.2/../../../../avr/lib/avr51\libm.a(atan.o)
 .progmem.gcc_fplib
                0x000000cd       0x28 c:/program files (x86)/atmel/atmel toolchain/avr8 gcc/native/3.4.2.1002/avr8-gnu-toolchain/bin/../lib/gcc/avr/4.7.2/../../../../avr/lib/avr51\libm.a(fp_arccos.o)
 .progmem.gcc_fplib
                0x000000f5       0x1e c:/program files (x86)/atmel/atmel toolchain/avr8 gcc/native/3.4.2.1002/avr8-gnu-toolchain/bin/../lib/gcc/avr/4.7.2/../../../../avr/lib/avr51\libm.a(fp_sinus.o)
 *(.progmem*)
 .progmem.data._ZL9dmpMemory
                0x00000113      0x789 MpuInit.o
 .progmem.data._ZL9dmpConfig
                0x0000089c       0xc0 MpuInit.o
 .progmem.data._ZL10dmpUpdates
                0x0000095c       0x2f MpuInit.o
                0x0000098c                . = ALIGN (0x2)
 *fill*         0x0000098b        0x1 
                0x0000098c                __trampolines_start = .
 *(.trampolines)
 .trampolines   0x0000098c        0x0 linker stubs
 *(.trampolines*)
                0x0000098c                __trampolines_end = .
 *(.jumptables)
 *(.jumptables*)
 *(.lowtext)
 *(.lowtext*)
                0x0000098c                __ctors_start = .
 *(.ctors)
 .ctors         0x0000098c        0x2 MpuInit.o
                0x0000098e                __ctors_end = .
                0x0000098e                __dtors_start = .
 *(.dtors)
                0x0000098e                __dtors_end = .
 SORT(*)(.ctors)
 SORT(*)(.dtors)
 *(.init0)
 .init0         0x0000098e        0x0 c:/program files (x86)/atmel/atmel toolchain/avr8 gcc/native/3.4.2.1002/avr8-gnu-toolchain/bin/../lib/gcc/avr/4.7.2/../../../../avr/lib/avr51/crtm1284p.o
                0x0000098e                __init
 *(.init0)
 *(.init1)
 *(.init1)
 *(.init2)
 .init2         0x0000098e        0xc c:/program files (x86)/atmel/atmel toolchain/avr8 gcc/native/3.4.2.1002/avr8-gnu-toolchain/bin/../lib/gcc/avr/4.7.2/../../../../avr/lib/avr51/crtm1284p.o
 *(.init2)
 *(.init3)
 *(.init3)
 *(.init4)
 .init4         0x0000099a       0x1a c:/program files (x86)/atmel/atmel toolchain/avr8 gcc/native/3.4.2.1002/avr8-gnu-toolchain/bin/../lib/gcc/avr/4.7.2/avr51\libgcc.a(_copy_data.o)
                0x0000099a                __do_copy_data
 .init4         0x000009b4       0x10 c:/program files (x86)/atmel/atmel toolchain/avr8 gcc/native/3.4.2.1002/avr8-gnu-toolchain/bin/../lib/gcc/avr/4.7.2/avr51\libgcc.a(_clear_bss.o)
                0x000009b4                __do_clear_bss
 *(.init4)
 *(.init5)
 *(.init5)
 *(.init6)
 .init6         0x000009c4       0x20 c:/program files (x86)/atmel/atmel toolchain/avr8 gcc/native/3.4.2.1002/avr8-gnu-toolchain/bin/../lib/gcc/avr/4.7.2/avr51\libgcc.a(_ctors.o)
                0x000009c4                __do_global_ctors
 *(.init6)
 *(.init7)
 *(.init7)
 *(.init8)
 *(.init8)
 *(.init9)
 .init9         0x000009e4        0x6 c:/program files (x86)/atmel/atmel toolchain/avr8 gcc/native/3.4.2.1002/avr8-gnu-toolchain/bin/../lib/gcc/avr/4.7.2/../../../../avr/lib/avr51/crtm1284p.o
 *(.init9)
 *(.text)
 .text          0x000009ea        0x2 c:/program files (x86)/atmel/atmel toolchain/avr8 gcc/native/3.4.2.1002/avr8-gnu-toolchain/bin/../lib/gcc/avr/4.7.2/../../../../avr/lib/avr51/crtm1284p.o
                0x000009ea                __vector_22
                0x000009ea                __vector_1
                0x000009ea                __vector_34
                0x000009ea                __vector_24
                0x000009ea                __vector_12
                0x000009ea                __bad_interrupt
                0x000009ea                __vector_6
                0x000009ea                __vector_31
                0x000009ea                __vector_3
                0x000009ea                __vector_23
                0x000009ea                __vector_30
                0x000009ea                __vector_25
                0x000009ea                __vector_11
                0x000009ea                __vector_17
                0x000009ea                __vector_19
                0x000009ea                __vector_7
                0x000009ea                __vector_27
                0x000009ea                __vector_5
                0x000009ea                __vector_33
                0x000009ea                __vector_9
                0x000009ea                __vector_2
                0x000009ea                __vector_21
                0x000009ea                __vector_15
                0x000009ea                __vector_29
                0x000009ea                __vector_8
                0x000009ea                __vector_26
                0x000009ea                __vector_14
                0x000009ea                __vector_10
                0x000009ea                __vector_16
                0x000009ec                . = ALIGN (0x2)
 *(.text.*)
 .text._Z15reset_counter_1v
                0x000009ec        0xa counter.o
                0x000009ec                _Z15reset_counter_1v
 .text._Z13set_counter_1j
                0x000009f6       0x24 counter.o
                0x000009f6                _Z13set_counter_1j
 .text._Z15reset_counter_3v
                0x00000a1a        0xa counter.o
                0x00000a1a                _Z15reset_counter_3v
 .text._Z13set_counter_3j
                0x00000a24       0x24 counter.o
                0x00000a24                _Z13set_counter_3j
 .text._Z13init_countersv
                0x00000a48       0x46 counter.o
                0x00000a48                _Z13init_countersv
 .text._Z4waitj
                0x00000a8e       0x1c counter.o
                0x00000a8e                _Z4waitj
 .text.__vector_32
                0x00000aaa       0x26 counter.o
                0x00000aaa                __vector_32
 .text._Z14FifoDataLengthP4fifo
                0x00000ad0       0x10 fifo.o
                0x00000ad0                _Z14FifoDataLengthP4fifo
 .text._Z9FifoWriteP4fifoh
                0x00000ae0       0x40 fifo.o
                0x00000ae0                _Z9FifoWriteP4fifoh
 .text._Z8FifoReadP4fifoPh
                0x00000b20       0x46 fifo.o
                0x00000b20                _Z8FifoReadP4fifoPh
 .text.__vector_13
                0x00000b66       0x32 Gangenheten.o
                0x00000b66                __vector_13
 .text._Z22wait_until_gyro_stablev
                0x00000b98       0x1e Gangenheten.o
                0x00000b98                _Z22wait_until_gyro_stablev
 .text.main     0x00000bb6       0x78 Gangenheten.o
                0x00000bb6                main
 .text._Z11init_structP7LegData
                0x00000c2e       0x70 highLevelWalking.o
                0x00000c2e                _Z11init_structP7LegData
 .text._Z7initvarv
                0x00000c9e      0x36a highLevelWalking.o
                0x00000c9e                _Z7initvarv
 .text._Z10step_startP7LegData
                0x00001008       0x54 highLevelWalking.o
                0x00001008                _Z10step_startP7LegData
 .text._Z21step_part1_calculatorP7LegData
                0x0000105c      0x100 highLevelWalking.o
                0x0000105c                _Z21step_part1_calculatorP7LegData
 .text._Z21step_part2_calculatorP7LegData
                0x0000115c       0x74 highLevelWalking.o
                0x0000115c                _Z21step_part2_calculatorP7LegData
 .text._Z15leg_motion_initv
                0x000011d0      0x242 highLevelWalking.o
                0x000011d0                _Z15leg_motion_initv
 .text._Z8move_legP7LegDataf
                0x00001412      0x4c0 highLevelWalking.o
                0x00001412                _Z8move_legP7LegDataf
 .text._Z13leg_move_downP7LegData
                0x000018d2      0x20e highLevelWalking.o
                0x000018d2                _Z13leg_move_downP7LegData
 .text._Z10move_climbP7LegDataf
                0x00001ae0      0x5a8 highLevelWalking.o
                0x00001ae0                _Z10move_climbP7LegDataf
 .text._Z8change_zf
                0x00002088       0x64 highLevelWalking.o
                0x00002088                _Z8change_zf
 .text._Z12MPU_get_meanv
                0x000020ec      0x116 highLevelWalking.o
                0x000020ec                _Z12MPU_get_meanv
 .text._Z14leg_check_downP7LegData
                0x00002202      0x39e highLevelWalking.o
                0x00002202                _Z14leg_check_downP7LegData
 .text._Z10leg_motionv
                0x000025a0      0x9d6 highLevelWalking.o
                0x000025a0                _Z10leg_motionv
 .text._Z11move_to_stdv
                0x00002f76      0x2a0 highLevelWalking.o
                0x00002f76                _Z11move_to_stdv
 .text._Z10move_robotiii
                0x00003216      0xb2a highLevelWalking.o
                0x00003216                _Z10move_robotiii
 .text._Z12turn_degreesja
                0x00003d40      0x2fe highLevelWalking.o
                0x00003d40                _Z12turn_degreesja
 .text._Z5climbv
                0x0000403e     0x1000 highLevelWalking.o
                0x0000403e                _Z5climbv
 .text.__vector_18
                0x0000503e       0x94 I2Cdev.o
                0x0000503e                __vector_18
 .text._Z6millisv
                0x000050d2       0x2a I2Cdev.o
                0x000050d2                _Z6millisv
 .text._ZN8Fastwire7waitIntEv
                0x000050fc       0x20 I2Cdev.o
                0x000050fc                _ZN8Fastwire7waitIntEv
 .text._ZN8Fastwire5setupEih
                0x0000511c       0x60 I2Cdev.o
                0x0000511c                _ZN8Fastwire5setupEih
 .text._ZN8Fastwire17beginTransmissionEh
                0x0000517c       0xa2 I2Cdev.o
                0x0000517c                _ZN8Fastwire17beginTransmissionEh
 .text._ZN8Fastwire5writeEh
                0x0000521e       0x26 I2Cdev.o
                0x0000521e                _ZN8Fastwire5writeEh
 .text._ZN8Fastwire4stopEv
                0x00005244       0x12 I2Cdev.o
                0x00005244                _ZN8Fastwire4stopEv
 .text._ZN8Fastwire7readBufEhhPhh
                0x00005256      0x202 I2Cdev.o
                0x00005256                _ZN8Fastwire7readBufEhhPhh
 .text._ZN6I2Cdev9readBytesEhhhPhj
                0x00005458       0x8c I2Cdev.o
                0x00005458                _ZN6I2Cdev9readBytesEhhhPhj
 .text._ZN6I2Cdev8readByteEhhPhj
                0x000054e4       0x12 I2Cdev.o
                0x000054e4                _ZN6I2Cdev8readByteEhhPhj
 .text._ZN6I2Cdev8readBitsEhhhhPhj
                0x000054f6       0x7e I2Cdev.o
                0x000054f6                _ZN6I2Cdev8readBitsEhhhhPhj
 .text._ZN6I2Cdev7readBitEhhhPhj
                0x00005574       0x4c I2Cdev.o
                0x00005574                _ZN6I2Cdev7readBitEhhhPhj
 .text._ZN6I2Cdev10writeWordsEhhhPj
                0x000055c0       0x6c I2Cdev.o
                0x000055c0                _ZN6I2Cdev10writeWordsEhhhPj
 .text._ZN6I2Cdev9writeWordEhhj
                0x0000562c       0x22 I2Cdev.o
                0x0000562c                _ZN6I2Cdev9writeWordEhhj
 .text._ZN6I2Cdev10writeBytesEhhhPh
                0x0000564e       0x48 I2Cdev.o
                0x0000564e                _ZN6I2Cdev10writeBytesEhhhPh
 .text._ZN6I2Cdev9writeByteEhhh
                0x00005696       0x1e I2Cdev.o
                0x00005696                _ZN6I2Cdev9writeByteEhhh
 .text._ZN6I2Cdev9writeBitsEhhhhh
                0x000056b4       0x8a I2Cdev.o
                0x000056b4                _ZN6I2Cdev9writeBitsEhhhhh
 .text._ZN6I2Cdev8writeBitEhhhh
                0x0000573e       0x72 I2Cdev.o
                0x0000573e                _ZN6I2Cdev8writeBitEhhhh
 .text._Z16height_change_x0f
                0x000057b0       0x3e inverseKinematics.o
                0x000057b0                _Z16height_change_x0f
 .text._Z18height_change_leg1f
                0x000057ee       0xa0 inverseKinematics.o
                0x000057ee                _Z18height_change_leg1f
 .text._Z18height_change_leg2f
                0x0000588e       0x4c inverseKinematics.o
                0x0000588e                _Z18height_change_leg2f
 .text._Z18height_change_leg3f
                0x000058da       0x94 inverseKinematics.o
                0x000058da                _Z18height_change_leg3f
 .text._Z18height_change_leg4f
                0x0000596e       0xa8 inverseKinematics.o
                0x0000596e                _Z18height_change_leg4f
 .text._Z18height_change_leg5f
                0x00005a16       0x4a inverseKinematics.o
                0x00005a16                _Z18height_change_leg5f
 .text._Z18height_change_leg6f
                0x00005a60       0x92 inverseKinematics.o
                0x00005a60                _Z18height_change_leg6f
 .text._Z17height_change_allf
                0x00005af2       0x3c inverseKinematics.o
                0x00005af2                _Z17height_change_allf
 .text._Z8get_x0_1v
                0x00005b2e       0x1a inverseKinematics.o
                0x00005b2e                _Z8get_x0_1v
 .text._Z8get_y0_1v
                0x00005b48       0x1a inverseKinematics.o
                0x00005b48                _Z8get_y0_1v
 .text._Z6get_x0v
                0x00005b62       0x1a inverseKinematics.o
                0x00005b62                _Z6get_x0v
 .text._Z6get_y0v
                0x00005b7c       0x1a inverseKinematics.o
                0x00005b7c                _Z6get_y0v
 .text._Z6get_z0v
                0x00005b96       0x1a inverseKinematics.o
                0x00005b96                _Z6get_z0v
 .text._Z6calc_dfff
                0x00005bb0       0xc2 inverseKinematics.o
                0x00005bb0                _Z6calc_dfff
 .text._Z9get_gammaff
                0x00005c72       0x46 inverseKinematics.o
                0x00005c72                _Z9get_gammaff
 .text._Z8get_betav
                0x00005cb8       0x6a inverseKinematics.o
                0x00005cb8                _Z8get_betav
 .text._Z9get_alphaf
                0x00005d22       0xc2 inverseKinematics.o
                0x00005d22                _Z9get_alphaf
 .text._Z18basis_change_leg1xff
                0x00005de4       0x92 inverseKinematics.o
                0x00005de4                _Z18basis_change_leg1xff
 .text._Z18basis_change_leg1yff
                0x00005e76       0x92 inverseKinematics.o
                0x00005e76                _Z18basis_change_leg1yff
 .text._Z18basis_change_leg2xf
                0x00005f08       0x30 inverseKinematics.o
                0x00005f08                _Z18basis_change_leg2xf
 .text._Z18basis_change_leg2yf
                0x00005f38       0x24 inverseKinematics.o
                0x00005f38                _Z18basis_change_leg2yf
 .text._Z18basis_change_leg3xff
                0x00005f5c       0x92 inverseKinematics.o
                0x00005f5c                _Z18basis_change_leg3xff
 .text._Z18basis_change_leg3yff
                0x00005fee       0x92 inverseKinematics.o
                0x00005fee                _Z18basis_change_leg3yff
 .text._Z18basis_change_leg4xff
                0x00006080       0x92 inverseKinematics.o
                0x00006080                _Z18basis_change_leg4xff
 .text._Z18basis_change_leg4yff
                0x00006112       0x92 inverseKinematics.o
                0x00006112                _Z18basis_change_leg4yff
 .text._Z18basis_change_leg5xf
                0x000061a4       0x20 inverseKinematics.o
                0x000061a4                _Z18basis_change_leg5xf
 .text._Z18basis_change_leg5yf
                0x000061c4       0x14 inverseKinematics.o
                0x000061c4                _Z18basis_change_leg5yf
 .text._Z18basis_change_leg6xff
                0x000061d8       0x92 inverseKinematics.o
                0x000061d8                _Z18basis_change_leg6xff
 .text._Z18basis_change_leg6yff
                0x0000626a       0x92 inverseKinematics.o
                0x0000626a                _Z18basis_change_leg6yff
 .text._ZN7MPU6050C2Ev
                0x000062fc        0x8 MPU6050.o
                0x000062fc                _ZN7MPU6050C2Ev
                0x000062fc                _ZN7MPU6050C1Ev
 .text._ZN7MPU60507setRateEh
                0x00006304        0xa MPU6050.o
                0x00006304                _ZN7MPU60507setRateEh
 .text._ZN7MPU605020setExternalFrameSyncEh
                0x0000630e       0x14 MPU6050.o
                0x0000630e                _ZN7MPU605020setExternalFrameSyncEh
 .text._ZN7MPU605011setDLPFModeEh
                0x00006322       0x14 MPU6050.o
                0x00006322                _ZN7MPU605011setDLPFModeEh
 .text._ZN7MPU605021setFullScaleGyroRangeEh
                0x00006336       0x14 MPU6050.o
                0x00006336                _ZN7MPU605021setFullScaleGyroRangeEh
 .text._ZN7MPU605027setMotionDetectionThresholdEh
                0x0000634a        0xa MPU6050.o
                0x0000634a                _ZN7MPU605027setMotionDetectionThresholdEh
 .text._ZN7MPU605026setMotionDetectionDurationEh
                0x00006354        0xa MPU6050.o
                0x00006354                _ZN7MPU605026setMotionDetectionDurationEh
 .text._ZN7MPU605031setZeroMotionDetectionThresholdEh
                0x0000635e        0xa MPU6050.o
                0x0000635e                _ZN7MPU605031setZeroMotionDetectionThresholdEh
 .text._ZN7MPU605030setZeroMotionDetectionDurationEh
                0x00006368        0xa MPU6050.o
                0x00006368                _ZN7MPU605030setZeroMotionDetectionDurationEh
 .text._ZN7MPU605015setSlaveAddressEhh
                0x00006372       0x14 MPU6050.o
                0x00006372                _ZN7MPU605015setSlaveAddressEhh
 .text._ZN7MPU605013setIntEnabledEh
                0x00006386        0xa MPU6050.o
                0x00006386                _ZN7MPU605013setIntEnabledEh
 .text._ZN7MPU605012getIntStatusEv
                0x00006390       0x22 MPU6050.o
                0x00006390                _ZN7MPU605012getIntStatusEv
 .text._ZN7MPU605014setFIFOEnabledEb
                0x000063b2        0xc MPU6050.o
                0x000063b2                _ZN7MPU605014setFIFOEnabledEb
 .text._ZN7MPU605023setI2CMasterModeEnabledEb
                0x000063be        0xc MPU6050.o
                0x000063be                _ZN7MPU605023setI2CMasterModeEnabledEb
 .text._ZN7MPU60509resetFIFOEv
                0x000063ca        0xc MPU6050.o
                0x000063ca                _ZN7MPU60509resetFIFOEv
 .text._ZN7MPU605014resetI2CMasterEv
                0x000063d6        0xc MPU6050.o
                0x000063d6                _ZN7MPU605014resetI2CMasterEv
 .text._ZN7MPU60505resetEv
                0x000063e2        0xc MPU6050.o
                0x000063e2                _ZN7MPU60505resetEv
 .text._ZN7MPU605015setSleepEnabledEb
                0x000063ee        0xc MPU6050.o
                0x000063ee                _ZN7MPU605015setSleepEnabledEb
 .text._ZN7MPU605014setClockSourceEh
                0x000063fa       0x14 MPU6050.o
                0x000063fa                _ZN7MPU605014setClockSourceEh
 .text._ZN7MPU605012getFIFOCountEv
                0x0000640e       0x3a MPU6050.o
                0x0000640e                _ZN7MPU605012getFIFOCountEv
 .text._ZN7MPU605012getFIFOBytesEPhj
                0x00006448       0x2e MPU6050.o
                0x00006448                _ZN7MPU605012getFIFOBytesEPhj
 .text._ZN7MPU605015getOTPBankValidEv
                0x00006476       0x2c MPU6050.o
                0x00006476                _ZN7MPU605015getOTPBankValidEv
 .text._ZN7MPU605015setOTPBankValidEb
                0x000064a2        0xc MPU6050.o
                0x000064a2                _ZN7MPU605015setOTPBankValidEb
 .text._ZN7MPU605016getXGyroOffsetTCEv
                0x000064ae       0x36 MPU6050.o
                0x000064ae                _ZN7MPU605016getXGyroOffsetTCEv
 .text._ZN7MPU605016setXGyroOffsetTCEa
                0x000064e4       0x14 MPU6050.o
                0x000064e4                _ZN7MPU605016setXGyroOffsetTCEa
 .text._ZN7MPU605016getYGyroOffsetTCEv
                0x000064f8       0x38 MPU6050.o
                0x000064f8                _ZN7MPU605016getYGyroOffsetTCEv
 .text._ZN7MPU605016setYGyroOffsetTCEa
                0x00006530       0x14 MPU6050.o
                0x00006530                _ZN7MPU605016setYGyroOffsetTCEa
 .text._ZN7MPU605016getZGyroOffsetTCEv
                0x00006544       0x38 MPU6050.o
                0x00006544                _ZN7MPU605016getZGyroOffsetTCEv
 .text._ZN7MPU605016setZGyroOffsetTCEa
                0x0000657c       0x14 MPU6050.o
                0x0000657c                _ZN7MPU605016setZGyroOffsetTCEa
 .text._ZN7MPU605015setZAccelOffsetEi
                0x00006590        0xa MPU6050.o
                0x00006590                _ZN7MPU605015setZAccelOffsetEi
 .text._ZN7MPU605014setXGyroOffsetEi
                0x0000659a        0xa MPU6050.o
                0x0000659a                _ZN7MPU605014setXGyroOffsetEi
 .text._ZN7MPU605014setYGyroOffsetEi
                0x000065a4        0xa MPU6050.o
                0x000065a4                _ZN7MPU605014setYGyroOffsetEi
 .text._ZN7MPU605014setZGyroOffsetEi
                0x000065ae        0xa MPU6050.o
                0x000065ae                _ZN7MPU605014setZGyroOffsetEi
 .text._ZN7MPU605013setDMPEnabledEb
                0x000065b8        0xc MPU6050.o
                0x000065b8                _ZN7MPU605013setDMPEnabledEb
 .text._ZN7MPU60508resetDMPEv
                0x000065c4        0xc MPU6050.o
                0x000065c4                _ZN7MPU60508resetDMPEv
 .text._ZN7MPU605013setMemoryBankEhbb
                0x000065d0       0x14 MPU6050.o
                0x000065d0                _ZN7MPU605013setMemoryBankEhbb
 .text._ZN7MPU605021setMemoryStartAddressEh
                0x000065e4        0xa MPU6050.o
                0x000065e4                _ZN7MPU605021setMemoryStartAddressEh
 .text._ZN7MPU605014readMemoryByteEv
                0x000065ee       0x24 MPU6050.o
                0x000065ee                _ZN7MPU605014readMemoryByteEv
 .text._ZN7MPU605015readMemoryBlockEPhjhh
                0x00006612       0xd2 MPU6050.o
                0x00006612                _ZN7MPU605015readMemoryBlockEPhjhh
 .text._ZN7MPU605016writeMemoryBlockEPKhjhhbb
                0x000066e4      0x1c8 MPU6050.o
                0x000066e4                _ZN7MPU605016writeMemoryBlockEPKhjhhbb
 .text._ZN7MPU605020writeProgMemoryBlockEPKhjhhb
                0x000068ac       0x14 MPU6050.o
                0x000068ac                _ZN7MPU605020writeProgMemoryBlockEPKhjhhb
 .text._ZN7MPU605024writeDMPConfigurationSetEPKhjb
                0x000068c0      0x184 MPU6050.o
                0x000068c0                _ZN7MPU605024writeDMPConfigurationSetEPKhjb
 .text._ZN7MPU605028writeProgDMPConfigurationSetEPKhj
                0x00006a44        0x4 MPU6050.o
                0x00006a44                _ZN7MPU605028writeProgDMPConfigurationSetEPKhj
 .text._ZN7MPU605013setDMPConfig1Eh
                0x00006a48        0xc MPU6050.o
                0x00006a48                _ZN7MPU605013setDMPConfig1Eh
 .text._ZN7MPU605013setDMPConfig2Eh
                0x00006a54        0xc MPU6050.o
                0x00006a54                _ZN7MPU605013setDMPConfig2Eh
 .text._ZN7MPU605013dmpInitializeEv
                0x00006a60      0x4b4 MpuInit.o
                0x00006a60                _ZN7MPU605013dmpInitializeEv
 .text._ZN7MPU605016dmpGetQuaternionEPiPKh
                0x00006f14       0x60 MpuInit.o
                0x00006f14                _ZN7MPU605016dmpGetQuaternionEPiPKh
 .text._ZN7MPU605016dmpGetQuaternionEP10QuaternionPKh
                0x00006f74       0xdc MpuInit.o
                0x00006f74                _ZN7MPU605016dmpGetQuaternionEP10QuaternionPKh
 .text._ZN7MPU605013dmpGetGravityEP11VectorFloatP10Quaternion
                0x00007050      0x17e MpuInit.o
                0x00007050                _ZN7MPU605013dmpGetGravityEP11VectorFloatP10Quaternion
 .text._ZN7MPU605018dmpGetYawPitchRollEPfP10QuaternionP11VectorFloat
                0x000071ce      0x1e8 MpuInit.o
                0x000071ce                _ZN7MPU605018dmpGetYawPitchRollEPfP10QuaternionP11VectorFloat
 .text._ZN7MPU605020dmpGetFIFOPacketSizeEv
                0x000073b6        0x8 MpuInit.o
                0x000073b6                _ZN7MPU605020dmpGetFIFOPacketSizeEv
 .text.__vector_4
                0x000073be       0x1e MpuInit.o
                0x000073be                __vector_4
 .text._Z17enable_interrupt0v
                0x000073dc       0x18 MpuInit.o
                0x000073dc                _Z17enable_interrupt0v
 .text._Z9MPU_get_yv
                0x000073f4       0x16 MpuInit.o
                0x000073f4                _Z9MPU_get_yv
 .text._Z9MPU_get_pv
                0x0000740a       0x16 MpuInit.o
                0x0000740a                _Z9MPU_get_pv
 .text._Z9MPU_get_rv
                0x00007420       0x16 MpuInit.o
                0x00007420                _Z9MPU_get_rv
 .text._Z8MPU_initv
                0x00007436       0x70 MpuInit.o
                0x00007436                _Z8MPU_initv
 .text._Z10MPU_updatev
                0x000074a6       0xe4 MpuInit.o
                0x000074a6                _Z10MPU_updatev
 .text._GLOBAL__sub_I__ZN7MPU605013dmpInitializeEv
                0x0000758a       0xd2 MpuInit.o
 .text._Z20servo_check_tx_readyv
                0x0000765c        0x8 serialServoControl.o
                0x0000765c                _Z20servo_check_tx_readyv
 .text._Z16servo_write_byteh
                0x00007664       0x12 serialServoControl.o
                0x00007664                _Z16servo_write_byteh
 .text._Z17send_servo_packethhh
                0x00007676       0xb0 serialServoControl.o
                0x00007676                _Z17send_servo_packethhh
 .text._Z10SERVO_gotohdj
                0x00007726       0xf4 serialServoControl.o
                0x00007726                _Z10SERVO_gotohdj
 .text._Z21SERVO_buffer_positionhdj
                0x0000781a       0xf4 serialServoControl.o
                0x0000781a                _Z21SERVO_buffer_positionhdj
 .text._Z12SERVO_actionv
                0x0000790e        0x8 serialServoControl.o
                0x0000790e                _Z12SERVO_actionv
 .text._Z22SERVO_set_torque_limithj
                0x00007916       0x14 serialServoControl.o
                0x00007916                _Z22SERVO_set_torque_limithj
 .text._Z10SERVO_initv
                0x0000792a       0x20 serialServoControl.o
                0x0000792a                _Z10SERVO_initv
 .text._Z22SERVO_set_return_levelhh
                0x0000794a       0x10 serialServoControl.o
                0x0000794a                _Z22SERVO_set_return_levelhh
 .text._Z27SERVO_set_return_delay_timehh
                0x0000795a       0x10 serialServoControl.o
                0x0000795a                _Z27SERVO_set_return_delay_timehh
 .text._Z19SERVO_update_EEPROMh
                0x0000796a       0x20 serialServoControl.o
                0x0000796a                _Z19SERVO_update_EEPROMh
 .text.__vector_28
                0x0000798a       0x66 serialServoControl.o
                0x0000798a                __vector_28
 .text._Z11USART_get_zv
                0x000079f0       0x1a usart.o
                0x000079f0                _Z11USART_get_zv
 .text._Z10USART_initv
                0x00007a0a       0x26 usart.o
                0x00007a0a                _Z10USART_initv
 .text._Z18USART_CheckTxReadyv
                0x00007a30        0x8 usart.o
                0x00007a30                _Z18USART_CheckTxReadyv
 .text._Z15USART_WriteByteh
                0x00007a38       0x12 usart.o
                0x00007a38                _Z15USART_WriteByteh
 .text._Z11USART_crc16hh
                0x00007a4a       0xb2 usart.o
                0x00007a4a                _Z11USART_crc16hh
 .text._Z16USART_SendPacketch
                0x00007afc       0xc0 usart.o
                0x00007afc                _Z16USART_SendPacketch
 .text._Z17USART_SendMessagePc
                0x00007bbc       0x42 usart.o
                0x00007bbc                _Z17USART_SendMessagePc
 .text._Z15USART_SendValuef
                0x00007bfe       0x16 usart.o
                0x00007bfe                _Z15USART_SendValuef
 .text._Z14USART_SendGyrov
                0x00007c14       0x3c usart.o
                0x00007c14                _Z14USART_SendGyrov
 .text._Z20USART_send_turn_donev
                0x00007c50        0x6 usart.o
                0x00007c50                _Z20USART_send_turn_donev
 .text._Z25USART_DecodeMessageRxFIFOv
                0x00007c56       0x5e usart.o
                0x00007c56                _Z25USART_DecodeMessageRxFIFOv
 .text._Z25USART_DecodeCommandRxFIFOv
                0x00007cb4       0x98 usart.o
                0x00007cb4                _Z25USART_DecodeCommandRxFIFOv
 .text._Z27USART_DecodeElevationRxFIFOv
                0x00007d4c       0xfc usart.o
                0x00007d4c                _Z27USART_DecodeElevationRxFIFOv
 .text._Z22USART_DecodeTurnRxFIFOv
                0x00007e48       0xaa usart.o
                0x00007e48                _Z22USART_DecodeTurnRxFIFOv
 .text._Z18USART_DecodeRxFIFOv
                0x00007ef2       0x58 usart.o
                0x00007ef2                _Z18USART_DecodeRxFIFOv
 .text._Z20USART_elevation_flagv
                0x00007f4a       0x14 usart.o
                0x00007f4a                _Z20USART_elevation_flagv
 .text.__vector_20
                0x00007f5e      0x10a usart.o
                0x00007f5e                __vector_20
 .text.avr-libc.fplib
                0x00008068       0x1c c:/program files (x86)/atmel/atmel toolchain/avr8 gcc/native/3.4.2.1002/avr8-gnu-toolchain/bin/../lib/gcc/avr/4.7.2/../../../../avr/lib/avr51\libm.a(acos.o)
                0x00008068                acos
 .text.avr-libc.fplib
                0x00008084        0xa c:/program files (x86)/atmel/atmel toolchain/avr8 gcc/native/3.4.2.1002/avr8-gnu-toolchain/bin/../lib/gcc/avr/4.7.2/../../../../avr/lib/avr51\libm.a(addsf3.o)
                0x00008084                __subsf3
                0x00008086                __addsf3
 .text.avr-libc.fplib
                0x0000808e       0xc0 c:/program files (x86)/atmel/atmel toolchain/avr8 gcc/native/3.4.2.1002/avr8-gnu-toolchain/bin/../lib/gcc/avr/4.7.2/../../../../avr/lib/avr51\libm.a(addsf3x.o)
                0x000080a8                __addsf3x
 .text.avr-libc.fplib
                0x0000814e       0x2e c:/program files (x86)/atmel/atmel toolchain/avr8 gcc/native/3.4.2.1002/avr8-gnu-toolchain/bin/../lib/gcc/avr/4.7.2/../../../../avr/lib/avr51\libm.a(asin.o)
                0x0000814e                asin
 .text.avr-libc.fplib
                0x0000817c       0x74 c:/program files (x86)/atmel/atmel toolchain/avr8 gcc/native/3.4.2.1002/avr8-gnu-toolchain/bin/../lib/gcc/avr/4.7.2/../../../../avr/lib/avr51\libm.a(atan2.o)
                0x0000819a                atan2
 .text.avr-libc.fplib
                0x000081f0       0x50 c:/program files (x86)/atmel/atmel toolchain/avr8 gcc/native/3.4.2.1002/avr8-gnu-toolchain/bin/../lib/gcc/avr/4.7.2/../../../../avr/lib/avr51\libm.a(atan.o)
                0x000081f0                atan
 .text.avr-libc.fplib
                0x00008240        0x8 c:/program files (x86)/atmel/atmel toolchain/avr8 gcc/native/3.4.2.1002/avr8-gnu-toolchain/bin/../lib/gcc/avr/4.7.2/../../../../avr/lib/avr51\libm.a(cmpsf2.o)
                0x00008240                __nesf2
                0x00008240                __eqsf2
                0x00008240                __cmpsf2
                0x00008240                __ltsf2
                0x00008240                __lesf2
 .text.avr-libc.fplib
                0x00008248        0x6 c:/program files (x86)/atmel/atmel toolchain/avr8 gcc/native/3.4.2.1002/avr8-gnu-toolchain/bin/../lib/gcc/avr/4.7.2/../../../../avr/lib/avr51\libm.a(cos.o)
                0x00008248                cos
 .text.avr-libc.fplib
                0x0000824e        0x4 c:/program files (x86)/atmel/atmel toolchain/avr8 gcc/native/3.4.2.1002/avr8-gnu-toolchain/bin/../lib/gcc/avr/4.7.2/../../../../avr/lib/avr51\libm.a(divsf3.o)
                0x0000824e                __divsf3
 .text.avr-libc.fplib
                0x00008252       0xcc c:/program files (x86)/atmel/atmel toolchain/avr8 gcc/native/3.4.2.1002/avr8-gnu-toolchain/bin/../lib/gcc/avr/4.7.2/../../../../avr/lib/avr51\libm.a(divsf3x.o)
                0x00008268                __divsf3x
                0x0000826c                __divsf3_pse
 .text.avr-libc.fplib
                0x0000831e        0xa c:/program files (x86)/atmel/atmel toolchain/avr8 gcc/native/3.4.2.1002/avr8-gnu-toolchain/bin/../lib/gcc/avr/4.7.2/../../../../avr/lib/avr51\libm.a(fixsfsi.o)
                0x0000831e                __fixsfsi
 .text.avr-libc.fplib
                0x00008328       0x58 c:/program files (x86)/atmel/atmel toolchain/avr8 gcc/native/3.4.2.1002/avr8-gnu-toolchain/bin/../lib/gcc/avr/4.7.2/../../../../avr/lib/avr51\libm.a(fixunssfsi.o)
                0x00008328                __fixunssfsi
 .text.avr-libc.fplib
                0x00008380       0x7a c:/program files (x86)/atmel/atmel toolchain/avr8 gcc/native/3.4.2.1002/avr8-gnu-toolchain/bin/../lib/gcc/avr/4.7.2/../../../../avr/lib/avr51\libm.a(floatsisf.o)
                0x00008380                __floatunsisf
                0x00008384                __floatsisf
 .text.avr-libc.fplib
                0x000083fa       0x3e c:/program files (x86)/atmel/atmel toolchain/avr8 gcc/native/3.4.2.1002/avr8-gnu-toolchain/bin/../lib/gcc/avr/4.7.2/../../../../avr/lib/avr51\libm.a(fmax.o)
                0x000083fa                fmax
 .text.avr-libc.fplib
                0x00008438       0x9c c:/program files (x86)/atmel/atmel toolchain/avr8 gcc/native/3.4.2.1002/avr8-gnu-toolchain/bin/../lib/gcc/avr/4.7.2/../../../../avr/lib/avr51\libm.a(fmod.o)
                0x00008446                fmod
 .text.avr-libc.fplib
                0x000084d4       0x36 c:/program files (x86)/atmel/atmel toolchain/avr8 gcc/native/3.4.2.1002/avr8-gnu-toolchain/bin/../lib/gcc/avr/4.7.2/../../../../avr/lib/avr51\libm.a(fp_arccos.o)
                0x000084d4                __fp_arccos
 .text.avr-libc.fplib
                0x0000850a       0x48 c:/program files (x86)/atmel/atmel toolchain/avr8 gcc/native/3.4.2.1002/avr8-gnu-toolchain/bin/../lib/gcc/avr/4.7.2/../../../../avr/lib/avr51\libm.a(fp_cmp.o)
                0x0000850a                __fp_cmp
 .text.avr-libc.fplib
                0x00008552        0xc c:/program files (x86)/atmel/atmel toolchain/avr8 gcc/native/3.4.2.1002/avr8-gnu-toolchain/bin/../lib/gcc/avr/4.7.2/../../../../avr/lib/avr51\libm.a(fp_inf.o)
                0x00008552                __fp_inf
 .text.avr-libc.fplib
                0x0000855e       0x1c c:/program files (x86)/atmel/atmel toolchain/avr8 gcc/native/3.4.2.1002/avr8-gnu-toolchain/bin/../lib/gcc/avr/4.7.2/../../../../avr/lib/avr51\libm.a(fp_mpack.o)
                0x0000855e                __fp_mpack
                0x00008562                __fp_mpack_finite
 .text.avr-libc.fplib
                0x0000857a        0x6 c:/program files (x86)/atmel/atmel toolchain/avr8 gcc/native/3.4.2.1002/avr8-gnu-toolchain/bin/../lib/gcc/avr/4.7.2/../../../../avr/lib/avr51\libm.a(fp_nan.o)
                0x0000857a                __fp_nan
 .text.avr-libc.fplib
                0x00008580       0x4a c:/program files (x86)/atmel/atmel toolchain/avr8 gcc/native/3.4.2.1002/avr8-gnu-toolchain/bin/../lib/gcc/avr/4.7.2/../../../../avr/lib/avr51\libm.a(fp_powser.o)
                0x00008580                __fp_powser
 .text.avr-libc.fplib
                0x000085ca       0x22 c:/program files (x86)/atmel/atmel toolchain/avr8 gcc/native/3.4.2.1002/avr8-gnu-toolchain/bin/../lib/gcc/avr/4.7.2/../../../../avr/lib/avr51\libm.a(fp_powsodd.o)
                0x000085ca                __fp_powsodd
 .text.avr-libc.fplib
                0x000085ec        0xe c:/program files (x86)/atmel/atmel toolchain/avr8 gcc/native/3.4.2.1002/avr8-gnu-toolchain/bin/../lib/gcc/avr/4.7.2/../../../../avr/lib/avr51\libm.a(fp_pscA.o)
                0x000085ec                __fp_pscA
 .text.avr-libc.fplib
                0x000085fa        0xe c:/program files (x86)/atmel/atmel toolchain/avr8 gcc/native/3.4.2.1002/avr8-gnu-toolchain/bin/../lib/gcc/avr/4.7.2/../../../../avr/lib/avr51\libm.a(fp_pscB.o)
                0x000085fa                __fp_pscB
 .text.avr-libc.fplib
                0x00008608       0x50 c:/program files (x86)/atmel/atmel toolchain/avr8 gcc/native/3.4.2.1002/avr8-gnu-toolchain/bin/../lib/gcc/avr/4.7.2/../../../../avr/lib/avr51\libm.a(fp_rempio2.o)
                0x0000860a                __fp_rempio2
 .text.avr-libc.fplib
                0x00008658       0x22 c:/program files (x86)/atmel/atmel toolchain/avr8 gcc/native/3.4.2.1002/avr8-gnu-toolchain/bin/../lib/gcc/avr/4.7.2/../../../../avr/lib/avr51\libm.a(fp_round.o)
                0x00008658                __fp_round
 .text.avr-libc.fplib
                0x0000867a       0x22 c:/program files (x86)/atmel/atmel toolchain/avr8 gcc/native/3.4.2.1002/avr8-gnu-toolchain/bin/../lib/gcc/avr/4.7.2/../../../../avr/lib/avr51\libm.a(fp_sinus.o)
                0x0000867a                __fp_sinus
 .text.avr-libc.fplib
                0x0000869c       0x44 c:/program files (x86)/atmel/atmel toolchain/avr8 gcc/native/3.4.2.1002/avr8-gnu-toolchain/bin/../lib/gcc/avr/4.7.2/../../../../avr/lib/avr51\libm.a(fp_split3.o)
                0x0000869c                __fp_split3
                0x000086ac                __fp_splitA
 .text.avr-libc.fplib
                0x000086e0        0xe c:/program files (x86)/atmel/atmel toolchain/avr8 gcc/native/3.4.2.1002/avr8-gnu-toolchain/bin/../lib/gcc/avr/4.7.2/../../../../avr/lib/avr51\libm.a(fp_zero.o)
                0x000086e0                __fp_zero
                0x000086e2                __fp_szero
 .text.avr-libc.fplib
                0x000086ee        0x8 c:/program files (x86)/atmel/atmel toolchain/avr8 gcc/native/3.4.2.1002/avr8-gnu-toolchain/bin/../lib/gcc/avr/4.7.2/../../../../avr/lib/avr51\libm.a(gesf2.o)
                0x000086ee                __gesf2
                0x000086ee                __gtsf2
 .text.avr-libc.fplib
                0x000086f6        0xe c:/program files (x86)/atmel/atmel toolchain/avr8 gcc/native/3.4.2.1002/avr8-gnu-toolchain/bin/../lib/gcc/avr/4.7.2/../../../../avr/lib/avr51\libm.a(inverse.o)
                0x000086f6                inverse
 .text.avr-libc.fplib
                0x00008704        0x4 c:/program files (x86)/atmel/atmel toolchain/avr8 gcc/native/3.4.2.1002/avr8-gnu-toolchain/bin/../lib/gcc/avr/4.7.2/../../../../avr/lib/avr51\libm.a(mulsf3.o)
                0x00008704                __mulsf3
 .text.avr-libc.fplib
                0x00008708       0xc2 c:/program files (x86)/atmel/atmel toolchain/avr8 gcc/native/3.4.2.1002/avr8-gnu-toolchain/bin/../lib/gcc/avr/4.7.2/../../../../avr/lib/avr51\libm.a(mulsf3x.o)
                0x0000871c                __mulsf3x
                0x00008720                __mulsf3_pse
 .text.avr-libc.fplib
                0x000087ca        0xc c:/program files (x86)/atmel/atmel toolchain/avr8 gcc/native/3.4.2.1002/avr8-gnu-toolchain/bin/../lib/gcc/avr/4.7.2/../../../../avr/lib/avr51\libm.a(sin.o)
                0x000087ca                sin
 .text.avr-libc.fplib
                0x000087d6       0x84 c:/program files (x86)/atmel/atmel toolchain/avr8 gcc/native/3.4.2.1002/avr8-gnu-toolchain/bin/../lib/gcc/avr/4.7.2/../../../../avr/lib/avr51\libm.a(sqrt.o)
                0x000087de                sqrt
 .text.avr-libc.fplib
                0x0000885a        0x6 c:/program files (x86)/atmel/atmel toolchain/avr8 gcc/native/3.4.2.1002/avr8-gnu-toolchain/bin/../lib/gcc/avr/4.7.2/../../../../avr/lib/avr51\libm.a(square.o)
                0x0000885a                square
 .text.avr-libc.fplib
                0x00008860        0xe c:/program files (x86)/atmel/atmel toolchain/avr8 gcc/native/3.4.2.1002/avr8-gnu-toolchain/bin/../lib/gcc/avr/4.7.2/../../../../avr/lib/avr51\libm.a(fp_norm2.o)
                0x00008860                __fp_norm2
 .text.libgcc.div
                0x0000886e       0x36 c:/program files (x86)/atmel/atmel toolchain/avr8 gcc/native/3.4.2.1002/avr8-gnu-toolchain/bin/../lib/gcc/avr/4.7.2/avr51\libgcc.a(_divmodsi4.o)
                0x0000886e                __divmodsi4
 .text.libgcc   0x000088a4        0x8 c:/program files (x86)/atmel/atmel toolchain/avr8 gcc/native/3.4.2.1002/avr8-gnu-toolchain/bin/../lib/gcc/avr/4.7.2/avr51\libgcc.a(_tablejump_elpm.o)
                0x000088a4                __tablejump_elpm__
 .text.libgcc.div
                0x000088ac       0x44 c:/program files (x86)/atmel/atmel toolchain/avr8 gcc/native/3.4.2.1002/avr8-gnu-toolchain/bin/../lib/gcc/avr/4.7.2/avr51\libgcc.a(_udivmodsi4.o)
                0x000088ac                __udivmodsi4
 .text.avr-libc
                0x000088f0      0x274 c:/program files (x86)/atmel/atmel toolchain/avr8 gcc/native/3.4.2.1002/avr8-gnu-toolchain/bin/../lib/gcc/avr/4.7.2/../../../../avr/lib/avr51\libc.a(malloc.o)
                0x000088f0                malloc
                0x00008a26                free
 .text.avr-libc
                0x00008b64      0x1be c:/program files (x86)/atmel/atmel toolchain/avr8 gcc/native/3.4.2.1002/avr8-gnu-toolchain/bin/../lib/gcc/avr/4.7.2/../../../../avr/lib/avr51\libc.a(realloc.o)
                0x00008b64                realloc
 .text.avr-libc
                0x00008d22       0x1a c:/program files (x86)/atmel/atmel toolchain/avr8 gcc/native/3.4.2.1002/avr8-gnu-toolchain/bin/../lib/gcc/avr/4.7.2/../../../../avr/lib/avr51\libc.a(memcmp.o)
                0x00008d22                memcmp
 .text.avr-libc
                0x00008d3c       0x12 c:/program files (x86)/atmel/atmel toolchain/avr8 gcc/native/3.4.2.1002/avr8-gnu-toolchain/bin/../lib/gcc/avr/4.7.2/../../../../avr/lib/avr51\libc.a(memcpy.o)
                0x00008d3c                memcpy
                0x00008d4e                . = ALIGN (0x2)
 *(.fini9)
 .fini9         0x00008d4e        0x0 c:/program files (x86)/atmel/atmel toolchain/avr8 gcc/native/3.4.2.1002/avr8-gnu-toolchain/bin/../lib/gcc/avr/4.7.2/avr51\libgcc.a(_exit.o)
                0x00008d4e                _exit
                0x00008d4e                exit
 *(.fini9)
 *(.fini8)
 *(.fini8)
 *(.fini7)
 *(.fini7)
 *(.fini6)
 *(.fini6)
 *(.fini5)
 *(.fini5)
 *(.fini4)
 *(.fini4)
 *(.fini3)
 *(.fini3)
 *(.fini2)
 *(.fini2)
 *(.fini1)
 *(.fini1)
 *(.fini0)
 .fini0         0x00008d4e        0x4 c:/program files (x86)/atmel/atmel toolchain/avr8 gcc/native/3.4.2.1002/avr8-gnu-toolchain/bin/../lib/gcc/avr/4.7.2/avr51\libgcc.a(_exit.o)
 *(.fini0)
                0x00008d52                _etext = .

.data           0x00800100     0x1488 load address 0x00008d52
                0x00800100                PROVIDE (__data_start, .)
 *(.data)
 .data          0x00800100        0x0 c:/program files (x86)/atmel/atmel toolchain/avr8 gcc/native/3.4.2.1002/avr8-gnu-toolchain/bin/../lib/gcc/avr/4.7.2/../../../../avr/lib/avr51/crtm1284p.o
 .data          0x00800100        0x0 counter.o
 .data          0x00800100        0x0 fifo.o
 .data          0x00800100        0x0 Gangenheten.o
 .data          0x00800100        0x0 highLevelWalking.o
 .data          0x00800100        0x0 I2Cdev.o
 .data          0x00800100        0x0 inverseKinematics.o
 .data          0x00800100        0x0 MPU6050.o
 .data          0x00800100        0x0 MpuInit.o
 .data          0x00800100        0x0 serialServoControl.o
 .data          0x00800100        0x0 usart.o
 .data          0x00800100        0x0 c:/program files (x86)/atmel/atmel toolchain/avr8 gcc/native/3.4.2.1002/avr8-gnu-toolchain/bin/../lib/gcc/avr/4.7.2/../../../../avr/lib/avr51\libm.a(acos.o)
 .data          0x00800100        0x0 c:/program files (x86)/atmel/atmel toolchain/avr8 gcc/native/3.4.2.1002/avr8-gnu-toolchain/bin/../lib/gcc/avr/4.7.2/../../../../avr/lib/avr51\libm.a(addsf3.o)
 .data          0x00800100        0x0 c:/program files (x86)/atmel/atmel toolchain/avr8 gcc/native/3.4.2.1002/avr8-gnu-toolchain/bin/../lib/gcc/avr/4.7.2/../../../../avr/lib/avr51\libm.a(addsf3x.o)
 .data          0x00800100        0x0 c:/program files (x86)/atmel/atmel toolchain/avr8 gcc/native/3.4.2.1002/avr8-gnu-toolchain/bin/../lib/gcc/avr/4.7.2/../../../../avr/lib/avr51\libm.a(asin.o)
 .data          0x00800100        0x0 c:/program files (x86)/atmel/atmel toolchain/avr8 gcc/native/3.4.2.1002/avr8-gnu-toolchain/bin/../lib/gcc/avr/4.7.2/../../../../avr/lib/avr51\libm.a(atan2.o)
 .data          0x00800100        0x0 c:/program files (x86)/atmel/atmel toolchain/avr8 gcc/native/3.4.2.1002/avr8-gnu-toolchain/bin/../lib/gcc/avr/4.7.2/../../../../avr/lib/avr51\libm.a(atan.o)
 .data          0x00800100        0x0 c:/program files (x86)/atmel/atmel toolchain/avr8 gcc/native/3.4.2.1002/avr8-gnu-toolchain/bin/../lib/gcc/avr/4.7.2/../../../../avr/lib/avr51\libm.a(cmpsf2.o)
 .data          0x00800100        0x0 c:/program files (x86)/atmel/atmel toolchain/avr8 gcc/native/3.4.2.1002/avr8-gnu-toolchain/bin/../lib/gcc/avr/4.7.2/../../../../avr/lib/avr51\libm.a(cos.o)
 .data          0x00800100        0x0 c:/program files (x86)/atmel/atmel toolchain/avr8 gcc/native/3.4.2.1002/avr8-gnu-toolchain/bin/../lib/gcc/avr/4.7.2/../../../../avr/lib/avr51\libm.a(divsf3.o)
 .data          0x00800100        0x0 c:/program files (x86)/atmel/atmel toolchain/avr8 gcc/native/3.4.2.1002/avr8-gnu-toolchain/bin/../lib/gcc/avr/4.7.2/../../../../avr/lib/avr51\libm.a(divsf3x.o)
 .data          0x00800100        0x0 c:/program files (x86)/atmel/atmel toolchain/avr8 gcc/native/3.4.2.1002/avr8-gnu-toolchain/bin/../lib/gcc/avr/4.7.2/../../../../avr/lib/avr51\libm.a(fixsfsi.o)
 .data          0x00800100        0x0 c:/program files (x86)/atmel/atmel toolchain/avr8 gcc/native/3.4.2.1002/avr8-gnu-toolchain/bin/../lib/gcc/avr/4.7.2/../../../../avr/lib/avr51\libm.a(fixunssfsi.o)
 .data          0x00800100        0x0 c:/program files (x86)/atmel/atmel toolchain/avr8 gcc/native/3.4.2.1002/avr8-gnu-toolchain/bin/../lib/gcc/avr/4.7.2/../../../../avr/lib/avr51\libm.a(floatsisf.o)
 .data          0x00800100        0x0 c:/program files (x86)/atmel/atmel toolchain/avr8 gcc/native/3.4.2.1002/avr8-gnu-toolchain/bin/../lib/gcc/avr/4.7.2/../../../../avr/lib/avr51\libm.a(fmax.o)
 .data          0x00800100        0x0 c:/program files (x86)/atmel/atmel toolchain/avr8 gcc/native/3.4.2.1002/avr8-gnu-toolchain/bin/../lib/gcc/avr/4.7.2/../../../../avr/lib/avr51\libm.a(fmod.o)
 .data          0x00800100        0x0 c:/program files (x86)/atmel/atmel toolchain/avr8 gcc/native/3.4.2.1002/avr8-gnu-toolchain/bin/../lib/gcc/avr/4.7.2/../../../../avr/lib/avr51\libm.a(fp_arccos.o)
 .data          0x00800100        0x0 c:/program files (x86)/atmel/atmel toolchain/avr8 gcc/native/3.4.2.1002/avr8-gnu-toolchain/bin/../lib/gcc/avr/4.7.2/../../../../avr/lib/avr51\libm.a(fp_cmp.o)
 .data          0x00800100        0x0 c:/program files (x86)/atmel/atmel toolchain/avr8 gcc/native/3.4.2.1002/avr8-gnu-toolchain/bin/../lib/gcc/avr/4.7.2/../../../../avr/lib/avr51\libm.a(fp_inf.o)
 .data          0x00800100        0x0 c:/program files (x86)/atmel/atmel toolchain/avr8 gcc/native/3.4.2.1002/avr8-gnu-toolchain/bin/../lib/gcc/avr/4.7.2/../../../../avr/lib/avr51\libm.a(fp_mpack.o)
 .data          0x00800100        0x0 c:/program files (x86)/atmel/atmel toolchain/avr8 gcc/native/3.4.2.1002/avr8-gnu-toolchain/bin/../lib/gcc/avr/4.7.2/../../../../avr/lib/avr51\libm.a(fp_nan.o)
 .data          0x00800100        0x0 c:/program files (x86)/atmel/atmel toolchain/avr8 gcc/native/3.4.2.1002/avr8-gnu-toolchain/bin/../lib/gcc/avr/4.7.2/../../../../avr/lib/avr51\libm.a(fp_powser.o)
 .data          0x00800100        0x0 c:/program files (x86)/atmel/atmel toolchain/avr8 gcc/native/3.4.2.1002/avr8-gnu-toolchain/bin/../lib/gcc/avr/4.7.2/../../../../avr/lib/avr51\libm.a(fp_powsodd.o)
 .data          0x00800100        0x0 c:/program files (x86)/atmel/atmel toolchain/avr8 gcc/native/3.4.2.1002/avr8-gnu-toolchain/bin/../lib/gcc/avr/4.7.2/../../../../avr/lib/avr51\libm.a(fp_pscA.o)
 .data          0x00800100        0x0 c:/program files (x86)/atmel/atmel toolchain/avr8 gcc/native/3.4.2.1002/avr8-gnu-toolchain/bin/../lib/gcc/avr/4.7.2/../../../../avr/lib/avr51\libm.a(fp_pscB.o)
 .data          0x00800100        0x0 c:/program files (x86)/atmel/atmel toolchain/avr8 gcc/native/3.4.2.1002/avr8-gnu-toolchain/bin/../lib/gcc/avr/4.7.2/../../../../avr/lib/avr51\libm.a(fp_rempio2.o)
 .data          0x00800100        0x0 c:/program files (x86)/atmel/atmel toolchain/avr8 gcc/native/3.4.2.1002/avr8-gnu-toolchain/bin/../lib/gcc/avr/4.7.2/../../../../avr/lib/avr51\libm.a(fp_round.o)
 .data          0x00800100        0x0 c:/program files (x86)/atmel/atmel toolchain/avr8 gcc/native/3.4.2.1002/avr8-gnu-toolchain/bin/../lib/gcc/avr/4.7.2/../../../../avr/lib/avr51\libm.a(fp_sinus.o)
 .data          0x00800100        0x0 c:/program files (x86)/atmel/atmel toolchain/avr8 gcc/native/3.4.2.1002/avr8-gnu-toolchain/bin/../lib/gcc/avr/4.7.2/../../../../avr/lib/avr51\libm.a(fp_split3.o)
 .data          0x00800100        0x0 c:/program files (x86)/atmel/atmel toolchain/avr8 gcc/native/3.4.2.1002/avr8-gnu-toolchain/bin/../lib/gcc/avr/4.7.2/../../../../avr/lib/avr51\libm.a(fp_zero.o)
 .data          0x00800100        0x0 c:/program files (x86)/atmel/atmel toolchain/avr8 gcc/native/3.4.2.1002/avr8-gnu-toolchain/bin/../lib/gcc/avr/4.7.2/../../../../avr/lib/avr51\libm.a(gesf2.o)
 .data          0x00800100        0x0 c:/program files (x86)/atmel/atmel toolchain/avr8 gcc/native/3.4.2.1002/avr8-gnu-toolchain/bin/../lib/gcc/avr/4.7.2/../../../../avr/lib/avr51\libm.a(inverse.o)
 .data          0x00800100        0x0 c:/program files (x86)/atmel/atmel toolchain/avr8 gcc/native/3.4.2.1002/avr8-gnu-toolchain/bin/../lib/gcc/avr/4.7.2/../../../../avr/lib/avr51\libm.a(mulsf3.o)
 .data          0x00800100        0x0 c:/program files (x86)/atmel/atmel toolchain/avr8 gcc/native/3.4.2.1002/avr8-gnu-toolchain/bin/../lib/gcc/avr/4.7.2/../../../../avr/lib/avr51\libm.a(mulsf3x.o)
 .data          0x00800100        0x0 c:/program files (x86)/atmel/atmel toolchain/avr8 gcc/native/3.4.2.1002/avr8-gnu-toolchain/bin/../lib/gcc/avr/4.7.2/../../../../avr/lib/avr51\libm.a(sin.o)
 .data          0x00800100        0x0 c:/program files (x86)/atmel/atmel toolchain/avr8 gcc/native/3.4.2.1002/avr8-gnu-toolchain/bin/../lib/gcc/avr/4.7.2/../../../../avr/lib/avr51\libm.a(sqrt.o)
 .data          0x00800100        0x0 c:/program files (x86)/atmel/atmel toolchain/avr8 gcc/native/3.4.2.1002/avr8-gnu-toolchain/bin/../lib/gcc/avr/4.7.2/../../../../avr/lib/avr51\libm.a(square.o)
 .data          0x00800100        0x0 c:/program files (x86)/atmel/atmel toolchain/avr8 gcc/native/3.4.2.1002/avr8-gnu-toolchain/bin/../lib/gcc/avr/4.7.2/../../../../avr/lib/avr51\libm.a(fp_norm2.o)
 .data          0x00800100        0x0 c:/program files (x86)/atmel/atmel toolchain/avr8 gcc/native/3.4.2.1002/avr8-gnu-toolchain/bin/../lib/gcc/avr/4.7.2/avr51\libgcc.a(_divmodsi4.o)
 .data          0x00800100        0x0 c:/program files (x86)/atmel/atmel toolchain/avr8 gcc/native/3.4.2.1002/avr8-gnu-toolchain/bin/../lib/gcc/avr/4.7.2/avr51\libgcc.a(_exit.o)
 .data          0x00800100        0x0 c:/program files (x86)/atmel/atmel toolchain/avr8 gcc/native/3.4.2.1002/avr8-gnu-toolchain/bin/../lib/gcc/avr/4.7.2/avr51\libgcc.a(_copy_data.o)
 .data          0x00800100        0x0 c:/program files (x86)/atmel/atmel toolchain/avr8 gcc/native/3.4.2.1002/avr8-gnu-toolchain/bin/../lib/gcc/avr/4.7.2/avr51\libgcc.a(_clear_bss.o)
 .data          0x00800100        0x0 c:/program files (x86)/atmel/atmel toolchain/avr8 gcc/native/3.4.2.1002/avr8-gnu-toolchain/bin/../lib/gcc/avr/4.7.2/avr51\libgcc.a(_ctors.o)
 .data          0x00800100        0x0 c:/program files (x86)/atmel/atmel toolchain/avr8 gcc/native/3.4.2.1002/avr8-gnu-toolchain/bin/../lib/gcc/avr/4.7.2/avr51\libgcc.a(_tablejump_elpm.o)
 .data          0x00800100        0x0 c:/program files (x86)/atmel/atmel toolchain/avr8 gcc/native/3.4.2.1002/avr8-gnu-toolchain/bin/../lib/gcc/avr/4.7.2/avr51\libgcc.a(_udivmodsi4.o)
 .data          0x00800100        0x6 c:/program files (x86)/atmel/atmel toolchain/avr8 gcc/native/3.4.2.1002/avr8-gnu-toolchain/bin/../lib/gcc/avr/4.7.2/../../../../avr/lib/avr51\libc.a(malloc.o)
                0x00800100                __malloc_heap_end
                0x00800102                __malloc_heap_start
                0x00800104                __malloc_margin
 .data          0x00800106        0x0 c:/program files (x86)/atmel/atmel toolchain/avr8 gcc/native/3.4.2.1002/avr8-gnu-toolchain/bin/../lib/gcc/avr/4.7.2/../../../../avr/lib/avr51\libc.a(realloc.o)
 .data          0x00800106        0x0 c:/program files (x86)/atmel/atmel toolchain/avr8 gcc/native/3.4.2.1002/avr8-gnu-toolchain/bin/../lib/gcc/avr/4.7.2/../../../../avr/lib/avr51\libc.a(memcmp.o)
 .data          0x00800106        0x0 c:/program files (x86)/atmel/atmel toolchain/avr8 gcc/native/3.4.2.1002/avr8-gnu-toolchain/bin/../lib/gcc/avr/4.7.2/../../../../avr/lib/avr51\libc.a(memcpy.o)
 *(.data*)
 .data.std_pos_flag
                0x00800106        0x1 Gangenheten.o
                0x00800106                std_pos_flag
 .data.servo_speed
                0x00800107        0x2 highLevelWalking.o
                0x00800107                servo_speed
 .data._ZN6I2Cdev11readTimeoutE
                0x00800109        0x2 I2Cdev.o
                0x00800109                _ZN6I2Cdev11readTimeoutE
 .data.z0       0x0080010b        0x4 inverseKinematics.o
                0x0080010b                z0
 .data.x0       0x0080010f        0x4 inverseKinematics.o
                0x0080010f                x0
 .data.y0_6     0x00800113        0x4 inverseKinematics.o
                0x00800113                y0_6
 .data.x0_6     0x00800117        0x4 inverseKinematics.o
                0x00800117                x0_6
 .data.x0_5     0x0080011b        0x4 inverseKinematics.o
                0x0080011b                x0_5
 .data.y0_4     0x0080011f        0x4 inverseKinematics.o
                0x0080011f                y0_4
 .data.x0_4     0x00800123        0x4 inverseKinematics.o
                0x00800123                x0_4
 .data.y0_3     0x00800127        0x4 inverseKinematics.o
                0x00800127                y0_3
 .data.x0_3     0x0080012b        0x4 inverseKinematics.o
                0x0080012b                x0_3
 .data.x0_2     0x0080012f        0x4 inverseKinematics.o
                0x0080012f                x0_2
 .data.y0_1     0x00800133        0x4 inverseKinematics.o
                0x00800133                y0_1
 .data.x0_1     0x00800137        0x4 inverseKinematics.o
                0x00800137                x0_1
 .data.gServoRxFIFO
                0x0080013b        0x2 serialServoControl.o
                0x0080013b                gServoRxFIFO
 .data._raw_gServoRxFIFO
                0x0080013d      0x406 serialServoControl.o
                0x0080013d                _raw_gServoRxFIFO
 .data.gRxFIFO  0x00800543        0x2 usart.o
                0x00800543                gRxFIFO
 .data._raw_gRxFIFO
                0x00800545     0x1006 usart.o
                0x00800545                _raw_gRxFIFO
 .data.gZ       0x0080154b        0x4 usart.o
                0x0080154b                gZ
 .data.gTurnDirection
                0x0080154f        0x1 usart.o
                0x0080154f                gTurnDirection
 .data.gRotation
                0x00801550        0x1 usart.o
                0x00801550                gRotation
 *(.rodata)
 *(.rodata*)
 .rodata.str1.1
                0x00801551        0xc Gangenheten.o
 .rodata.str1.1
                0x0080155d       0x2a serialServoControl.o
 *(.gnu.linkonce.d*)
                0x00801588                . = ALIGN (0x2)
 *fill*         0x00801587        0x1 
                0x00801588                _edata = .
                0x00801588                PROVIDE (__data_end, .)

.bss            0x00801588      0xacb
                0x00801588                PROVIDE (__bss_start, .)
 *(.bss)
 *(.bss*)
 .bss.gWaitFlag
                0x00801588        0x1 counter.o
                0x00801588                gWaitFlag
 .bss.move_to_std_flag
                0x00801589        0x1 Gangenheten.o
                0x00801589                move_to_std_flag
 .bss.maxStepLength
                0x0080158a        0x4 highLevelWalking.o
                0x0080158a                maxStepLength
 .bss.stdLength
                0x0080158e        0x4 highLevelWalking.o
                0x0080158e                stdLength
 .bss.stepScaling
                0x00801592        0x4 highLevelWalking.o
                0x00801592                stepScaling
 .bss.stepTest  0x00801596        0x4 highLevelWalking.o
                0x00801596                stepTest
 .bss.stepMax   0x0080159a        0x4 highLevelWalking.o
                0x0080159a                stepMax
 .bss.yDirection
                0x0080159e        0x4 highLevelWalking.o
                0x0080159e                yDirection
 .bss.xDirection
                0x008015a2        0x4 highLevelWalking.o
                0x008015a2                xDirection
 .bss.speedf    0x008015a6        0x4 highLevelWalking.o
                0x008015a6                speedf
 .bss.rotation  0x008015aa        0x4 highLevelWalking.o
                0x008015aa                rotation
 .bss.direction
                0x008015ae        0x4 highLevelWalking.o
                0x008015ae                direction
 .bss.z         0x008015b2        0x4 highLevelWalking.o
                0x008015b2                z
 .bss.tempz     0x008015b6        0x4 highLevelWalking.o
                0x008015b6                tempz
 .bss.tempy     0x008015ba        0x4 highLevelWalking.o
                0x008015ba                tempy
 .bss.tempx     0x008015be        0x4 highLevelWalking.o
                0x008015be                tempx
 .bss.legsNotDown
                0x008015c2        0x2 highLevelWalking.o
                0x008015c2                legsNotDown
 .bss.climbing_flag
                0x008015c4        0x2 highLevelWalking.o
                0x008015c4                climbing_flag
 .bss.speedMultiplier
                0x008015c6        0x4 highLevelWalking.o
                0x008015c6                speedMultiplier
 .bss.speedGamma
                0x008015ca        0x4 highLevelWalking.o
                0x008015ca                speedGamma
 .bss.speedBeta
                0x008015ce        0x4 highLevelWalking.o
                0x008015ce                speedBeta
 .bss.speedAlpha
                0x008015d2        0x4 highLevelWalking.o
                0x008015d2                speedAlpha
 .bss.leg6      0x008015d6       0x90 highLevelWalking.o
                0x008015d6                leg6
 .bss.leg5      0x00801666       0x90 highLevelWalking.o
                0x00801666                leg5
 .bss.leg4      0x008016f6       0x90 highLevelWalking.o
                0x008016f6                leg4
 .bss.leg3      0x00801786       0x90 highLevelWalking.o
                0x00801786                leg3
 .bss.leg2      0x00801816       0x90 highLevelWalking.o
                0x00801816                leg2
 .bss.leg1      0x008018a6       0x90 highLevelWalking.o
                0x008018a6                leg1
 .bss.newPosyWB
                0x00801936        0x4 highLevelWalking.o
                0x00801936                newPosyWB
 .bss.newPosxWB
                0x0080193a        0x4 highLevelWalking.o
                0x0080193a                newPosxWB
 .bss.climb_rotation_counter
                0x0080193e        0x1 highLevelWalking.o
                0x0080193e                climb_rotation_counter
 .bss.climb_counter
                0x0080193f        0x1 highLevelWalking.o
                0x0080193f                climb_counter
 .bss.MPURMean  0x00801940        0x4 highLevelWalking.o
                0x00801940                MPURMean
 .bss.MPUPMean  0x00801944        0x4 highLevelWalking.o
                0x00801944                MPUPMean
 .bss.rotation_flag
                0x00801948        0x1 highLevelWalking.o
                0x00801948                rotation_flag
 .bss.climb_start_slope_p
                0x00801949        0x4 highLevelWalking.o
                0x00801949                climb_start_slope_p
 .bss.climb_start_slope_r
                0x0080194d        0x4 highLevelWalking.o
                0x0080194d                climb_start_slope_r
 .bss.climb_start_control
                0x00801951        0x4 highLevelWalking.o
                0x00801951                climb_start_control
 .bss.z_in_use  0x00801955        0x4 highLevelWalking.o
                0x00801955                z_in_use
 .bss.obstacle_height
                0x00801959        0x4 highLevelWalking.o
                0x00801959                obstacle_height
 .bss.climb_step2
                0x0080195d        0x4 highLevelWalking.o
                0x0080195d                climb_step2
 .bss.climb_step
                0x00801961        0x4 highLevelWalking.o
                0x00801961                climb_step
 .bss.height    0x00801965        0x4 highLevelWalking.o
                0x00801965                height
 .bss.iterations
                0x00801969        0x4 highLevelWalking.o
                0x00801969                iterations
 .bss.speed     0x0080196d        0x2 highLevelWalking.o
                0x0080196d                speed
 .bss.timer0_millis
                0x0080196f        0x4 I2Cdev.o
                0x0080196f                timer0_millis
 .bss.timer0_overflow_count
                0x00801973        0x4 I2Cdev.o
                0x00801973                timer0_overflow_count
 .bss._ZL12timer0_fract
                0x00801977        0x1 I2Cdev.o
 .bss.y0        0x00801978        0x4 inverseKinematics.o
                0x00801978                y0
 .bss.y0_5      0x0080197c        0x4 inverseKinematics.o
                0x0080197c                y0_5
 .bss.y0_2      0x00801980        0x4 inverseKinematics.o
                0x00801980                y0_2
 .bss.d         0x00801984        0x4 inverseKinematics.o
                0x00801984                d
 .bss.gamma     0x00801988        0x4 inverseKinematics.o
                0x00801988                gamma
 .bss.beta      0x0080198c        0x4 inverseKinematics.o
                0x0080198c                beta
 .bss.alpha     0x00801990        0x4 inverseKinematics.o
                0x00801990                alpha
 .bss.mpuInterrupt
                0x00801994        0x1 MpuInit.o
                0x00801994                mpuInterrupt
 .bss.ypr       0x00801995        0xc MpuInit.o
                0x00801995                ypr
 .bss.gravity   0x008019a1        0xc MpuInit.o
                0x008019a1                gravity
 .bss.aaWorld   0x008019ad        0x6 MpuInit.o
                0x008019ad                aaWorld
 .bss.aaReal    0x008019b3        0x6 MpuInit.o
                0x008019b3                aaReal
 .bss.aa        0x008019b9        0x6 MpuInit.o
                0x008019b9                aa
 .bss.q         0x008019bf       0x10 MpuInit.o
                0x008019bf                q
 .bss.fifoBuffer
                0x008019cf       0x40 MpuInit.o
                0x008019cf                fifoBuffer
 .bss.fifoCount
                0x00801a0f        0x2 MpuInit.o
                0x00801a0f                fifoCount
 .bss.packetSize
                0x00801a11        0x2 MpuInit.o
                0x00801a11                packetSize
 .bss.devStatus
                0x00801a13        0x1 MpuInit.o
                0x00801a13                devStatus
 .bss.mpuIntStatus
                0x00801a14        0x1 MpuInit.o
                0x00801a14                mpuIntStatus
 .bss.dmpReady  0x00801a15        0x1 MpuInit.o
                0x00801a15                dmpReady
 .bss.accelgyro
                0x00801a16       0x13 MpuInit.o
                0x00801a16                accelgyro
 .bss.mpu       0x00801a29       0x13 MpuInit.o
                0x00801a29                mpu
 .bss.gServoTxBuffer
                0x00801a3c       0x80 serialServoControl.o
                0x00801a3c                gServoTxBuffer
 .bss.gServoParameters
                0x00801abc       0x80 serialServoControl.o
                0x00801abc                gServoParameters
 .bss.gElevationFlag
                0x00801b3c        0x1 usart.o
                0x00801b3c                gElevationFlag
 .bss.gTurnFlag
                0x00801b3d        0x1 usart.o
                0x00801b3d                gTurnFlag
 .bss.gTurnAngle
                0x00801b3e        0x2 usart.o
                0x00801b3e                gTurnAngle
 .bss.gDirection
                0x00801b40        0x1 usart.o
                0x00801b40                gDirection
 .bss.gSpeed    0x00801b41        0x1 usart.o
                0x00801b41                gSpeed
 .bss.gInvertNextFlag
                0x00801b42        0x2 usart.o
                0x00801b42                gInvertNextFlag
 .bss.gRxBufferIndex
                0x00801b44        0x2 usart.o
                0x00801b44                gRxBufferIndex
 .bss.gRxBuffer
                0x00801b46      0x205 usart.o
                0x00801b46                gRxBuffer
 .bss.gTxBuffer
                0x00801d4b      0x205 usart.o
                0x00801d4b                gTxBuffer
 .bss.gTxPayload
                0x00801f50       0xff usart.o
                0x00801f50                gTxPayload
 *(COMMON)
 COMMON         0x0080204f        0x4 c:/program files (x86)/atmel/atmel toolchain/avr8 gcc/native/3.4.2.1002/avr8-gnu-toolchain/bin/../lib/gcc/avr/4.7.2/../../../../avr/lib/avr51\libc.a(malloc.o)
                0x0080204f                __brkval
                0x00802051                __flp
                0x00802053                PROVIDE (__bss_end, .)
                0x00008d52                __data_load_start = LOADADDR (.data)
                0x0000a1da                __data_load_end = (__data_load_start + SIZEOF (.data))

.noinit         0x00802053        0x0
                0x00802053                PROVIDE (__noinit_start, .)
 *(.noinit*)
                0x00802053                PROVIDE (__noinit_end, .)
                0x00802053                _end = .
                0x00802053                PROVIDE (__heap_start, .)

.eeprom         0x00810000        0x0
 *(.eeprom*)
                0x00810000                __eeprom_end = .

.fuse
 *(.fuse)
 *(.lfuse)
 *(.hfuse)
 *(.efuse)

.lock
 *(.lock*)

.signature
 *(.signature*)

.user_signatures
 *(.user_signatures*)

.stab           0x00000000     0x3ffc
 *(.stab)
 .stab          0x00000000      0x6cc c:/program files (x86)/atmel/atmel toolchain/avr8 gcc/native/3.4.2.1002/avr8-gnu-toolchain/bin/../lib/gcc/avr/4.7.2/../../../../avr/lib/avr51/crtm1284p.o
 .stab          0x000006cc       0xd8 c:/program files (x86)/atmel/atmel toolchain/avr8 gcc/native/3.4.2.1002/avr8-gnu-toolchain/bin/../lib/gcc/avr/4.7.2/../../../../avr/lib/avr51\libm.a(acos.o)
                                 0xe4 (size before relaxing)
 .stab          0x000007a4       0x78 c:/program files (x86)/atmel/atmel toolchain/avr8 gcc/native/3.4.2.1002/avr8-gnu-toolchain/bin/../lib/gcc/avr/4.7.2/../../../../avr/lib/avr51\libm.a(addsf3.o)
                                 0x84 (size before relaxing)
 .stab          0x0000081c      0x4bc c:/program files (x86)/atmel/atmel toolchain/avr8 gcc/native/3.4.2.1002/avr8-gnu-toolchain/bin/../lib/gcc/avr/4.7.2/../../../../avr/lib/avr51\libm.a(addsf3x.o)
                                0x4c8 (size before relaxing)
 .stab          0x00000cd8      0x144 c:/program files (x86)/atmel/atmel toolchain/avr8 gcc/native/3.4.2.1002/avr8-gnu-toolchain/bin/../lib/gcc/avr/4.7.2/../../../../avr/lib/avr51\libm.a(asin.o)
                                0x150 (size before relaxing)
 .stab          0x00000e1c      0x2f4 c:/program files (x86)/atmel/atmel toolchain/avr8 gcc/native/3.4.2.1002/avr8-gnu-toolchain/bin/../lib/gcc/avr/4.7.2/../../../../avr/lib/avr51\libm.a(atan2.o)
                                0x300 (size before relaxing)
 .stab          0x00001110      0x210 c:/program files (x86)/atmel/atmel toolchain/avr8 gcc/native/3.4.2.1002/avr8-gnu-toolchain/bin/../lib/gcc/avr/4.7.2/../../../../avr/lib/avr51\libm.a(atan.o)
                                0x21c (size before relaxing)
 .stab          0x00001320       0x90 c:/program files (x86)/atmel/atmel toolchain/avr8 gcc/native/3.4.2.1002/avr8-gnu-toolchain/bin/../lib/gcc/avr/4.7.2/../../../../avr/lib/avr51\libm.a(cmpsf2.o)
                                 0x9c (size before relaxing)
 .stab          0x000013b0       0x54 c:/program files (x86)/atmel/atmel toolchain/avr8 gcc/native/3.4.2.1002/avr8-gnu-toolchain/bin/../lib/gcc/avr/4.7.2/../../../../avr/lib/avr51\libm.a(cos.o)
                                 0x60 (size before relaxing)
 .stab          0x00001404       0x48 c:/program files (x86)/atmel/atmel toolchain/avr8 gcc/native/3.4.2.1002/avr8-gnu-toolchain/bin/../lib/gcc/avr/4.7.2/../../../../avr/lib/avr51\libm.a(divsf3.o)
                                 0x54 (size before relaxing)
 .stab          0x0000144c      0x510 c:/program files (x86)/atmel/atmel toolchain/avr8 gcc/native/3.4.2.1002/avr8-gnu-toolchain/bin/../lib/gcc/avr/4.7.2/../../../../avr/lib/avr51\libm.a(divsf3x.o)
                                0x51c (size before relaxing)
 .stab          0x0000195c       0x6c c:/program files (x86)/atmel/atmel toolchain/avr8 gcc/native/3.4.2.1002/avr8-gnu-toolchain/bin/../lib/gcc/avr/4.7.2/../../../../avr/lib/avr51\libm.a(fixsfsi.o)
                                 0x78 (size before relaxing)
 .stab          0x000019c8      0x240 c:/program files (x86)/atmel/atmel toolchain/avr8 gcc/native/3.4.2.1002/avr8-gnu-toolchain/bin/../lib/gcc/avr/4.7.2/../../../../avr/lib/avr51\libm.a(fixunssfsi.o)
                                0x24c (size before relaxing)
 .stab          0x00001c08      0x318 c:/program files (x86)/atmel/atmel toolchain/avr8 gcc/native/3.4.2.1002/avr8-gnu-toolchain/bin/../lib/gcc/avr/4.7.2/../../../../avr/lib/avr51\libm.a(floatsisf.o)
                                0x324 (size before relaxing)
 .stab          0x00001f20      0x1a4 c:/program files (x86)/atmel/atmel toolchain/avr8 gcc/native/3.4.2.1002/avr8-gnu-toolchain/bin/../lib/gcc/avr/4.7.2/../../../../avr/lib/avr51\libm.a(fmax.o)
                                0x1b0 (size before relaxing)
 .stab          0x000020c4      0x3e4 c:/program files (x86)/atmel/atmel toolchain/avr8 gcc/native/3.4.2.1002/avr8-gnu-toolchain/bin/../lib/gcc/avr/4.7.2/../../../../avr/lib/avr51\libm.a(fmod.o)
                                0x3f0 (size before relaxing)
 .stab          0x000024a8      0x174 c:/program files (x86)/atmel/atmel toolchain/avr8 gcc/native/3.4.2.1002/avr8-gnu-toolchain/bin/../lib/gcc/avr/4.7.2/../../../../avr/lib/avr51\libm.a(fp_arccos.o)
                                0x180 (size before relaxing)
 .stab          0x0000261c      0x1e0 c:/program files (x86)/atmel/atmel toolchain/avr8 gcc/native/3.4.2.1002/avr8-gnu-toolchain/bin/../lib/gcc/avr/4.7.2/../../../../avr/lib/avr51\libm.a(fp_cmp.o)
                                0x1ec (size before relaxing)
 .stab          0x000027fc       0x78 c:/program files (x86)/atmel/atmel toolchain/avr8 gcc/native/3.4.2.1002/avr8-gnu-toolchain/bin/../lib/gcc/avr/4.7.2/../../../../avr/lib/avr51\libm.a(fp_inf.o)
                                 0x84 (size before relaxing)
 .stab          0x00002874       0xe4 c:/program files (x86)/atmel/atmel toolchain/avr8 gcc/native/3.4.2.1002/avr8-gnu-toolchain/bin/../lib/gcc/avr/4.7.2/../../../../avr/lib/avr51\libm.a(fp_mpack.o)
                                 0xf0 (size before relaxing)
 .stab          0x00002958       0x54 c:/program files (x86)/atmel/atmel toolchain/avr8 gcc/native/3.4.2.1002/avr8-gnu-toolchain/bin/../lib/gcc/avr/4.7.2/../../../../avr/lib/avr51\libm.a(fp_nan.o)
                                 0x60 (size before relaxing)
 .stab          0x000029ac      0x1ec c:/program files (x86)/atmel/atmel toolchain/avr8 gcc/native/3.4.2.1002/avr8-gnu-toolchain/bin/../lib/gcc/avr/4.7.2/../../../../avr/lib/avr51\libm.a(fp_powser.o)
                                0x1f8 (size before relaxing)
 .stab          0x00002b98       0xfc c:/program files (x86)/atmel/atmel toolchain/avr8 gcc/native/3.4.2.1002/avr8-gnu-toolchain/bin/../lib/gcc/avr/4.7.2/../../../../avr/lib/avr51\libm.a(fp_powsodd.o)
                                0x108 (size before relaxing)
 .stab          0x00002c94       0x84 c:/program files (x86)/atmel/atmel toolchain/avr8 gcc/native/3.4.2.1002/avr8-gnu-toolchain/bin/../lib/gcc/avr/4.7.2/../../../../avr/lib/avr51\libm.a(fp_pscA.o)
                                 0x90 (size before relaxing)
 .stab          0x00002d18       0x84 c:/program files (x86)/atmel/atmel toolchain/avr8 gcc/native/3.4.2.1002/avr8-gnu-toolchain/bin/../lib/gcc/avr/4.7.2/../../../../avr/lib/avr51\libm.a(fp_pscB.o)
                                 0x90 (size before relaxing)
 .stab          0x00002d9c      0x21c c:/program files (x86)/atmel/atmel toolchain/avr8 gcc/native/3.4.2.1002/avr8-gnu-toolchain/bin/../lib/gcc/avr/4.7.2/../../../../avr/lib/avr51\libm.a(fp_rempio2.o)
                                0x228 (size before relaxing)
 .stab          0x00002fb8       0xfc c:/program files (x86)/atmel/atmel toolchain/avr8 gcc/native/3.4.2.1002/avr8-gnu-toolchain/bin/../lib/gcc/avr/4.7.2/../../../../avr/lib/avr51\libm.a(fp_round.o)
                                0x108 (size before relaxing)
 .stab          0x000030b4       0xfc c:/program files (x86)/atmel/atmel toolchain/avr8 gcc/native/3.4.2.1002/avr8-gnu-toolchain/bin/../lib/gcc/avr/4.7.2/../../../../avr/lib/avr51\libm.a(fp_sinus.o)
                                0x108 (size before relaxing)
 .stab          0x000031b0      0x1d4 c:/program files (x86)/atmel/atmel toolchain/avr8 gcc/native/3.4.2.1002/avr8-gnu-toolchain/bin/../lib/gcc/avr/4.7.2/../../../../avr/lib/avr51\libm.a(fp_split3.o)
                                0x1e0 (size before relaxing)
 .stab          0x00003384       0x90 c:/program files (x86)/atmel/atmel toolchain/avr8 gcc/native/3.4.2.1002/avr8-gnu-toolchain/bin/../lib/gcc/avr/4.7.2/../../../../avr/lib/avr51\libm.a(fp_zero.o)
                                 0x9c (size before relaxing)
 .stab          0x00003414       0x6c c:/program files (x86)/atmel/atmel toolchain/avr8 gcc/native/3.4.2.1002/avr8-gnu-toolchain/bin/../lib/gcc/avr/4.7.2/../../../../avr/lib/avr51\libm.a(gesf2.o)
                                 0x78 (size before relaxing)
 .stab          0x00003480       0x84 c:/program files (x86)/atmel/atmel toolchain/avr8 gcc/native/3.4.2.1002/avr8-gnu-toolchain/bin/../lib/gcc/avr/4.7.2/../../../../avr/lib/avr51\libm.a(inverse.o)
                                 0x90 (size before relaxing)
 .stab          0x00003504       0x48 c:/program files (x86)/atmel/atmel toolchain/avr8 gcc/native/3.4.2.1002/avr8-gnu-toolchain/bin/../lib/gcc/avr/4.7.2/../../../../avr/lib/avr51\libm.a(mulsf3.o)
                                 0x54 (size before relaxing)
 .stab          0x0000354c      0x4d4 c:/program files (x86)/atmel/atmel toolchain/avr8 gcc/native/3.4.2.1002/avr8-gnu-toolchain/bin/../lib/gcc/avr/4.7.2/../../../../avr/lib/avr51\libm.a(mulsf3x.o)
                                0x4e0 (size before relaxing)
 .stab          0x00003a20       0x78 c:/program files (x86)/atmel/atmel toolchain/avr8 gcc/native/3.4.2.1002/avr8-gnu-toolchain/bin/../lib/gcc/avr/4.7.2/../../../../avr/lib/avr51\libm.a(sin.o)
                                 0x84 (size before relaxing)
 .stab          0x00003a98      0x354 c:/program files (x86)/atmel/atmel toolchain/avr8 gcc/native/3.4.2.1002/avr8-gnu-toolchain/bin/../lib/gcc/avr/4.7.2/../../../../avr/lib/avr51\libm.a(sqrt.o)
                                0x360 (size before relaxing)
 .stab          0x00003dec       0x54 c:/program files (x86)/atmel/atmel toolchain/avr8 gcc/native/3.4.2.1002/avr8-gnu-toolchain/bin/../lib/gcc/avr/4.7.2/../../../../avr/lib/avr51\libm.a(square.o)
                                 0x60 (size before relaxing)
 .stab          0x00003e40       0x84 c:/program files (x86)/atmel/atmel toolchain/avr8 gcc/native/3.4.2.1002/avr8-gnu-toolchain/bin/../lib/gcc/avr/4.7.2/../../../../avr/lib/avr51\libm.a(fp_norm2.o)
                                 0x90 (size before relaxing)
 .stab          0x00003ec4       0xb4 c:/program files (x86)/atmel/atmel toolchain/avr8 gcc/native/3.4.2.1002/avr8-gnu-toolchain/bin/../lib/gcc/avr/4.7.2/../../../../avr/lib/avr51\libc.a(memcmp.o)
                                 0xc0 (size before relaxing)
 .stab          0x00003f78       0x84 c:/program files (x86)/atmel/atmel toolchain/avr8 gcc/native/3.4.2.1002/avr8-gnu-toolchain/bin/../lib/gcc/avr/4.7.2/../../../../avr/lib/avr51\libc.a(memcpy.o)
                                 0x90 (size before relaxing)

.stabstr        0x00000000     0x1232
 *(.stabstr)
 .stabstr       0x00000000     0x1232 c:/program files (x86)/atmel/atmel toolchain/avr8 gcc/native/3.4.2.1002/avr8-gnu-toolchain/bin/../lib/gcc/avr/4.7.2/../../../../avr/lib/avr51/crtm1284p.o

.stab.excl
 *(.stab.excl)

.stab.exclstr
 *(.stab.exclstr)

.stab.index
 *(.stab.index)

.stab.indexstr
 *(.stab.indexstr)

.comment        0x00000000       0x2f
 *(.comment)
 .comment       0x00000000       0x2f counter.o
                                 0x30 (size before relaxing)
 .comment       0x00000000       0x30 fifo.o
 .comment       0x00000000       0x30 Gangenheten.o
 .comment       0x00000000       0x30 highLevelWalking.o
 .comment       0x00000000       0x30 I2Cdev.o
 .comment       0x00000000       0x30 inverseKinematics.o
 .comment       0x00000000       0x30 MPU6050.o
 .comment       0x00000000       0x30 MpuInit.o
 .comment       0x00000000       0x30 serialServoControl.o
 .comment       0x00000000       0x30 usart.o
 .comment       0x00000000       0x30 c:/program files (x86)/atmel/atmel toolchain/avr8 gcc/native/3.4.2.1002/avr8-gnu-toolchain/bin/../lib/gcc/avr/4.7.2/../../../../avr/lib/avr51\libc.a(malloc.o)
 .comment       0x00000000       0x30 c:/program files (x86)/atmel/atmel toolchain/avr8 gcc/native/3.4.2.1002/avr8-gnu-toolchain/bin/../lib/gcc/avr/4.7.2/../../../../avr/lib/avr51\libc.a(realloc.o)

.debug
 *(.debug)

.line
 *(.line)

.debug_srcinfo
 *(.debug_srcinfo)

.debug_sfnames
 *(.debug_sfnames)

.debug_aranges  0x00000000      0xe80
 *(.debug_aranges)
 .debug_aranges
                0x00000000       0x50 counter.o
 .debug_aranges
                0x00000050       0x30 fifo.o
 .debug_aranges
                0x00000080       0x30 Gangenheten.o
 .debug_aranges
                0x000000b0       0xb8 highLevelWalking.o
 .debug_aranges
                0x00000168       0xf0 I2Cdev.o
 .debug_aranges
                0x00000258      0x100 inverseKinematics.o
 .debug_aranges
                0x00000358      0x840 MPU6050.o
 .debug_aranges
                0x00000b98       0xe8 MpuInit.o
 .debug_aranges
                0x00000c80       0xb8 serialServoControl.o
 .debug_aranges
                0x00000d38      0x100 usart.o
 .debug_aranges
                0x00000e38       0x28 c:/program files (x86)/atmel/atmel toolchain/avr8 gcc/native/3.4.2.1002/avr8-gnu-toolchain/bin/../lib/gcc/avr/4.7.2/../../../../avr/lib/avr51\libc.a(malloc.o)
 .debug_aranges
                0x00000e60       0x20 c:/program files (x86)/atmel/atmel toolchain/avr8 gcc/native/3.4.2.1002/avr8-gnu-toolchain/bin/../lib/gcc/avr/4.7.2/../../../../avr/lib/avr51\libc.a(realloc.o)

.debug_pubnames
 *(.debug_pubnames)

.debug_info     0x00000000    0x13a7b
 *(.debug_info)
 .debug_info    0x00000000      0x1f4 counter.o
 .debug_info    0x000001f4      0x1bc fifo.o
 .debug_info    0x000003b0      0x3c8 Gangenheten.o
 .debug_info    0x00000778     0x2467 highLevelWalking.o
 .debug_info    0x00002bdf     0x145d I2Cdev.o
 .debug_info    0x0000403c      0x895 inverseKinematics.o
 .debug_info    0x000048d1     0x8705 MPU6050.o
 .debug_info    0x0000cfd6     0x4df7 MpuInit.o
 .debug_info    0x00011dcd      0xb8d serialServoControl.o
 .debug_info    0x0001295a      0xc4a usart.o
 .debug_info    0x000135a4      0x23d c:/program files (x86)/atmel/atmel toolchain/avr8 gcc/native/3.4.2.1002/avr8-gnu-toolchain/bin/../lib/gcc/avr/4.7.2/../../../../avr/lib/avr51\libc.a(malloc.o)
 .debug_info    0x000137e1      0x29a c:/program files (x86)/atmel/atmel toolchain/avr8 gcc/native/3.4.2.1002/avr8-gnu-toolchain/bin/../lib/gcc/avr/4.7.2/../../../../avr/lib/avr51\libc.a(realloc.o)
 *(.gnu.linkonce.wi.*)

.debug_abbrev   0x00000000     0x19e1
 *(.debug_abbrev)
 .debug_abbrev  0x00000000      0x106 counter.o
 .debug_abbrev  0x00000106       0xd2 fifo.o
 .debug_abbrev  0x000001d8       0xfa Gangenheten.o
 .debug_abbrev  0x000002d2      0x2cd highLevelWalking.o
 .debug_abbrev  0x0000059f      0x30e I2Cdev.o
 .debug_abbrev  0x000008ad      0x17f inverseKinematics.o
 .debug_abbrev  0x00000a2c      0x2be MPU6050.o
 .debug_abbrev  0x00000cea      0x4d1 MpuInit.o
 .debug_abbrev  0x000011bb      0x2be serialServoControl.o
 .debug_abbrev  0x00001479      0x335 usart.o
 .debug_abbrev  0x000017ae       0xf9 c:/program files (x86)/atmel/atmel toolchain/avr8 gcc/native/3.4.2.1002/avr8-gnu-toolchain/bin/../lib/gcc/avr/4.7.2/../../../../avr/lib/avr51\libc.a(malloc.o)
 .debug_abbrev  0x000018a7      0x13a c:/program files (x86)/atmel/atmel toolchain/avr8 gcc/native/3.4.2.1002/avr8-gnu-toolchain/bin/../lib/gcc/avr/4.7.2/../../../../avr/lib/avr51\libc.a(realloc.o)

.debug_line     0x00000000     0x6963
 *(.debug_line)
 .debug_line    0x00000000      0x1d5 counter.o
 .debug_line    0x000001d5      0x151 fifo.o
 .debug_line    0x00000326      0x221 Gangenheten.o
 .debug_line    0x00000547     0x1643 highLevelWalking.o
 .debug_line    0x00001b8a      0x9ca I2Cdev.o
 .debug_line    0x00002554      0x3d6 inverseKinematics.o
 .debug_line    0x0000292a     0x2333 MPU6050.o
 .debug_line    0x00004c5d      0x9c4 MpuInit.o
 .debug_line    0x00005621      0x779 serialServoControl.o
 .debug_line    0x00005d9a      0x7c2 usart.o
 .debug_line    0x0000655c      0x20e c:/program files (x86)/atmel/atmel toolchain/avr8 gcc/native/3.4.2.1002/avr8-gnu-toolchain/bin/../lib/gcc/avr/4.7.2/../../../../avr/lib/avr51\libc.a(malloc.o)
 .debug_line    0x0000676a      0x1f9 c:/program files (x86)/atmel/atmel toolchain/avr8 gcc/native/3.4.2.1002/avr8-gnu-toolchain/bin/../lib/gcc/avr/4.7.2/../../../../avr/lib/avr51\libc.a(realloc.o)

.debug_frame    0x00000000     0x3948
 *(.debug_frame)
 .debug_frame   0x00000000       0x94 counter.o
 .debug_frame   0x00000094       0x68 fifo.o
 .debug_frame   0x000000fc       0x54 Gangenheten.o
 .debug_frame   0x00000150      0x5d0 highLevelWalking.o
 .debug_frame   0x00000720      0x540 I2Cdev.o
 .debug_frame   0x00000c60      0x420 inverseKinematics.o
 .debug_frame   0x00001080     0x1de4 MPU6050.o
 .debug_frame   0x00002e64      0x47c MpuInit.o
 .debug_frame   0x000032e0      0x2c8 serialServoControl.o
 .debug_frame   0x000035a8      0x2d8 usart.o
 .debug_frame   0x00003880       0x68 c:/program files (x86)/atmel/atmel toolchain/avr8 gcc/native/3.4.2.1002/avr8-gnu-toolchain/bin/../lib/gcc/avr/4.7.2/../../../../avr/lib/avr51\libc.a(malloc.o)
 .debug_frame   0x000038e8       0x60 c:/program files (x86)/atmel/atmel toolchain/avr8 gcc/native/3.4.2.1002/avr8-gnu-toolchain/bin/../lib/gcc/avr/4.7.2/../../../../avr/lib/avr51\libc.a(realloc.o)

.debug_str      0x00000000     0x6ce2
 *(.debug_str)
 .debug_str     0x00000000      0x1a1 counter.o
                                0x1f1 (size before relaxing)
 .debug_str     0x000001a1       0xce fifo.o
                                0x16c (size before relaxing)
 .debug_str     0x0000026f      0x1bc Gangenheten.o
                                0x339 (size before relaxing)
 .debug_str     0x0000042b      0xd35 highLevelWalking.o
                                0xf23 (size before relaxing)
 .debug_str     0x00001160      0x473 I2Cdev.o
                                0x576 (size before relaxing)
 .debug_str     0x000015d3       0x89 inverseKinematics.o
                                0x574 (size before relaxing)
 .debug_str     0x0000165c     0x387d MPU6050.o
                               0x3b1f (size before relaxing)
 .debug_str     0x00004ed9     0x14c4 MpuInit.o
                               0x4e34 (size before relaxing)
 .debug_str     0x0000639d      0x365 serialServoControl.o
                                0x708 (size before relaxing)
 .debug_str     0x00006702      0x471 usart.o
                                0x76f (size before relaxing)
 .debug_str     0x00006b73       0xf4 c:/program files (x86)/atmel/atmel toolchain/avr8 gcc/native/3.4.2.1002/avr8-gnu-toolchain/bin/../lib/gcc/avr/4.7.2/../../../../avr/lib/avr51\libc.a(malloc.o)
                                0x17c (size before relaxing)
 .debug_str     0x00006c67       0x7b c:/program files (x86)/atmel/atmel toolchain/avr8 gcc/native/3.4.2.1002/avr8-gnu-toolchain/bin/../lib/gcc/avr/4.7.2/../../../../avr/lib/avr51\libc.a(realloc.o)
                                0x15c (size before relaxing)

.debug_loc      0x00000000    0x10cc2
 *(.debug_loc)
 .debug_loc     0x00000000       0xce counter.o
 .debug_loc     0x000000ce      0x17b fifo.o
 .debug_loc     0x00000249       0x3c Gangenheten.o
 .debug_loc     0x00000285     0x1641 highLevelWalking.o
 .debug_loc     0x000018c6     0x1fdd I2Cdev.o
 .debug_loc     0x000038a3      0xe54 inverseKinematics.o
 .debug_loc     0x000046f7     0x8b28 MPU6050.o
 .debug_loc     0x0000d21f     0x1693 MpuInit.o
 .debug_loc     0x0000e8b2      0xe95 serialServoControl.o
 .debug_loc     0x0000f747      0xaa5 usart.o
 .debug_loc     0x000101ec      0x4f8 c:/program files (x86)/atmel/atmel toolchain/avr8 gcc/native/3.4.2.1002/avr8-gnu-toolchain/bin/../lib/gcc/avr/4.7.2/../../../../avr/lib/avr51\libc.a(malloc.o)
 .debug_loc     0x000106e4      0x5de c:/program files (x86)/atmel/atmel toolchain/avr8 gcc/native/3.4.2.1002/avr8-gnu-toolchain/bin/../lib/gcc/avr/4.7.2/../../../../avr/lib/avr51\libc.a(realloc.o)

.debug_macinfo
 *(.debug_macinfo)

.debug_pubtypes
 *(.debug_pubtypes)

.debug_ranges   0x00000000      0xe58
 *(.debug_ranges)
 .debug_ranges  0x00000000       0x40 counter.o
 .debug_ranges  0x00000040       0x20 fifo.o
 .debug_ranges  0x00000060       0x20 Gangenheten.o
 .debug_ranges  0x00000080       0xa8 highLevelWalking.o
 .debug_ranges  0x00000128      0x110 I2Cdev.o
 .debug_ranges  0x00000238       0xf0 inverseKinematics.o
 .debug_ranges  0x00000328      0x860 MPU6050.o
 .debug_ranges  0x00000b88       0xf8 MpuInit.o
 .debug_ranges  0x00000c80       0xa8 serialServoControl.o
 .debug_ranges  0x00000d28      0x108 usart.o
 .debug_ranges  0x00000e30       0x18 c:/program files (x86)/atmel/atmel toolchain/avr8 gcc/native/3.4.2.1002/avr8-gnu-toolchain/bin/../lib/gcc/avr/4.7.2/../../../../avr/lib/avr51\libc.a(malloc.o)
 .debug_ranges  0x00000e48       0x10 c:/program files (x86)/atmel/atmel toolchain/avr8 gcc/native/3.4.2.1002/avr8-gnu-toolchain/bin/../lib/gcc/avr/4.7.2/../../../../avr/lib/avr51\libc.a(realloc.o)

.debug_macro
 *(.debug_macro)
OUTPUT(Gangenheten.elf elf32-avr)
LOAD linker stubs
