Archive member included because of file (symbol)

c:/program files (x86)/atmel/atmel toolchain/avr8 gcc/native/3.4.2.1002/avr8-gnu-toolchain/bin/../lib/gcc/avr/4.7.2/../../../../avr/lib/avr51\libm.a(acos.o)
                              inverseKinematics.o (acos)
c:/program files (x86)/atmel/atmel toolchain/avr8 gcc/native/3.4.2.1002/avr8-gnu-toolchain/bin/../lib/gcc/avr/4.7.2/../../../../avr/lib/avr51\libm.a(addsf3.o)
                              highLevelWalking.o (__subsf3)
c:/program files (x86)/atmel/atmel toolchain/avr8 gcc/native/3.4.2.1002/avr8-gnu-toolchain/bin/../lib/gcc/avr/4.7.2/../../../../avr/lib/avr51\libm.a(addsf3x.o)
                              c:/program files (x86)/atmel/atmel toolchain/avr8 gcc/native/3.4.2.1002/avr8-gnu-toolchain/bin/../lib/gcc/avr/4.7.2/../../../../avr/lib/avr51\libm.a(acos.o) (__addsf3x)
c:/program files (x86)/atmel/atmel toolchain/avr8 gcc/native/3.4.2.1002/avr8-gnu-toolchain/bin/../lib/gcc/avr/4.7.2/../../../../avr/lib/avr51\libm.a(asin.o)
                              inverseKinematics.o (asin)
c:/program files (x86)/atmel/atmel toolchain/avr8 gcc/native/3.4.2.1002/avr8-gnu-toolchain/bin/../lib/gcc/avr/4.7.2/../../../../avr/lib/avr51\libm.a(atan2.o)
                              MpuInit.o (atan2)
c:/program files (x86)/atmel/atmel toolchain/avr8 gcc/native/3.4.2.1002/avr8-gnu-toolchain/bin/../lib/gcc/avr/4.7.2/../../../../avr/lib/avr51\libm.a(atan.o)
                              inverseKinematics.o (atan)
c:/program files (x86)/atmel/atmel toolchain/avr8 gcc/native/3.4.2.1002/avr8-gnu-toolchain/bin/../lib/gcc/avr/4.7.2/../../../../avr/lib/avr51\libm.a(cmpsf2.o)
                              highLevelWalking.o (__eqsf2)
c:/program files (x86)/atmel/atmel toolchain/avr8 gcc/native/3.4.2.1002/avr8-gnu-toolchain/bin/../lib/gcc/avr/4.7.2/../../../../avr/lib/avr51\libm.a(cos.o)
                              highLevelWalking.o (cos)
c:/program files (x86)/atmel/atmel toolchain/avr8 gcc/native/3.4.2.1002/avr8-gnu-toolchain/bin/../lib/gcc/avr/4.7.2/../../../../avr/lib/avr51\libm.a(divsf3.o)
                              highLevelWalking.o (__divsf3)
c:/program files (x86)/atmel/atmel toolchain/avr8 gcc/native/3.4.2.1002/avr8-gnu-toolchain/bin/../lib/gcc/avr/4.7.2/../../../../avr/lib/avr51\libm.a(divsf3x.o)
                              c:/program files (x86)/atmel/atmel toolchain/avr8 gcc/native/3.4.2.1002/avr8-gnu-toolchain/bin/../lib/gcc/avr/4.7.2/../../../../avr/lib/avr51\libm.a(divsf3.o) (__divsf3x)
c:/program files (x86)/atmel/atmel toolchain/avr8 gcc/native/3.4.2.1002/avr8-gnu-toolchain/bin/../lib/gcc/avr/4.7.2/../../../../avr/lib/avr51\libm.a(fixsfsi.o)
                              highLevelWalking.o (__fixsfsi)
c:/program files (x86)/atmel/atmel toolchain/avr8 gcc/native/3.4.2.1002/avr8-gnu-toolchain/bin/../lib/gcc/avr/4.7.2/../../../../avr/lib/avr51\libm.a(fixunssfsi.o)
                              counter.o (__fixunssfsi)
c:/program files (x86)/atmel/atmel toolchain/avr8 gcc/native/3.4.2.1002/avr8-gnu-toolchain/bin/../lib/gcc/avr/4.7.2/../../../../avr/lib/avr51\libm.a(floatsisf.o)
                              counter.o (__floatunsisf)
c:/program files (x86)/atmel/atmel toolchain/avr8 gcc/native/3.4.2.1002/avr8-gnu-toolchain/bin/../lib/gcc/avr/4.7.2/../../../../avr/lib/avr51\libm.a(fmax.o)
                              highLevelWalking.o (fmax)
c:/program files (x86)/atmel/atmel toolchain/avr8 gcc/native/3.4.2.1002/avr8-gnu-toolchain/bin/../lib/gcc/avr/4.7.2/../../../../avr/lib/avr51\libm.a(fmod.o)
                              highLevelWalking.o (fmod)
c:/program files (x86)/atmel/atmel toolchain/avr8 gcc/native/3.4.2.1002/avr8-gnu-toolchain/bin/../lib/gcc/avr/4.7.2/../../../../avr/lib/avr51\libm.a(fp_arccos.o)
                              c:/program files (x86)/atmel/atmel toolchain/avr8 gcc/native/3.4.2.1002/avr8-gnu-toolchain/bin/../lib/gcc/avr/4.7.2/../../../../avr/lib/avr51\libm.a(acos.o) (__fp_arccos)
c:/program files (x86)/atmel/atmel toolchain/avr8 gcc/native/3.4.2.1002/avr8-gnu-toolchain/bin/../lib/gcc/avr/4.7.2/../../../../avr/lib/avr51\libm.a(fp_cmp.o)
                              c:/program files (x86)/atmel/atmel toolchain/avr8 gcc/native/3.4.2.1002/avr8-gnu-toolchain/bin/../lib/gcc/avr/4.7.2/../../../../avr/lib/avr51\libm.a(cmpsf2.o) (__fp_cmp)
c:/program files (x86)/atmel/atmel toolchain/avr8 gcc/native/3.4.2.1002/avr8-gnu-toolchain/bin/../lib/gcc/avr/4.7.2/../../../../avr/lib/avr51\libm.a(fp_inf.o)
                              c:/program files (x86)/atmel/atmel toolchain/avr8 gcc/native/3.4.2.1002/avr8-gnu-toolchain/bin/../lib/gcc/avr/4.7.2/../../../../avr/lib/avr51\libm.a(addsf3x.o) (__fp_inf)
c:/program files (x86)/atmel/atmel toolchain/avr8 gcc/native/3.4.2.1002/avr8-gnu-toolchain/bin/../lib/gcc/avr/4.7.2/../../../../avr/lib/avr51\libm.a(fp_mpack.o)
[...]
Memory Configuration

Name             Origin             Length             Attributes
text             0x00000000         0x00020000         xr
data             0x00800100         0x0000ff00         rw !x
eeprom           0x00810000         0x00010000         rw !x
fuse             0x00820000         0x00000400         rw !x
lock             0x00830000         0x00000400         rw !x
signature        0x00840000         0x00000400         rw !x
user_signatures  0x00850000         0x00000400         rw !x
*default*        0x00000000         0xffffffff

Linker script and memory map

Address of section .data set to 0x800100
LOAD c:/program files (x86)/atmel/atmel toolchain/avr8 gcc/native/3.4.2.1002/avr8-gnu-toolchain/bin/../lib/gcc/avr/4.7.2/../../../../avr/lib/avr51/crtm1284p.o
LOAD counter.o
LOAD fifo.o
LOAD Gangenheten.o
LOAD highLevelWalking.o
LOAD I2Cdev.o
LOAD inverseKinematics.o
LOAD MPU6050.o
LOAD MpuInit.o
LOAD serialServoControl.o
LOAD usart.o
START GROUP
LOAD c:/program files (x86)/atmel/atmel toolchain/avr8 gcc/native/3.4.2.1002/avr8-gnu-toolchain/bin/../lib/gcc/avr/4.7.2/../../../../avr/lib/avr51\libm.a
END GROUP
LOAD c:/program files (x86)/atmel/atmel toolchain/avr8 gcc/native/3.4.2.1002/avr8-gnu-toolchain/bin/../lib/gcc/avr/4.7.2/avr51\libgcc.a
LOAD c:/program files (x86)/atmel/atmel toolchain/avr8 gcc/native/3.4.2.1002/avr8-gnu-toolchain/bin/../lib/gcc/avr/4.7.2/../../../../avr/lib/avr51\libm.a
LOAD c:/program files (x86)/atmel/atmel toolchain/avr8 gcc/native/3.4.2.1002/avr8-gnu-toolchain/bin/../lib/gcc/avr/4.7.2/avr51\libgcc.a
LOAD c:/program files (x86)/atmel/atmel toolchain/avr8 gcc/native/3.4.2.1002/avr8-gnu-toolchain/bin/../lib/gcc/avr/4.7.2/../../../../avr/lib/avr51\libc.a
LOAD c:/program files (x86)/atmel/atmel toolchain/avr8 gcc/native/3.4.2.1002/avr8-gnu-toolchain/bin/../lib/gcc/avr/4.7.2/avr51\libgcc.a

.hash
 *(.hash)

.dynsym
 *(.dynsym)

.dynstr
 *(.dynstr)

.gnu.version
 *(.gnu.version)

.gnu.version_d
 *(.gnu.version_d)

.gnu.version_r
 *(.gnu.version_r)

.rel.init
 *(.rel.init)

.rela.init
 *(.rela.init)

.rel.text
 *(.rel.text)
 *(.rel.text.*)
 *(.rel.gnu.linkonce.t*)

.rela.text
 *(.rela.text)
 *(.rela.text.*)
 *(.rela.gnu.linkonce.t*)

.rel.fini
 *(.rel.fini)

.rela.fini
 *(.rela.fini)

.rel.rodata
 *(.rel.rodata)
 *(.rel.rodata.*)
 *(.rel.gnu.linkonce.r*)

.rela.rodata
 *(.rela.rodata)
 *(.rela.rodata.*)
 *(.rela.gnu.linkonce.r*)

.rel.data
 *(.rel.data)
 *(.rel.data.*)
 *(.rel.gnu.linkonce.d*)

.rela.data
 *(.rela.data)
 *(.rela.data.*)
 *(.rela.gnu.linkonce.d*)

.rel.ctors
 *(.rel.ctors)

.rela.ctors
 *(.rela.ctors)

.rel.dtors
 *(.rel.dtors)

.rela.dtors
 *(.rela.dtors)

.rel.got
 *(.rel.got)

.rela.got
 *(.rela.got)

.rel.bss
 *(.rel.bss)

.rela.bss
 *(.rela.bss)

.rel.plt
 *(.rel.plt)

.rela.plt
 *(.rela.plt)

.text           0x00000000     0x8522
 *(.vectors)
 .vectors       0x00000000       0x8c c:/program files (x86)/atmel/atmel toolchain/avr8 gcc/native/3.4.2.1002/avr8-gnu-toolchain/bin/../lib/gcc/avr/4.7.2/../../../../avr/lib/avr51/crtm1284p.o
                0x00000000                __vector_default
                0x00000000                __vectors
 *(.vectors)
 *(.progmem.gcc*)
 .progmem.gcc_fplib
                0x0000008c       0x14 c:/program files (x86)/atmel/atmel toolchain/avr8 gcc/native/3.4.2.1002/avr8-gnu-toolchain/bin/../lib/gcc/avr/4.7.2/../../../../avr/lib/avr51\libm.a(asin.o)
 .progmem.gcc_fplib
                0x000000a0       0x2d c:/program files (x86)/atmel/atmel toolchain/avr8 gcc/native/3.4.2.1002/avr8-gnu-toolchain/bin/../lib/gcc/avr/4.7.2/../../../../avr/lib/avr51\libm.a(atan.o)
 .progmem.gcc_fplib
                0x000000cd       0x28 c:/program files (x86)/atmel/atmel toolchain/avr8 gcc/native/3.4.2.1002/avr8-gnu-toolchain/bin/../lib/gcc/avr/4.7.2/../../../../avr/lib/avr51\libm.a(fp_arccos.o)
 .progmem.gcc_fplib
                0x000000f5       0x1e c:/program files (x86)/atmel/atmel toolchain/avr8 gcc/native/3.4.2.1002/avr8-gnu-toolchain/bin/../lib/gcc/avr/4.7.2/../../../../avr/lib/avr51\libm.a(fp_sinus.o)
 *(.progmem*)
 .progmem.data._ZL9dmpMemory
                0x00000113      0x789 MpuInit.o
 .progmem.data._ZL9dmpConfig
                0x0000089c       0xc0 MpuInit.o
 .progmem.data._ZL10dmpUpdates
                0x0000095c       0x2f MpuInit.o
                0x0000098c                . = ALIGN (0x2)
 *fill*         0x0000098b        0x1 
                0x0000098c                __trampolines_start = .
 *(.trampolines)
 .trampolines   0x0000098c        0x0 linker stubs
 *(.trampolines*)
                0x0000098c                __trampolines_end = .
 *(.jumptables)
 *(.jumptables*)
 *(.lowtext)
 *(.lowtext*)
                0x0000098c                __ctors_start = .
 *(.ctors)
 .ctors         0x0000098c        0x2 MpuInit.o
                0x0000098e                __ctors_end = .
                0x0000098e                __dtors_start = .
 *(.dtors)
                0x0000098e                __dtors_end = .
 SORT(*)(.ctors)
 SORT(*)(.dtors)
 *(.init0)
 .init0         0x0000098e        0x0 c:/program files (x86)/atmel/atmel toolchain/avr8 gcc/native/3.4.2.1002/avr8-gnu-toolchain/bin/../lib/gcc/avr/4.7.2/../../../../avr/lib/avr51/crtm1284p.o
                0x0000098e                __init
 *(.init0)
 *(.init1)
 *(.init1)
 *(.init2)
 .init2         0x0000098e        0xc c:/program files (x86)/atmel/atmel toolchain/avr8 gcc/native/3.4.2.1002/avr8-gnu-toolchain/bin/../lib/gcc/avr/4.7.2/../../../../avr/lib/avr51/crtm1284p.o
 *(.init2)
 *(.init3)
 *(.init3)
 *(.init4)
 .init4         0x0000099a       0x1a c:/program files (x86)/atmel/atmel toolchain/avr8 gcc/native/3.4.2.1002/avr8-gnu-toolchain/bin/../lib/gcc/avr/4.7.2/avr51\libgcc.a(_copy_data.o)
                0x0000099a                __do_copy_data
 .init4         0x000009b4       0x10 c:/program files (x86)/atmel/atmel toolchain/avr8 gcc/native/3.4.2.1002/avr8-gnu-toolchain/bin/../lib/gcc/avr/4.7.2/avr51\libgcc.a(_clear_bss.o)
                0x000009b4                __do_clear_bss
 *(.init4)
 *(.init5)
 *(.init5)
 *(.init6)
 .init6         0x000009c4       0x20 c:/program files (x86)/atmel/atmel toolchain/avr8 gcc/native/3.4.2.1002/avr8-gnu-toolchain/bin/../lib/gcc/avr/4.7.2/avr51\libgcc.a(_ctors.o)
                0x000009c4                __do_global_ctors
 *(.init6)
 *(.init7)
 *(.init7)
 *(.init8)
 *(.init8)
 *(.init9)
 .init9         0x000009e4        0x6 c:/program files (x86)/atmel/atmel toolchain/avr8 gcc/native/3.4.2.1002/avr8-gnu-toolchain/bin/../lib/gcc/avr/4.7.2/../../../../avr/lib/avr51/crtm1284p.o
 *(.init9)
 *(.text)
 .text          0x000009ea        0x2 c:/program files (x86)/atmel/atmel toolchain/avr8 gcc/native/3.4.2.1002/avr8-gnu-toolchain/bin/../lib/gcc/avr/4.7.2/../../../../avr/lib/avr51/crtm1284p.o
                0x000009ea                __vector_22
                0x000009ea                __vector_1
                0x000009ea                __vector_34
                0x000009ea                __vector_24
                0x000009ea                __vector_12
                0x000009ea                __bad_interrupt
                0x000009ea                __vector_6
                0x000009ea                __vector_31
                0x000009ea                __vector_3
                0x000009ea                __vector_23
                0x000009ea                __vector_30
                0x000009ea                __vector_25
                0x000009ea                __vector_11
                0x000009ea                __vector_17
                0x000009ea                __vector_19
                0x000009ea                __vector_7
                0x000009ea                __vector_27
                0x000009ea                __vector_5
                0x000009ea                __vector_33
                0x000009ea                __vector_9
                0x000009ea                __vector_2
                0x000009ea                __vector_21
                0x000009ea                __vector_15
                0x000009ea                __vector_29
                0x000009ea                __vector_8
                0x000009ea                __vector_26
                0x000009ea                __vector_14
                0x000009ea                __vector_10
                0x000009ea                __vector_16
                0x000009ec                . = ALIGN (0x2)
 *(.text.*)
 .text._Z15reset_counter_1v
                0x000009ec        0xa counter.o
                0x000009ec                _Z15reset_counter_1v
 .text._Z13set_counter_1j
                0x000009f6       0x24 counter.o
                0x000009f6                _Z13set_counter_1j
 .text._Z15reset_counter_3v
                0x00000a1a        0xa counter.o
                0x00000a1a                _Z15reset_counter_3v
 .text._Z13set_counter_3j
                0x00000a24       0x24 counter.o
                0x00000a24                _Z13set_counter_3j
 .text._Z13init_countersv
                0x00000a48       0x46 counter.o
                0x00000a48                _Z13init_countersv
 .text._Z4waitj
                0x00000a8e       0x1c counter.o
                0x00000a8e                _Z4waitj
 .text.__vector_32
                0x00000aaa       0x26 counter.o
                0x00000aaa                __vector_32
 .text._Z14FifoDataLengthP4fifo
                0x00000ad0       0x10 fifo.o
                0x00000ad0                _Z14FifoDataLengthP4fifo
 .text._Z9FifoWriteP4fifoh
                0x00000ae0       0x40 fifo.o
                0x00000ae0                _Z9FifoWriteP4fifoh
 .text._Z8FifoReadP4fifoPh
                0x00000b20       0x46 fifo.o
                0x00000b20                _Z8FifoReadP4fifoPh
 .text.__vector_13
                0x00000b66       0x32 Gangenheten.o
                0x00000b66                __vector_13
 .text._Z22wait_until_gyro_stablev
                0x00000b98       0x1e Gangenheten.o
                0x00000b98                _Z22wait_until_gyro_stablev
 .text.main     0x00000bb6       0x60 Gangenheten.o
                0x00000bb6                main
 .text._Z11init_structP7LegData
                0x00000c16       0x70 highLevelWalking.o
                0x00000c16                _Z11init_structP7LegData
 .text._Z7initvarv
                0x00000c86      0x33a highLevelWalking.o
                0x00000c86                _Z7initvarv
 .text._Z15update_leg_infoP7LegData
                0x00000fc0      0x100 highLevelWalking.o
                0x00000fc0                _Z15update_leg_infoP7LegData
 .text._Z10step_startP7LegData
                0x000010c0       0x54 highLevelWalking.o
                0x000010c0                _Z10step_startP7LegData
 .text._Z21step_part1_calculatorP7LegData
                0x00001114      0x100 highLevelWalking.o
                0x00001114                _Z21step_part1_calculatorP7LegData
 .text._Z21step_part2_calculatorP7LegData
                0x00001214       0x74 highLevelWalking.o
                0x00001214                _Z21step_part2_calculatorP7LegData
 .text._Z15leg_motion_initv
                0x00001288      0x242 highLevelWalking.o
                0x00001288                _Z15leg_motion_initv
 .text._Z8move_legP7LegDataf
                0x000014ca      0x440 highLevelWalking.o
                0x000014ca                _Z8move_legP7LegDataf
 .text._Z13leg_move_downP7LegData
                0x0000190a      0x232 highLevelWalking.o
                0x0000190a                _Z13leg_move_downP7LegData
 .text._Z14leg_check_downP7LegData
                0x00001b3c      0x36a highLevelWalking.o
                0x00001b3c                _Z14leg_check_downP7LegData
 .text._Z10move_climbP7LegDataf
                0x00001ea6      0x5a8 highLevelWalking.o
                0x00001ea6                _Z10move_climbP7LegDataf
 .text._Z8change_zf
                0x0000244e       0x64 highLevelWalking.o
                0x0000244e                _Z8change_zf
 .text._Z10leg_motionv
                0x000024b2      0x850 highLevelWalking.o
                0x000024b2                _Z10leg_motionv
 .text._Z10move_robotiii
                0x00002d02      0xb2a highLevelWalking.o
                0x00002d02                _Z10move_robotiii
 .text._Z11move_to_stdv
                0x0000382c      0x2a6 highLevelWalking.o
                0x0000382c                _Z11move_to_stdv
 .text._Z5climbv
                0x00003ad2      0xb8c highLevelWalking.o
                0x00003ad2                _Z5climbv
 .text.__vector_18
                0x0000465e       0x94 I2Cdev.o
                0x0000465e                __vector_18
 .text._Z6millisv
                0x000046f2       0x2a I2Cdev.o
                0x000046f2                _Z6millisv
 .text._ZN8Fastwire7waitIntEv
                0x0000471c       0x20 I2Cdev.o
                0x0000471c                _ZN8Fastwire7waitIntEv
 .text._ZN8Fastwire5setupEih
                0x0000473c       0x60 I2Cdev.o
                0x0000473c                _ZN8Fastwire5setupEih
 .text._ZN8Fastwire17beginTransmissionEh
                0x0000479c       0xa2 I2Cdev.o
                0x0000479c                _ZN8Fastwire17beginTransmissionEh
 .text._ZN8Fastwire5writeEh
                0x0000483e       0x26 I2Cdev.o
                0x0000483e                _ZN8Fastwire5writeEh
 .text._ZN8Fastwire4stopEv
                0x00004864       0x12 I2Cdev.o
                0x00004864                _ZN8Fastwire4stopEv
 .text._ZN8Fastwire7readBufEhhPhh
                0x00004876      0x202 I2Cdev.o
                0x00004876                _ZN8Fastwire7readBufEhhPhh
 .text._ZN6I2Cdev9readBytesEhhhPhj
                0x00004a78       0x8c I2Cdev.o
                0x00004a78                _ZN6I2Cdev9readBytesEhhhPhj
 .text._ZN6I2Cdev8readByteEhhPhj
                0x00004b04       0x12 I2Cdev.o
                0x00004b04                _ZN6I2Cdev8readByteEhhPhj
 .text._ZN6I2Cdev8readBitsEhhhhPhj
                0x00004b16       0x7e I2Cdev.o
                0x00004b16                _ZN6I2Cdev8readBitsEhhhhPhj
 .text._ZN6I2Cdev7readBitEhhhPhj
                0x00004b94       0x4c I2Cdev.o
                0x00004b94                _ZN6I2Cdev7readBitEhhhPhj
 .text._ZN6I2Cdev10writeWordsEhhhPj
                0x00004be0       0x6c I2Cdev.o
                0x00004be0                _ZN6I2Cdev10writeWordsEhhhPj
 .text._ZN6I2Cdev9writeWordEhhj
                0x00004c4c       0x22 I2Cdev.o
                0x00004c4c                _ZN6I2Cdev9writeWordEhhj
 .text._ZN6I2Cdev10writeBytesEhhhPh
                0x00004c6e       0x48 I2Cdev.o
                0x00004c6e                _ZN6I2Cdev10writeBytesEhhhPh
 .text._ZN6I2Cdev9writeByteEhhh
                0x00004cb6       0x1e I2Cdev.o
                0x00004cb6                _ZN6I2Cdev9writeByteEhhh
 .text._ZN6I2Cdev9writeBitsEhhhhh
                0x00004cd4       0x8a I2Cdev.o
                0x00004cd4                _ZN6I2Cdev9writeBitsEhhhhh
 .text._ZN6I2Cdev8writeBitEhhhh
                0x00004d5e       0x72 I2Cdev.o
                0x00004d5e                _ZN6I2Cdev8writeBitEhhhh
 .text._Z16height_change_x0f
                0x00004dd0       0x32 inverseKinematics.o
                0x00004dd0                _Z16height_change_x0f
 .text._Z18height_change_leg1f
                0x00004e02       0xa0 inverseKinematics.o
                0x00004e02                _Z18height_change_leg1f
 .text._Z18height_change_leg2f
                0x00004ea2       0x4c inverseKinematics.o
                0x00004ea2                _Z18height_change_leg2f
 .text._Z18height_change_leg3f
                0x00004eee       0x94 inverseKinematics.o
                0x00004eee                _Z18height_change_leg3f
 .text._Z18height_change_leg4f
                0x00004f82       0xa8 inverseKinematics.o
                0x00004f82                _Z18height_change_leg4f
 .text._Z18height_change_leg5f
                0x0000502a       0x4a inverseKinematics.o
                0x0000502a                _Z18height_change_leg5f
 .text._Z18height_change_leg6f
                0x00005074       0x92 inverseKinematics.o
                0x00005074                _Z18height_change_leg6f
 .text._Z17height_change_allf
                0x00005106       0x3c inverseKinematics.o
                0x00005106                _Z17height_change_allf
 .text._Z8get_x0_1v
                0x00005142       0x1a inverseKinematics.o
                0x00005142                _Z8get_x0_1v
 .text._Z8get_y0_1v
                0x0000515c       0x1a inverseKinematics.o
                0x0000515c                _Z8get_y0_1v
 .text._Z6get_x0v
                0x00005176       0x1a inverseKinematics.o
                0x00005176                _Z6get_x0v
 .text._Z6get_y0v
                0x00005190       0x1a inverseKinematics.o
                0x00005190                _Z6get_y0v
 .text._Z6get_z0v
                0x000051aa       0x1a inverseKinematics.o
                0x000051aa                _Z6get_z0v
 .text._Z6calc_dfff
                0x000051c4       0xc2 inverseKinematics.o
                0x000051c4                _Z6calc_dfff
 .text._Z9get_gammaff
                0x00005286       0x46 inverseKinematics.o
                0x00005286                _Z9get_gammaff
 .text._Z8get_betav
                0x000052cc       0x6a inverseKinematics.o
                0x000052cc                _Z8get_betav
 .text._Z9get_alphaf
                0x00005336       0xc2 inverseKinematics.o
                0x00005336                _Z9get_alphaf
 .text._Z18basis_change_leg1xff
                0x000053f8       0x92 inverseKinematics.o
                0x000053f8                _Z18basis_change_leg1xff
 .text._Z18basis_change_leg1yff
                0x0000548a       0x92 inverseKinematics.o
                0x0000548a                _Z18basis_change_leg1yff
 .text._Z18basis_change_leg2xf
                0x0000551c       0x30 inverseKinematics.o
                0x0000551c                _Z18basis_change_leg2xf
 .text._Z18basis_change_leg2yf
                0x0000554c       0x24 inverseKinematics.o
                0x0000554c                _Z18basis_change_leg2yf
 .text._Z18basis_change_leg3xff
                0x00005570       0x92 inverseKinematics.o
                0x00005570                _Z18basis_change_leg3xff
 .text._Z18basis_change_leg3yff
                0x00005602       0x92 inverseKinematics.o
                0x00005602                _Z18basis_change_leg3yff
 .text._Z18basis_change_leg4xff
                0x00005694       0x92 inverseKinematics.o
                0x00005694                _Z18basis_change_leg4xff
 .text._Z18basis_change_leg4yff
                0x00005726       0x92 inverseKinematics.o
                0x00005726                _Z18basis_change_leg4yff
 .text._Z18basis_change_leg5xf
                0x000057b8       0x20 inverseKinematics.o
                0x000057b8                _Z18basis_change_leg5xf
 .text._Z18basis_change_leg5yf
                0x000057d8       0x14 inverseKinematics.o
                0x000057d8                _Z18basis_change_leg5yf
 .text._Z18basis_change_leg6xff
                0x000057ec       0x92 inverseKinematics.o
                0x000057ec                _Z18basis_change_leg6xff
 .text._Z18basis_change_leg6yff
                0x0000587e       0x92 inverseKinematics.o
                0x0000587e                _Z18basis_change_leg6yff
 .text._ZN7MPU6050C2Ev
                0x00005910        0x8 MPU6050.o
                0x00005910                _ZN7MPU6050C2Ev
                0x00005910                _ZN7MPU6050C1Ev
 .text._ZN7MPU60507setRateEh
                0x00005918        0xa MPU6050.o
                0x00005918                _ZN7MPU60507setRateEh
 .text._ZN7MPU605020setExternalFrameSyncEh
                0x00005922       0x14 MPU6050.o
                0x00005922                _ZN7MPU605020setExternalFrameSyncEh
 .text._ZN7MPU605011setDLPFModeEh
                0x00005936       0x14 MPU6050.o
                0x00005936                _ZN7MPU605011setDLPFModeEh
 .text._ZN7MPU605021setFullScaleGyroRangeEh
                0x0000594a       0x14 MPU6050.o
                0x0000594a                _ZN7MPU605021setFullScaleGyroRangeEh
 .text._ZN7MPU605027setMotionDetectionThresholdEh
                0x0000595e        0xa MPU6050.o
                0x0000595e                _ZN7MPU605027setMotionDetectionThresholdEh
 .text._ZN7MPU605026setMotionDetectionDurationEh
                0x00005968        0xa MPU6050.o
                0x00005968                _ZN7MPU605026setMotionDetectionDurationEh
 .text._ZN7MPU605031setZeroMotionDetectionThresholdEh
                0x00005972        0xa MPU6050.o
                0x00005972                _ZN7MPU605031setZeroMotionDetectionThresholdEh
 .text._ZN7MPU605030setZeroMotionDetectionDurationEh
                0x0000597c        0xa MPU6050.o
                0x0000597c                _ZN7MPU605030setZeroMotionDetectionDurationEh
 .text._ZN7MPU605015setSlaveAddressEhh
                0x00005986       0x14 MPU6050.o
                0x00005986                _ZN7MPU605015setSlaveAddressEhh
 .text._ZN7MPU605013setIntEnabledEh
                0x0000599a        0xa MPU6050.o
                0x0000599a                _ZN7MPU605013setIntEnabledEh
 .text._ZN7MPU605012getIntStatusEv
                0x000059a4       0x22 MPU6050.o
                0x000059a4                _ZN7MPU605012getIntStatusEv
 .text._ZN7MPU605014setFIFOEnabledEb
                0x000059c6        0xc MPU6050.o
                0x000059c6                _ZN7MPU605014setFIFOEnabledEb
 .text._ZN7MPU605023setI2CMasterModeEnabledEb
                0x000059d2        0xc MPU6050.o
                0x000059d2                _ZN7MPU605023setI2CMasterModeEnabledEb
 .text._ZN7MPU60509resetFIFOEv
                0x000059de        0xc MPU6050.o
                0x000059de                _ZN7MPU60509resetFIFOEv
 .text._ZN7MPU605014resetI2CMasterEv
                0x000059ea        0xc MPU6050.o
                0x000059ea                _ZN7MPU605014resetI2CMasterEv
 .text._ZN7MPU60505resetEv
                0x000059f6        0xc MPU6050.o
                0x000059f6                _ZN7MPU60505resetEv
 .text._ZN7MPU605015setSleepEnabledEb
                0x00005a02        0xc MPU6050.o
                0x00005a02                _ZN7MPU605015setSleepEnabledEb
 .text._ZN7MPU605014setClockSourceEh
                0x00005a0e       0x14 MPU6050.o
                0x00005a0e                _ZN7MPU605014setClockSourceEh
 .text._ZN7MPU605012getFIFOCountEv
                0x00005a22       0x3a MPU6050.o
                0x00005a22                _ZN7MPU605012getFIFOCountEv
 .text._ZN7MPU605012getFIFOBytesEPhj
                0x00005a5c       0x2e MPU6050.o
                0x00005a5c                _ZN7MPU605012getFIFOBytesEPhj
 .text._ZN7MPU605015getOTPBankValidEv
                0x00005a8a       0x2c MPU6050.o
                0x00005a8a                _ZN7MPU605015getOTPBankValidEv
 .text._ZN7MPU605015setOTPBankValidEb
                0x00005ab6        0xc MPU6050.o
                0x00005ab6                _ZN7MPU605015setOTPBankValidEb
 .text._ZN7MPU605016getXGyroOffsetTCEv
                0x00005ac2       0x36 MPU6050.o
                0x00005ac2                _ZN7MPU605016getXGyroOffsetTCEv
 .text._ZN7MPU605016setXGyroOffsetTCEa
                0x00005af8       0x14 MPU6050.o
                0x00005af8                _ZN7MPU605016setXGyroOffsetTCEa
 .text._ZN7MPU605016getYGyroOffsetTCEv
                0x00005b0c       0x38 MPU6050.o
                0x00005b0c                _ZN7MPU605016getYGyroOffsetTCEv
 .text._ZN7MPU605016setYGyroOffsetTCEa
                0x00005b44       0x14 MPU6050.o
                0x00005b44                _ZN7MPU605016setYGyroOffsetTCEa
 .text._ZN7MPU605016getZGyroOffsetTCEv
                0x00005b58       0x38 MPU6050.o
                0x00005b58                _ZN7MPU605016getZGyroOffsetTCEv
 .text._ZN7MPU605016setZGyroOffsetTCEa
                0x00005b90       0x14 MPU6050.o
                0x00005b90                _ZN7MPU605016setZGyroOffsetTCEa
 .text._ZN7MPU605015setZAccelOffsetEi
                0x00005ba4        0xa MPU6050.o
                0x00005ba4                _ZN7MPU605015setZAccelOffsetEi
 .text._ZN7MPU605014setXGyroOffsetEi
                0x00005bae        0xa MPU6050.o
                0x00005bae                _ZN7MPU605014setXGyroOffsetEi
 .text._ZN7MPU605014setYGyroOffsetEi
                0x00005bb8        0xa MPU6050.o
                0x00005bb8                _ZN7MPU605014setYGyroOffsetEi
 .text._ZN7MPU605014setZGyroOffsetEi
                0x00005bc2        0xa MPU6050.o
                0x00005bc2                _ZN7MPU605014setZGyroOffsetEi
 .text._ZN7MPU605013setDMPEnabledEb
                0x00005bcc        0xc MPU6050.o
                0x00005bcc                _ZN7MPU605013setDMPEnabledEb
 .text._ZN7MPU60508resetDMPEv
                0x00005bd8        0xc MPU6050.o
                0x00005bd8                _ZN7MPU60508resetDMPEv
 .text._ZN7MPU605013setMemoryBankEhbb
                0x00005be4       0x14 MPU6050.o
                0x00005be4                _ZN7MPU605013setMemoryBankEhbb
 .text._ZN7MPU605021setMemoryStartAddressEh
                0x00005bf8        0xa MPU6050.o
                0x00005bf8                _ZN7MPU605021setMemoryStartAddressEh
 .text._ZN7MPU605014readMemoryByteEv
                0x00005c02       0x24 MPU6050.o
                0x00005c02                _ZN7MPU605014readMemoryByteEv
 .text._ZN7MPU605015readMemoryBlockEPhjhh
                0x00005c26       0xd2 MPU6050.o
                0x00005c26                _ZN7MPU605015readMemoryBlockEPhjhh
 .text._ZN7MPU605016writeMemoryBlockEPKhjhhbb
                0x00005cf8      0x1c8 MPU6050.o
                0x00005cf8                _ZN7MPU605016writeMemoryBlockEPKhjhhbb
 .text._ZN7MPU605020writeProgMemoryBlockEPKhjhhb
                0x00005ec0       0x14 MPU6050.o
                0x00005ec0                _ZN7MPU605020writeProgMemoryBlockEPKhjhhb
 .text._ZN7MPU605024writeDMPConfigurationSetEPKhjb
                0x00005ed4      0x184 MPU6050.o
                0x00005ed4                _ZN7MPU605024writeDMPConfigurationSetEPKhjb
 .text._ZN7MPU605028writeProgDMPConfigurationSetEPKhj
                0x00006058        0x4 MPU6050.o
                0x00006058                _ZN7MPU605028writeProgDMPConfigurationSetEPKhj
 .text._ZN7MPU605013setDMPConfig1Eh
                0x0000605c        0xc MPU6050.o
                0x0000605c                _ZN7MPU605013setDMPConfig1Eh
 .text._ZN7MPU605013setDMPConfig2Eh
                0x00006068        0xc MPU6050.o
                0x00006068                _ZN7MPU605013setDMPConfig2Eh
 .text._ZN7MPU605013dmpInitializeEv
                0x00006074      0x4b4 MpuInit.o
                0x00006074                _ZN7MPU605013dmpInitializeEv
 .text._ZN7MPU605016dmpGetQuaternionEPiPKh
                0x00006528       0x60 MpuInit.o
                0x00006528                _ZN7MPU605016dmpGetQuaternionEPiPKh
 .text._ZN7MPU605016dmpGetQuaternionEP10QuaternionPKh
                0x00006588       0xdc MpuInit.o
                0x00006588                _ZN7MPU605016dmpGetQuaternionEP10QuaternionPKh
 .text._ZN7MPU605013dmpGetGravityEP11VectorFloatP10Quaternion
                0x00006664      0x18c MpuInit.o
                0x00006664                _ZN7MPU605013dmpGetGravityEP11VectorFloatP10Quaternion
 .text._ZN7MPU605018dmpGetYawPitchRollEPfP10QuaternionP11VectorFloat
                0x000067f0      0x1fc MpuInit.o
                0x000067f0                _ZN7MPU605018dmpGetYawPitchRollEPfP10QuaternionP11VectorFloat
 .text._ZN7MPU605020dmpGetFIFOPacketSizeEv
                0x000069ec        0x8 MpuInit.o
                0x000069ec                _ZN7MPU605020dmpGetFIFOPacketSizeEv
 .text.__vector_4
                0x000069f4       0x1e MpuInit.o
                0x000069f4                __vector_4
 .text._Z17enable_interrupt0v
                0x00006a12       0x18 MpuInit.o
                0x00006a12                _Z17enable_interrupt0v
 .text._Z9MPU_get_yv
                0x00006a2a       0x16 MpuInit.o
                0x00006a2a                _Z9MPU_get_yv
 .text._Z9MPU_get_pv
                0x00006a40       0x16 MpuInit.o
                0x00006a40                _Z9MPU_get_pv
 .text._Z9MPU_get_rv
                0x00006a56       0x16 MpuInit.o
                0x00006a56                _Z9MPU_get_rv
 .text._Z8MPU_initv
                0x00006a6c       0x70 MpuInit.o
                0x00006a6c                _Z8MPU_initv
 .text._Z10MPU_updatev
                0x00006adc       0xe4 MpuInit.o
                0x00006adc                _Z10MPU_updatev
 .text._GLOBAL__sub_I__ZN7MPU605013dmpInitializeEv
                0x00006bc0       0xd2 MpuInit.o
 .text._Z20servo_check_tx_readyv
                0x00006c92        0x8 serialServoControl.o
                0x00006c92                _Z20servo_check_tx_readyv
 .text._Z16servo_write_byteh
                0x00006c9a       0x12 serialServoControl.o
                0x00006c9a                _Z16servo_write_byteh
 .text._Z17send_servo_packethhh
                0x00006cac       0xb0 serialServoControl.o
                0x00006cac                _Z17send_servo_packethhh
 .text._Z10SERVO_gotohdj
                0x00006d5c       0xfa serialServoControl.o
                0x00006d5c                _Z10SERVO_gotohdj
 .text._Z21SERVO_buffer_positionhdj
                0x00006e56       0xf8 serialServoControl.o
                0x00006e56                _Z21SERVO_buffer_positionhdj
 .text._Z12SERVO_actionv
                0x00006f4e        0x8 serialServoControl.o
                0x00006f4e                _Z12SERVO_actionv
 .text._Z22SERVO_set_torque_limithj
                0x00006f56       0x14 serialServoControl.o
                0x00006f56                _Z22SERVO_set_torque_limithj
 .text._Z10SERVO_initv
                0x00006f6a       0x20 serialServoControl.o
                0x00006f6a                _Z10SERVO_initv
 .text._Z22SERVO_set_return_levelhh
                0x00006f8a       0x10 serialServoControl.o
                0x00006f8a                _Z22SERVO_set_return_levelhh
 .text._Z27SERVO_set_return_delay_timehh
                0x00006f9a       0x10 serialServoControl.o
                0x00006f9a                _Z27SERVO_set_return_delay_timehh
 .text._Z19SERVO_update_EEPROMh
                0x00006faa       0x20 serialServoControl.o
                0x00006faa                _Z19SERVO_update_EEPROMh
 .text._Z17SERVO_update_datah
                0x00006fca      0x21e serialServoControl.o
                0x00006fca                _Z17SERVO_update_datah
 .text._Z13SERVO_get_posv
                0x000071e8        0xa serialServoControl.o
                0x000071e8                _Z13SERVO_get_posv
 .text._Z15SERVO_get_speedv
                0x000071f2        0xa serialServoControl.o
                0x000071f2                _Z15SERVO_get_speedv
 .text._Z14SERVO_get_loadv
                0x000071fc        0xa serialServoControl.o
                0x000071fc                _Z14SERVO_get_loadv
 .text._Z21SERVO_get_temperaturev
                0x00007206        0x6 serialServoControl.o
                0x00007206                _Z21SERVO_get_temperaturev
 .text._Z17SERVO_get_voltagev
                0x0000720c        0x6 serialServoControl.o
                0x0000720c                _Z17SERVO_get_voltagev
 .text.__vector_28
                0x00007212       0x66 serialServoControl.o
                0x00007212                __vector_28
 .text._Z11USART_get_zv
                0x00007278       0x1a usart.o
                0x00007278                _Z11USART_get_zv
 .text._Z10USART_initv
                0x00007292       0x26 usart.o
                0x00007292                _Z10USART_initv
 .text._Z18USART_CheckTxReadyv
                0x000072b8        0x8 usart.o
                0x000072b8                _Z18USART_CheckTxReadyv
 .text._Z15USART_WriteByteh
                0x000072c0       0x12 usart.o
                0x000072c0                _Z15USART_WriteByteh
 .text._Z11USART_crc16hh
                0x000072d2       0xb2 usart.o
                0x000072d2                _Z11USART_crc16hh
 .text._Z16USART_SendPacketch
                0x00007384       0xc0 usart.o
                0x00007384                _Z16USART_SendPacketch
 .text._Z17USART_SendMessagePc
                0x00007444       0x42 usart.o
                0x00007444                _Z17USART_SendMessagePc
 .text._Z14USART_SendGyrov
                0x00007486       0x3c usart.o
                0x00007486                _Z14USART_SendGyrov
 .text._Z25USART_DecodeMessageRxFIFOv
                0x000074c2       0x5e usart.o
                0x000074c2                _Z25USART_DecodeMessageRxFIFOv
 .text._Z25USART_DecodeCommandRxFIFOv
                0x00007520       0x98 usart.o
                0x00007520                _Z25USART_DecodeCommandRxFIFOv
 .text._Z27USART_DecodeElevationRxFIFOv
                0x000075b8       0xfc usart.o
                0x000075b8                _Z27USART_DecodeElevationRxFIFOv
 .text._Z22USART_DecodeTurnRxFIFOv
                0x000076b4       0xaa usart.o
                0x000076b4                _Z22USART_DecodeTurnRxFIFOv
 .text._Z18USART_DecodeRxFIFOv
                0x0000775e       0x58 usart.o
                0x0000775e                _Z18USART_DecodeRxFIFOv
 .text._Z20USART_elevation_flagv
                0x000077b6       0x14 usart.o
                0x000077b6                _Z20USART_elevation_flagv
 .text.__vector_20
                0x000077ca      0x10a usart.o
                0x000077ca                __vector_20
 .text.avr-libc.fplib
                0x000078d4       0x1c c:/program files (x86)/atmel/atmel toolchain/avr8 gcc/native/3.4.2.1002/avr8-gnu-toolchain/bin/../lib/gcc/avr/4.7.2/../../../../avr/lib/avr51\libm.a(acos.o)
                0x000078d4                acos
 .text.avr-libc.fplib
                0x000078f0        0xa c:/program files (x86)/atmel/atmel toolchain/avr8 gcc/native/3.4.2.1002/avr8-gnu-toolchain/bin/../lib/gcc/avr/4.7.2/../../../../avr/lib/avr51\libm.a(addsf3.o)
                0x000078f0                __subsf3
                0x000078f2                __addsf3
 .text.avr-libc.fplib
                0x000078fa       0xc0 c:/program files (x86)/atmel/atmel toolchain/avr8 gcc/native/3.4.2.1002/avr8-gnu-toolchain/bin/../lib/gcc/avr/4.7.2/../../../../avr/lib/avr51\libm.a(addsf3x.o)
                0x00007914                __addsf3x
 .text.avr-libc.fplib
                0x000079ba       0x2e c:/program files (x86)/atmel/atmel toolchain/avr8 gcc/native/3.4.2.1002/avr8-gnu-toolchain/bin/../lib/gcc/avr/4.7.2/../../../../avr/lib/avr51\libm.a(asin.o)
                0x000079ba                asin
 .text.avr-libc.fplib
                0x000079e8       0x74 c:/program files (x86)/atmel/atmel toolchain/avr8 gcc/native/3.4.2.1002/avr8-gnu-toolchain/bin/../lib/gcc/avr/4.7.2/../../../../avr/lib/avr51\libm.a(atan2.o)
                0x00007a06                atan2
 .text.avr-libc.fplib
                0x00007a5c       0x50 c:/program files (x86)/atmel/atmel toolchain/avr8 gcc/native/3.4.2.1002/avr8-gnu-toolchain/bin/../lib/gcc/avr/4.7.2/../../../../avr/lib/avr51\libm.a(atan.o)
                0x00007a5c                atan
 .text.avr-libc.fplib
                0x00007aac        0x8 c:/program files (x86)/atmel/atmel toolchain/avr8 gcc/native/3.4.2.1002/avr8-gnu-toolchain/bin/../lib/gcc/avr/4.7.2/../../../../avr/lib/avr51\libm.a(cmpsf2.o)
                0x00007aac                __nesf2
                0x00007aac                __eqsf2
                0x00007aac                __cmpsf2
                0x00007aac                __ltsf2
                0x00007aac                __lesf2
 .text.avr-libc.fplib
                0x00007ab4        0x6 c:/program files (x86)/atmel/atmel toolchain/avr8 gcc/native/3.4.2.1002/avr8-gnu-toolchain/bin/../lib/gcc/avr/4.7.2/../../../../avr/lib/avr51\libm.a(cos.o)
                0x00007ab4                cos
 .text.avr-libc.fplib
                0x00007aba        0x4 c:/program files (x86)/atmel/atmel toolchain/avr8 gcc/native/3.4.2.1002/avr8-gnu-toolchain/bin/../lib/gcc/avr/4.7.2/../../../../avr/lib/avr51\libm.a(divsf3.o)
                0x00007aba                __divsf3
 .text.avr-libc.fplib
                0x00007abe       0xcc c:/program files (x86)/atmel/atmel toolchain/avr8 gcc/native/3.4.2.1002/avr8-gnu-toolchain/bin/../lib/gcc/avr/4.7.2/../../../../avr/lib/avr51\libm.a(divsf3x.o)
                0x00007ad4                __divsf3x
                0x00007ad8                __divsf3_pse
 .text.avr-libc.fplib
                0x00007b8a        0xa c:/program files (x86)/atmel/atmel toolchain/avr8 gcc/native/3.4.2.1002/avr8-gnu-toolchain/bin/../lib/gcc/avr/4.7.2/../../../../avr/lib/avr51\libm.a(fixsfsi.o)
                0x00007b8a                __fixsfsi
 .text.avr-libc.fplib
                0x00007b94       0x58 c:/program files (x86)/atmel/atmel toolchain/avr8 gcc/native/3.4.2.1002/avr8-gnu-toolchain/bin/../lib/gcc/avr/4.7.2/../../../../avr/lib/avr51\libm.a(fixunssfsi.o)
                0x00007b94                __fixunssfsi
 .text.avr-libc.fplib
                0x00007bec       0x7a c:/program files (x86)/atmel/atmel toolchain/avr8 gcc/native/3.4.2.1002/avr8-gnu-toolchain/bin/../lib/gcc/avr/4.7.2/../../../../avr/lib/avr51\libm.a(floatsisf.o)
                0x00007bec                __floatunsisf
                0x00007bf0                __floatsisf
 .text.avr-libc.fplib
                0x00007c66       0x3e c:/program files (x86)/atmel/atmel toolchain/avr8 gcc/native/3.4.2.1002/avr8-gnu-toolchain/bin/../lib/gcc/avr/4.7.2/../../../../avr/lib/avr51\libm.a(fmax.o)
                0x00007c66                fmax
 .text.avr-libc.fplib
                0x00007ca4       0x36 c:/program files (x86)/atmel/atmel toolchain/avr8 gcc/native/3.4.2.1002/avr8-gnu-toolchain/bin/../lib/gcc/avr/4.7.2/../../../../avr/lib/avr51\libm.a(fp_arccos.o)
                0x00007ca4                __fp_arccos
 .text.avr-libc.fplib
                0x00007cda       0x48 c:/program files (x86)/atmel/atmel toolchain/avr8 gcc/native/3.4.2.1002/avr8-gnu-toolchain/bin/../lib/gcc/avr/4.7.2/../../../../avr/lib/avr51\libm.a(fp_cmp.o)
                0x00007cda                __fp_cmp
 .text.avr-libc.fplib
                0x00007d22        0xc c:/program files (x86)/atmel/atmel toolchain/avr8 gcc/native/3.4.2.1002/avr8-gnu-toolchain/bin/../lib/gcc/avr/4.7.2/../../../../avr/lib/avr51\libm.a(fp_inf.o)
                0x00007d22                __fp_inf
 .text.avr-libc.fplib
                0x00007d2e       0x1c c:/program files (x86)/atmel/atmel toolchain/avr8 gcc/native/3.4.2.1002/avr8-gnu-toolchain/bin/../lib/gcc/avr/4.7.2/../../../../avr/lib/avr51\libm.a(fp_mpack.o)
                0x00007d2e                __fp_mpack
                0x00007d32                __fp_mpack_finite
 .text.avr-libc.fplib
                0x00007d4a        0x6 c:/program files (x86)/atmel/atmel toolchain/avr8 gcc/native/3.4.2.1002/avr8-gnu-toolchain/bin/../lib/gcc/avr/4.7.2/../../../../avr/lib/avr51\libm.a(fp_nan.o)
                0x00007d4a                __fp_nan
 .text.avr-libc.fplib
                0x00007d50       0x4a c:/program files (x86)/atmel/atmel toolchain/avr8 gcc/native/3.4.2.1002/avr8-gnu-toolchain/bin/../lib/gcc/avr/4.7.2/../../../../avr/lib/avr51\libm.a(fp_powser.o)
                0x00007d50                __fp_powser
 .text.avr-libc.fplib
                0x00007d9a       0x22 c:/program files (x86)/atmel/atmel toolchain/avr8 gcc/native/3.4.2.1002/avr8-gnu-toolchain/bin/../lib/gcc/avr/4.7.2/../../../../avr/lib/avr51\libm.a(fp_powsodd.o)
                0x00007d9a                __fp_powsodd
 .text.avr-libc.fplib
                0x00007dbc        0xe c:/program files (x86)/atmel/atmel toolchain/avr8 gcc/native/3.4.2.1002/avr8-gnu-toolchain/bin/../lib/gcc/avr/4.7.2/../../../../avr/lib/avr51\libm.a(fp_pscA.o)
                0x00007dbc                __fp_pscA
 .text.avr-libc.fplib
                0x00007dca        0xe c:/program files (x86)/atmel/atmel toolchain/avr8 gcc/native/3.4.2.1002/avr8-gnu-toolchain/bin/../lib/gcc/avr/4.7.2/../../../../avr/lib/avr51\libm.a(fp_pscB.o)
                0x00007dca                __fp_pscB
 .text.avr-libc.fplib
                0x00007dd8       0x50 c:/program files (x86)/atmel/atmel toolchain/avr8 gcc/native/3.4.2.1002/avr8-gnu-toolchain/bin/../lib/gcc/avr/4.7.2/../../../../avr/lib/avr51\libm.a(fp_rempio2.o)
                0x00007dda                __fp_rempio2
 .text.avr-libc.fplib
                0x00007e28       0x22 c:/program files (x86)/atmel/atmel toolchain/avr8 gcc/native/3.4.2.1002/avr8-gnu-toolchain/bin/../lib/gcc/avr/4.7.2/../../../../avr/lib/avr51\libm.a(fp_round.o)
                0x00007e28                __fp_round
 .text.avr-libc.fplib
                0x00007e4a       0x22 c:/program files (x86)/atmel/atmel toolchain/avr8 gcc/native/3.4.2.1002/avr8-gnu-toolchain/bin/../lib/gcc/avr/4.7.2/../../../../avr/lib/avr51\libm.a(fp_sinus.o)
                0x00007e4a                __fp_sinus
 .text.avr-libc.fplib
                0x00007e6c       0x44 c:/program files (x86)/atmel/atmel toolchain/avr8 gcc/native/3.4.2.1002/avr8-gnu-toolchain/bin/../lib/gcc/avr/4.7.2/../../../../avr/lib/avr51\libm.a(fp_split3.o)
                0x00007e6c                __fp_split3
                0x00007e7c                __fp_splitA
 .text.avr-libc.fplib
                0x00007eb0        0xe c:/program files (x86)/atmel/atmel toolchain/avr8 gcc/native/3.4.2.1002/avr8-gnu-toolchain/bin/../lib/gcc/avr/4.7.2/../../../../avr/lib/avr51\libm.a(fp_zero.o)
                0x00007eb0                __fp_zero
                0x00007eb2                __fp_szero
 .text.avr-libc.fplib
                0x00007ebe        0x8 c:/program files (x86)/atmel/atmel toolchain/avr8 gcc/native/3.4.2.1002/avr8-gnu-toolchain/bin/../lib/gcc/avr/4.7.2/../../../../avr/lib/avr51\libm.a(gesf2.o)
                0x00007ebe                __gesf2
                0x00007ebe                __gtsf2
 .text.avr-libc.fplib
                0x00007ec6        0xe c:/program files (x86)/atmel/atmel toolchain/avr8 gcc/native/3.4.2.1002/avr8-gnu-toolchain/bin/../lib/gcc/avr/4.7.2/../../../../avr/lib/avr51\libm.a(inverse.o)
                0x00007ec6                inverse
 .text.avr-libc.fplib
                0x00007ed4        0x4 c:/program files (x86)/atmel/atmel toolchain/avr8 gcc/native/3.4.2.1002/avr8-gnu-toolchain/bin/../lib/gcc/avr/4.7.2/../../../../avr/lib/avr51\libm.a(mulsf3.o)
                0x00007ed4                __mulsf3
 .text.avr-libc.fplib
                0x00007ed8       0xc2 c:/program files (x86)/atmel/atmel toolchain/avr8 gcc/native/3.4.2.1002/avr8-gnu-toolchain/bin/../lib/gcc/avr/4.7.2/../../../../avr/lib/avr51\libm.a(mulsf3x.o)
                0x00007eec                __mulsf3x
                0x00007ef0                __mulsf3_pse
 .text.avr-libc.fplib
                0x00007f9a        0xc c:/program files (x86)/atmel/atmel toolchain/avr8 gcc/native/3.4.2.1002/avr8-gnu-toolchain/bin/../lib/gcc/avr/4.7.2/../../../../avr/lib/avr51\libm.a(sin.o)
                0x00007f9a                sin
 .text.avr-libc.fplib
                0x00007fa6       0x84 c:/program files (x86)/atmel/atmel toolchain/avr8 gcc/native/3.4.2.1002/avr8-gnu-toolchain/bin/../lib/gcc/avr/4.7.2/../../../../avr/lib/avr51\libm.a(sqrt.o)
                0x00007fae                sqrt
 .text.avr-libc.fplib
                0x0000802a        0x6 c:/program files (x86)/atmel/atmel toolchain/avr8 gcc/native/3.4.2.1002/avr8-gnu-toolchain/bin/../lib/gcc/avr/4.7.2/../../../../avr/lib/avr51\libm.a(square.o)
                0x0000802a                square
 .text.avr-libc.fplib
                0x00008030        0xe c:/program files (x86)/atmel/atmel toolchain/avr8 gcc/native/3.4.2.1002/avr8-gnu-toolchain/bin/../lib/gcc/avr/4.7.2/../../../../avr/lib/avr51\libm.a(fp_norm2.o)
                0x00008030                __fp_norm2
 .text.libgcc.div
                0x0000803e       0x36 c:/program files (x86)/atmel/atmel toolchain/avr8 gcc/native/3.4.2.1002/avr8-gnu-toolchain/bin/../lib/gcc/avr/4.7.2/avr51\libgcc.a(_divmodsi4.o)
                0x0000803e                __divmodsi4
 .text.libgcc   0x00008074        0x8 c:/program files (x86)/atmel/atmel toolchain/avr8 gcc/native/3.4.2.1002/avr8-gnu-toolchain/bin/../lib/gcc/avr/4.7.2/avr51\libgcc.a(_tablejump_elpm.o)
                0x00008074                __tablejump_elpm__
 .text.libgcc.div
                0x0000807c       0x44 c:/program files (x86)/atmel/atmel toolchain/avr8 gcc/native/3.4.2.1002/avr8-gnu-toolchain/bin/../lib/gcc/avr/4.7.2/avr51\libgcc.a(_udivmodsi4.o)
                0x0000807c                __udivmodsi4
 .text.avr-libc
                0x000080c0      0x274 c:/program files (x86)/atmel/atmel toolchain/avr8 gcc/native/3.4.2.1002/avr8-gnu-toolchain/bin/../lib/gcc/avr/4.7.2/../../../../avr/lib/avr51\libc.a(malloc.o)
                0x000080c0                malloc
                0x000081f6                free
 .text.avr-libc
                0x00008334      0x1be c:/program files (x86)/atmel/atmel toolchain/avr8 gcc/native/3.4.2.1002/avr8-gnu-toolchain/bin/../lib/gcc/avr/4.7.2/../../../../avr/lib/avr51\libc.a(realloc.o)
                0x00008334                realloc
 .text.avr-libc
                0x000084f2       0x1a c:/program files (x86)/atmel/atmel toolchain/avr8 gcc/native/3.4.2.1002/avr8-gnu-toolchain/bin/../lib/gcc/avr/4.7.2/../../../../avr/lib/avr51\libc.a(memcmp.o)
                0x000084f2                memcmp
 .text.avr-libc
                0x0000850c       0x12 c:/program files (x86)/atmel/atmel toolchain/avr8 gcc/native/3.4.2.1002/avr8-gnu-toolchain/bin/../lib/gcc/avr/4.7.2/../../../../avr/lib/avr51\libc.a(memcpy.o)
                0x0000850c                memcpy
                0x0000851e                . = ALIGN (0x2)
 *(.fini9)
 .fini9         0x0000851e        0x0 c:/program files (x86)/atmel/atmel toolchain/avr8 gcc/native/3.4.2.1002/avr8-gnu-toolchain/bin/../lib/gcc/avr/4.7.2/avr51\libgcc.a(_exit.o)
                0x0000851e                _exit
                0x0000851e                exit
 *(.fini9)
 *(.fini8)
 *(.fini8)
 *(.fini7)
 *(.fini7)
 *(.fini6)
 *(.fini6)
 *(.fini5)
 *(.fini5)
 *(.fini4)
 *(.fini4)
 *(.fini3)
 *(.fini3)
 *(.fini2)
 *(.fini2)
 *(.fini1)
 *(.fini1)
 *(.fini0)
 .fini0         0x0000851e        0x4 c:/program files (x86)/atmel/atmel toolchain/avr8 gcc/native/3.4.2.1002/avr8-gnu-toolchain/bin/../lib/gcc/avr/4.7.2/avr51\libgcc.a(_exit.o)
 *(.fini0)
                0x00008522                _etext = .

.data           0x00800100     0x1488 load address 0x00008522
                0x00800100                PROVIDE (__data_start, .)
 *(.data)
 .data          0x00800100        0x0 c:/program files (x86)/atmel/atmel toolchain/avr8 gcc/native/3.4.2.1002/avr8-gnu-toolchain/bin/../lib/gcc/avr/4.7.2/../../../../avr/lib/avr51/crtm1284p.o
 .data          0x00800100        0x0 counter.o
 .data          0x00800100        0x0 fifo.o
 .data          0x00800100        0x0 Gangenheten.o
 .data          0x00800100        0x0 highLevelWalking.o
 .data          0x00800100        0x0 I2Cdev.o
 .data          0x00800100        0x0 inverseKinematics.o
 .data          0x00800100        0x0 MPU6050.o
 .data          0x00800100        0x0 MpuInit.o
 .data          0x00800100        0x0 serialServoControl.o
 .data          0x00800100        0x0 usart.o
 .data          0x00800100        0x0 c:/program files (x86)/atmel/atmel toolchain/avr8 gcc/native/3.4.2.1002/avr8-gnu-toolchain/bin/../lib/gcc/avr/4.7.2/../../../../avr/lib/avr51\libm.a(acos.o)
 .data          0x00800100        0x0 c:/program files (x86)/atmel/atmel toolchain/avr8 gcc/native/3.4.2.1002/avr8-gnu-toolchain/bin/../lib/gcc/avr/4.7.2/../../../../avr/lib/avr51\libm.a(addsf3.o)
 .data          0x00800100        0x0 c:/program files (x86)/atmel/atmel toolchain/avr8 gcc/native/3.4.2.1002/avr8-gnu-toolchain/bin/../lib/gcc/avr/4.7.2/../../../../avr/lib/avr51\libm.a(addsf3x.o)
 .data          0x00800100        0x0 c:/program files (x86)/atmel/atmel toolchain/avr8 gcc/native/3.4.2.1002/avr8-gnu-toolchain/bin/../lib/gcc/avr/4.7.2/../../../../avr/lib/avr51\libm.a(asin.o)
 .data          0x00800100        0x0 c:/program files (x86)/atmel/atmel toolchain/avr8 gcc/native/3.4.2.1002/avr8-gnu-toolchain/bin/../lib/gcc/avr/4.7.2/../../../../avr/lib/avr51\libm.a(atan2.o)
 .data          0x00800100        0x0 c:/program files (x86)/atmel/atmel toolchain/avr8 gcc/native/3.4.2.1002/avr8-gnu-toolchain/bin/../lib/gcc/avr/4.7.2/../../../../avr/lib/avr51\libm.a(atan.o)
 .data          0x00800100        0x0 c:/program files (x86)/atmel/atmel toolchain/avr8 gcc/native/3.4.2.1002/avr8-gnu-toolchain/bin/../lib/gcc/avr/4.7.2/../../../../avr/lib/avr51\libm.a(cmpsf2.o)
 .data          0x00800100        0x0 c:/program files (x86)/atmel/atmel toolchain/avr8 gcc/native/3.4.2.1002/avr8-gnu-toolchain/bin/../lib/gcc/avr/4.7.2/../../../../avr/lib/avr51\libm.a(cos.o)
 .data          0x00800100        0x0 c:/program files (x86)/atmel/atmel toolchain/avr8 gcc/native/3.4.2.1002/avr8-gnu-toolchain/bin/../lib/gcc/avr/4.7.2/../../../../avr/lib/avr51\libm.a(divsf3.o)
 .data          0x00800100        0x0 c:/program files (x86)/atmel/atmel toolchain/avr8 gcc/native/3.4.2.1002/avr8-gnu-toolchain/bin/../lib/gcc/avr/4.7.2/../../../../avr/lib/avr51\libm.a(divsf3x.o)
 .data          0x00800100        0x0 c:/program files (x86)/atmel/atmel toolchain/avr8 gcc/native/3.4.2.1002/avr8-gnu-toolchain/bin/../lib/gcc/avr/4.7.2/../../../../avr/lib/avr51\libm.a(fixsfsi.o)
 .data          0x00800100        0x0 c:/program files (x86)/atmel/atmel toolchain/avr8 gcc/native/3.4.2.1002/avr8-gnu-toolchain/bin/../lib/gcc/avr/4.7.2/../../../../avr/lib/avr51\libm.a(fixunssfsi.o)
 .data          0x00800100        0x0 c:/program files (x86)/atmel/atmel toolchain/avr8 gcc/native/3.4.2.1002/avr8-gnu-toolchain/bin/../lib/gcc/avr/4.7.2/../../../../avr/lib/avr51\libm.a(floatsisf.o)
 .data          0x00800100        0x0 c:/program files (x86)/atmel/atmel toolchain/avr8 gcc/native/3.4.2.1002/avr8-gnu-toolchain/bin/../lib/gcc/avr/4.7.2/../../../../avr/lib/avr51\libm.a(fmax.o)
 .data          0x00800100        0x0 c:/program files (x86)/atmel/atmel toolchain/avr8 gcc/native/3.4.2.1002/avr8-gnu-toolchain/bin/../lib/gcc/avr/4.7.2/../../../../avr/lib/avr51\libm.a(fmod.o)
 .data          0x00800100        0x0 c:/program files (x86)/atmel/atmel toolchain/avr8 gcc/native/3.4.2.1002/avr8-gnu-toolchain/bin/../lib/gcc/avr/4.7.2/../../../../avr/lib/avr51\libm.a(fp_arccos.o)
 .data          0x00800100        0x0 c:/program files (x86)/atmel/atmel toolchain/avr8 gcc/native/3.4.2.1002/avr8-gnu-toolchain/bin/../lib/gcc/avr/4.7.2/../../../../avr/lib/avr51\libm.a(fp_cmp.o)
 .data          0x00800100        0x0 c:/program files (x86)/atmel/atmel toolchain/avr8 gcc/native/3.4.2.1002/avr8-gnu-toolchain/bin/../lib/gcc/avr/4.7.2/../../../../avr/lib/avr51\libm.a(fp_inf.o)
 .data          0x00800100        0x0 c:/program files (x86)/atmel/atmel toolchain/avr8 gcc/native/3.4.2.1002/avr8-gnu-toolchain/bin/../lib/gcc/avr/4.7.2/../../../../avr/lib/avr51\libm.a(fp_mpack.o)
 .data          0x00800100        0x0 c:/program files (x86)/atmel/atmel toolchain/avr8 gcc/native/3.4.2.1002/avr8-gnu-toolchain/bin/../lib/gcc/avr/4.7.2/../../../../avr/lib/avr51\libm.a(fp_nan.o)
 .data          0x00800100        0x0 c:/program files (x86)/atmel/atmel toolchain/avr8 gcc/native/3.4.2.1002/avr8-gnu-toolchain/bin/../lib/gcc/avr/4.7.2/../../../../avr/lib/avr51\libm.a(fp_powser.o)
 .data          0x00800100        0x0 c:/program files (x86)/atmel/atmel toolchain/avr8 gcc/native/3.4.2.1002/avr8-gnu-toolchain/bin/../lib/gcc/avr/4.7.2/../../../../avr/lib/avr51\libm.a(fp_powsodd.o)
 .data          0x00800100        0x0 c:/program files (x86)/atmel/atmel toolchain/avr8 gcc/native/3.4.2.1002/avr8-gnu-toolchain/bin/../lib/gcc/avr/4.7.2/../../../../avr/lib/avr51\libm.a(fp_pscA.o)
 .data          0x00800100        0x0 c:/program files (x86)/atmel/atmel toolchain/avr8 gcc/native/3.4.2.1002/avr8-gnu-toolchain/bin/../lib/gcc/avr/4.7.2/../../../../avr/lib/avr51\libm.a(fp_pscB.o)
 .data          0x00800100        0x0 c:/program files (x86)/atmel/atmel toolchain/avr8 gcc/native/3.4.2.1002/avr8-gnu-toolchain/bin/../lib/gcc/avr/4.7.2/../../../../avr/lib/avr51\libm.a(fp_rempio2.o)
 .data          0x00800100        0x0 c:/program files (x86)/atmel/atmel toolchain/avr8 gcc/native/3.4.2.1002/avr8-gnu-toolchain/bin/../lib/gcc/avr/4.7.2/../../../../avr/lib/avr51\libm.a(fp_round.o)
 .data          0x00800100        0x0 c:/program files (x86)/atmel/atmel toolchain/avr8 gcc/native/3.4.2.1002/avr8-gnu-toolchain/bin/../lib/gcc/avr/4.7.2/../../../../avr/lib/avr51\libm.a(fp_sinus.o)
 .data          0x00800100        0x0 c:/program files (x86)/atmel/atmel toolchain/avr8 gcc/native/3.4.2.1002/avr8-gnu-toolchain/bin/../lib/gcc/avr/4.7.2/../../../../avr/lib/avr51\libm.a(fp_split3.o)
 .data          0x00800100        0x0 c:/program files (x86)/atmel/atmel toolchain/avr8 gcc/native/3.4.2.1002/avr8-gnu-toolchain/bin/../lib/gcc/avr/4.7.2/../../../../avr/lib/avr51\libm.a(fp_zero.o)
 .data          0x00800100        0x0 c:/program files (x86)/atmel/atmel toolchain/avr8 gcc/native/3.4.2.1002/avr8-gnu-toolchain/bin/../lib/gcc/avr/4.7.2/../../../../avr/lib/avr51\libm.a(gesf2.o)
 .data          0x00800100        0x0 c:/program files (x86)/atmel/atmel toolchain/avr8 gcc/native/3.4.2.1002/avr8-gnu-toolchain/bin/../lib/gcc/avr/4.7.2/../../../../avr/lib/avr51\libm.a(inverse.o)
 .data          0x00800100        0x0 c:/program files (x86)/atmel/atmel toolchain/avr8 gcc/native/3.4.2.1002/avr8-gnu-toolchain/bin/../lib/gcc/avr/4.7.2/../../../../avr/lib/avr51\libm.a(mulsf3.o)
 .data          0x00800100        0x0 c:/program files (x86)/atmel/atmel toolchain/avr8 gcc/native/3.4.2.1002/avr8-gnu-toolchain/bin/../lib/gcc/avr/4.7.2/../../../../avr/lib/avr51\libm.a(mulsf3x.o)
 .data          0x00800100        0x0 c:/program files (x86)/atmel/atmel toolchain/avr8 gcc/native/3.4.2.1002/avr8-gnu-toolchain/bin/../lib/gcc/avr/4.7.2/../../../../avr/lib/avr51\libm.a(sin.o)
 .data          0x00800100        0x0 c:/program files (x86)/atmel/atmel toolchain/avr8 gcc/native/3.4.2.1002/avr8-gnu-toolchain/bin/../lib/gcc/avr/4.7.2/../../../../avr/lib/avr51\libm.a(sqrt.o)
 .data          0x00800100        0x0 c:/program files (x86)/atmel/atmel toolchain/avr8 gcc/native/3.4.2.1002/avr8-gnu-toolchain/bin/../lib/gcc/avr/4.7.2/../../../../avr/lib/avr51\libm.a(square.o)
 .data          0x00800100        0x0 c:/program files (x86)/atmel/atmel toolchain/avr8 gcc/native/3.4.2.1002/avr8-gnu-toolchain/bin/../lib/gcc/avr/4.7.2/../../../../avr/lib/avr51\libm.a(fp_norm2.o)
 .data          0x00800100        0x0 c:/program files (x86)/atmel/atmel toolchain/avr8 gcc/native/3.4.2.1002/avr8-gnu-toolchain/bin/../lib/gcc/avr/4.7.2/avr51\libgcc.a(_divmodsi4.o)
 .data          0x00800100        0x0 c:/program files (x86)/atmel/atmel toolchain/avr8 gcc/native/3.4.2.1002/avr8-gnu-toolchain/bin/../lib/gcc/avr/4.7.2/avr51\libgcc.a(_exit.o)
 .data          0x00800100        0x0 c:/program files (x86)/atmel/atmel toolchain/avr8 gcc/native/3.4.2.1002/avr8-gnu-toolchain/bin/../lib/gcc/avr/4.7.2/avr51\libgcc.a(_copy_data.o)
 .data          0x00800100        0x0 c:/program files (x86)/atmel/atmel toolchain/avr8 gcc/native/3.4.2.1002/avr8-gnu-toolchain/bin/../lib/gcc/avr/4.7.2/avr51\libgcc.a(_clear_bss.o)
 .data          0x00800100        0x0 c:/program files (x86)/atmel/atmel toolchain/avr8 gcc/native/3.4.2.1002/avr8-gnu-toolchain/bin/../lib/gcc/avr/4.7.2/avr51\libgcc.a(_ctors.o)
 .data          0x00800100        0x0 c:/program files (x86)/atmel/atmel toolchain/avr8 gcc/native/3.4.2.1002/avr8-gnu-toolchain/bin/../lib/gcc/avr/4.7.2/avr51\libgcc.a(_tablejump_elpm.o)
 .data          0x00800100        0x0 c:/program files (x86)/atmel/atmel toolchain/avr8 gcc/native/3.4.2.1002/avr8-gnu-toolchain/bin/../lib/gcc/avr/4.7.2/avr51\libgcc.a(_udivmodsi4.o)
 .data          0x00800100        0x6 c:/program files (x86)/atmel/atmel toolchain/avr8 gcc/native/3.4.2.1002/avr8-gnu-toolchain/bin/../lib/gcc/avr/4.7.2/../../../../avr/lib/avr51\libc.a(malloc.o)
                0x00800100                __malloc_heap_end
                0x00800102                __malloc_heap_start
                0x00800104                __malloc_margin
 .data          0x00800106        0x0 c:/program files (x86)/atmel/atmel toolchain/avr8 gcc/native/3.4.2.1002/avr8-gnu-toolchain/bin/../lib/gcc/avr/4.7.2/../../../../avr/lib/avr51\libc.a(realloc.o)
 .data          0x00800106        0x0 c:/program files (x86)/atmel/atmel toolchain/avr8 gcc/native/3.4.2.1002/avr8-gnu-toolchain/bin/../lib/gcc/avr/4.7.2/../../../../avr/lib/avr51\libc.a(memcmp.o)
 .data          0x00800106        0x0 c:/program files (x86)/atmel/atmel toolchain/avr8 gcc/native/3.4.2.1002/avr8-gnu-toolchain/bin/../lib/gcc/avr/4.7.2/../../../../avr/lib/avr51\libc.a(memcpy.o)
 *(.data*)
 .data.std_pos_flag
                0x00800106        0x1 Gangenheten.o
                0x00800106                std_pos_flag
 .data.servo_speed
                0x00800107        0x2 highLevelWalking.o
                0x00800107                servo_speed
 .data._ZN6I2Cdev11readTimeoutE
                0x00800109        0x2 I2Cdev.o
                0x00800109                _ZN6I2Cdev11readTimeoutE
 .data.z0       0x0080010b        0x4 inverseKinematics.o
                0x0080010b                z0
 .data.x0       0x0080010f        0x4 inverseKinematics.o
                0x0080010f                x0
 .data.y0_6     0x00800113        0x4 inverseKinematics.o
                0x00800113                y0_6
 .data.x0_6     0x00800117        0x4 inverseKinematics.o
                0x00800117                x0_6
 .data.x0_5     0x0080011b        0x4 inverseKinematics.o
                0x0080011b                x0_5
 .data.y0_4     0x0080011f        0x4 inverseKinematics.o
                0x0080011f                y0_4
 .data.x0_4     0x00800123        0x4 inverseKinematics.o
                0x00800123                x0_4
 .data.y0_3     0x00800127        0x4 inverseKinematics.o
                0x00800127                y0_3
 .data.x0_3     0x0080012b        0x4 inverseKinematics.o
                0x0080012b                x0_3
 .data.x0_2     0x0080012f        0x4 inverseKinematics.o
                0x0080012f                x0_2
 .data.y0_1     0x00800133        0x4 inverseKinematics.o
                0x00800133                y0_1
 .data.x0_1     0x00800137        0x4 inverseKinematics.o
                0x00800137                x0_1
 .data.gServoRxFIFO
                0x0080013b        0x2 serialServoControl.o
                0x0080013b                gServoRxFIFO
 .data._raw_gServoRxFIFO
                0x0080013d      0x406 serialServoControl.o
                0x0080013d                _raw_gServoRxFIFO
 .data.gRxFIFO  0x00800543        0x2 usart.o
                0x00800543                gRxFIFO
 .data._raw_gRxFIFO
                0x00800545     0x1006 usart.o
                0x00800545                _raw_gRxFIFO
 .data.gZ       0x0080154b        0x4 usart.o
                0x0080154b                gZ
 .data.gTurnDirection
                0x0080154f        0x1 usart.o
                0x0080154f                gTurnDirection
 .data.gRotation
                0x00801550        0x1 usart.o
                0x00801550                gRotation
 *(.rodata)
 *(.rodata*)
 .rodata.str1.1
                0x00801551        0xc Gangenheten.o
 .rodata.str1.1
                0x0080155d       0x2a serialServoControl.o
 *(.gnu.linkonce.d*)
                0x00801588                . = ALIGN (0x2)
 *fill*         0x00801587        0x1 
                0x00801588                _edata = .
                0x00801588                PROVIDE (__data_end, .)

.bss            0x00801588      0xabd
                0x00801588                PROVIDE (__bss_start, .)
 *(.bss)
 *(.bss*)
 .bss.gWaitFlag
                0x00801588        0x1 counter.o
                0x00801588                gWaitFlag
 .bss.move_to_std_flag
                0x00801589        0x1 Gangenheten.o
                0x00801589                move_to_std_flag
 .bss.maxStepLength
                0x0080158a        0x4 highLevelWalking.o
                0x0080158a                maxStepLength
 .bss.stdLength
                0x0080158e        0x4 highLevelWalking.o
                0x0080158e                stdLength
 .bss.stepScaling
                0x00801592        0x4 highLevelWalking.o
                0x00801592                stepScaling
 .bss.stepTest  0x00801596        0x4 highLevelWalking.o
                0x00801596                stepTest
 .bss.stepMax   0x0080159a        0x4 highLevelWalking.o
                0x0080159a                stepMax
 .bss.yDirection
                0x0080159e        0x4 highLevelWalking.o
                0x0080159e                yDirection
 .bss.xDirection
                0x008015a2        0x4 highLevelWalking.o
                0x008015a2                xDirection
 .bss.speedf    0x008015a6        0x4 highLevelWalking.o
                0x008015a6                speedf
 .bss.rotation  0x008015aa        0x4 highLevelWalking.o
                0x008015aa                rotation
 .bss.direction
                0x008015ae        0x4 highLevelWalking.o
                0x008015ae                direction
 .bss.z         0x008015b2        0x4 highLevelWalking.o
                0x008015b2                z
 .bss.tempz     0x008015b6        0x4 highLevelWalking.o
                0x008015b6                tempz
 .bss.tempy     0x008015ba        0x4 highLevelWalking.o
                0x008015ba                tempy
 .bss.tempx     0x008015be        0x4 highLevelWalking.o
                0x008015be                tempx
 .bss.legsNotDown
                0x008015c2        0x2 highLevelWalking.o
                0x008015c2                legsNotDown
 .bss.climbing_flag
                0x008015c4        0x2 highLevelWalking.o
                0x008015c4                climbing_flag
 .bss.speedMultiplier
                0x008015c6        0x4 highLevelWalking.o
                0x008015c6                speedMultiplier
 .bss.speedGamma
                0x008015ca        0x4 highLevelWalking.o
                0x008015ca                speedGamma
 .bss.speedBeta
                0x008015ce        0x4 highLevelWalking.o
                0x008015ce                speedBeta
 .bss.speedAlpha
                0x008015d2        0x4 highLevelWalking.o
                0x008015d2                speedAlpha
 .bss.leg6      0x008015d6       0x8e highLevelWalking.o
                0x008015d6                leg6
 .bss.leg5      0x00801664       0x8e highLevelWalking.o
                0x00801664                leg5
 .bss.leg4      0x008016f2       0x8e highLevelWalking.o
                0x008016f2                leg4
 .bss.leg3      0x00801780       0x8e highLevelWalking.o
                0x00801780                leg3
 .bss.leg2      0x0080180e       0x8e highLevelWalking.o
                0x0080180e                leg2
 .bss.leg1      0x0080189c       0x8e highLevelWalking.o
                0x0080189c                leg1
 .bss.newPosyWB
                0x0080192a        0x4 highLevelWalking.o
                0x0080192a                newPosyWB
 .bss.newPosxWB
                0x0080192e        0x4 highLevelWalking.o
                0x0080192e                newPosxWB
 .bss.rotation_flag
                0x00801932        0x1 highLevelWalking.o
                0x00801932                rotation_flag
 .bss.climb_start_slope_p
                0x00801933        0x4 highLevelWalking.o
                0x00801933                climb_start_slope_p
 .bss.climb_start_slope_r
                0x00801937        0x4 highLevelWalking.o
                0x00801937                climb_start_slope_r
 .bss.climb_start_control
                0x0080193b        0x4 highLevelWalking.o
                0x0080193b                climb_start_control
 .bss.z_in_use  0x0080193f        0x4 highLevelWalking.o
                0x0080193f                z_in_use
 .bss.obstacle_height
                0x00801943        0x4 highLevelWalking.o
                0x00801943                obstacle_height
 .bss.climb_step2
                0x00801947        0x4 highLevelWalking.o
                0x00801947                climb_step2
 .bss.climb_step
                0x0080194b        0x4 highLevelWalking.o
                0x0080194b                climb_step
 .bss.height    0x0080194f        0x4 highLevelWalking.o
                0x0080194f                height
 .bss.iterations
                0x00801953        0x4 highLevelWalking.o
                0x00801953                iterations
 .bss.speed     0x00801957        0x2 highLevelWalking.o
                0x00801957                speed
 .bss.timer0_millis
                0x00801959        0x4 I2Cdev.o
                0x00801959                timer0_millis
 .bss.timer0_overflow_count
                0x0080195d        0x4 I2Cdev.o
                0x0080195d                timer0_overflow_count
 .bss._ZL12timer0_fract
                0x00801961        0x1 I2Cdev.o
 .bss.y0        0x00801962        0x4 inverseKinematics.o
                0x00801962                y0
 .bss.y0_5      0x00801966        0x4 inverseKinematics.o
                0x00801966                y0_5
 .bss.y0_2      0x0080196a        0x4 inverseKinematics.o
                0x0080196a                y0_2
 .bss.d         0x0080196e        0x4 inverseKinematics.o
                0x0080196e                d
 .bss.gamma     0x00801972        0x4 inverseKinematics.o
                0x00801972                gamma
 .bss.beta      0x00801976        0x4 inverseKinematics.o
                0x00801976                beta
 .bss.alpha     0x0080197a        0x4 inverseKinematics.o
                0x0080197a                alpha
 .bss.mpuInterrupt
                0x0080197e        0x1 MpuInit.o
                0x0080197e                mpuInterrupt
 .bss.ypr       0x0080197f        0xc MpuInit.o
                0x0080197f                ypr
 .bss.gravity   0x0080198b        0xc MpuInit.o
                0x0080198b                gravity
 .bss.aaWorld   0x00801997        0x6 MpuInit.o
                0x00801997                aaWorld
 .bss.aaReal    0x0080199d        0x6 MpuInit.o
                0x0080199d                aaReal
 .bss.aa        0x008019a3        0x6 MpuInit.o
                0x008019a3                aa
 .bss.q         0x008019a9       0x10 MpuInit.o
                0x008019a9                q
 .bss.fifoBuffer
                0x008019b9       0x40 MpuInit.o
                0x008019b9                fifoBuffer
 .bss.fifoCount
                0x008019f9        0x2 MpuInit.o
                0x008019f9                fifoCount
 .bss.packetSize
                0x008019fb        0x2 MpuInit.o
                0x008019fb                packetSize
 .bss.devStatus
                0x008019fd        0x1 MpuInit.o
                0x008019fd                devStatus
 .bss.mpuIntStatus
                0x008019fe        0x1 MpuInit.o
                0x008019fe                mpuIntStatus
 .bss.dmpReady  0x008019ff        0x1 MpuInit.o
                0x008019ff                dmpReady
 .bss.accelgyro
                0x00801a00       0x13 MpuInit.o
                0x00801a00                accelgyro
 .bss.mpu       0x00801a13       0x13 MpuInit.o
                0x00801a13                mpu
 .bss.gServoTemperature
                0x00801a26        0x1 serialServoControl.o
                0x00801a26                gServoTemperature
 .bss.gServoVoltage
                0x00801a27        0x1 serialServoControl.o
                0x00801a27                gServoVoltage
 .bss.gServoLoad
                0x00801a28        0x2 serialServoControl.o
                0x00801a28                gServoLoad
 .bss.gServoSpeed
                0x00801a2a        0x2 serialServoControl.o
                0x00801a2a                gServoSpeed
 .bss.gServoPos
                0x00801a2c        0x2 serialServoControl.o
                0x00801a2c                gServoPos
 .bss.gServoTxBuffer
                0x00801a2e       0x80 serialServoControl.o
                0x00801a2e                gServoTxBuffer
 .bss.gServoParameters
                0x00801aae       0x80 serialServoControl.o
                0x00801aae                gServoParameters
 .bss.gElevationFlag
                0x00801b2e        0x1 usart.o
                0x00801b2e                gElevationFlag
 .bss.gTurnFlag
                0x00801b2f        0x1 usart.o
                0x00801b2f                gTurnFlag
 .bss.gTurnAngle
                0x00801b30        0x2 usart.o
                0x00801b30                gTurnAngle
 .bss.gDirection
                0x00801b32        0x1 usart.o
                0x00801b32                gDirection
 .bss.gSpeed    0x00801b33        0x1 usart.o
                0x00801b33                gSpeed
 .bss.gInvertNextFlag
                0x00801b34        0x2 usart.o
                0x00801b34                gInvertNextFlag
 .bss.gRxBufferIndex
                0x00801b36        0x2 usart.o
                0x00801b36                gRxBufferIndex
 .bss.gRxBuffer
                0x00801b38      0x205 usart.o
                0x00801b38                gRxBuffer
 .bss.gTxBuffer
                0x00801d3d      0x205 usart.o
                0x00801d3d                gTxBuffer
 .bss.gTxPayload
                0x00801f42       0xff usart.o
                0x00801f42                gTxPayload
 *(COMMON)
 COMMON         0x00802041        0x4 c:/program files (x86)/atmel/atmel toolchain/avr8 gcc/native/3.4.2.1002/avr8-gnu-toolchain/bin/../lib/gcc/avr/4.7.2/../../../../avr/lib/avr51\libc.a(malloc.o)
                0x00802041                __brkval
                0x00802043                __flp
                0x00802045                PROVIDE (__bss_end, .)
                0x00008522                __data_load_start = LOADADDR (.data)
                0x000099aa                __data_load_end = (__data_load_start + SIZEOF (.data))

.noinit         0x00802045        0x0
                0x00802045                PROVIDE (__noinit_start, .)
 *(.noinit*)
                0x00802045                PROVIDE (__noinit_end, .)
                0x00802045                _end = .
                0x00802045                PROVIDE (__heap_start, .)

.eeprom         0x00810000        0x0
 *(.eeprom*)
                0x00810000                __eeprom_end = .

.fuse
 *(.fuse)
 *(.lfuse)
 *(.hfuse)
 *(.efuse)

.lock
 *(.lock*)

.signature
 *(.signature*)

.user_signatures
 *(.user_signatures*)

.stab           0x00000000     0x3ffc
 *(.stab)
 .stab          0x00000000      0x6cc c:/program files (x86)/atmel/atmel toolchain/avr8 gcc/native/3.4.2.1002/avr8-gnu-toolchain/bin/../lib/gcc/avr/4.7.2/../../../../avr/lib/avr51/crtm1284p.o
 .stab          0x000006cc       0xd8 c:/program files (x86)/atmel/atmel toolchain/avr8 gcc/native/3.4.2.1002/avr8-gnu-toolchain/bin/../lib/gcc/avr/4.7.2/../../../../avr/lib/avr51\libm.a(acos.o)
                                 0xe4 (size before relaxing)
 .stab          0x000007a4       0x78 c:/program files (x86)/atmel/atmel toolchain/avr8 gcc/native/3.4.2.1002/avr8-gnu-toolchain/bin/../lib/gcc/avr/4.7.2/../../../../avr/lib/avr51\libm.a(addsf3.o)
                                 0x84 (size before relaxing)
 .stab          0x0000081c      0x4bc c:/program files (x86)/atmel/atmel toolchain/avr8 gcc/native/3.4.2.1002/avr8-gnu-toolchain/bin/../lib/gcc/avr/4.7.2/../../../../avr/lib/avr51\libm.a(addsf3x.o)
                                0x4c8 (size before relaxing)
 .stab          0x00000cd8      0x144 c:/program files (x86)/atmel/atmel toolchain/avr8 gcc/native/3.4.2.1002/avr8-gnu-toolchain/bin/../lib/gcc/avr/4.7.2/../../../../avr/lib/avr51\libm.a(asin.o)
                                0x150 (size before relaxing)
 .stab          0x00000e1c      0x2f4 c:/program files (x86)/atmel/atmel toolchain/avr8 gcc/native/3.4.2.1002/avr8-gnu-toolchain/bin/../lib/gcc/avr/4.7.2/../../../../avr/lib/avr51\libm.a(atan2.o)
                                0x300 (size before relaxing)
 .stab          0x00001110      0x210 c:/program files (x86)/atmel/atmel toolchain/avr8 gcc/native/3.4.2.1002/avr8-gnu-toolchain/bin/../lib/gcc/avr/4.7.2/../../../../avr/lib/avr51\libm.a(atan.o)
                                0x21c (size before relaxing)
 .stab          0x00001320       0x90 c:/program files (x86)/atmel/atmel toolchain/avr8 gcc/native/3.4.2.1002/avr8-gnu-toolchain/bin/../lib/gcc/avr/4.7.2/../../../../avr/lib/avr51\libm.a(cmpsf2.o)
                                 0x9c (size before relaxing)
 .stab          0x000013b0       0x54 c:/program files (x86)/atmel/atmel toolchain/avr8 gcc/native/3.4.2.1002/avr8-gnu-toolchain/bin/../lib/gcc/avr/4.7.2/../../../../avr/lib/avr51\libm.a(cos.o)
                                 0x60 (size before relaxing)
 .stab          0x00001404       0x48 c:/program files (x86)/atmel/atmel toolchain/avr8 gcc/native/3.4.2.1002/avr8-gnu-toolchain/bin/../lib/gcc/avr/4.7.2/../../../../avr/lib/avr51\libm.a(divsf3.o)
                                 0x54 (size before relaxing)
 .stab          0x0000144c      0x510 c:/program files (x86)/atmel/atmel toolchain/avr8 gcc/native/3.4.2.1002/avr8-gnu-toolchain/bin/../lib/gcc/avr/4.7.2/../../../../avr/lib/avr51\libm.a(divsf3x.o)
                                0x51c (size before relaxing)
 .stab          0x0000195c       0x6c c:/program files (x86)/atmel/atmel toolchain/avr8 gcc/native/3.4.2.1002/avr8-gnu-toolchain/bin/../lib/gcc/avr/4.7.2/../../../../avr/lib/avr51\libm.a(fixsfsi.o)
                                 0x78 (size before relaxing)
 .stab          0x000019c8      0x240 c:/program files (x86)/atmel/atmel toolchain/avr8 gcc/native/3.4.2.1002/avr8-gnu-toolchain/bin/../lib/gcc/avr/4.7.2/../../../../avr/lib/avr51\libm.a(fixunssfsi.o)
                                0x24c (size before relaxing)
 .stab          0x00001c08      0x318 c:/program files (x86)/atmel/atmel toolchain/avr8 gcc/native/3.4.2.1002/avr8-gnu-toolchain/bin/../lib/gcc/avr/4.7.2/../../../../avr/lib/avr51\libm.a(floatsisf.o)
                                0x324 (size before relaxing)
 .stab          0x00001f20      0x1a4 c:/program files (x86)/atmel/atmel toolchain/avr8 gcc/native/3.4.2.1002/avr8-gnu-toolchain/bin/../lib/gcc/avr/4.7.2/../../../../avr/lib/avr51\libm.a(fmax.o)
                                0x1b0 (size before relaxing)
 .stab          0x000020c4      0x3e4 c:/program files (x86)/atmel/atmel toolchain/avr8 gcc/native/3.4.2.1002/avr8-gnu-toolchain/bin/../lib/gcc/avr/4.7.2/../../../../avr/lib/avr51\libm.a(fmod.o)
                                0x3f0 (size before relaxing)
 .stab          0x000024a8      0x174 c:/program files (x86)/atmel/atmel toolchain/avr8 gcc/native/3.4.2.1002/avr8-gnu-toolchain/bin/../lib/gcc/avr/4.7.2/../../../../avr/lib/avr51\libm.a(fp_arccos.o)
                                0x180 (size before relaxing)
 .stab          0x0000261c      0x1e0 c:/program files (x86)/atmel/atmel toolchain/avr8 gcc/native/3.4.2.1002/avr8-gnu-toolchain/bin/../lib/gcc/avr/4.7.2/../../../../avr/lib/avr51\libm.a(fp_cmp.o)
                                0x1ec (size before relaxing)
 .stab          0x000027fc       0x78 c:/program files (x86)/atmel/atmel toolchain/avr8 gcc/native/3.4.2.1002/avr8-gnu-toolchain/bin/../lib/gcc/avr/4.7.2/../../../../avr/lib/avr51\libm.a(fp_inf.o)
                                 0x84 (size before relaxing)
 .stab          0x00002874       0xe4 c:/program files (x86)/atmel/atmel toolchain/avr8 gcc/native/3.4.2.1002/avr8-gnu-toolchain/bin/../lib/gcc/avr/4.7.2/../../../../avr/lib/avr51\libm.a(fp_mpack.o)
                                 0xf0 (size before relaxing)
 .stab          0x00002958       0x54 c:/program files (x86)/atmel/atmel toolchain/avr8 gcc/native/3.4.2.1002/avr8-gnu-toolchain/bin/../lib/gcc/avr/4.7.2/../../../../avr/lib/avr51\libm.a(fp_nan.o)
                                 0x60 (size before relaxing)
 .stab          0x000029ac      0x1ec c:/program files (x86)/atmel/atmel toolchain/avr8 gcc/native/3.4.2.1002/avr8-gnu-toolchain/bin/../lib/gcc/avr/4.7.2/../../../../avr/lib/avr51\libm.a(fp_powser.o)
                                0x1f8 (size before relaxing)
 .stab          0x00002b98       0xfc c:/program files (x86)/atmel/atmel toolchain/avr8 gcc/native/3.4.2.1002/avr8-gnu-toolchain/bin/../lib/gcc/avr/4.7.2/../../../../avr/lib/avr51\libm.a(fp_powsodd.o)
                                0x108 (size before relaxing)
 .stab          0x00002c94       0x84 c:/program files (x86)/atmel/atmel toolchain/avr8 gcc/native/3.4.2.1002/avr8-gnu-toolchain/bin/../lib/gcc/avr/4.7.2/../../../../avr/lib/avr51\libm.a(fp_pscA.o)
                                 0x90 (size before relaxing)
 .stab          0x00002d18       0x84 c:/program files (x86)/atmel/atmel toolchain/avr8 gcc/native/3.4.2.1002/avr8-gnu-toolchain/bin/../lib/gcc/avr/4.7.2/../../../../avr/lib/avr51\libm.a(fp_pscB.o)
                                 0x90 (size before relaxing)
 .stab          0x00002d9c      0x21c c:/program files (x86)/atmel/atmel toolchain/avr8 gcc/native/3.4.2.1002/avr8-gnu-toolchain/bin/../lib/gcc/avr/4.7.2/../../../../avr/lib/avr51\libm.a(fp_rempio2.o)
                                0x228 (size before relaxing)
 .stab          0x00002fb8       0xfc c:/program files (x86)/atmel/atmel toolchain/avr8 gcc/native/3.4.2.1002/avr8-gnu-toolchain/bin/../lib/gcc/avr/4.7.2/../../../../avr/lib/avr51\libm.a(fp_round.o)
                                0x108 (size before relaxing)
 .stab          0x000030b4       0xfc c:/program files (x86)/atmel/atmel toolchain/avr8 gcc/native/3.4.2.1002/avr8-gnu-toolchain/bin/../lib/gcc/avr/4.7.2/../../../../avr/lib/avr51\libm.a(fp_sinus.o)
                                0x108 (size before relaxing)
 .stab          0x000031b0      0x1d4 c:/program files (x86)/atmel/atmel toolchain/avr8 gcc/native/3.4.2.1002/avr8-gnu-toolchain/bin/../lib/gcc/avr/4.7.2/../../../../avr/lib/avr51\libm.a(fp_split3.o)
                                0x1e0 (size before relaxing)
 .stab          0x00003384       0x90 c:/program files (x86)/atmel/atmel toolchain/avr8 gcc/native/3.4.2.1002/avr8-gnu-toolchain/bin/../lib/gcc/avr/4.7.2/../../../../avr/lib/avr51\libm.a(fp_zero.o)
                                 0x9c (size before relaxing)
 .stab          0x00003414       0x6c c:/program files (x86)/atmel/atmel toolchain/avr8 gcc/native/3.4.2.1002/avr8-gnu-toolchain/bin/../lib/gcc/avr/4.7.2/../../../../avr/lib/avr51\libm.a(gesf2.o)
                                 0x78 (size before relaxing)
 .stab          0x00003480       0x84 c:/program files (x86)/atmel/atmel toolchain/avr8 gcc/native/3.4.2.1002/avr8-gnu-toolchain/bin/../lib/gcc/avr/4.7.2/../../../../avr/lib/avr51\libm.a(inverse.o)
                                 0x90 (size before relaxing)
 .stab          0x00003504       0x48 c:/program files (x86)/atmel/atmel toolchain/avr8 gcc/native/3.4.2.1002/avr8-gnu-toolchain/bin/../lib/gcc/avr/4.7.2/../../../../avr/lib/avr51\libm.a(mulsf3.o)
                                 0x54 (size before relaxing)
 .stab          0x0000354c      0x4d4 c:/program files (x86)/atmel/atmel toolchain/avr8 gcc/native/3.4.2.1002/avr8-gnu-toolchain/bin/../lib/gcc/avr/4.7.2/../../../../avr/lib/avr51\libm.a(mulsf3x.o)
                                0x4e0 (size before relaxing)
 .stab          0x00003a20       0x78 c:/program files (x86)/atmel/atmel toolchain/avr8 gcc/native/3.4.2.1002/avr8-gnu-toolchain/bin/../lib/gcc/avr/4.7.2/../../../../avr/lib/avr51\libm.a(sin.o)
                                 0x84 (size before relaxing)
 .stab          0x00003a98      0x354 c:/program files (x86)/atmel/atmel toolchain/avr8 gcc/native/3.4.2.1002/avr8-gnu-toolchain/bin/../lib/gcc/avr/4.7.2/../../../../avr/lib/avr51\libm.a(sqrt.o)
                                0x360 (size before relaxing)
 .stab          0x00003dec       0x54 c:/program files (x86)/atmel/atmel toolchain/avr8 gcc/native/3.4.2.1002/avr8-gnu-toolchain/bin/../lib/gcc/avr/4.7.2/../../../../avr/lib/avr51\libm.a(square.o)
                                 0x60 (size before relaxing)
 .stab          0x00003e40       0x84 c:/program files (x86)/atmel/atmel toolchain/avr8 gcc/native/3.4.2.1002/avr8-gnu-toolchain/bin/../lib/gcc/avr/4.7.2/../../../../avr/lib/avr51\libm.a(fp_norm2.o)
                                 0x90 (size before relaxing)
 .stab          0x00003ec4       0xb4 c:/program files (x86)/atmel/atmel toolchain/avr8 gcc/native/3.4.2.1002/avr8-gnu-toolchain/bin/../lib/gcc/avr/4.7.2/../../../../avr/lib/avr51\libc.a(memcmp.o)
                                 0xc0 (size before relaxing)
 .stab          0x00003f78       0x84 c:/program files (x86)/atmel/atmel toolchain/avr8 gcc/native/3.4.2.1002/avr8-gnu-toolchain/bin/../lib/gcc/avr/4.7.2/../../../../avr/lib/avr51\libc.a(memcpy.o)
                                 0x90 (size before relaxing)

.stabstr        0x00000000     0x1232
 *(.stabstr)
 .stabstr       0x00000000     0x1232 c:/program files (x86)/atmel/atmel toolchain/avr8 gcc/native/3.4.2.1002/avr8-gnu-toolchain/bin/../lib/gcc/avr/4.7.2/../../../../avr/lib/avr51/crtm1284p.o

.stab.excl
 *(.stab.excl)

.stab.exclstr
 *(.stab.exclstr)

.stab.index
 *(.stab.index)

.stab.indexstr
 *(.stab.indexstr)

.comment        0x00000000       0x2f
 *(.comment)
 .comment       0x00000000       0x2f counter.o
                                 0x30 (size before relaxing)
 .comment       0x00000000       0x30 fifo.o
 .comment       0x00000000       0x30 Gangenheten.o
 .comment       0x00000000       0x30 highLevelWalking.o
 .comment       0x00000000       0x30 I2Cdev.o
 .comment       0x00000000       0x30 inverseKinematics.o
 .comment       0x00000000       0x30 MPU6050.o
 .comment       0x00000000       0x30 MpuInit.o
 .comment       0x00000000       0x30 serialServoControl.o
 .comment       0x00000000       0x30 usart.o
 .comment       0x00000000       0x30 c:/program files (x86)/atmel/atmel toolchain/avr8 gcc/native/3.4.2.1002/avr8-gnu-toolchain/bin/../lib/gcc/avr/4.7.2/../../../../avr/lib/avr51\libc.a(malloc.o)
 .comment       0x00000000       0x30 c:/program files (x86)/atmel/atmel toolchain/avr8 gcc/native/3.4.2.1002/avr8-gnu-toolchain/bin/../lib/gcc/avr/4.7.2/../../../../avr/lib/avr51\libc.a(realloc.o)

.debug
 *(.debug)

.line
 *(.line)

.debug_srcinfo
 *(.debug_srcinfo)

.debug_sfnames
 *(.debug_sfnames)

.debug_aranges  0x00000000      0xe90
 *(.debug_aranges)
 .debug_aranges
                0x00000000       0x50 counter.o
 .debug_aranges
                0x00000050       0x30 fifo.o
 .debug_aranges
                0x00000080       0x30 Gangenheten.o
 .debug_aranges
                0x000000b0       0xb8 highLevelWalking.o
 .debug_aranges
                0x00000168       0xf0 I2Cdev.o
 .debug_aranges
                0x00000258      0x100 inverseKinematics.o
 .debug_aranges
                0x00000358      0x840 MPU6050.o
 .debug_aranges
                0x00000b98       0xe8 MpuInit.o
 .debug_aranges
                0x00000c80       0xb8 serialServoControl.o
 .debug_aranges
                0x00000d38      0x110 usart.o
 .debug_aranges
                0x00000e48       0x28 c:/program files (x86)/atmel/atmel toolchain/avr8 gcc/native/3.4.2.1002/avr8-gnu-toolchain/bin/../lib/gcc/avr/4.7.2/../../../../avr/lib/avr51\libc.a(malloc.o)
 .debug_aranges
                0x00000e70       0x20 c:/program files (x86)/atmel/atmel toolchain/avr8 gcc/native/3.4.2.1002/avr8-gnu-toolchain/bin/../lib/gcc/avr/4.7.2/../../../../avr/lib/avr51\libc.a(realloc.o)

.debug_pubnames
 *(.debug_pubnames)

.debug_info     0x00000000    0x1373a
 *(.debug_info)
 .debug_info    0x00000000      0x1f4 counter.o
 .debug_info    0x000001f4      0x1bc fifo.o
 .debug_info    0x000003b0      0x37e Gangenheten.o
 .debug_info    0x0000072e     0x20dd highLevelWalking.o
 .debug_info    0x0000280b     0x145d I2Cdev.o
 .debug_info    0x00003c68      0x895 inverseKinematics.o
 .debug_info    0x000044fd     0x8705 MPU6050.o
 .debug_info    0x0000cc02     0x4df7 MpuInit.o
 .debug_info    0x000119f9      0xb8d serialServoControl.o
 .debug_info    0x00012586      0xcdd usart.o
 .debug_info    0x00013263      0x23d c:/program files (x86)/atmel/atmel toolchain/avr8 gcc/native/3.4.2.1002/avr8-gnu-toolchain/bin/../lib/gcc/avr/4.7.2/../../../../avr/lib/avr51\libc.a(malloc.o)
 .debug_info    0x000134a0      0x29a c:/program files (x86)/atmel/atmel toolchain/avr8 gcc/native/3.4.2.1002/avr8-gnu-toolchain/bin/../lib/gcc/avr/4.7.2/../../../../avr/lib/avr51\libc.a(realloc.o)
 *(.gnu.linkonce.wi.*)

.debug_abbrev   0x00000000     0x1a00
 *(.debug_abbrev)
 .debug_abbrev  0x00000000      0x106 counter.o
 .debug_abbrev  0x00000106       0xd2 fifo.o
 .debug_abbrev  0x000001d8       0xfa Gangenheten.o
 .debug_abbrev  0x000002d2      0x2cd highLevelWalking.o
 .debug_abbrev  0x0000059f      0x30e I2Cdev.o
 .debug_abbrev  0x000008ad      0x17f inverseKinematics.o
 .debug_abbrev  0x00000a2c      0x2be MPU6050.o
 .debug_abbrev  0x00000cea      0x4d1 MpuInit.o
 .debug_abbrev  0x000011bb      0x2be serialServoControl.o
 .debug_abbrev  0x00001479      0x354 usart.o
 .debug_abbrev  0x000017cd       0xf9 c:/program files (x86)/atmel/atmel toolchain/avr8 gcc/native/3.4.2.1002/avr8-gnu-toolchain/bin/../lib/gcc/avr/4.7.2/../../../../avr/lib/avr51\libc.a(malloc.o)
 .debug_abbrev  0x000018c6      0x13a c:/program files (x86)/atmel/atmel toolchain/avr8 gcc/native/3.4.2.1002/avr8-gnu-toolchain/bin/../lib/gcc/avr/4.7.2/../../../../avr/lib/avr51\libc.a(realloc.o)

.debug_line     0x00000000     0x67c6
 *(.debug_line)
 .debug_line    0x00000000      0x1d5 counter.o
 .debug_line    0x000001d5      0x151 fifo.o
 .debug_line    0x00000326      0x217 Gangenheten.o
 .debug_line    0x0000053d     0x1446 highLevelWalking.o
 .debug_line    0x00001983      0x9ca I2Cdev.o
 .debug_line    0x0000234d      0x3d6 inverseKinematics.o
 .debug_line    0x00002723     0x2333 MPU6050.o
 .debug_line    0x00004a56      0x9c4 MpuInit.o
 .debug_line    0x0000541a      0x779 serialServoControl.o
 .debug_line    0x00005b93      0x82c usart.o
 .debug_line    0x000063bf      0x20e c:/program files (x86)/atmel/atmel toolchain/avr8 gcc/native/3.4.2.1002/avr8-gnu-toolchain/bin/../lib/gcc/avr/4.7.2/../../../../avr/lib/avr51\libc.a(malloc.o)
 .debug_line    0x000065cd      0x1f9 c:/program files (x86)/atmel/atmel toolchain/avr8 gcc/native/3.4.2.1002/avr8-gnu-toolchain/bin/../lib/gcc/avr/4.7.2/../../../../avr/lib/avr51\libc.a(realloc.o)

.debug_frame    0x00000000     0x3924
 *(.debug_frame)
 .debug_frame   0x00000000       0x94 counter.o
 .debug_frame   0x00000094       0x68 fifo.o
 .debug_frame   0x000000fc       0x54 Gangenheten.o
 .debug_frame   0x00000150      0x58c highLevelWalking.o
 .debug_frame   0x000006dc      0x540 I2Cdev.o
 .debug_frame   0x00000c1c      0x420 inverseKinematics.o
 .debug_frame   0x0000103c     0x1de4 MPU6050.o
 .debug_frame   0x00002e20      0x47c MpuInit.o
 .debug_frame   0x0000329c      0x2c8 serialServoControl.o
 .debug_frame   0x00003564      0x2f8 usart.o
 .debug_frame   0x0000385c       0x68 c:/program files (x86)/atmel/atmel toolchain/avr8 gcc/native/3.4.2.1002/avr8-gnu-toolchain/bin/../lib/gcc/avr/4.7.2/../../../../avr/lib/avr51\libc.a(malloc.o)
 .debug_frame   0x000038c4       0x60 c:/program files (x86)/atmel/atmel toolchain/avr8 gcc/native/3.4.2.1002/avr8-gnu-toolchain/bin/../lib/gcc/avr/4.7.2/../../../../avr/lib/avr51\libc.a(realloc.o)

.debug_str      0x00000000     0x6d76
 *(.debug_str)
 .debug_str     0x00000000      0x19b counter.o
                                0x1eb (size before relaxing)
 .debug_str     0x0000019b       0xc3 fifo.o
                                0x161 (size before relaxing)
 .debug_str     0x0000025e      0x19c Gangenheten.o
                                0x2f1 (size before relaxing)
 .debug_str     0x000003fa      0xcee highLevelWalking.o
                                0xeb6 (size before relaxing)
 .debug_str     0x000010e8      0x4cd I2Cdev.o
                                0x57b (size before relaxing)
 .debug_str     0x000015b5       0xd4 inverseKinematics.o
                                0x56a (size before relaxing)
 .debug_str     0x00001689     0x387d MPU6050.o
                               0x3b24 (size before relaxing)
 .debug_str     0x00004f06     0x14c4 MpuInit.o
                               0x4e2a (size before relaxing)
 .debug_str     0x000063ca      0x365 serialServoControl.o
                                0x702 (size before relaxing)
 .debug_str     0x0000672f      0x4d8 usart.o
                                0x7d0 (size before relaxing)
 .debug_str     0x00006c07       0xf4 c:/program files (x86)/atmel/atmel toolchain/avr8 gcc/native/3.4.2.1002/avr8-gnu-toolchain/bin/../lib/gcc/avr/4.7.2/../../../../avr/lib/avr51\libc.a(malloc.o)
                                0x17c (size before relaxing)
 .debug_str     0x00006cfb       0x7b c:/program files (x86)/atmel/atmel toolchain/avr8 gcc/native/3.4.2.1002/avr8-gnu-toolchain/bin/../lib/gcc/avr/4.7.2/../../../../avr/lib/avr51\libc.a(realloc.o)
                                0x15c (size before relaxing)

.debug_loc      0x00000000    0x10bc0
 *(.debug_loc)
 .debug_loc     0x00000000       0xce counter.o
 .debug_loc     0x000000ce      0x17b fifo.o
 .debug_loc     0x00000249       0x3c Gangenheten.o
 .debug_loc     0x00000285     0x14ed highLevelWalking.o
 .debug_loc     0x00001772     0x1fdd I2Cdev.o
 .debug_loc     0x0000374f      0xe54 inverseKinematics.o
 .debug_loc     0x000045a3     0x8b28 MPU6050.o
 .debug_loc     0x0000d0cb     0x1693 MpuInit.o
 .debug_loc     0x0000e75e      0xe95 serialServoControl.o
 .debug_loc     0x0000f5f3      0xaf7 usart.o
 .debug_loc     0x000100ea      0x4f8 c:/program files (x86)/atmel/atmel toolchain/avr8 gcc/native/3.4.2.1002/avr8-gnu-toolchain/bin/../lib/gcc/avr/4.7.2/../../../../avr/lib/avr51\libc.a(malloc.o)
 .debug_loc     0x000105e2      0x5de c:/program files (x86)/atmel/atmel toolchain/avr8 gcc/native/3.4.2.1002/avr8-gnu-toolchain/bin/../lib/gcc/avr/4.7.2/../../../../avr/lib/avr51\libc.a(realloc.o)

.debug_macinfo
 *(.debug_macinfo)

.debug_pubtypes
 *(.debug_pubtypes)

.debug_ranges   0x00000000      0xe68
 *(.debug_ranges)
 .debug_ranges  0x00000000       0x40 counter.o
 .debug_ranges  0x00000040       0x20 fifo.o
 .debug_ranges  0x00000060       0x20 Gangenheten.o
 .debug_ranges  0x00000080       0xa8 highLevelWalking.o
 .debug_ranges  0x00000128      0x110 I2Cdev.o
 .debug_ranges  0x00000238       0xf0 inverseKinematics.o
 .debug_ranges  0x00000328      0x860 MPU6050.o
 .debug_ranges  0x00000b88       0xf8 MpuInit.o
 .debug_ranges  0x00000c80       0xa8 serialServoControl.o
 .debug_ranges  0x00000d28      0x118 usart.o
 .debug_ranges  0x00000e40       0x18 c:/program files (x86)/atmel/atmel toolchain/avr8 gcc/native/3.4.2.1002/avr8-gnu-toolchain/bin/../lib/gcc/avr/4.7.2/../../../../avr/lib/avr51\libc.a(malloc.o)
 .debug_ranges  0x00000e58       0x10 c:/program files (x86)/atmel/atmel toolchain/avr8 gcc/native/3.4.2.1002/avr8-gnu-toolchain/bin/../lib/gcc/avr/4.7.2/../../../../avr/lib/avr51\libc.a(realloc.o)

.debug_macro
 *(.debug_macro)
OUTPUT(Gangenheten.elf elf32-avr)
LOAD linker stubs
