Archive member included because of file (symbol)

c:/program files (x86)/atmel/atmel toolchain/avr8 gcc/native/3.4.2.1002/avr8-gnu-toolchain/bin/../lib/gcc/avr/4.7.2/../../../../avr/lib/avr51\libm.a(acos.o)
                              inverseKinematics.o (acos)
c:/program files (x86)/atmel/atmel toolchain/avr8 gcc/native/3.4.2.1002/avr8-gnu-toolchain/bin/../lib/gcc/avr/4.7.2/../../../../avr/lib/avr51\libm.a(addsf3.o)
                              highLevelWalking.o (__subsf3)
c:/program files (x86)/atmel/atmel toolchain/avr8 gcc/native/3.4.2.1002/avr8-gnu-toolchain/bin/../lib/gcc/avr/4.7.2/../../../../avr/lib/avr51\libm.a(addsf3x.o)
                              c:/program files (x86)/atmel/atmel toolchain/avr8 gcc/native/3.4.2.1002/avr8-gnu-toolchain/bin/../lib/gcc/avr/4.7.2/../../../../avr/lib/avr51\libm.a(acos.o) (__addsf3x)
c:/program files (x86)/atmel/atmel toolchain/avr8 gcc/native/3.4.2.1002/avr8-gnu-toolchain/bin/../lib/gcc/avr/4.7.2/../../../../avr/lib/avr51\libm.a(asin.o)
                              inverseKinematics.o (asin)
c:/program files (x86)/atmel/atmel toolchain/avr8 gcc/native/3.4.2.1002/avr8-gnu-toolchain/bin/../lib/gcc/avr/4.7.2/../../../../avr/lib/avr51\libm.a(atan2.o)
                              MpuInit.o (atan2)
c:/program files (x86)/atmel/atmel toolchain/avr8 gcc/native/3.4.2.1002/avr8-gnu-toolchain/bin/../lib/gcc/avr/4.7.2/../../../../avr/lib/avr51\libm.a(atan.o)
                              inverseKinematics.o (atan)
c:/program files (x86)/atmel/atmel toolchain/avr8 gcc/native/3.4.2.1002/avr8-gnu-toolchain/bin/../lib/gcc/avr/4.7.2/../../../../avr/lib/avr51\libm.a(cmpsf2.o)
                              highLevelWalking.o (__eqsf2)
c:/program files (x86)/atmel/atmel toolchain/avr8 gcc/native/3.4.2.1002/avr8-gnu-toolchain/bin/../lib/gcc/avr/4.7.2/../../../../avr/lib/avr51\libm.a(cos.o)
                              highLevelWalking.o (cos)
c:/program files (x86)/atmel/atmel toolchain/avr8 gcc/native/3.4.2.1002/avr8-gnu-toolchain/bin/../lib/gcc/avr/4.7.2/../../../../avr/lib/avr51\libm.a(divsf3.o)
                              highLevelWalking.o (__divsf3)
c:/program files (x86)/atmel/atmel toolchain/avr8 gcc/native/3.4.2.1002/avr8-gnu-toolchain/bin/../lib/gcc/avr/4.7.2/../../../../avr/lib/avr51\libm.a(divsf3x.o)
                              c:/program files (x86)/atmel/atmel toolchain/avr8 gcc/native/3.4.2.1002/avr8-gnu-toolchain/bin/../lib/gcc/avr/4.7.2/../../../../avr/lib/avr51\libm.a(divsf3.o) (__divsf3x)
c:/program files (x86)/atmel/atmel toolchain/avr8 gcc/native/3.4.2.1002/avr8-gnu-toolchain/bin/../lib/gcc/avr/4.7.2/../../../../avr/lib/avr51\libm.a(fixsfsi.o)
                              highLevelWalking.o (__fixsfsi)
c:/program files (x86)/atmel/atmel toolchain/avr8 gcc/native/3.4.2.1002/avr8-gnu-toolchain/bin/../lib/gcc/avr/4.7.2/../../../../avr/lib/avr51\libm.a(fixunssfsi.o)
                              counter.o (__fixunssfsi)
c:/program files (x86)/atmel/atmel toolchain/avr8 gcc/native/3.4.2.1002/avr8-gnu-toolchain/bin/../lib/gcc/avr/4.7.2/../../../../avr/lib/avr51\libm.a(floatsisf.o)
                              counter.o (__floatunsisf)
c:/program files (x86)/atmel/atmel toolchain/avr8 gcc/native/3.4.2.1002/avr8-gnu-toolchain/bin/../lib/gcc/avr/4.7.2/../../../../avr/lib/avr51\libm.a(fmax.o)
                              highLevelWalking.o (fmax)
c:/program files (x86)/atmel/atmel toolchain/avr8 gcc/native/3.4.2.1002/avr8-gnu-toolchain/bin/../lib/gcc/avr/4.7.2/../../../../avr/lib/avr51\libm.a(fmod.o)
                              highLevelWalking.o (fmod)
c:/program files (x86)/atmel/atmel toolchain/avr8 gcc/native/3.4.2.1002/avr8-gnu-toolchain/bin/../lib/gcc/avr/4.7.2/../../../../avr/lib/avr51\libm.a(fp_arccos.o)
                              c:/program files (x86)/atmel/atmel toolchain/avr8 gcc/native/3.4.2.1002/avr8-gnu-toolchain/bin/../lib/gcc/avr/4.7.2/../../../../avr/lib/avr51\libm.a(acos.o) (__fp_arccos)
c:/program files (x86)/atmel/atmel toolchain/avr8 gcc/native/3.4.2.1002/avr8-gnu-toolchain/bin/../lib/gcc/avr/4.7.2/../../../../avr/lib/avr51\libm.a(fp_cmp.o)
                              c:/program files (x86)/atmel/atmel toolchain/avr8 gcc/native/3.4.2.1002/avr8-gnu-toolchain/bin/../lib/gcc/avr/4.7.2/../../../../avr/lib/avr51\libm.a(cmpsf2.o) (__fp_cmp)
c:/program files (x86)/atmel/atmel toolchain/avr8 gcc/native/3.4.2.1002/avr8-gnu-toolchain/bin/../lib/gcc/avr/4.7.2/../../../../avr/lib/avr51\libm.a(fp_inf.o)
                              c:/program files (x86)/atmel/atmel toolchain/avr8 gcc/native/3.4.2.1002/avr8-gnu-toolchain/bin/../lib/gcc/avr/4.7.2/../../../../avr/lib/avr51\libm.a(addsf3x.o) (__fp_inf)
c:/program files (x86)/atmel/atmel toolchain/avr8 gcc/native/3.4.2.1002/avr8-gnu-toolchain/bin/../lib/gcc/avr/4.7.2/../../../../avr/lib/avr51\libm.a(fp_mpack.o)
[...]
Memory Configuration

Name             Origin             Length             Attributes
text             0x00000000         0x00020000         xr
data             0x00800100         0x0000ff00         rw !x
eeprom           0x00810000         0x00010000         rw !x
fuse             0x00820000         0x00000400         rw !x
lock             0x00830000         0x00000400         rw !x
signature        0x00840000         0x00000400         rw !x
user_signatures  0x00850000         0x00000400         rw !x
*default*        0x00000000         0xffffffff

Linker script and memory map

Address of section .data set to 0x800100
LOAD c:/program files (x86)/atmel/atmel toolchain/avr8 gcc/native/3.4.2.1002/avr8-gnu-toolchain/bin/../lib/gcc/avr/4.7.2/../../../../avr/lib/avr51/crtm1284p.o
LOAD counter.o
LOAD fifo.o
LOAD Gangenheten.o
LOAD highLevelWalking.o
LOAD I2Cdev.o
LOAD inverseKinematics.o
LOAD MPU6050.o
LOAD MpuInit.o
LOAD serialServoControl.o
LOAD usart.o
START GROUP
LOAD c:/program files (x86)/atmel/atmel toolchain/avr8 gcc/native/3.4.2.1002/avr8-gnu-toolchain/bin/../lib/gcc/avr/4.7.2/../../../../avr/lib/avr51\libm.a
END GROUP
LOAD c:/program files (x86)/atmel/atmel toolchain/avr8 gcc/native/3.4.2.1002/avr8-gnu-toolchain/bin/../lib/gcc/avr/4.7.2/avr51\libgcc.a
LOAD c:/program files (x86)/atmel/atmel toolchain/avr8 gcc/native/3.4.2.1002/avr8-gnu-toolchain/bin/../lib/gcc/avr/4.7.2/../../../../avr/lib/avr51\libm.a
LOAD c:/program files (x86)/atmel/atmel toolchain/avr8 gcc/native/3.4.2.1002/avr8-gnu-toolchain/bin/../lib/gcc/avr/4.7.2/avr51\libgcc.a
LOAD c:/program files (x86)/atmel/atmel toolchain/avr8 gcc/native/3.4.2.1002/avr8-gnu-toolchain/bin/../lib/gcc/avr/4.7.2/../../../../avr/lib/avr51\libc.a
LOAD c:/program files (x86)/atmel/atmel toolchain/avr8 gcc/native/3.4.2.1002/avr8-gnu-toolchain/bin/../lib/gcc/avr/4.7.2/avr51\libgcc.a

.hash
 *(.hash)

.dynsym
 *(.dynsym)

.dynstr
 *(.dynstr)

.gnu.version
 *(.gnu.version)

.gnu.version_d
 *(.gnu.version_d)

.gnu.version_r
 *(.gnu.version_r)

.rel.init
 *(.rel.init)

.rela.init
 *(.rela.init)

.rel.text
 *(.rel.text)
 *(.rel.text.*)
 *(.rel.gnu.linkonce.t*)

.rela.text
 *(.rela.text)
 *(.rela.text.*)
 *(.rela.gnu.linkonce.t*)

.rel.fini
 *(.rel.fini)

.rela.fini
 *(.rela.fini)

.rel.rodata
 *(.rel.rodata)
 *(.rel.rodata.*)
 *(.rel.gnu.linkonce.r*)

.rela.rodata
 *(.rela.rodata)
 *(.rela.rodata.*)
 *(.rela.gnu.linkonce.r*)

.rel.data
 *(.rel.data)
 *(.rel.data.*)
 *(.rel.gnu.linkonce.d*)

.rela.data
 *(.rela.data)
 *(.rela.data.*)
 *(.rela.gnu.linkonce.d*)

.rel.ctors
 *(.rel.ctors)

.rela.ctors
 *(.rela.ctors)

.rel.dtors
 *(.rel.dtors)

.rela.dtors
 *(.rela.dtors)

.rel.got
 *(.rel.got)

.rela.got
 *(.rela.got)

.rel.bss
 *(.rel.bss)

.rela.bss
 *(.rela.bss)

.rel.plt
 *(.rel.plt)

.rela.plt
 *(.rela.plt)

.text           0x00000000     0x8cbc
 *(.vectors)
 .vectors       0x00000000       0x8c c:/program files (x86)/atmel/atmel toolchain/avr8 gcc/native/3.4.2.1002/avr8-gnu-toolchain/bin/../lib/gcc/avr/4.7.2/../../../../avr/lib/avr51/crtm1284p.o
                0x00000000                __vector_default
                0x00000000                __vectors
 *(.vectors)
 *(.progmem.gcc*)
 .progmem.gcc_fplib
                0x0000008c       0x14 c:/program files (x86)/atmel/atmel toolchain/avr8 gcc/native/3.4.2.1002/avr8-gnu-toolchain/bin/../lib/gcc/avr/4.7.2/../../../../avr/lib/avr51\libm.a(asin.o)
 .progmem.gcc_fplib
                0x000000a0       0x2d c:/program files (x86)/atmel/atmel toolchain/avr8 gcc/native/3.4.2.1002/avr8-gnu-toolchain/bin/../lib/gcc/avr/4.7.2/../../../../avr/lib/avr51\libm.a(atan.o)
 .progmem.gcc_fplib
                0x000000cd       0x28 c:/program files (x86)/atmel/atmel toolchain/avr8 gcc/native/3.4.2.1002/avr8-gnu-toolchain/bin/../lib/gcc/avr/4.7.2/../../../../avr/lib/avr51\libm.a(fp_arccos.o)
 .progmem.gcc_fplib
                0x000000f5       0x1e c:/program files (x86)/atmel/atmel toolchain/avr8 gcc/native/3.4.2.1002/avr8-gnu-toolchain/bin/../lib/gcc/avr/4.7.2/../../../../avr/lib/avr51\libm.a(fp_sinus.o)
 *(.progmem*)
 .progmem.data._ZL9dmpMemory
                0x00000113      0x789 MpuInit.o
 .progmem.data._ZL9dmpConfig
                0x0000089c       0xc0 MpuInit.o
 .progmem.data._ZL10dmpUpdates
                0x0000095c       0x2f MpuInit.o
                0x0000098c                . = ALIGN (0x2)
 *fill*         0x0000098b        0x1 
                0x0000098c                __trampolines_start = .
 *(.trampolines)
 .trampolines   0x0000098c        0x0 linker stubs
 *(.trampolines*)
                0x0000098c                __trampolines_end = .
 *(.jumptables)
 *(.jumptables*)
 *(.lowtext)
 *(.lowtext*)
                0x0000098c                __ctors_start = .
 *(.ctors)
 .ctors         0x0000098c        0x2 MpuInit.o
                0x0000098e                __ctors_end = .
                0x0000098e                __dtors_start = .
 *(.dtors)
                0x0000098e                __dtors_end = .
 SORT(*)(.ctors)
 SORT(*)(.dtors)
 *(.init0)
 .init0         0x0000098e        0x0 c:/program files (x86)/atmel/atmel toolchain/avr8 gcc/native/3.4.2.1002/avr8-gnu-toolchain/bin/../lib/gcc/avr/4.7.2/../../../../avr/lib/avr51/crtm1284p.o
                0x0000098e                __init
 *(.init0)
 *(.init1)
 *(.init1)
 *(.init2)
 .init2         0x0000098e        0xc c:/program files (x86)/atmel/atmel toolchain/avr8 gcc/native/3.4.2.1002/avr8-gnu-toolchain/bin/../lib/gcc/avr/4.7.2/../../../../avr/lib/avr51/crtm1284p.o
 *(.init2)
 *(.init3)
 *(.init3)
 *(.init4)
 .init4         0x0000099a       0x1a c:/program files (x86)/atmel/atmel toolchain/avr8 gcc/native/3.4.2.1002/avr8-gnu-toolchain/bin/../lib/gcc/avr/4.7.2/avr51\libgcc.a(_copy_data.o)
                0x0000099a                __do_copy_data
 .init4         0x000009b4       0x10 c:/program files (x86)/atmel/atmel toolchain/avr8 gcc/native/3.4.2.1002/avr8-gnu-toolchain/bin/../lib/gcc/avr/4.7.2/avr51\libgcc.a(_clear_bss.o)
                0x000009b4                __do_clear_bss
 *(.init4)
 *(.init5)
 *(.init5)
 *(.init6)
 .init6         0x000009c4       0x20 c:/program files (x86)/atmel/atmel toolchain/avr8 gcc/native/3.4.2.1002/avr8-gnu-toolchain/bin/../lib/gcc/avr/4.7.2/avr51\libgcc.a(_ctors.o)
                0x000009c4                __do_global_ctors
 *(.init6)
 *(.init7)
 *(.init7)
 *(.init8)
 *(.init8)
 *(.init9)
 .init9         0x000009e4        0x6 c:/program files (x86)/atmel/atmel toolchain/avr8 gcc/native/3.4.2.1002/avr8-gnu-toolchain/bin/../lib/gcc/avr/4.7.2/../../../../avr/lib/avr51/crtm1284p.o
 *(.init9)
 *(.text)
 .text          0x000009ea        0x2 c:/program files (x86)/atmel/atmel toolchain/avr8 gcc/native/3.4.2.1002/avr8-gnu-toolchain/bin/../lib/gcc/avr/4.7.2/../../../../avr/lib/avr51/crtm1284p.o
                0x000009ea                __vector_22
                0x000009ea                __vector_1
                0x000009ea                __vector_34
                0x000009ea                __vector_24
                0x000009ea                __vector_12
                0x000009ea                __bad_interrupt
                0x000009ea                __vector_6
                0x000009ea                __vector_31
                0x000009ea                __vector_3
                0x000009ea                __vector_23
                0x000009ea                __vector_30
                0x000009ea                __vector_25
                0x000009ea                __vector_11
                0x000009ea                __vector_17
                0x000009ea                __vector_19
                0x000009ea                __vector_7
                0x000009ea                __vector_27
                0x000009ea                __vector_5
                0x000009ea                __vector_33
                0x000009ea                __vector_9
                0x000009ea                __vector_2
                0x000009ea                __vector_21
                0x000009ea                __vector_15
                0x000009ea                __vector_29
                0x000009ea                __vector_8
                0x000009ea                __vector_26
                0x000009ea                __vector_14
                0x000009ea                __vector_10
                0x000009ea                __vector_16
                0x000009ec                . = ALIGN (0x2)
 *(.text.*)
 .text._Z15reset_counter_1v
                0x000009ec        0xa counter.o
                0x000009ec                _Z15reset_counter_1v
 .text._Z13set_counter_1j
                0x000009f6       0x24 counter.o
                0x000009f6                _Z13set_counter_1j
 .text._Z15reset_counter_3v
                0x00000a1a        0xa counter.o
                0x00000a1a                _Z15reset_counter_3v
 .text._Z13set_counter_3j
                0x00000a24       0x24 counter.o
                0x00000a24                _Z13set_counter_3j
 .text._Z13init_countersv
                0x00000a48       0x46 counter.o
                0x00000a48                _Z13init_countersv
 .text._Z4waitj
                0x00000a8e       0x1c counter.o
                0x00000a8e                _Z4waitj
 .text.__vector_32
                0x00000aaa       0x26 counter.o
                0x00000aaa                __vector_32
 .text._Z14FifoDataLengthP4fifo
                0x00000ad0       0x10 fifo.o
                0x00000ad0                _Z14FifoDataLengthP4fifo
 .text._Z9FifoWriteP4fifoh
                0x00000ae0       0x40 fifo.o
                0x00000ae0                _Z9FifoWriteP4fifoh
 .text._Z8FifoReadP4fifoPh
                0x00000b20       0x46 fifo.o
                0x00000b20                _Z8FifoReadP4fifoPh
 .text.__vector_13
                0x00000b66       0x32 Gangenheten.o
                0x00000b66                __vector_13
 .text._Z22wait_until_gyro_stablev
                0x00000b98       0x1e Gangenheten.o
                0x00000b98                _Z22wait_until_gyro_stablev
 .text.main     0x00000bb6       0x78 Gangenheten.o
                0x00000bb6                main
 .text._Z11init_structP7LegData
                0x00000c2e       0x70 highLevelWalking.o
                0x00000c2e                _Z11init_structP7LegData
 .text._Z7initvarv
                0x00000c9e      0x36a highLevelWalking.o
                0x00000c9e                _Z7initvarv
 .text._Z10step_startP7LegData
                0x00001008       0x54 highLevelWalking.o
                0x00001008                _Z10step_startP7LegData
 .text._Z21step_part1_calculatorP7LegData
                0x0000105c      0x100 highLevelWalking.o
                0x0000105c                _Z21step_part1_calculatorP7LegData
 .text._Z21step_part2_calculatorP7LegData
                0x0000115c       0x74 highLevelWalking.o
                0x0000115c                _Z21step_part2_calculatorP7LegData
 .text._Z15leg_motion_initv
                0x000011d0      0x242 highLevelWalking.o
                0x000011d0                _Z15leg_motion_initv
 .text._Z8move_legP7LegDataf
                0x00001412      0x4c0 highLevelWalking.o
                0x00001412                _Z8move_legP7LegDataf
 .text._Z13leg_move_downP7LegData
                0x000018d2      0x20e highLevelWalking.o
                0x000018d2                _Z13leg_move_downP7LegData
 .text._Z10move_climbP7LegDataf
                0x00001ae0      0x5a8 highLevelWalking.o
                0x00001ae0                _Z10move_climbP7LegDataf
 .text._Z8change_zf
                0x00002088       0x64 highLevelWalking.o
                0x00002088                _Z8change_zf
 .text._Z12MPU_get_meanv
                0x000020ec      0x116 highLevelWalking.o
                0x000020ec                _Z12MPU_get_meanv
 .text._Z14leg_check_downP7LegData
                0x00002202      0x39e highLevelWalking.o
                0x00002202                _Z14leg_check_downP7LegData
 .text._Z10leg_motionv
                0x000025a0      0x9d6 highLevelWalking.o
                0x000025a0                _Z10leg_motionv
 .text._Z11move_to_stdv
                0x00002f76      0x2a0 highLevelWalking.o
                0x00002f76                _Z11move_to_stdv
 .text._Z10move_robotiii
                0x00003216      0xb2a highLevelWalking.o
                0x00003216                _Z10move_robotiii
 .text._Z12turn_degreesja
                0x00003d40      0x2fe highLevelWalking.o
                0x00003d40                _Z12turn_degreesja
 .text._Z5climbv
                0x0000403e      0xf6a highLevelWalking.o
                0x0000403e                _Z5climbv
 .text.__vector_18
                0x00004fa8       0x94 I2Cdev.o
                0x00004fa8                __vector_18
 .text._Z6millisv
                0x0000503c       0x2a I2Cdev.o
                0x0000503c                _Z6millisv
 .text._ZN8Fastwire7waitIntEv
                0x00005066       0x20 I2Cdev.o
                0x00005066                _ZN8Fastwire7waitIntEv
 .text._ZN8Fastwire5setupEih
                0x00005086       0x60 I2Cdev.o
                0x00005086                _ZN8Fastwire5setupEih
 .text._ZN8Fastwire17beginTransmissionEh
                0x000050e6       0xa2 I2Cdev.o
                0x000050e6                _ZN8Fastwire17beginTransmissionEh
 .text._ZN8Fastwire5writeEh
                0x00005188       0x26 I2Cdev.o
                0x00005188                _ZN8Fastwire5writeEh
 .text._ZN8Fastwire4stopEv
                0x000051ae       0x12 I2Cdev.o
                0x000051ae                _ZN8Fastwire4stopEv
 .text._ZN8Fastwire7readBufEhhPhh
                0x000051c0      0x202 I2Cdev.o
                0x000051c0                _ZN8Fastwire7readBufEhhPhh
 .text._ZN6I2Cdev9readBytesEhhhPhj
                0x000053c2       0x8c I2Cdev.o
                0x000053c2                _ZN6I2Cdev9readBytesEhhhPhj
 .text._ZN6I2Cdev8readByteEhhPhj
                0x0000544e       0x12 I2Cdev.o
                0x0000544e                _ZN6I2Cdev8readByteEhhPhj
 .text._ZN6I2Cdev8readBitsEhhhhPhj
                0x00005460       0x7e I2Cdev.o
                0x00005460                _ZN6I2Cdev8readBitsEhhhhPhj
 .text._ZN6I2Cdev7readBitEhhhPhj
                0x000054de       0x4c I2Cdev.o
                0x000054de                _ZN6I2Cdev7readBitEhhhPhj
 .text._ZN6I2Cdev10writeWordsEhhhPj
                0x0000552a       0x6c I2Cdev.o
                0x0000552a                _ZN6I2Cdev10writeWordsEhhhPj
 .text._ZN6I2Cdev9writeWordEhhj
                0x00005596       0x22 I2Cdev.o
                0x00005596                _ZN6I2Cdev9writeWordEhhj
 .text._ZN6I2Cdev10writeBytesEhhhPh
                0x000055b8       0x48 I2Cdev.o
                0x000055b8                _ZN6I2Cdev10writeBytesEhhhPh
 .text._ZN6I2Cdev9writeByteEhhh
                0x00005600       0x1e I2Cdev.o
                0x00005600                _ZN6I2Cdev9writeByteEhhh
 .text._ZN6I2Cdev9writeBitsEhhhhh
                0x0000561e       0x8a I2Cdev.o
                0x0000561e                _ZN6I2Cdev9writeBitsEhhhhh
 .text._ZN6I2Cdev8writeBitEhhhh
                0x000056a8       0x72 I2Cdev.o
                0x000056a8                _ZN6I2Cdev8writeBitEhhhh
 .text._Z16height_change_x0f
                0x0000571a       0x3e inverseKinematics.o
                0x0000571a                _Z16height_change_x0f
 .text._Z18height_change_leg1f
                0x00005758       0xa0 inverseKinematics.o
                0x00005758                _Z18height_change_leg1f
 .text._Z18height_change_leg2f
                0x000057f8       0x4c inverseKinematics.o
                0x000057f8                _Z18height_change_leg2f
 .text._Z18height_change_leg3f
                0x00005844       0x94 inverseKinematics.o
                0x00005844                _Z18height_change_leg3f
 .text._Z18height_change_leg4f
                0x000058d8       0xa8 inverseKinematics.o
                0x000058d8                _Z18height_change_leg4f
 .text._Z18height_change_leg5f
                0x00005980       0x4a inverseKinematics.o
                0x00005980                _Z18height_change_leg5f
 .text._Z18height_change_leg6f
                0x000059ca       0x92 inverseKinematics.o
                0x000059ca                _Z18height_change_leg6f
 .text._Z17height_change_allf
                0x00005a5c       0x3c inverseKinematics.o
                0x00005a5c                _Z17height_change_allf
 .text._Z8get_x0_1v
                0x00005a98       0x1a inverseKinematics.o
                0x00005a98                _Z8get_x0_1v
 .text._Z8get_y0_1v
                0x00005ab2       0x1a inverseKinematics.o
                0x00005ab2                _Z8get_y0_1v
 .text._Z6get_x0v
                0x00005acc       0x1a inverseKinematics.o
                0x00005acc                _Z6get_x0v
 .text._Z6get_y0v
                0x00005ae6       0x1a inverseKinematics.o
                0x00005ae6                _Z6get_y0v
 .text._Z6get_z0v
                0x00005b00       0x1a inverseKinematics.o
                0x00005b00                _Z6get_z0v
 .text._Z6calc_dfff
                0x00005b1a       0xc2 inverseKinematics.o
                0x00005b1a                _Z6calc_dfff
 .text._Z9get_gammaff
                0x00005bdc       0x46 inverseKinematics.o
                0x00005bdc                _Z9get_gammaff
 .text._Z8get_betav
                0x00005c22       0x6a inverseKinematics.o
                0x00005c22                _Z8get_betav
 .text._Z9get_alphaf
                0x00005c8c       0xc2 inverseKinematics.o
                0x00005c8c                _Z9get_alphaf
 .text._Z18basis_change_leg1xff
                0x00005d4e       0x92 inverseKinematics.o
                0x00005d4e                _Z18basis_change_leg1xff
 .text._Z18basis_change_leg1yff
                0x00005de0       0x92 inverseKinematics.o
                0x00005de0                _Z18basis_change_leg1yff
 .text._Z18basis_change_leg2xf
                0x00005e72       0x30 inverseKinematics.o
                0x00005e72                _Z18basis_change_leg2xf
 .text._Z18basis_change_leg2yf
                0x00005ea2       0x24 inverseKinematics.o
                0x00005ea2                _Z18basis_change_leg2yf
 .text._Z18basis_change_leg3xff
                0x00005ec6       0x92 inverseKinematics.o
                0x00005ec6                _Z18basis_change_leg3xff
 .text._Z18basis_change_leg3yff
                0x00005f58       0x92 inverseKinematics.o
                0x00005f58                _Z18basis_change_leg3yff
 .text._Z18basis_change_leg4xff
                0x00005fea       0x92 inverseKinematics.o
                0x00005fea                _Z18basis_change_leg4xff
 .text._Z18basis_change_leg4yff
                0x0000607c       0x92 inverseKinematics.o
                0x0000607c                _Z18basis_change_leg4yff
 .text._Z18basis_change_leg5xf
                0x0000610e       0x20 inverseKinematics.o
                0x0000610e                _Z18basis_change_leg5xf
 .text._Z18basis_change_leg5yf
                0x0000612e       0x14 inverseKinematics.o
                0x0000612e                _Z18basis_change_leg5yf
 .text._Z18basis_change_leg6xff
                0x00006142       0x92 inverseKinematics.o
                0x00006142                _Z18basis_change_leg6xff
 .text._Z18basis_change_leg6yff
                0x000061d4       0x92 inverseKinematics.o
                0x000061d4                _Z18basis_change_leg6yff
 .text._ZN7MPU6050C2Ev
                0x00006266        0x8 MPU6050.o
                0x00006266                _ZN7MPU6050C2Ev
                0x00006266                _ZN7MPU6050C1Ev
 .text._ZN7MPU60507setRateEh
                0x0000626e        0xa MPU6050.o
                0x0000626e                _ZN7MPU60507setRateEh
 .text._ZN7MPU605020setExternalFrameSyncEh
                0x00006278       0x14 MPU6050.o
                0x00006278                _ZN7MPU605020setExternalFrameSyncEh
 .text._ZN7MPU605011setDLPFModeEh
                0x0000628c       0x14 MPU6050.o
                0x0000628c                _ZN7MPU605011setDLPFModeEh
 .text._ZN7MPU605021setFullScaleGyroRangeEh
                0x000062a0       0x14 MPU6050.o
                0x000062a0                _ZN7MPU605021setFullScaleGyroRangeEh
 .text._ZN7MPU605027setMotionDetectionThresholdEh
                0x000062b4        0xa MPU6050.o
                0x000062b4                _ZN7MPU605027setMotionDetectionThresholdEh
 .text._ZN7MPU605026setMotionDetectionDurationEh
                0x000062be        0xa MPU6050.o
                0x000062be                _ZN7MPU605026setMotionDetectionDurationEh
 .text._ZN7MPU605031setZeroMotionDetectionThresholdEh
                0x000062c8        0xa MPU6050.o
                0x000062c8                _ZN7MPU605031setZeroMotionDetectionThresholdEh
 .text._ZN7MPU605030setZeroMotionDetectionDurationEh
                0x000062d2        0xa MPU6050.o
                0x000062d2                _ZN7MPU605030setZeroMotionDetectionDurationEh
 .text._ZN7MPU605015setSlaveAddressEhh
                0x000062dc       0x14 MPU6050.o
                0x000062dc                _ZN7MPU605015setSlaveAddressEhh
 .text._ZN7MPU605013setIntEnabledEh
                0x000062f0        0xa MPU6050.o
                0x000062f0                _ZN7MPU605013setIntEnabledEh
 .text._ZN7MPU605012getIntStatusEv
                0x000062fa       0x22 MPU6050.o
                0x000062fa                _ZN7MPU605012getIntStatusEv
 .text._ZN7MPU605014setFIFOEnabledEb
                0x0000631c        0xc MPU6050.o
                0x0000631c                _ZN7MPU605014setFIFOEnabledEb
 .text._ZN7MPU605023setI2CMasterModeEnabledEb
                0x00006328        0xc MPU6050.o
                0x00006328                _ZN7MPU605023setI2CMasterModeEnabledEb
 .text._ZN7MPU60509resetFIFOEv
                0x00006334        0xc MPU6050.o
                0x00006334                _ZN7MPU60509resetFIFOEv
 .text._ZN7MPU605014resetI2CMasterEv
                0x00006340        0xc MPU6050.o
                0x00006340                _ZN7MPU605014resetI2CMasterEv
 .text._ZN7MPU60505resetEv
                0x0000634c        0xc MPU6050.o
                0x0000634c                _ZN7MPU60505resetEv
 .text._ZN7MPU605015setSleepEnabledEb
                0x00006358        0xc MPU6050.o
                0x00006358                _ZN7MPU605015setSleepEnabledEb
 .text._ZN7MPU605014setClockSourceEh
                0x00006364       0x14 MPU6050.o
                0x00006364                _ZN7MPU605014setClockSourceEh
 .text._ZN7MPU605012getFIFOCountEv
                0x00006378       0x3a MPU6050.o
                0x00006378                _ZN7MPU605012getFIFOCountEv
 .text._ZN7MPU605012getFIFOBytesEPhj
                0x000063b2       0x2e MPU6050.o
                0x000063b2                _ZN7MPU605012getFIFOBytesEPhj
 .text._ZN7MPU605015getOTPBankValidEv
                0x000063e0       0x2c MPU6050.o
                0x000063e0                _ZN7MPU605015getOTPBankValidEv
 .text._ZN7MPU605015setOTPBankValidEb
                0x0000640c        0xc MPU6050.o
                0x0000640c                _ZN7MPU605015setOTPBankValidEb
 .text._ZN7MPU605016getXGyroOffsetTCEv
                0x00006418       0x36 MPU6050.o
                0x00006418                _ZN7MPU605016getXGyroOffsetTCEv
 .text._ZN7MPU605016setXGyroOffsetTCEa
                0x0000644e       0x14 MPU6050.o
                0x0000644e                _ZN7MPU605016setXGyroOffsetTCEa
 .text._ZN7MPU605016getYGyroOffsetTCEv
                0x00006462       0x38 MPU6050.o
                0x00006462                _ZN7MPU605016getYGyroOffsetTCEv
 .text._ZN7MPU605016setYGyroOffsetTCEa
                0x0000649a       0x14 MPU6050.o
                0x0000649a                _ZN7MPU605016setYGyroOffsetTCEa
 .text._ZN7MPU605016getZGyroOffsetTCEv
                0x000064ae       0x38 MPU6050.o
                0x000064ae                _ZN7MPU605016getZGyroOffsetTCEv
 .text._ZN7MPU605016setZGyroOffsetTCEa
                0x000064e6       0x14 MPU6050.o
                0x000064e6                _ZN7MPU605016setZGyroOffsetTCEa
 .text._ZN7MPU605015setZAccelOffsetEi
                0x000064fa        0xa MPU6050.o
                0x000064fa                _ZN7MPU605015setZAccelOffsetEi
 .text._ZN7MPU605014setXGyroOffsetEi
                0x00006504        0xa MPU6050.o
                0x00006504                _ZN7MPU605014setXGyroOffsetEi
 .text._ZN7MPU605014setYGyroOffsetEi
                0x0000650e        0xa MPU6050.o
                0x0000650e                _ZN7MPU605014setYGyroOffsetEi
 .text._ZN7MPU605014setZGyroOffsetEi
                0x00006518        0xa MPU6050.o
                0x00006518                _ZN7MPU605014setZGyroOffsetEi
 .text._ZN7MPU605013setDMPEnabledEb
                0x00006522        0xc MPU6050.o
                0x00006522                _ZN7MPU605013setDMPEnabledEb
 .text._ZN7MPU60508resetDMPEv
                0x0000652e        0xc MPU6050.o
                0x0000652e                _ZN7MPU60508resetDMPEv
 .text._ZN7MPU605013setMemoryBankEhbb
                0x0000653a       0x14 MPU6050.o
                0x0000653a                _ZN7MPU605013setMemoryBankEhbb
 .text._ZN7MPU605021setMemoryStartAddressEh
                0x0000654e        0xa MPU6050.o
                0x0000654e                _ZN7MPU605021setMemoryStartAddressEh
 .text._ZN7MPU605014readMemoryByteEv
                0x00006558       0x24 MPU6050.o
                0x00006558                _ZN7MPU605014readMemoryByteEv
 .text._ZN7MPU605015readMemoryBlockEPhjhh
                0x0000657c       0xd2 MPU6050.o
                0x0000657c                _ZN7MPU605015readMemoryBlockEPhjhh
 .text._ZN7MPU605016writeMemoryBlockEPKhjhhbb
                0x0000664e      0x1c8 MPU6050.o
                0x0000664e                _ZN7MPU605016writeMemoryBlockEPKhjhhbb
 .text._ZN7MPU605020writeProgMemoryBlockEPKhjhhb
                0x00006816       0x14 MPU6050.o
                0x00006816                _ZN7MPU605020writeProgMemoryBlockEPKhjhhb
 .text._ZN7MPU605024writeDMPConfigurationSetEPKhjb
                0x0000682a      0x184 MPU6050.o
                0x0000682a                _ZN7MPU605024writeDMPConfigurationSetEPKhjb
 .text._ZN7MPU605028writeProgDMPConfigurationSetEPKhj
                0x000069ae        0x4 MPU6050.o
                0x000069ae                _ZN7MPU605028writeProgDMPConfigurationSetEPKhj
 .text._ZN7MPU605013setDMPConfig1Eh
                0x000069b2        0xc MPU6050.o
                0x000069b2                _ZN7MPU605013setDMPConfig1Eh
 .text._ZN7MPU605013setDMPConfig2Eh
                0x000069be        0xc MPU6050.o
                0x000069be                _ZN7MPU605013setDMPConfig2Eh
 .text._ZN7MPU605013dmpInitializeEv
                0x000069ca      0x4b4 MpuInit.o
                0x000069ca                _ZN7MPU605013dmpInitializeEv
 .text._ZN7MPU605016dmpGetQuaternionEPiPKh
                0x00006e7e       0x60 MpuInit.o
                0x00006e7e                _ZN7MPU605016dmpGetQuaternionEPiPKh
 .text._ZN7MPU605016dmpGetQuaternionEP10QuaternionPKh
                0x00006ede       0xdc MpuInit.o
                0x00006ede                _ZN7MPU605016dmpGetQuaternionEP10QuaternionPKh
 .text._ZN7MPU605013dmpGetGravityEP11VectorFloatP10Quaternion
                0x00006fba      0x17e MpuInit.o
                0x00006fba                _ZN7MPU605013dmpGetGravityEP11VectorFloatP10Quaternion
 .text._ZN7MPU605018dmpGetYawPitchRollEPfP10QuaternionP11VectorFloat
                0x00007138      0x1e8 MpuInit.o
                0x00007138                _ZN7MPU605018dmpGetYawPitchRollEPfP10QuaternionP11VectorFloat
 .text._ZN7MPU605020dmpGetFIFOPacketSizeEv
                0x00007320        0x8 MpuInit.o
                0x00007320                _ZN7MPU605020dmpGetFIFOPacketSizeEv
 .text.__vector_4
                0x00007328       0x1e MpuInit.o
                0x00007328                __vector_4
 .text._Z17enable_interrupt0v
                0x00007346       0x18 MpuInit.o
                0x00007346                _Z17enable_interrupt0v
 .text._Z9MPU_get_yv
                0x0000735e       0x16 MpuInit.o
                0x0000735e                _Z9MPU_get_yv
 .text._Z9MPU_get_pv
                0x00007374       0x16 MpuInit.o
                0x00007374                _Z9MPU_get_pv
 .text._Z9MPU_get_rv
                0x0000738a       0x16 MpuInit.o
                0x0000738a                _Z9MPU_get_rv
 .text._Z8MPU_initv
                0x000073a0       0x70 MpuInit.o
                0x000073a0                _Z8MPU_initv
 .text._Z10MPU_updatev
                0x00007410       0xe4 MpuInit.o
                0x00007410                _Z10MPU_updatev
 .text._GLOBAL__sub_I__ZN7MPU605013dmpInitializeEv
                0x000074f4       0xd2 MpuInit.o
 .text._Z20servo_check_tx_readyv
                0x000075c6        0x8 serialServoControl.o
                0x000075c6                _Z20servo_check_tx_readyv
 .text._Z16servo_write_byteh
                0x000075ce       0x12 serialServoControl.o
                0x000075ce                _Z16servo_write_byteh
 .text._Z17send_servo_packethhh
                0x000075e0       0xb0 serialServoControl.o
                0x000075e0                _Z17send_servo_packethhh
 .text._Z10SERVO_gotohdj
                0x00007690       0xf4 serialServoControl.o
                0x00007690                _Z10SERVO_gotohdj
 .text._Z21SERVO_buffer_positionhdj
                0x00007784       0xf4 serialServoControl.o
                0x00007784                _Z21SERVO_buffer_positionhdj
 .text._Z12SERVO_actionv
                0x00007878        0x8 serialServoControl.o
                0x00007878                _Z12SERVO_actionv
 .text._Z22SERVO_set_torque_limithj
                0x00007880       0x14 serialServoControl.o
                0x00007880                _Z22SERVO_set_torque_limithj
 .text._Z10SERVO_initv
                0x00007894       0x20 serialServoControl.o
                0x00007894                _Z10SERVO_initv
 .text._Z22SERVO_set_return_levelhh
                0x000078b4       0x10 serialServoControl.o
                0x000078b4                _Z22SERVO_set_return_levelhh
 .text._Z27SERVO_set_return_delay_timehh
                0x000078c4       0x10 serialServoControl.o
                0x000078c4                _Z27SERVO_set_return_delay_timehh
 .text._Z19SERVO_update_EEPROMh
                0x000078d4       0x20 serialServoControl.o
                0x000078d4                _Z19SERVO_update_EEPROMh
 .text.__vector_28
                0x000078f4       0x66 serialServoControl.o
                0x000078f4                __vector_28
 .text._Z11USART_get_zv
                0x0000795a       0x1a usart.o
                0x0000795a                _Z11USART_get_zv
 .text._Z10USART_initv
                0x00007974       0x26 usart.o
                0x00007974                _Z10USART_initv
 .text._Z18USART_CheckTxReadyv
                0x0000799a        0x8 usart.o
                0x0000799a                _Z18USART_CheckTxReadyv
 .text._Z15USART_WriteByteh
                0x000079a2       0x12 usart.o
                0x000079a2                _Z15USART_WriteByteh
 .text._Z11USART_crc16hh
                0x000079b4       0xb2 usart.o
                0x000079b4                _Z11USART_crc16hh
 .text._Z16USART_SendPacketch
                0x00007a66       0xc0 usart.o
                0x00007a66                _Z16USART_SendPacketch
 .text._Z17USART_SendMessagePc
                0x00007b26       0x42 usart.o
                0x00007b26                _Z17USART_SendMessagePc
 .text._Z15USART_SendValuef
                0x00007b68       0x16 usart.o
                0x00007b68                _Z15USART_SendValuef
 .text._Z14USART_SendGyrov
                0x00007b7e       0x3c usart.o
                0x00007b7e                _Z14USART_SendGyrov
 .text._Z20USART_send_turn_donev
                0x00007bba        0x6 usart.o
                0x00007bba                _Z20USART_send_turn_donev
 .text._Z25USART_DecodeMessageRxFIFOv
                0x00007bc0       0x5e usart.o
                0x00007bc0                _Z25USART_DecodeMessageRxFIFOv
 .text._Z25USART_DecodeCommandRxFIFOv
                0x00007c1e       0x98 usart.o
                0x00007c1e                _Z25USART_DecodeCommandRxFIFOv
 .text._Z27USART_DecodeElevationRxFIFOv
                0x00007cb6       0xfc usart.o
                0x00007cb6                _Z27USART_DecodeElevationRxFIFOv
 .text._Z22USART_DecodeTurnRxFIFOv
                0x00007db2       0xaa usart.o
                0x00007db2                _Z22USART_DecodeTurnRxFIFOv
 .text._Z18USART_DecodeRxFIFOv
                0x00007e5c       0x58 usart.o
                0x00007e5c                _Z18USART_DecodeRxFIFOv
 .text._Z20USART_elevation_flagv
                0x00007eb4       0x14 usart.o
                0x00007eb4                _Z20USART_elevation_flagv
 .text.__vector_20
                0x00007ec8      0x10a usart.o
                0x00007ec8                __vector_20
 .text.avr-libc.fplib
                0x00007fd2       0x1c c:/program files (x86)/atmel/atmel toolchain/avr8 gcc/native/3.4.2.1002/avr8-gnu-toolchain/bin/../lib/gcc/avr/4.7.2/../../../../avr/lib/avr51\libm.a(acos.o)
                0x00007fd2                acos
 .text.avr-libc.fplib
                0x00007fee        0xa c:/program files (x86)/atmel/atmel toolchain/avr8 gcc/native/3.4.2.1002/avr8-gnu-toolchain/bin/../lib/gcc/avr/4.7.2/../../../../avr/lib/avr51\libm.a(addsf3.o)
                0x00007fee                __subsf3
                0x00007ff0                __addsf3
 .text.avr-libc.fplib
                0x00007ff8       0xc0 c:/program files (x86)/atmel/atmel toolchain/avr8 gcc/native/3.4.2.1002/avr8-gnu-toolchain/bin/../lib/gcc/avr/4.7.2/../../../../avr/lib/avr51\libm.a(addsf3x.o)
                0x00008012                __addsf3x
 .text.avr-libc.fplib
                0x000080b8       0x2e c:/program files (x86)/atmel/atmel toolchain/avr8 gcc/native/3.4.2.1002/avr8-gnu-toolchain/bin/../lib/gcc/avr/4.7.2/../../../../avr/lib/avr51\libm.a(asin.o)
                0x000080b8                asin
 .text.avr-libc.fplib
                0x000080e6       0x74 c:/program files (x86)/atmel/atmel toolchain/avr8 gcc/native/3.4.2.1002/avr8-gnu-toolchain/bin/../lib/gcc/avr/4.7.2/../../../../avr/lib/avr51\libm.a(atan2.o)
                0x00008104                atan2
 .text.avr-libc.fplib
                0x0000815a       0x50 c:/program files (x86)/atmel/atmel toolchain/avr8 gcc/native/3.4.2.1002/avr8-gnu-toolchain/bin/../lib/gcc/avr/4.7.2/../../../../avr/lib/avr51\libm.a(atan.o)
                0x0000815a                atan
 .text.avr-libc.fplib
                0x000081aa        0x8 c:/program files (x86)/atmel/atmel toolchain/avr8 gcc/native/3.4.2.1002/avr8-gnu-toolchain/bin/../lib/gcc/avr/4.7.2/../../../../avr/lib/avr51\libm.a(cmpsf2.o)
                0x000081aa                __nesf2
                0x000081aa                __eqsf2
                0x000081aa                __cmpsf2
                0x000081aa                __ltsf2
                0x000081aa                __lesf2
 .text.avr-libc.fplib
                0x000081b2        0x6 c:/program files (x86)/atmel/atmel toolchain/avr8 gcc/native/3.4.2.1002/avr8-gnu-toolchain/bin/../lib/gcc/avr/4.7.2/../../../../avr/lib/avr51\libm.a(cos.o)
                0x000081b2                cos
 .text.avr-libc.fplib
                0x000081b8        0x4 c:/program files (x86)/atmel/atmel toolchain/avr8 gcc/native/3.4.2.1002/avr8-gnu-toolchain/bin/../lib/gcc/avr/4.7.2/../../../../avr/lib/avr51\libm.a(divsf3.o)
                0x000081b8                __divsf3
 .text.avr-libc.fplib
                0x000081bc       0xcc c:/program files (x86)/atmel/atmel toolchain/avr8 gcc/native/3.4.2.1002/avr8-gnu-toolchain/bin/../lib/gcc/avr/4.7.2/../../../../avr/lib/avr51\libm.a(divsf3x.o)
                0x000081d2                __divsf3x
                0x000081d6                __divsf3_pse
 .text.avr-libc.fplib
                0x00008288        0xa c:/program files (x86)/atmel/atmel toolchain/avr8 gcc/native/3.4.2.1002/avr8-gnu-toolchain/bin/../lib/gcc/avr/4.7.2/../../../../avr/lib/avr51\libm.a(fixsfsi.o)
                0x00008288                __fixsfsi
 .text.avr-libc.fplib
                0x00008292       0x58 c:/program files (x86)/atmel/atmel toolchain/avr8 gcc/native/3.4.2.1002/avr8-gnu-toolchain/bin/../lib/gcc/avr/4.7.2/../../../../avr/lib/avr51\libm.a(fixunssfsi.o)
                0x00008292                __fixunssfsi
 .text.avr-libc.fplib
                0x000082ea       0x7a c:/program files (x86)/atmel/atmel toolchain/avr8 gcc/native/3.4.2.1002/avr8-gnu-toolchain/bin/../lib/gcc/avr/4.7.2/../../../../avr/lib/avr51\libm.a(floatsisf.o)
                0x000082ea                __floatunsisf
                0x000082ee                __floatsisf
 .text.avr-libc.fplib
                0x00008364       0x3e c:/program files (x86)/atmel/atmel toolchain/avr8 gcc/native/3.4.2.1002/avr8-gnu-toolchain/bin/../lib/gcc/avr/4.7.2/../../../../avr/lib/avr51\libm.a(fmax.o)
                0x00008364                fmax
 .text.avr-libc.fplib
                0x000083a2       0x9c c:/program files (x86)/atmel/atmel toolchain/avr8 gcc/native/3.4.2.1002/avr8-gnu-toolchain/bin/../lib/gcc/avr/4.7.2/../../../../avr/lib/avr51\libm.a(fmod.o)
                0x000083b0                fmod
 .text.avr-libc.fplib
                0x0000843e       0x36 c:/program files (x86)/atmel/atmel toolchain/avr8 gcc/native/3.4.2.1002/avr8-gnu-toolchain/bin/../lib/gcc/avr/4.7.2/../../../../avr/lib/avr51\libm.a(fp_arccos.o)
                0x0000843e                __fp_arccos
 .text.avr-libc.fplib
                0x00008474       0x48 c:/program files (x86)/atmel/atmel toolchain/avr8 gcc/native/3.4.2.1002/avr8-gnu-toolchain/bin/../lib/gcc/avr/4.7.2/../../../../avr/lib/avr51\libm.a(fp_cmp.o)
                0x00008474                __fp_cmp
 .text.avr-libc.fplib
                0x000084bc        0xc c:/program files (x86)/atmel/atmel toolchain/avr8 gcc/native/3.4.2.1002/avr8-gnu-toolchain/bin/../lib/gcc/avr/4.7.2/../../../../avr/lib/avr51\libm.a(fp_inf.o)
                0x000084bc                __fp_inf
 .text.avr-libc.fplib
                0x000084c8       0x1c c:/program files (x86)/atmel/atmel toolchain/avr8 gcc/native/3.4.2.1002/avr8-gnu-toolchain/bin/../lib/gcc/avr/4.7.2/../../../../avr/lib/avr51\libm.a(fp_mpack.o)
                0x000084c8                __fp_mpack
                0x000084cc                __fp_mpack_finite
 .text.avr-libc.fplib
                0x000084e4        0x6 c:/program files (x86)/atmel/atmel toolchain/avr8 gcc/native/3.4.2.1002/avr8-gnu-toolchain/bin/../lib/gcc/avr/4.7.2/../../../../avr/lib/avr51\libm.a(fp_nan.o)
                0x000084e4                __fp_nan
 .text.avr-libc.fplib
                0x000084ea       0x4a c:/program files (x86)/atmel/atmel toolchain/avr8 gcc/native/3.4.2.1002/avr8-gnu-toolchain/bin/../lib/gcc/avr/4.7.2/../../../../avr/lib/avr51\libm.a(fp_powser.o)
                0x000084ea                __fp_powser
 .text.avr-libc.fplib
                0x00008534       0x22 c:/program files (x86)/atmel/atmel toolchain/avr8 gcc/native/3.4.2.1002/avr8-gnu-toolchain/bin/../lib/gcc/avr/4.7.2/../../../../avr/lib/avr51\libm.a(fp_powsodd.o)
                0x00008534                __fp_powsodd
 .text.avr-libc.fplib
                0x00008556        0xe c:/program files (x86)/atmel/atmel toolchain/avr8 gcc/native/3.4.2.1002/avr8-gnu-toolchain/bin/../lib/gcc/avr/4.7.2/../../../../avr/lib/avr51\libm.a(fp_pscA.o)
                0x00008556                __fp_pscA
 .text.avr-libc.fplib
                0x00008564        0xe c:/program files (x86)/atmel/atmel toolchain/avr8 gcc/native/3.4.2.1002/avr8-gnu-toolchain/bin/../lib/gcc/avr/4.7.2/../../../../avr/lib/avr51\libm.a(fp_pscB.o)
                0x00008564                __fp_pscB
 .text.avr-libc.fplib
                0x00008572       0x50 c:/program files (x86)/atmel/atmel toolchain/avr8 gcc/native/3.4.2.1002/avr8-gnu-toolchain/bin/../lib/gcc/avr/4.7.2/../../../../avr/lib/avr51\libm.a(fp_rempio2.o)
                0x00008574                __fp_rempio2
 .text.avr-libc.fplib
                0x000085c2       0x22 c:/program files (x86)/atmel/atmel toolchain/avr8 gcc/native/3.4.2.1002/avr8-gnu-toolchain/bin/../lib/gcc/avr/4.7.2/../../../../avr/lib/avr51\libm.a(fp_round.o)
                0x000085c2                __fp_round
 .text.avr-libc.fplib
                0x000085e4       0x22 c:/program files (x86)/atmel/atmel toolchain/avr8 gcc/native/3.4.2.1002/avr8-gnu-toolchain/bin/../lib/gcc/avr/4.7.2/../../../../avr/lib/avr51\libm.a(fp_sinus.o)
                0x000085e4                __fp_sinus
 .text.avr-libc.fplib
                0x00008606       0x44 c:/program files (x86)/atmel/atmel toolchain/avr8 gcc/native/3.4.2.1002/avr8-gnu-toolchain/bin/../lib/gcc/avr/4.7.2/../../../../avr/lib/avr51\libm.a(fp_split3.o)
                0x00008606                __fp_split3
                0x00008616                __fp_splitA
 .text.avr-libc.fplib
                0x0000864a        0xe c:/program files (x86)/atmel/atmel toolchain/avr8 gcc/native/3.4.2.1002/avr8-gnu-toolchain/bin/../lib/gcc/avr/4.7.2/../../../../avr/lib/avr51\libm.a(fp_zero.o)
                0x0000864a                __fp_zero
                0x0000864c                __fp_szero
 .text.avr-libc.fplib
                0x00008658        0x8 c:/program files (x86)/atmel/atmel toolchain/avr8 gcc/native/3.4.2.1002/avr8-gnu-toolchain/bin/../lib/gcc/avr/4.7.2/../../../../avr/lib/avr51\libm.a(gesf2.o)
                0x00008658                __gesf2
                0x00008658                __gtsf2
 .text.avr-libc.fplib
                0x00008660        0xe c:/program files (x86)/atmel/atmel toolchain/avr8 gcc/native/3.4.2.1002/avr8-gnu-toolchain/bin/../lib/gcc/avr/4.7.2/../../../../avr/lib/avr51\libm.a(inverse.o)
                0x00008660                inverse
 .text.avr-libc.fplib
                0x0000866e        0x4 c:/program files (x86)/atmel/atmel toolchain/avr8 gcc/native/3.4.2.1002/avr8-gnu-toolchain/bin/../lib/gcc/avr/4.7.2/../../../../avr/lib/avr51\libm.a(mulsf3.o)
                0x0000866e                __mulsf3
 .text.avr-libc.fplib
                0x00008672       0xc2 c:/program files (x86)/atmel/atmel toolchain/avr8 gcc/native/3.4.2.1002/avr8-gnu-toolchain/bin/../lib/gcc/avr/4.7.2/../../../../avr/lib/avr51\libm.a(mulsf3x.o)
                0x00008686                __mulsf3x
                0x0000868a                __mulsf3_pse
 .text.avr-libc.fplib
                0x00008734        0xc c:/program files (x86)/atmel/atmel toolchain/avr8 gcc/native/3.4.2.1002/avr8-gnu-toolchain/bin/../lib/gcc/avr/4.7.2/../../../../avr/lib/avr51\libm.a(sin.o)
                0x00008734                sin
 .text.avr-libc.fplib
                0x00008740       0x84 c:/program files (x86)/atmel/atmel toolchain/avr8 gcc/native/3.4.2.1002/avr8-gnu-toolchain/bin/../lib/gcc/avr/4.7.2/../../../../avr/lib/avr51\libm.a(sqrt.o)
                0x00008748                sqrt
 .text.avr-libc.fplib
                0x000087c4        0x6 c:/program files (x86)/atmel/atmel toolchain/avr8 gcc/native/3.4.2.1002/avr8-gnu-toolchain/bin/../lib/gcc/avr/4.7.2/../../../../avr/lib/avr51\libm.a(square.o)
                0x000087c4                square
 .text.avr-libc.fplib
                0x000087ca        0xe c:/program files (x86)/atmel/atmel toolchain/avr8 gcc/native/3.4.2.1002/avr8-gnu-toolchain/bin/../lib/gcc/avr/4.7.2/../../../../avr/lib/avr51\libm.a(fp_norm2.o)
                0x000087ca                __fp_norm2
 .text.libgcc.div
                0x000087d8       0x36 c:/program files (x86)/atmel/atmel toolchain/avr8 gcc/native/3.4.2.1002/avr8-gnu-toolchain/bin/../lib/gcc/avr/4.7.2/avr51\libgcc.a(_divmodsi4.o)
                0x000087d8                __divmodsi4
 .text.libgcc   0x0000880e        0x8 c:/program files (x86)/atmel/atmel toolchain/avr8 gcc/native/3.4.2.1002/avr8-gnu-toolchain/bin/../lib/gcc/avr/4.7.2/avr51\libgcc.a(_tablejump_elpm.o)
                0x0000880e                __tablejump_elpm__
 .text.libgcc.div
                0x00008816       0x44 c:/program files (x86)/atmel/atmel toolchain/avr8 gcc/native/3.4.2.1002/avr8-gnu-toolchain/bin/../lib/gcc/avr/4.7.2/avr51\libgcc.a(_udivmodsi4.o)
                0x00008816                __udivmodsi4
 .text.avr-libc
                0x0000885a      0x274 c:/program files (x86)/atmel/atmel toolchain/avr8 gcc/native/3.4.2.1002/avr8-gnu-toolchain/bin/../lib/gcc/avr/4.7.2/../../../../avr/lib/avr51\libc.a(malloc.o)
                0x0000885a                malloc
                0x00008990                free
 .text.avr-libc
                0x00008ace      0x1be c:/program files (x86)/atmel/atmel toolchain/avr8 gcc/native/3.4.2.1002/avr8-gnu-toolchain/bin/../lib/gcc/avr/4.7.2/../../../../avr/lib/avr51\libc.a(realloc.o)
                0x00008ace                realloc
 .text.avr-libc
                0x00008c8c       0x1a c:/program files (x86)/atmel/atmel toolchain/avr8 gcc/native/3.4.2.1002/avr8-gnu-toolchain/bin/../lib/gcc/avr/4.7.2/../../../../avr/lib/avr51\libc.a(memcmp.o)
                0x00008c8c                memcmp
 .text.avr-libc
                0x00008ca6       0x12 c:/program files (x86)/atmel/atmel toolchain/avr8 gcc/native/3.4.2.1002/avr8-gnu-toolchain/bin/../lib/gcc/avr/4.7.2/../../../../avr/lib/avr51\libc.a(memcpy.o)
                0x00008ca6                memcpy
                0x00008cb8                . = ALIGN (0x2)
 *(.fini9)
 .fini9         0x00008cb8        0x0 c:/program files (x86)/atmel/atmel toolchain/avr8 gcc/native/3.4.2.1002/avr8-gnu-toolchain/bin/../lib/gcc/avr/4.7.2/avr51\libgcc.a(_exit.o)
                0x00008cb8                _exit
                0x00008cb8                exit
 *(.fini9)
 *(.fini8)
 *(.fini8)
 *(.fini7)
 *(.fini7)
 *(.fini6)
 *(.fini6)
 *(.fini5)
 *(.fini5)
 *(.fini4)
 *(.fini4)
 *(.fini3)
 *(.fini3)
 *(.fini2)
 *(.fini2)
 *(.fini1)
 *(.fini1)
 *(.fini0)
 .fini0         0x00008cb8        0x4 c:/program files (x86)/atmel/atmel toolchain/avr8 gcc/native/3.4.2.1002/avr8-gnu-toolchain/bin/../lib/gcc/avr/4.7.2/avr51\libgcc.a(_exit.o)
 *(.fini0)
                0x00008cbc                _etext = .

.data           0x00800100     0x1488 load address 0x00008cbc
                0x00800100                PROVIDE (__data_start, .)
 *(.data)
 .data          0x00800100        0x0 c:/program files (x86)/atmel/atmel toolchain/avr8 gcc/native/3.4.2.1002/avr8-gnu-toolchain/bin/../lib/gcc/avr/4.7.2/../../../../avr/lib/avr51/crtm1284p.o
 .data          0x00800100        0x0 counter.o
 .data          0x00800100        0x0 fifo.o
 .data          0x00800100        0x0 Gangenheten.o
 .data          0x00800100        0x0 highLevelWalking.o
 .data          0x00800100        0x0 I2Cdev.o
 .data          0x00800100        0x0 inverseKinematics.o
 .data          0x00800100        0x0 MPU6050.o
 .data          0x00800100        0x0 MpuInit.o
 .data          0x00800100        0x0 serialServoControl.o
 .data          0x00800100        0x0 usart.o
 .data          0x00800100        0x0 c:/program files (x86)/atmel/atmel toolchain/avr8 gcc/native/3.4.2.1002/avr8-gnu-toolchain/bin/../lib/gcc/avr/4.7.2/../../../../avr/lib/avr51\libm.a(acos.o)
 .data          0x00800100        0x0 c:/program files (x86)/atmel/atmel toolchain/avr8 gcc/native/3.4.2.1002/avr8-gnu-toolchain/bin/../lib/gcc/avr/4.7.2/../../../../avr/lib/avr51\libm.a(addsf3.o)
 .data          0x00800100        0x0 c:/program files (x86)/atmel/atmel toolchain/avr8 gcc/native/3.4.2.1002/avr8-gnu-toolchain/bin/../lib/gcc/avr/4.7.2/../../../../avr/lib/avr51\libm.a(addsf3x.o)
 .data          0x00800100        0x0 c:/program files (x86)/atmel/atmel toolchain/avr8 gcc/native/3.4.2.1002/avr8-gnu-toolchain/bin/../lib/gcc/avr/4.7.2/../../../../avr/lib/avr51\libm.a(asin.o)
 .data          0x00800100        0x0 c:/program files (x86)/atmel/atmel toolchain/avr8 gcc/native/3.4.2.1002/avr8-gnu-toolchain/bin/../lib/gcc/avr/4.7.2/../../../../avr/lib/avr51\libm.a(atan2.o)
 .data          0x00800100        0x0 c:/program files (x86)/atmel/atmel toolchain/avr8 gcc/native/3.4.2.1002/avr8-gnu-toolchain/bin/../lib/gcc/avr/4.7.2/../../../../avr/lib/avr51\libm.a(atan.o)
 .data          0x00800100        0x0 c:/program files (x86)/atmel/atmel toolchain/avr8 gcc/native/3.4.2.1002/avr8-gnu-toolchain/bin/../lib/gcc/avr/4.7.2/../../../../avr/lib/avr51\libm.a(cmpsf2.o)
 .data          0x00800100        0x0 c:/program files (x86)/atmel/atmel toolchain/avr8 gcc/native/3.4.2.1002/avr8-gnu-toolchain/bin/../lib/gcc/avr/4.7.2/../../../../avr/lib/avr51\libm.a(cos.o)
 .data          0x00800100        0x0 c:/program files (x86)/atmel/atmel toolchain/avr8 gcc/native/3.4.2.1002/avr8-gnu-toolchain/bin/../lib/gcc/avr/4.7.2/../../../../avr/lib/avr51\libm.a(divsf3.o)
 .data          0x00800100        0x0 c:/program files (x86)/atmel/atmel toolchain/avr8 gcc/native/3.4.2.1002/avr8-gnu-toolchain/bin/../lib/gcc/avr/4.7.2/../../../../avr/lib/avr51\libm.a(divsf3x.o)
 .data          0x00800100        0x0 c:/program files (x86)/atmel/atmel toolchain/avr8 gcc/native/3.4.2.1002/avr8-gnu-toolchain/bin/../lib/gcc/avr/4.7.2/../../../../avr/lib/avr51\libm.a(fixsfsi.o)
 .data          0x00800100        0x0 c:/program files (x86)/atmel/atmel toolchain/avr8 gcc/native/3.4.2.1002/avr8-gnu-toolchain/bin/../lib/gcc/avr/4.7.2/../../../../avr/lib/avr51\libm.a(fixunssfsi.o)
 .data          0x00800100        0x0 c:/program files (x86)/atmel/atmel toolchain/avr8 gcc/native/3.4.2.1002/avr8-gnu-toolchain/bin/../lib/gcc/avr/4.7.2/../../../../avr/lib/avr51\libm.a(floatsisf.o)
 .data          0x00800100        0x0 c:/program files (x86)/atmel/atmel toolchain/avr8 gcc/native/3.4.2.1002/avr8-gnu-toolchain/bin/../lib/gcc/avr/4.7.2/../../../../avr/lib/avr51\libm.a(fmax.o)
 .data          0x00800100        0x0 c:/program files (x86)/atmel/atmel toolchain/avr8 gcc/native/3.4.2.1002/avr8-gnu-toolchain/bin/../lib/gcc/avr/4.7.2/../../../../avr/lib/avr51\libm.a(fmod.o)
 .data          0x00800100        0x0 c:/program files (x86)/atmel/atmel toolchain/avr8 gcc/native/3.4.2.1002/avr8-gnu-toolchain/bin/../lib/gcc/avr/4.7.2/../../../../avr/lib/avr51\libm.a(fp_arccos.o)
 .data          0x00800100        0x0 c:/program files (x86)/atmel/atmel toolchain/avr8 gcc/native/3.4.2.1002/avr8-gnu-toolchain/bin/../lib/gcc/avr/4.7.2/../../../../avr/lib/avr51\libm.a(fp_cmp.o)
 .data          0x00800100        0x0 c:/program files (x86)/atmel/atmel toolchain/avr8 gcc/native/3.4.2.1002/avr8-gnu-toolchain/bin/../lib/gcc/avr/4.7.2/../../../../avr/lib/avr51\libm.a(fp_inf.o)
 .data          0x00800100        0x0 c:/program files (x86)/atmel/atmel toolchain/avr8 gcc/native/3.4.2.1002/avr8-gnu-toolchain/bin/../lib/gcc/avr/4.7.2/../../../../avr/lib/avr51\libm.a(fp_mpack.o)
 .data          0x00800100        0x0 c:/program files (x86)/atmel/atmel toolchain/avr8 gcc/native/3.4.2.1002/avr8-gnu-toolchain/bin/../lib/gcc/avr/4.7.2/../../../../avr/lib/avr51\libm.a(fp_nan.o)
 .data          0x00800100        0x0 c:/program files (x86)/atmel/atmel toolchain/avr8 gcc/native/3.4.2.1002/avr8-gnu-toolchain/bin/../lib/gcc/avr/4.7.2/../../../../avr/lib/avr51\libm.a(fp_powser.o)
 .data          0x00800100        0x0 c:/program files (x86)/atmel/atmel toolchain/avr8 gcc/native/3.4.2.1002/avr8-gnu-toolchain/bin/../lib/gcc/avr/4.7.2/../../../../avr/lib/avr51\libm.a(fp_powsodd.o)
 .data          0x00800100        0x0 c:/program files (x86)/atmel/atmel toolchain/avr8 gcc/native/3.4.2.1002/avr8-gnu-toolchain/bin/../lib/gcc/avr/4.7.2/../../../../avr/lib/avr51\libm.a(fp_pscA.o)
 .data          0x00800100        0x0 c:/program files (x86)/atmel/atmel toolchain/avr8 gcc/native/3.4.2.1002/avr8-gnu-toolchain/bin/../lib/gcc/avr/4.7.2/../../../../avr/lib/avr51\libm.a(fp_pscB.o)
 .data          0x00800100        0x0 c:/program files (x86)/atmel/atmel toolchain/avr8 gcc/native/3.4.2.1002/avr8-gnu-toolchain/bin/../lib/gcc/avr/4.7.2/../../../../avr/lib/avr51\libm.a(fp_rempio2.o)
 .data          0x00800100        0x0 c:/program files (x86)/atmel/atmel toolchain/avr8 gcc/native/3.4.2.1002/avr8-gnu-toolchain/bin/../lib/gcc/avr/4.7.2/../../../../avr/lib/avr51\libm.a(fp_round.o)
 .data          0x00800100        0x0 c:/program files (x86)/atmel/atmel toolchain/avr8 gcc/native/3.4.2.1002/avr8-gnu-toolchain/bin/../lib/gcc/avr/4.7.2/../../../../avr/lib/avr51\libm.a(fp_sinus.o)
 .data          0x00800100        0x0 c:/program files (x86)/atmel/atmel toolchain/avr8 gcc/native/3.4.2.1002/avr8-gnu-toolchain/bin/../lib/gcc/avr/4.7.2/../../../../avr/lib/avr51\libm.a(fp_split3.o)
 .data          0x00800100        0x0 c:/program files (x86)/atmel/atmel toolchain/avr8 gcc/native/3.4.2.1002/avr8-gnu-toolchain/bin/../lib/gcc/avr/4.7.2/../../../../avr/lib/avr51\libm.a(fp_zero.o)
 .data          0x00800100        0x0 c:/program files (x86)/atmel/atmel toolchain/avr8 gcc/native/3.4.2.1002/avr8-gnu-toolchain/bin/../lib/gcc/avr/4.7.2/../../../../avr/lib/avr51\libm.a(gesf2.o)
 .data          0x00800100        0x0 c:/program files (x86)/atmel/atmel toolchain/avr8 gcc/native/3.4.2.1002/avr8-gnu-toolchain/bin/../lib/gcc/avr/4.7.2/../../../../avr/lib/avr51\libm.a(inverse.o)
 .data          0x00800100        0x0 c:/program files (x86)/atmel/atmel toolchain/avr8 gcc/native/3.4.2.1002/avr8-gnu-toolchain/bin/../lib/gcc/avr/4.7.2/../../../../avr/lib/avr51\libm.a(mulsf3.o)
 .data          0x00800100        0x0 c:/program files (x86)/atmel/atmel toolchain/avr8 gcc/native/3.4.2.1002/avr8-gnu-toolchain/bin/../lib/gcc/avr/4.7.2/../../../../avr/lib/avr51\libm.a(mulsf3x.o)
 .data          0x00800100        0x0 c:/program files (x86)/atmel/atmel toolchain/avr8 gcc/native/3.4.2.1002/avr8-gnu-toolchain/bin/../lib/gcc/avr/4.7.2/../../../../avr/lib/avr51\libm.a(sin.o)
 .data          0x00800100        0x0 c:/program files (x86)/atmel/atmel toolchain/avr8 gcc/native/3.4.2.1002/avr8-gnu-toolchain/bin/../lib/gcc/avr/4.7.2/../../../../avr/lib/avr51\libm.a(sqrt.o)
 .data          0x00800100        0x0 c:/program files (x86)/atmel/atmel toolchain/avr8 gcc/native/3.4.2.1002/avr8-gnu-toolchain/bin/../lib/gcc/avr/4.7.2/../../../../avr/lib/avr51\libm.a(square.o)
 .data          0x00800100        0x0 c:/program files (x86)/atmel/atmel toolchain/avr8 gcc/native/3.4.2.1002/avr8-gnu-toolchain/bin/../lib/gcc/avr/4.7.2/../../../../avr/lib/avr51\libm.a(fp_norm2.o)
 .data          0x00800100        0x0 c:/program files (x86)/atmel/atmel toolchain/avr8 gcc/native/3.4.2.1002/avr8-gnu-toolchain/bin/../lib/gcc/avr/4.7.2/avr51\libgcc.a(_divmodsi4.o)
 .data          0x00800100        0x0 c:/program files (x86)/atmel/atmel toolchain/avr8 gcc/native/3.4.2.1002/avr8-gnu-toolchain/bin/../lib/gcc/avr/4.7.2/avr51\libgcc.a(_exit.o)
 .data          0x00800100        0x0 c:/program files (x86)/atmel/atmel toolchain/avr8 gcc/native/3.4.2.1002/avr8-gnu-toolchain/bin/../lib/gcc/avr/4.7.2/avr51\libgcc.a(_copy_data.o)
 .data          0x00800100        0x0 c:/program files (x86)/atmel/atmel toolchain/avr8 gcc/native/3.4.2.1002/avr8-gnu-toolchain/bin/../lib/gcc/avr/4.7.2/avr51\libgcc.a(_clear_bss.o)
 .data          0x00800100        0x0 c:/program files (x86)/atmel/atmel toolchain/avr8 gcc/native/3.4.2.1002/avr8-gnu-toolchain/bin/../lib/gcc/avr/4.7.2/avr51\libgcc.a(_ctors.o)
 .data          0x00800100        0x0 c:/program files (x86)/atmel/atmel toolchain/avr8 gcc/native/3.4.2.1002/avr8-gnu-toolchain/bin/../lib/gcc/avr/4.7.2/avr51\libgcc.a(_tablejump_elpm.o)
 .data          0x00800100        0x0 c:/program files (x86)/atmel/atmel toolchain/avr8 gcc/native/3.4.2.1002/avr8-gnu-toolchain/bin/../lib/gcc/avr/4.7.2/avr51\libgcc.a(_udivmodsi4.o)
 .data          0x00800100        0x6 c:/program files (x86)/atmel/atmel toolchain/avr8 gcc/native/3.4.2.1002/avr8-gnu-toolchain/bin/../lib/gcc/avr/4.7.2/../../../../avr/lib/avr51\libc.a(malloc.o)
                0x00800100                __malloc_heap_end
                0x00800102                __malloc_heap_start
                0x00800104                __malloc_margin
 .data          0x00800106        0x0 c:/program files (x86)/atmel/atmel toolchain/avr8 gcc/native/3.4.2.1002/avr8-gnu-toolchain/bin/../lib/gcc/avr/4.7.2/../../../../avr/lib/avr51\libc.a(realloc.o)
 .data          0x00800106        0x0 c:/program files (x86)/atmel/atmel toolchain/avr8 gcc/native/3.4.2.1002/avr8-gnu-toolchain/bin/../lib/gcc/avr/4.7.2/../../../../avr/lib/avr51\libc.a(memcmp.o)
 .data          0x00800106        0x0 c:/program files (x86)/atmel/atmel toolchain/avr8 gcc/native/3.4.2.1002/avr8-gnu-toolchain/bin/../lib/gcc/avr/4.7.2/../../../../avr/lib/avr51\libc.a(memcpy.o)
 *(.data*)
 .data.std_pos_flag
                0x00800106        0x1 Gangenheten.o
                0x00800106                std_pos_flag
 .data.servo_speed
                0x00800107        0x2 highLevelWalking.o
                0x00800107                servo_speed
 .data._ZN6I2Cdev11readTimeoutE
                0x00800109        0x2 I2Cdev.o
                0x00800109                _ZN6I2Cdev11readTimeoutE
 .data.z0       0x0080010b        0x4 inverseKinematics.o
                0x0080010b                z0
 .data.x0       0x0080010f        0x4 inverseKinematics.o
                0x0080010f                x0
 .data.y0_6     0x00800113        0x4 inverseKinematics.o
                0x00800113                y0_6
 .data.x0_6     0x00800117        0x4 inverseKinematics.o
                0x00800117                x0_6
 .data.x0_5     0x0080011b        0x4 inverseKinematics.o
                0x0080011b                x0_5
 .data.y0_4     0x0080011f        0x4 inverseKinematics.o
                0x0080011f                y0_4
 .data.x0_4     0x00800123        0x4 inverseKinematics.o
                0x00800123                x0_4
 .data.y0_3     0x00800127        0x4 inverseKinematics.o
                0x00800127                y0_3
 .data.x0_3     0x0080012b        0x4 inverseKinematics.o
                0x0080012b                x0_3
 .data.x0_2     0x0080012f        0x4 inverseKinematics.o
                0x0080012f                x0_2
 .data.y0_1     0x00800133        0x4 inverseKinematics.o
                0x00800133                y0_1
 .data.x0_1     0x00800137        0x4 inverseKinematics.o
                0x00800137                x0_1
 .data.gServoRxFIFO
                0x0080013b        0x2 serialServoControl.o
                0x0080013b                gServoRxFIFO
 .data._raw_gServoRxFIFO
                0x0080013d      0x406 serialServoControl.o
                0x0080013d                _raw_gServoRxFIFO
 .data.gRxFIFO  0x00800543        0x2 usart.o
                0x00800543                gRxFIFO
 .data._raw_gRxFIFO
                0x00800545     0x1006 usart.o
                0x00800545                _raw_gRxFIFO
 .data.gZ       0x0080154b        0x4 usart.o
                0x0080154b                gZ
 .data.gTurnDirection
                0x0080154f        0x1 usart.o
                0x0080154f                gTurnDirection
 .data.gRotation
                0x00801550        0x1 usart.o
                0x00801550                gRotation
 *(.rodata)
 *(.rodata*)
 .rodata.str1.1
                0x00801551        0xc Gangenheten.o
 .rodata.str1.1
                0x0080155d       0x2a serialServoControl.o
 *(.gnu.linkonce.d*)
                0x00801588                . = ALIGN (0x2)
 *fill*         0x00801587        0x1 
                0x00801588                _edata = .
                0x00801588                PROVIDE (__data_end, .)

.bss            0x00801588      0xacb
                0x00801588                PROVIDE (__bss_start, .)
 *(.bss)
 *(.bss*)
 .bss.gWaitFlag
                0x00801588        0x1 counter.o
                0x00801588                gWaitFlag
 .bss.move_to_std_flag
                0x00801589        0x1 Gangenheten.o
                0x00801589                move_to_std_flag
 .bss.maxStepLength
                0x0080158a        0x4 highLevelWalking.o
                0x0080158a                maxStepLength
 .bss.stdLength
                0x0080158e        0x4 highLevelWalking.o
                0x0080158e                stdLength
 .bss.stepScaling
                0x00801592        0x4 highLevelWalking.o
                0x00801592                stepScaling
 .bss.stepTest  0x00801596        0x4 highLevelWalking.o
                0x00801596                stepTest
 .bss.stepMax   0x0080159a        0x4 highLevelWalking.o
                0x0080159a                stepMax
 .bss.yDirection
                0x0080159e        0x4 highLevelWalking.o
                0x0080159e                yDirection
 .bss.xDirection
                0x008015a2        0x4 highLevelWalking.o
                0x008015a2                xDirection
 .bss.speedf    0x008015a6        0x4 highLevelWalking.o
                0x008015a6                speedf
 .bss.rotation  0x008015aa        0x4 highLevelWalking.o
                0x008015aa                rotation
 .bss.direction
                0x008015ae        0x4 highLevelWalking.o
                0x008015ae                direction
 .bss.z         0x008015b2        0x4 highLevelWalking.o
                0x008015b2                z
 .bss.tempz     0x008015b6        0x4 highLevelWalking.o
                0x008015b6                tempz
 .bss.tempy     0x008015ba        0x4 highLevelWalking.o
                0x008015ba                tempy
 .bss.tempx     0x008015be        0x4 highLevelWalking.o
                0x008015be                tempx
 .bss.legsNotDown
                0x008015c2        0x2 highLevelWalking.o
                0x008015c2                legsNotDown
 .bss.climbing_flag
                0x008015c4        0x2 highLevelWalking.o
                0x008015c4                climbing_flag
 .bss.speedMultiplier
                0x008015c6        0x4 highLevelWalking.o
                0x008015c6                speedMultiplier
 .bss.speedGamma
                0x008015ca        0x4 highLevelWalking.o
                0x008015ca                speedGamma
 .bss.speedBeta
                0x008015ce        0x4 highLevelWalking.o
                0x008015ce                speedBeta
 .bss.speedAlpha
                0x008015d2        0x4 highLevelWalking.o
                0x008015d2                speedAlpha
 .bss.leg6      0x008015d6       0x90 highLevelWalking.o
                0x008015d6                leg6
 .bss.leg5      0x00801666       0x90 highLevelWalking.o
                0x00801666                leg5
 .bss.leg4      0x008016f6       0x90 highLevelWalking.o
                0x008016f6                leg4
 .bss.leg3      0x00801786       0x90 highLevelWalking.o
                0x00801786                leg3
 .bss.leg2      0x00801816       0x90 highLevelWalking.o
                0x00801816                leg2
 .bss.leg1      0x008018a6       0x90 highLevelWalking.o
                0x008018a6                leg1
 .bss.newPosyWB
                0x00801936        0x4 highLevelWalking.o
                0x00801936                newPosyWB
 .bss.newPosxWB
                0x0080193a        0x4 highLevelWalking.o
                0x0080193a                newPosxWB
 .bss.climb_rotation_counter
                0x0080193e        0x1 highLevelWalking.o
                0x0080193e                climb_rotation_counter
 .bss.climb_counter
                0x0080193f        0x1 highLevelWalking.o
                0x0080193f                climb_counter
 .bss.MPURMean  0x00801940        0x4 highLevelWalking.o
                0x00801940                MPURMean
 .bss.MPUPMean  0x00801944        0x4 highLevelWalking.o
                0x00801944                MPUPMean
 .bss.rotation_flag
                0x00801948        0x1 highLevelWalking.o
                0x00801948                rotation_flag
 .bss.climb_start_slope_p
                0x00801949        0x4 highLevelWalking.o
                0x00801949                climb_start_slope_p
 .bss.climb_start_slope_r
                0x0080194d        0x4 highLevelWalking.o
                0x0080194d                climb_start_slope_r
 .bss.climb_start_control
                0x00801951        0x4 highLevelWalking.o
                0x00801951                climb_start_control
 .bss.z_in_use  0x00801955        0x4 highLevelWalking.o
                0x00801955                z_in_use
 .bss.obstacle_height
                0x00801959        0x4 highLevelWalking.o
                0x00801959                obstacle_height
 .bss.climb_step2
                0x0080195d        0x4 highLevelWalking.o
                0x0080195d                climb_step2
 .bss.climb_step
                0x00801961        0x4 highLevelWalking.o
                0x00801961                climb_step
 .bss.height    0x00801965        0x4 highLevelWalking.o
                0x00801965                height
 .bss.iterations
                0x00801969        0x4 highLevelWalking.o
                0x00801969                iterations
 .bss.speed     0x0080196d        0x2 highLevelWalking.o
                0x0080196d                speed
 .bss.timer0_millis
                0x0080196f        0x4 I2Cdev.o
                0x0080196f                timer0_millis
 .bss.timer0_overflow_count
                0x00801973        0x4 I2Cdev.o
                0x00801973                timer0_overflow_count
 .bss._ZL12timer0_fract
                0x00801977        0x1 I2Cdev.o
 .bss.y0        0x00801978        0x4 inverseKinematics.o
                0x00801978                y0
 .bss.y0_5      0x0080197c        0x4 inverseKinematics.o
                0x0080197c                y0_5
 .bss.y0_2      0x00801980        0x4 inverseKinematics.o
                0x00801980                y0_2
 .bss.d         0x00801984        0x4 inverseKinematics.o
                0x00801984                d
 .bss.gamma     0x00801988        0x4 inverseKinematics.o
                0x00801988                gamma
 .bss.beta      0x0080198c        0x4 inverseKinematics.o
                0x0080198c                beta
 .bss.alpha     0x00801990        0x4 inverseKinematics.o
                0x00801990                alpha
 .bss.mpuInterrupt
                0x00801994        0x1 MpuInit.o
                0x00801994                mpuInterrupt
 .bss.ypr       0x00801995        0xc MpuInit.o
                0x00801995                ypr
 .bss.gravity   0x008019a1        0xc MpuInit.o
                0x008019a1                gravity
 .bss.aaWorld   0x008019ad        0x6 MpuInit.o
                0x008019ad                aaWorld
 .bss.aaReal    0x008019b3        0x6 MpuInit.o
                0x008019b3                aaReal
 .bss.aa        0x008019b9        0x6 MpuInit.o
                0x008019b9                aa
 .bss.q         0x008019bf       0x10 MpuInit.o
                0x008019bf                q
 .bss.fifoBuffer
                0x008019cf       0x40 MpuInit.o
                0x008019cf                fifoBuffer
 .bss.fifoCount
                0x00801a0f        0x2 MpuInit.o
                0x00801a0f                fifoCount
 .bss.packetSize
                0x00801a11        0x2 MpuInit.o
                0x00801a11                packetSize
 .bss.devStatus
                0x00801a13        0x1 MpuInit.o
                0x00801a13                devStatus
 .bss.mpuIntStatus
                0x00801a14        0x1 MpuInit.o
                0x00801a14                mpuIntStatus
 .bss.dmpReady  0x00801a15        0x1 MpuInit.o
                0x00801a15                dmpReady
 .bss.accelgyro
                0x00801a16       0x13 MpuInit.o
                0x00801a16                accelgyro
 .bss.mpu       0x00801a29       0x13 MpuInit.o
                0x00801a29                mpu
 .bss.gServoTxBuffer
                0x00801a3c       0x80 serialServoControl.o
                0x00801a3c                gServoTxBuffer
 .bss.gServoParameters
                0x00801abc       0x80 serialServoControl.o
                0x00801abc                gServoParameters
 .bss.gElevationFlag
                0x00801b3c        0x1 usart.o
                0x00801b3c                gElevationFlag
 .bss.gTurnFlag
                0x00801b3d        0x1 usart.o
                0x00801b3d                gTurnFlag
 .bss.gTurnAngle
                0x00801b3e        0x2 usart.o
                0x00801b3e                gTurnAngle
 .bss.gDirection
                0x00801b40        0x1 usart.o
                0x00801b40                gDirection
 .bss.gSpeed    0x00801b41        0x1 usart.o
                0x00801b41                gSpeed
 .bss.gInvertNextFlag
                0x00801b42        0x2 usart.o
                0x00801b42                gInvertNextFlag
 .bss.gRxBufferIndex
                0x00801b44        0x2 usart.o
                0x00801b44                gRxBufferIndex
 .bss.gRxBuffer
                0x00801b46      0x205 usart.o
                0x00801b46                gRxBuffer
 .bss.gTxBuffer
                0x00801d4b      0x205 usart.o
                0x00801d4b                gTxBuffer
 .bss.gTxPayload
                0x00801f50       0xff usart.o
                0x00801f50                gTxPayload
 *(COMMON)
 COMMON         0x0080204f        0x4 c:/program files (x86)/atmel/atmel toolchain/avr8 gcc/native/3.4.2.1002/avr8-gnu-toolchain/bin/../lib/gcc/avr/4.7.2/../../../../avr/lib/avr51\libc.a(malloc.o)
                0x0080204f                __brkval
                0x00802051                __flp
                0x00802053                PROVIDE (__bss_end, .)
                0x00008cbc                __data_load_start = LOADADDR (.data)
                0x0000a144                __data_load_end = (__data_load_start + SIZEOF (.data))

.noinit         0x00802053        0x0
                0x00802053                PROVIDE (__noinit_start, .)
 *(.noinit*)
                0x00802053                PROVIDE (__noinit_end, .)
                0x00802053                _end = .
                0x00802053                PROVIDE (__heap_start, .)

.eeprom         0x00810000        0x0
 *(.eeprom*)
                0x00810000                __eeprom_end = .

.fuse
 *(.fuse)
 *(.lfuse)
 *(.hfuse)
 *(.efuse)

.lock
 *(.lock*)

.signature
 *(.signature*)

.user_signatures
 *(.user_signatures*)

.stab           0x00000000     0x3ffc
 *(.stab)
 .stab          0x00000000      0x6cc c:/program files (x86)/atmel/atmel toolchain/avr8 gcc/native/3.4.2.1002/avr8-gnu-toolchain/bin/../lib/gcc/avr/4.7.2/../../../../avr/lib/avr51/crtm1284p.o
 .stab          0x000006cc       0xd8 c:/program files (x86)/atmel/atmel toolchain/avr8 gcc/native/3.4.2.1002/avr8-gnu-toolchain/bin/../lib/gcc/avr/4.7.2/../../../../avr/lib/avr51\libm.a(acos.o)
                                 0xe4 (size before relaxing)
 .stab          0x000007a4       0x78 c:/program files (x86)/atmel/atmel toolchain/avr8 gcc/native/3.4.2.1002/avr8-gnu-toolchain/bin/../lib/gcc/avr/4.7.2/../../../../avr/lib/avr51\libm.a(addsf3.o)
                                 0x84 (size before relaxing)
 .stab          0x0000081c      0x4bc c:/program files (x86)/atmel/atmel toolchain/avr8 gcc/native/3.4.2.1002/avr8-gnu-toolchain/bin/../lib/gcc/avr/4.7.2/../../../../avr/lib/avr51\libm.a(addsf3x.o)
                                0x4c8 (size before relaxing)
 .stab          0x00000cd8      0x144 c:/program files (x86)/atmel/atmel toolchain/avr8 gcc/native/3.4.2.1002/avr8-gnu-toolchain/bin/../lib/gcc/avr/4.7.2/../../../../avr/lib/avr51\libm.a(asin.o)
                                0x150 (size before relaxing)
 .stab          0x00000e1c      0x2f4 c:/program files (x86)/atmel/atmel toolchain/avr8 gcc/native/3.4.2.1002/avr8-gnu-toolchain/bin/../lib/gcc/avr/4.7.2/../../../../avr/lib/avr51\libm.a(atan2.o)
                                0x300 (size before relaxing)
 .stab          0x00001110      0x210 c:/program files (x86)/atmel/atmel toolchain/avr8 gcc/native/3.4.2.1002/avr8-gnu-toolchain/bin/../lib/gcc/avr/4.7.2/../../../../avr/lib/avr51\libm.a(atan.o)
                                0x21c (size before relaxing)
 .stab          0x00001320       0x90 c:/program files (x86)/atmel/atmel toolchain/avr8 gcc/native/3.4.2.1002/avr8-gnu-toolchain/bin/../lib/gcc/avr/4.7.2/../../../../avr/lib/avr51\libm.a(cmpsf2.o)
                                 0x9c (size before relaxing)
 .stab          0x000013b0       0x54 c:/program files (x86)/atmel/atmel toolchain/avr8 gcc/native/3.4.2.1002/avr8-gnu-toolchain/bin/../lib/gcc/avr/4.7.2/../../../../avr/lib/avr51\libm.a(cos.o)
                                 0x60 (size before relaxing)
 .stab          0x00001404       0x48 c:/program files (x86)/atmel/atmel toolchain/avr8 gcc/native/3.4.2.1002/avr8-gnu-toolchain/bin/../lib/gcc/avr/4.7.2/../../../../avr/lib/avr51\libm.a(divsf3.o)
                                 0x54 (size before relaxing)
 .stab          0x0000144c      0x510 c:/program files (x86)/atmel/atmel toolchain/avr8 gcc/native/3.4.2.1002/avr8-gnu-toolchain/bin/../lib/gcc/avr/4.7.2/../../../../avr/lib/avr51\libm.a(divsf3x.o)
                                0x51c (size before relaxing)
 .stab          0x0000195c       0x6c c:/program files (x86)/atmel/atmel toolchain/avr8 gcc/native/3.4.2.1002/avr8-gnu-toolchain/bin/../lib/gcc/avr/4.7.2/../../../../avr/lib/avr51\libm.a(fixsfsi.o)
                                 0x78 (size before relaxing)
 .stab          0x000019c8      0x240 c:/program files (x86)/atmel/atmel toolchain/avr8 gcc/native/3.4.2.1002/avr8-gnu-toolchain/bin/../lib/gcc/avr/4.7.2/../../../../avr/lib/avr51\libm.a(fixunssfsi.o)
                                0x24c (size before relaxing)
 .stab          0x00001c08      0x318 c:/program files (x86)/atmel/atmel toolchain/avr8 gcc/native/3.4.2.1002/avr8-gnu-toolchain/bin/../lib/gcc/avr/4.7.2/../../../../avr/lib/avr51\libm.a(floatsisf.o)
                                0x324 (size before relaxing)
 .stab          0x00001f20      0x1a4 c:/program files (x86)/atmel/atmel toolchain/avr8 gcc/native/3.4.2.1002/avr8-gnu-toolchain/bin/../lib/gcc/avr/4.7.2/../../../../avr/lib/avr51\libm.a(fmax.o)
                                0x1b0 (size before relaxing)
 .stab          0x000020c4      0x3e4 c:/program files (x86)/atmel/atmel toolchain/avr8 gcc/native/3.4.2.1002/avr8-gnu-toolchain/bin/../lib/gcc/avr/4.7.2/../../../../avr/lib/avr51\libm.a(fmod.o)
                                0x3f0 (size before relaxing)
 .stab          0x000024a8      0x174 c:/program files (x86)/atmel/atmel toolchain/avr8 gcc/native/3.4.2.1002/avr8-gnu-toolchain/bin/../lib/gcc/avr/4.7.2/../../../../avr/lib/avr51\libm.a(fp_arccos.o)
                                0x180 (size before relaxing)
 .stab          0x0000261c      0x1e0 c:/program files (x86)/atmel/atmel toolchain/avr8 gcc/native/3.4.2.1002/avr8-gnu-toolchain/bin/../lib/gcc/avr/4.7.2/../../../../avr/lib/avr51\libm.a(fp_cmp.o)
                                0x1ec (size before relaxing)
 .stab          0x000027fc       0x78 c:/program files (x86)/atmel/atmel toolchain/avr8 gcc/native/3.4.2.1002/avr8-gnu-toolchain/bin/../lib/gcc/avr/4.7.2/../../../../avr/lib/avr51\libm.a(fp_inf.o)
                                 0x84 (size before relaxing)
 .stab          0x00002874       0xe4 c:/program files (x86)/atmel/atmel toolchain/avr8 gcc/native/3.4.2.1002/avr8-gnu-toolchain/bin/../lib/gcc/avr/4.7.2/../../../../avr/lib/avr51\libm.a(fp_mpack.o)
                                 0xf0 (size before relaxing)
 .stab          0x00002958       0x54 c:/program files (x86)/atmel/atmel toolchain/avr8 gcc/native/3.4.2.1002/avr8-gnu-toolchain/bin/../lib/gcc/avr/4.7.2/../../../../avr/lib/avr51\libm.a(fp_nan.o)
                                 0x60 (size before relaxing)
 .stab          0x000029ac      0x1ec c:/program files (x86)/atmel/atmel toolchain/avr8 gcc/native/3.4.2.1002/avr8-gnu-toolchain/bin/../lib/gcc/avr/4.7.2/../../../../avr/lib/avr51\libm.a(fp_powser.o)
                                0x1f8 (size before relaxing)
 .stab          0x00002b98       0xfc c:/program files (x86)/atmel/atmel toolchain/avr8 gcc/native/3.4.2.1002/avr8-gnu-toolchain/bin/../lib/gcc/avr/4.7.2/../../../../avr/lib/avr51\libm.a(fp_powsodd.o)
                                0x108 (size before relaxing)
 .stab          0x00002c94       0x84 c:/program files (x86)/atmel/atmel toolchain/avr8 gcc/native/3.4.2.1002/avr8-gnu-toolchain/bin/../lib/gcc/avr/4.7.2/../../../../avr/lib/avr51\libm.a(fp_pscA.o)
                                 0x90 (size before relaxing)
 .stab          0x00002d18       0x84 c:/program files (x86)/atmel/atmel toolchain/avr8 gcc/native/3.4.2.1002/avr8-gnu-toolchain/bin/../lib/gcc/avr/4.7.2/../../../../avr/lib/avr51\libm.a(fp_pscB.o)
                                 0x90 (size before relaxing)
 .stab          0x00002d9c      0x21c c:/program files (x86)/atmel/atmel toolchain/avr8 gcc/native/3.4.2.1002/avr8-gnu-toolchain/bin/../lib/gcc/avr/4.7.2/../../../../avr/lib/avr51\libm.a(fp_rempio2.o)
                                0x228 (size before relaxing)
 .stab          0x00002fb8       0xfc c:/program files (x86)/atmel/atmel toolchain/avr8 gcc/native/3.4.2.1002/avr8-gnu-toolchain/bin/../lib/gcc/avr/4.7.2/../../../../avr/lib/avr51\libm.a(fp_round.o)
                                0x108 (size before relaxing)
 .stab          0x000030b4       0xfc c:/program files (x86)/atmel/atmel toolchain/avr8 gcc/native/3.4.2.1002/avr8-gnu-toolchain/bin/../lib/gcc/avr/4.7.2/../../../../avr/lib/avr51\libm.a(fp_sinus.o)
                                0x108 (size before relaxing)
 .stab          0x000031b0      0x1d4 c:/program files (x86)/atmel/atmel toolchain/avr8 gcc/native/3.4.2.1002/avr8-gnu-toolchain/bin/../lib/gcc/avr/4.7.2/../../../../avr/lib/avr51\libm.a(fp_split3.o)
                                0x1e0 (size before relaxing)
 .stab          0x00003384       0x90 c:/program files (x86)/atmel/atmel toolchain/avr8 gcc/native/3.4.2.1002/avr8-gnu-toolchain/bin/../lib/gcc/avr/4.7.2/../../../../avr/lib/avr51\libm.a(fp_zero.o)
                                 0x9c (size before relaxing)
 .stab          0x00003414       0x6c c:/program files (x86)/atmel/atmel toolchain/avr8 gcc/native/3.4.2.1002/avr8-gnu-toolchain/bin/../lib/gcc/avr/4.7.2/../../../../avr/lib/avr51\libm.a(gesf2.o)
                                 0x78 (size before relaxing)
 .stab          0x00003480       0x84 c:/program files (x86)/atmel/atmel toolchain/avr8 gcc/native/3.4.2.1002/avr8-gnu-toolchain/bin/../lib/gcc/avr/4.7.2/../../../../avr/lib/avr51\libm.a(inverse.o)
                                 0x90 (size before relaxing)
 .stab          0x00003504       0x48 c:/program files (x86)/atmel/atmel toolchain/avr8 gcc/native/3.4.2.1002/avr8-gnu-toolchain/bin/../lib/gcc/avr/4.7.2/../../../../avr/lib/avr51\libm.a(mulsf3.o)
                                 0x54 (size before relaxing)
 .stab          0x0000354c      0x4d4 c:/program files (x86)/atmel/atmel toolchain/avr8 gcc/native/3.4.2.1002/avr8-gnu-toolchain/bin/../lib/gcc/avr/4.7.2/../../../../avr/lib/avr51\libm.a(mulsf3x.o)
                                0x4e0 (size before relaxing)
 .stab          0x00003a20       0x78 c:/program files (x86)/atmel/atmel toolchain/avr8 gcc/native/3.4.2.1002/avr8-gnu-toolchain/bin/../lib/gcc/avr/4.7.2/../../../../avr/lib/avr51\libm.a(sin.o)
                                 0x84 (size before relaxing)
 .stab          0x00003a98      0x354 c:/program files (x86)/atmel/atmel toolchain/avr8 gcc/native/3.4.2.1002/avr8-gnu-toolchain/bin/../lib/gcc/avr/4.7.2/../../../../avr/lib/avr51\libm.a(sqrt.o)
                                0x360 (size before relaxing)
 .stab          0x00003dec       0x54 c:/program files (x86)/atmel/atmel toolchain/avr8 gcc/native/3.4.2.1002/avr8-gnu-toolchain/bin/../lib/gcc/avr/4.7.2/../../../../avr/lib/avr51\libm.a(square.o)
                                 0x60 (size before relaxing)
 .stab          0x00003e40       0x84 c:/program files (x86)/atmel/atmel toolchain/avr8 gcc/native/3.4.2.1002/avr8-gnu-toolchain/bin/../lib/gcc/avr/4.7.2/../../../../avr/lib/avr51\libm.a(fp_norm2.o)
                                 0x90 (size before relaxing)
 .stab          0x00003ec4       0xb4 c:/program files (x86)/atmel/atmel toolchain/avr8 gcc/native/3.4.2.1002/avr8-gnu-toolchain/bin/../lib/gcc/avr/4.7.2/../../../../avr/lib/avr51\libc.a(memcmp.o)
                                 0xc0 (size before relaxing)
 .stab          0x00003f78       0x84 c:/program files (x86)/atmel/atmel toolchain/avr8 gcc/native/3.4.2.1002/avr8-gnu-toolchain/bin/../lib/gcc/avr/4.7.2/../../../../avr/lib/avr51\libc.a(memcpy.o)
                                 0x90 (size before relaxing)

.stabstr        0x00000000     0x1232
 *(.stabstr)
 .stabstr       0x00000000     0x1232 c:/program files (x86)/atmel/atmel toolchain/avr8 gcc/native/3.4.2.1002/avr8-gnu-toolchain/bin/../lib/gcc/avr/4.7.2/../../../../avr/lib/avr51/crtm1284p.o

.stab.excl
 *(.stab.excl)

.stab.exclstr
 *(.stab.exclstr)

.stab.index
 *(.stab.index)

.stab.indexstr
 *(.stab.indexstr)

.comment        0x00000000       0x2f
 *(.comment)
 .comment       0x00000000       0x2f counter.o
                                 0x30 (size before relaxing)
 .comment       0x00000000       0x30 fifo.o
 .comment       0x00000000       0x30 Gangenheten.o
 .comment       0x00000000       0x30 highLevelWalking.o
 .comment       0x00000000       0x30 I2Cdev.o
 .comment       0x00000000       0x30 inverseKinematics.o
 .comment       0x00000000       0x30 MPU6050.o
 .comment       0x00000000       0x30 MpuInit.o
 .comment       0x00000000       0x30 serialServoControl.o
 .comment       0x00000000       0x30 usart.o
 .comment       0x00000000       0x30 c:/program files (x86)/atmel/atmel toolchain/avr8 gcc/native/3.4.2.1002/avr8-gnu-toolchain/bin/../lib/gcc/avr/4.7.2/../../../../avr/lib/avr51\libc.a(malloc.o)
 .comment       0x00000000       0x30 c:/program files (x86)/atmel/atmel toolchain/avr8 gcc/native/3.4.2.1002/avr8-gnu-toolchain/bin/../lib/gcc/avr/4.7.2/../../../../avr/lib/avr51\libc.a(realloc.o)

.debug
 *(.debug)

.line
 *(.line)

.debug_srcinfo
 *(.debug_srcinfo)

.debug_sfnames
 *(.debug_sfnames)

.debug_aranges  0x00000000      0xe78
 *(.debug_aranges)
 .debug_aranges
                0x00000000       0x50 counter.o
 .debug_aranges
                0x00000050       0x30 fifo.o
 .debug_aranges
                0x00000080       0x30 Gangenheten.o
 .debug_aranges
                0x000000b0       0xb8 highLevelWalking.o
 .debug_aranges
                0x00000168       0xf0 I2Cdev.o
 .debug_aranges
                0x00000258      0x100 inverseKinematics.o
 .debug_aranges
                0x00000358      0x840 MPU6050.o
 .debug_aranges
                0x00000b98       0xe8 MpuInit.o
 .debug_aranges
                0x00000c80       0xb8 serialServoControl.o
 .debug_aranges
                0x00000d38       0xf8 usart.o
 .debug_aranges
                0x00000e30       0x28 c:/program files (x86)/atmel/atmel toolchain/avr8 gcc/native/3.4.2.1002/avr8-gnu-toolchain/bin/../lib/gcc/avr/4.7.2/../../../../avr/lib/avr51\libc.a(malloc.o)
 .debug_aranges
                0x00000e58       0x20 c:/program files (x86)/atmel/atmel toolchain/avr8 gcc/native/3.4.2.1002/avr8-gnu-toolchain/bin/../lib/gcc/avr/4.7.2/../../../../avr/lib/avr51\libc.a(realloc.o)

.debug_pubnames
 *(.debug_pubnames)

.debug_info     0x00000000    0x13a01
 *(.debug_info)
 .debug_info    0x00000000      0x1f4 counter.o
 .debug_info    0x000001f4      0x1bc fifo.o
 .debug_info    0x000003b0      0x3c8 Gangenheten.o
 .debug_info    0x00000778     0x2421 highLevelWalking.o
 .debug_info    0x00002b99     0x145d I2Cdev.o
 .debug_info    0x00003ff6      0x895 inverseKinematics.o
 .debug_info    0x0000488b     0x8705 MPU6050.o
 .debug_info    0x0000cf90     0x4df7 MpuInit.o
 .debug_info    0x00011d87      0xb8d serialServoControl.o
 .debug_info    0x00012914      0xc16 usart.o
 .debug_info    0x0001352a      0x23d c:/program files (x86)/atmel/atmel toolchain/avr8 gcc/native/3.4.2.1002/avr8-gnu-toolchain/bin/../lib/gcc/avr/4.7.2/../../../../avr/lib/avr51\libc.a(malloc.o)
 .debug_info    0x00013767      0x29a c:/program files (x86)/atmel/atmel toolchain/avr8 gcc/native/3.4.2.1002/avr8-gnu-toolchain/bin/../lib/gcc/avr/4.7.2/../../../../avr/lib/avr51\libc.a(realloc.o)
 *(.gnu.linkonce.wi.*)

.debug_abbrev   0x00000000     0x19e1
 *(.debug_abbrev)
 .debug_abbrev  0x00000000      0x106 counter.o
 .debug_abbrev  0x00000106       0xd2 fifo.o
 .debug_abbrev  0x000001d8       0xfa Gangenheten.o
 .debug_abbrev  0x000002d2      0x2cd highLevelWalking.o
 .debug_abbrev  0x0000059f      0x30e I2Cdev.o
 .debug_abbrev  0x000008ad      0x17f inverseKinematics.o
 .debug_abbrev  0x00000a2c      0x2be MPU6050.o
 .debug_abbrev  0x00000cea      0x4d1 MpuInit.o
 .debug_abbrev  0x000011bb      0x2be serialServoControl.o
 .debug_abbrev  0x00001479      0x335 usart.o
 .debug_abbrev  0x000017ae       0xf9 c:/program files (x86)/atmel/atmel toolchain/avr8 gcc/native/3.4.2.1002/avr8-gnu-toolchain/bin/../lib/gcc/avr/4.7.2/../../../../avr/lib/avr51\libc.a(malloc.o)
 .debug_abbrev  0x000018a7      0x13a c:/program files (x86)/atmel/atmel toolchain/avr8 gcc/native/3.4.2.1002/avr8-gnu-toolchain/bin/../lib/gcc/avr/4.7.2/../../../../avr/lib/avr51\libc.a(realloc.o)

.debug_line     0x00000000     0x68f8
 *(.debug_line)
 .debug_line    0x00000000      0x1d5 counter.o
 .debug_line    0x000001d5      0x151 fifo.o
 .debug_line    0x00000326      0x221 Gangenheten.o
 .debug_line    0x00000547     0x15ef highLevelWalking.o
 .debug_line    0x00001b36      0x9ca I2Cdev.o
 .debug_line    0x00002500      0x3d6 inverseKinematics.o
 .debug_line    0x000028d6     0x2333 MPU6050.o
 .debug_line    0x00004c09      0x9c4 MpuInit.o
 .debug_line    0x000055cd      0x779 serialServoControl.o
 .debug_line    0x00005d46      0x7ab usart.o
 .debug_line    0x000064f1      0x20e c:/program files (x86)/atmel/atmel toolchain/avr8 gcc/native/3.4.2.1002/avr8-gnu-toolchain/bin/../lib/gcc/avr/4.7.2/../../../../avr/lib/avr51\libc.a(malloc.o)
 .debug_line    0x000066ff      0x1f9 c:/program files (x86)/atmel/atmel toolchain/avr8 gcc/native/3.4.2.1002/avr8-gnu-toolchain/bin/../lib/gcc/avr/4.7.2/../../../../avr/lib/avr51\libc.a(realloc.o)

.debug_frame    0x00000000     0x3938
 *(.debug_frame)
 .debug_frame   0x00000000       0x94 counter.o
 .debug_frame   0x00000094       0x68 fifo.o
 .debug_frame   0x000000fc       0x54 Gangenheten.o
 .debug_frame   0x00000150      0x5d0 highLevelWalking.o
 .debug_frame   0x00000720      0x540 I2Cdev.o
 .debug_frame   0x00000c60      0x420 inverseKinematics.o
 .debug_frame   0x00001080     0x1de4 MPU6050.o
 .debug_frame   0x00002e64      0x47c MpuInit.o
 .debug_frame   0x000032e0      0x2c8 serialServoControl.o
 .debug_frame   0x000035a8      0x2c8 usart.o
 .debug_frame   0x00003870       0x68 c:/program files (x86)/atmel/atmel toolchain/avr8 gcc/native/3.4.2.1002/avr8-gnu-toolchain/bin/../lib/gcc/avr/4.7.2/../../../../avr/lib/avr51\libc.a(malloc.o)
 .debug_frame   0x000038d8       0x60 c:/program files (x86)/atmel/atmel toolchain/avr8 gcc/native/3.4.2.1002/avr8-gnu-toolchain/bin/../lib/gcc/avr/4.7.2/../../../../avr/lib/avr51\libc.a(realloc.o)

.debug_str      0x00000000     0x6c9c
 *(.debug_str)
 .debug_str     0x00000000      0x197 counter.o
                                0x1e7 (size before relaxing)
 .debug_str     0x00000197       0x83 fifo.o
                                0x16c (size before relaxing)
 .debug_str     0x0000021a      0x1bc Gangenheten.o
                                0x32f (size before relaxing)
 .debug_str     0x000003d6      0xd35 highLevelWalking.o
                                0xf19 (size before relaxing)
 .debug_str     0x0000110b      0x473 I2Cdev.o
                                0x56c (size before relaxing)
 .debug_str     0x0000157e       0x89 inverseKinematics.o
                                0x56a (size before relaxing)
 .debug_str     0x00001607     0x387d MPU6050.o
                               0x3b15 (size before relaxing)
 .debug_str     0x00004e84     0x14c4 MpuInit.o
                               0x4e2a (size before relaxing)
 .debug_str     0x00006348      0x365 serialServoControl.o
                                0x6fe (size before relaxing)
 .debug_str     0x000066ad      0x480 usart.o
                                0x729 (size before relaxing)
 .debug_str     0x00006b2d       0xf4 c:/program files (x86)/atmel/atmel toolchain/avr8 gcc/native/3.4.2.1002/avr8-gnu-toolchain/bin/../lib/gcc/avr/4.7.2/../../../../avr/lib/avr51\libc.a(malloc.o)
                                0x17c (size before relaxing)
 .debug_str     0x00006c21       0x7b c:/program files (x86)/atmel/atmel toolchain/avr8 gcc/native/3.4.2.1002/avr8-gnu-toolchain/bin/../lib/gcc/avr/4.7.2/../../../../avr/lib/avr51\libc.a(realloc.o)
                                0x15c (size before relaxing)

.debug_loc      0x00000000    0x10cc2
 *(.debug_loc)
 .debug_loc     0x00000000       0xce counter.o
 .debug_loc     0x000000ce      0x17b fifo.o
 .debug_loc     0x00000249       0x3c Gangenheten.o
 .debug_loc     0x00000285     0x1641 highLevelWalking.o
 .debug_loc     0x000018c6     0x1fdd I2Cdev.o
 .debug_loc     0x000038a3      0xe54 inverseKinematics.o
 .debug_loc     0x000046f7     0x8b28 MPU6050.o
 .debug_loc     0x0000d21f     0x1693 MpuInit.o
 .debug_loc     0x0000e8b2      0xe95 serialServoControl.o
 .debug_loc     0x0000f747      0xaa5 usart.o
 .debug_loc     0x000101ec      0x4f8 c:/program files (x86)/atmel/atmel toolchain/avr8 gcc/native/3.4.2.1002/avr8-gnu-toolchain/bin/../lib/gcc/avr/4.7.2/../../../../avr/lib/avr51\libc.a(malloc.o)
 .debug_loc     0x000106e4      0x5de c:/program files (x86)/atmel/atmel toolchain/avr8 gcc/native/3.4.2.1002/avr8-gnu-toolchain/bin/../lib/gcc/avr/4.7.2/../../../../avr/lib/avr51\libc.a(realloc.o)

.debug_macinfo
 *(.debug_macinfo)

.debug_pubtypes
 *(.debug_pubtypes)

.debug_ranges   0x00000000      0xe50
 *(.debug_ranges)
 .debug_ranges  0x00000000       0x40 counter.o
 .debug_ranges  0x00000040       0x20 fifo.o
 .debug_ranges  0x00000060       0x20 Gangenheten.o
 .debug_ranges  0x00000080       0xa8 highLevelWalking.o
 .debug_ranges  0x00000128      0x110 I2Cdev.o
 .debug_ranges  0x00000238       0xf0 inverseKinematics.o
 .debug_ranges  0x00000328      0x860 MPU6050.o
 .debug_ranges  0x00000b88       0xf8 MpuInit.o
 .debug_ranges  0x00000c80       0xa8 serialServoControl.o
 .debug_ranges  0x00000d28      0x100 usart.o
 .debug_ranges  0x00000e28       0x18 c:/program files (x86)/atmel/atmel toolchain/avr8 gcc/native/3.4.2.1002/avr8-gnu-toolchain/bin/../lib/gcc/avr/4.7.2/../../../../avr/lib/avr51\libc.a(malloc.o)
 .debug_ranges  0x00000e40       0x10 c:/program files (x86)/atmel/atmel toolchain/avr8 gcc/native/3.4.2.1002/avr8-gnu-toolchain/bin/../lib/gcc/avr/4.7.2/../../../../avr/lib/avr51\libc.a(realloc.o)

.debug_macro
 *(.debug_macro)
OUTPUT(Gangenheten.elf elf32-avr)
LOAD linker stubs
