Archive member included because of file (symbol)

c:/program files (x86)/atmel/atmel toolchain/avr8 gcc/native/3.4.2.1002/avr8-gnu-toolchain/bin/../lib/gcc/avr/4.7.2/../../../../avr/lib/avr51\libm.a(acos.o)
                              inverseKinematics.o (acos)
c:/program files (x86)/atmel/atmel toolchain/avr8 gcc/native/3.4.2.1002/avr8-gnu-toolchain/bin/../lib/gcc/avr/4.7.2/../../../../avr/lib/avr51\libm.a(addsf3.o)
                              highLevelWalking.o (__subsf3)
c:/program files (x86)/atmel/atmel toolchain/avr8 gcc/native/3.4.2.1002/avr8-gnu-toolchain/bin/../lib/gcc/avr/4.7.2/../../../../avr/lib/avr51\libm.a(addsf3x.o)
                              c:/program files (x86)/atmel/atmel toolchain/avr8 gcc/native/3.4.2.1002/avr8-gnu-toolchain/bin/../lib/gcc/avr/4.7.2/../../../../avr/lib/avr51\libm.a(acos.o) (__addsf3x)
c:/program files (x86)/atmel/atmel toolchain/avr8 gcc/native/3.4.2.1002/avr8-gnu-toolchain/bin/../lib/gcc/avr/4.7.2/../../../../avr/lib/avr51\libm.a(asin.o)
                              inverseKinematics.o (asin)
c:/program files (x86)/atmel/atmel toolchain/avr8 gcc/native/3.4.2.1002/avr8-gnu-toolchain/bin/../lib/gcc/avr/4.7.2/../../../../avr/lib/avr51\libm.a(atan2.o)
                              MpuInit.o (atan2)
c:/program files (x86)/atmel/atmel toolchain/avr8 gcc/native/3.4.2.1002/avr8-gnu-toolchain/bin/../lib/gcc/avr/4.7.2/../../../../avr/lib/avr51\libm.a(atan.o)
                              inverseKinematics.o (atan)
c:/program files (x86)/atmel/atmel toolchain/avr8 gcc/native/3.4.2.1002/avr8-gnu-toolchain/bin/../lib/gcc/avr/4.7.2/../../../../avr/lib/avr51\libm.a(cmpsf2.o)
                              highLevelWalking.o (__eqsf2)
c:/program files (x86)/atmel/atmel toolchain/avr8 gcc/native/3.4.2.1002/avr8-gnu-toolchain/bin/../lib/gcc/avr/4.7.2/../../../../avr/lib/avr51\libm.a(cos.o)
                              highLevelWalking.o (cos)
c:/program files (x86)/atmel/atmel toolchain/avr8 gcc/native/3.4.2.1002/avr8-gnu-toolchain/bin/../lib/gcc/avr/4.7.2/../../../../avr/lib/avr51\libm.a(divsf3.o)
                              highLevelWalking.o (__divsf3)
c:/program files (x86)/atmel/atmel toolchain/avr8 gcc/native/3.4.2.1002/avr8-gnu-toolchain/bin/../lib/gcc/avr/4.7.2/../../../../avr/lib/avr51\libm.a(divsf3x.o)
                              c:/program files (x86)/atmel/atmel toolchain/avr8 gcc/native/3.4.2.1002/avr8-gnu-toolchain/bin/../lib/gcc/avr/4.7.2/../../../../avr/lib/avr51\libm.a(divsf3.o) (__divsf3x)
c:/program files (x86)/atmel/atmel toolchain/avr8 gcc/native/3.4.2.1002/avr8-gnu-toolchain/bin/../lib/gcc/avr/4.7.2/../../../../avr/lib/avr51\libm.a(fixsfsi.o)
                              highLevelWalking.o (__fixsfsi)
c:/program files (x86)/atmel/atmel toolchain/avr8 gcc/native/3.4.2.1002/avr8-gnu-toolchain/bin/../lib/gcc/avr/4.7.2/../../../../avr/lib/avr51\libm.a(fixunssfsi.o)
                              counter.o (__fixunssfsi)
c:/program files (x86)/atmel/atmel toolchain/avr8 gcc/native/3.4.2.1002/avr8-gnu-toolchain/bin/../lib/gcc/avr/4.7.2/../../../../avr/lib/avr51\libm.a(floatsisf.o)
                              counter.o (__floatunsisf)
c:/program files (x86)/atmel/atmel toolchain/avr8 gcc/native/3.4.2.1002/avr8-gnu-toolchain/bin/../lib/gcc/avr/4.7.2/../../../../avr/lib/avr51\libm.a(fmax.o)
                              highLevelWalking.o (fmax)
c:/program files (x86)/atmel/atmel toolchain/avr8 gcc/native/3.4.2.1002/avr8-gnu-toolchain/bin/../lib/gcc/avr/4.7.2/../../../../avr/lib/avr51\libm.a(fmod.o)
                              highLevelWalking.o (fmod)
c:/program files (x86)/atmel/atmel toolchain/avr8 gcc/native/3.4.2.1002/avr8-gnu-toolchain/bin/../lib/gcc/avr/4.7.2/../../../../avr/lib/avr51\libm.a(fp_arccos.o)
                              c:/program files (x86)/atmel/atmel toolchain/avr8 gcc/native/3.4.2.1002/avr8-gnu-toolchain/bin/../lib/gcc/avr/4.7.2/../../../../avr/lib/avr51\libm.a(acos.o) (__fp_arccos)
c:/program files (x86)/atmel/atmel toolchain/avr8 gcc/native/3.4.2.1002/avr8-gnu-toolchain/bin/../lib/gcc/avr/4.7.2/../../../../avr/lib/avr51\libm.a(fp_cmp.o)
                              c:/program files (x86)/atmel/atmel toolchain/avr8 gcc/native/3.4.2.1002/avr8-gnu-toolchain/bin/../lib/gcc/avr/4.7.2/../../../../avr/lib/avr51\libm.a(cmpsf2.o) (__fp_cmp)
c:/program files (x86)/atmel/atmel toolchain/avr8 gcc/native/3.4.2.1002/avr8-gnu-toolchain/bin/../lib/gcc/avr/4.7.2/../../../../avr/lib/avr51\libm.a(fp_inf.o)
                              c:/program files (x86)/atmel/atmel toolchain/avr8 gcc/native/3.4.2.1002/avr8-gnu-toolchain/bin/../lib/gcc/avr/4.7.2/../../../../avr/lib/avr51\libm.a(addsf3x.o) (__fp_inf)
c:/program files (x86)/atmel/atmel toolchain/avr8 gcc/native/3.4.2.1002/avr8-gnu-toolchain/bin/../lib/gcc/avr/4.7.2/../../../../avr/lib/avr51\libm.a(fp_mpack.o)
[...]
Memory Configuration

Name             Origin             Length             Attributes
text             0x00000000         0x00020000         xr
data             0x00800100         0x0000ff00         rw !x
eeprom           0x00810000         0x00010000         rw !x
fuse             0x00820000         0x00000400         rw !x
lock             0x00830000         0x00000400         rw !x
signature        0x00840000         0x00000400         rw !x
user_signatures  0x00850000         0x00000400         rw !x
*default*        0x00000000         0xffffffff

Linker script and memory map

Address of section .data set to 0x800100
LOAD c:/program files (x86)/atmel/atmel toolchain/avr8 gcc/native/3.4.2.1002/avr8-gnu-toolchain/bin/../lib/gcc/avr/4.7.2/../../../../avr/lib/avr51/crtm1284p.o
LOAD counter.o
LOAD fifo.o
LOAD Gangenheten.o
LOAD highLevelWalking.o
LOAD I2Cdev.o
LOAD inverseKinematics.o
LOAD MPU6050.o
LOAD MpuInit.o
LOAD serialServoControl.o
LOAD usart.o
START GROUP
LOAD c:/program files (x86)/atmel/atmel toolchain/avr8 gcc/native/3.4.2.1002/avr8-gnu-toolchain/bin/../lib/gcc/avr/4.7.2/../../../../avr/lib/avr51\libm.a
END GROUP
LOAD c:/program files (x86)/atmel/atmel toolchain/avr8 gcc/native/3.4.2.1002/avr8-gnu-toolchain/bin/../lib/gcc/avr/4.7.2/avr51\libgcc.a
LOAD c:/program files (x86)/atmel/atmel toolchain/avr8 gcc/native/3.4.2.1002/avr8-gnu-toolchain/bin/../lib/gcc/avr/4.7.2/../../../../avr/lib/avr51\libm.a
LOAD c:/program files (x86)/atmel/atmel toolchain/avr8 gcc/native/3.4.2.1002/avr8-gnu-toolchain/bin/../lib/gcc/avr/4.7.2/avr51\libgcc.a
LOAD c:/program files (x86)/atmel/atmel toolchain/avr8 gcc/native/3.4.2.1002/avr8-gnu-toolchain/bin/../lib/gcc/avr/4.7.2/../../../../avr/lib/avr51\libc.a
LOAD c:/program files (x86)/atmel/atmel toolchain/avr8 gcc/native/3.4.2.1002/avr8-gnu-toolchain/bin/../lib/gcc/avr/4.7.2/avr51\libgcc.a

.hash
 *(.hash)

.dynsym
 *(.dynsym)

.dynstr
 *(.dynstr)

.gnu.version
 *(.gnu.version)

.gnu.version_d
 *(.gnu.version_d)

.gnu.version_r
 *(.gnu.version_r)

.rel.init
 *(.rel.init)

.rela.init
 *(.rela.init)

.rel.text
 *(.rel.text)
 *(.rel.text.*)
 *(.rel.gnu.linkonce.t*)

.rela.text
 *(.rela.text)
 *(.rela.text.*)
 *(.rela.gnu.linkonce.t*)

.rel.fini
 *(.rel.fini)

.rela.fini
 *(.rela.fini)

.rel.rodata
 *(.rel.rodata)
 *(.rel.rodata.*)
 *(.rel.gnu.linkonce.r*)

.rela.rodata
 *(.rela.rodata)
 *(.rela.rodata.*)
 *(.rela.gnu.linkonce.r*)

.rel.data
 *(.rel.data)
 *(.rel.data.*)
 *(.rel.gnu.linkonce.d*)

.rela.data
 *(.rela.data)
 *(.rela.data.*)
 *(.rela.gnu.linkonce.d*)

.rel.ctors
 *(.rel.ctors)

.rela.ctors
 *(.rela.ctors)

.rel.dtors
 *(.rel.dtors)

.rela.dtors
 *(.rela.dtors)

.rel.got
 *(.rel.got)

.rela.got
 *(.rela.got)

.rel.bss
 *(.rel.bss)

.rela.bss
 *(.rela.bss)

.rel.plt
 *(.rel.plt)

.rela.plt
 *(.rela.plt)

.text           0x00000000     0x8e0a
 *(.vectors)
 .vectors       0x00000000       0x8c c:/program files (x86)/atmel/atmel toolchain/avr8 gcc/native/3.4.2.1002/avr8-gnu-toolchain/bin/../lib/gcc/avr/4.7.2/../../../../avr/lib/avr51/crtm1284p.o
                0x00000000                __vector_default
                0x00000000                __vectors
 *(.vectors)
 *(.progmem.gcc*)
 .progmem.gcc_fplib
                0x0000008c       0x14 c:/program files (x86)/atmel/atmel toolchain/avr8 gcc/native/3.4.2.1002/avr8-gnu-toolchain/bin/../lib/gcc/avr/4.7.2/../../../../avr/lib/avr51\libm.a(asin.o)
 .progmem.gcc_fplib
                0x000000a0       0x2d c:/program files (x86)/atmel/atmel toolchain/avr8 gcc/native/3.4.2.1002/avr8-gnu-toolchain/bin/../lib/gcc/avr/4.7.2/../../../../avr/lib/avr51\libm.a(atan.o)
 .progmem.gcc_fplib
                0x000000cd       0x28 c:/program files (x86)/atmel/atmel toolchain/avr8 gcc/native/3.4.2.1002/avr8-gnu-toolchain/bin/../lib/gcc/avr/4.7.2/../../../../avr/lib/avr51\libm.a(fp_arccos.o)
 .progmem.gcc_fplib
                0x000000f5       0x1e c:/program files (x86)/atmel/atmel toolchain/avr8 gcc/native/3.4.2.1002/avr8-gnu-toolchain/bin/../lib/gcc/avr/4.7.2/../../../../avr/lib/avr51\libm.a(fp_sinus.o)
 *(.progmem*)
 .progmem.data._ZL9dmpMemory
                0x00000113      0x789 MpuInit.o
 .progmem.data._ZL9dmpConfig
                0x0000089c       0xc0 MpuInit.o
 .progmem.data._ZL10dmpUpdates
                0x0000095c       0x2f MpuInit.o
                0x0000098c                . = ALIGN (0x2)
 *fill*         0x0000098b        0x1 
                0x0000098c                __trampolines_start = .
 *(.trampolines)
 .trampolines   0x0000098c        0x0 linker stubs
 *(.trampolines*)
                0x0000098c                __trampolines_end = .
 *(.jumptables)
 *(.jumptables*)
 *(.lowtext)
 *(.lowtext*)
                0x0000098c                __ctors_start = .
 *(.ctors)
 .ctors         0x0000098c        0x2 MpuInit.o
                0x0000098e                __ctors_end = .
                0x0000098e                __dtors_start = .
 *(.dtors)
                0x0000098e                __dtors_end = .
 SORT(*)(.ctors)
 SORT(*)(.dtors)
 *(.init0)
 .init0         0x0000098e        0x0 c:/program files (x86)/atmel/atmel toolchain/avr8 gcc/native/3.4.2.1002/avr8-gnu-toolchain/bin/../lib/gcc/avr/4.7.2/../../../../avr/lib/avr51/crtm1284p.o
                0x0000098e                __init
 *(.init0)
 *(.init1)
 *(.init1)
 *(.init2)
 .init2         0x0000098e        0xc c:/program files (x86)/atmel/atmel toolchain/avr8 gcc/native/3.4.2.1002/avr8-gnu-toolchain/bin/../lib/gcc/avr/4.7.2/../../../../avr/lib/avr51/crtm1284p.o
 *(.init2)
 *(.init3)
 *(.init3)
 *(.init4)
 .init4         0x0000099a       0x1a c:/program files (x86)/atmel/atmel toolchain/avr8 gcc/native/3.4.2.1002/avr8-gnu-toolchain/bin/../lib/gcc/avr/4.7.2/avr51\libgcc.a(_copy_data.o)
                0x0000099a                __do_copy_data
 .init4         0x000009b4       0x10 c:/program files (x86)/atmel/atmel toolchain/avr8 gcc/native/3.4.2.1002/avr8-gnu-toolchain/bin/../lib/gcc/avr/4.7.2/avr51\libgcc.a(_clear_bss.o)
                0x000009b4                __do_clear_bss
 *(.init4)
 *(.init5)
 *(.init5)
 *(.init6)
 .init6         0x000009c4       0x20 c:/program files (x86)/atmel/atmel toolchain/avr8 gcc/native/3.4.2.1002/avr8-gnu-toolchain/bin/../lib/gcc/avr/4.7.2/avr51\libgcc.a(_ctors.o)
                0x000009c4                __do_global_ctors
 *(.init6)
 *(.init7)
 *(.init7)
 *(.init8)
 *(.init8)
 *(.init9)
 .init9         0x000009e4        0x6 c:/program files (x86)/atmel/atmel toolchain/avr8 gcc/native/3.4.2.1002/avr8-gnu-toolchain/bin/../lib/gcc/avr/4.7.2/../../../../avr/lib/avr51/crtm1284p.o
 *(.init9)
 *(.text)
 .text          0x000009ea        0x2 c:/program files (x86)/atmel/atmel toolchain/avr8 gcc/native/3.4.2.1002/avr8-gnu-toolchain/bin/../lib/gcc/avr/4.7.2/../../../../avr/lib/avr51/crtm1284p.o
                0x000009ea                __vector_22
                0x000009ea                __vector_1
                0x000009ea                __vector_34
                0x000009ea                __vector_24
                0x000009ea                __vector_12
                0x000009ea                __bad_interrupt
                0x000009ea                __vector_6
                0x000009ea                __vector_31
                0x000009ea                __vector_3
                0x000009ea                __vector_23
                0x000009ea                __vector_30
                0x000009ea                __vector_25
                0x000009ea                __vector_11
                0x000009ea                __vector_17
                0x000009ea                __vector_19
                0x000009ea                __vector_7
                0x000009ea                __vector_27
                0x000009ea                __vector_5
                0x000009ea                __vector_33
                0x000009ea                __vector_9
                0x000009ea                __vector_2
                0x000009ea                __vector_21
                0x000009ea                __vector_15
                0x000009ea                __vector_29
                0x000009ea                __vector_8
                0x000009ea                __vector_26
                0x000009ea                __vector_14
                0x000009ea                __vector_10
                0x000009ea                __vector_16
                0x000009ec                . = ALIGN (0x2)
 *(.text.*)
 .text._Z15reset_counter_1v
                0x000009ec        0xa counter.o
                0x000009ec                _Z15reset_counter_1v
 .text._Z13set_counter_1j
                0x000009f6       0x24 counter.o
                0x000009f6                _Z13set_counter_1j
 .text._Z15reset_counter_3v
                0x00000a1a        0xa counter.o
                0x00000a1a                _Z15reset_counter_3v
 .text._Z13set_counter_3j
                0x00000a24       0x24 counter.o
                0x00000a24                _Z13set_counter_3j
 .text._Z13init_countersv
                0x00000a48       0x46 counter.o
                0x00000a48                _Z13init_countersv
 .text._Z4waitj
                0x00000a8e       0x1c counter.o
                0x00000a8e                _Z4waitj
 .text.__vector_32
                0x00000aaa       0x26 counter.o
                0x00000aaa                __vector_32
 .text._Z14FifoDataLengthP4fifo
                0x00000ad0       0x10 fifo.o
                0x00000ad0                _Z14FifoDataLengthP4fifo
 .text._Z9FifoWriteP4fifoh
                0x00000ae0       0x40 fifo.o
                0x00000ae0                _Z9FifoWriteP4fifoh
 .text._Z8FifoReadP4fifoPh
                0x00000b20       0x46 fifo.o
                0x00000b20                _Z8FifoReadP4fifoPh
 .text.__vector_13
                0x00000b66       0x32 Gangenheten.o
                0x00000b66                __vector_13
 .text._Z22wait_until_gyro_stablev
                0x00000b98       0x1e Gangenheten.o
                0x00000b98                _Z22wait_until_gyro_stablev
 .text.main     0x00000bb6       0xea Gangenheten.o
                0x00000bb6                main
 .text._Z11init_structP7LegData
                0x00000ca0       0x70 highLevelWalking.o
                0x00000ca0                _Z11init_structP7LegData
 .text._Z7initvarv
                0x00000d10      0x2e6 highLevelWalking.o
                0x00000d10                _Z7initvarv
 .text._Z10step_startP7LegData
                0x00000ff6       0x54 highLevelWalking.o
                0x00000ff6                _Z10step_startP7LegData
 .text._Z21step_part1_calculatorP7LegData
                0x0000104a      0x100 highLevelWalking.o
                0x0000104a                _Z21step_part1_calculatorP7LegData
 .text._Z21step_part2_calculatorP7LegData
                0x0000114a       0x74 highLevelWalking.o
                0x0000114a                _Z21step_part2_calculatorP7LegData
 .text._Z15leg_motion_initv
                0x000011be      0x242 highLevelWalking.o
                0x000011be                _Z15leg_motion_initv
 .text._Z8move_legP7LegDataf
                0x00001400      0x4c0 highLevelWalking.o
                0x00001400                _Z8move_legP7LegDataf
 .text._Z13leg_move_downP7LegData
                0x000018c0      0x20e highLevelWalking.o
                0x000018c0                _Z13leg_move_downP7LegData
 .text._Z10move_climbP7LegDataf
                0x00001ace      0x5a8 highLevelWalking.o
                0x00001ace                _Z10move_climbP7LegDataf
 .text._Z8change_zf
                0x00002076       0x64 highLevelWalking.o
                0x00002076                _Z8change_zf
 .text._Z12MPU_get_meanv
                0x000020da      0x116 highLevelWalking.o
                0x000020da                _Z12MPU_get_meanv
 .text._Z14leg_check_downP7LegData
                0x000021f0      0x39e highLevelWalking.o
                0x000021f0                _Z14leg_check_downP7LegData
 .text._Z10leg_motionv
                0x0000258e      0x9d0 highLevelWalking.o
                0x0000258e                _Z10leg_motionv
 .text._Z11move_to_stdv
                0x00002f5e      0x2a0 highLevelWalking.o
                0x00002f5e                _Z11move_to_stdv
 .text._Z10move_robotiii
                0x000031fe      0xb2a highLevelWalking.o
                0x000031fe                _Z10move_robotiii
 .text._Z12turn_degreesja
                0x00003d28      0x2fe highLevelWalking.o
                0x00003d28                _Z12turn_degreesja
 .text._Z5climbv
                0x00004026     0x1026 highLevelWalking.o
                0x00004026                _Z5climbv
 .text.__vector_18
                0x0000504c       0x94 I2Cdev.o
                0x0000504c                __vector_18
 .text._Z6millisv
                0x000050e0       0x2a I2Cdev.o
                0x000050e0                _Z6millisv
 .text._ZN8Fastwire7waitIntEv
                0x0000510a       0x20 I2Cdev.o
                0x0000510a                _ZN8Fastwire7waitIntEv
 .text._ZN8Fastwire5setupEih
                0x0000512a       0x60 I2Cdev.o
                0x0000512a                _ZN8Fastwire5setupEih
 .text._ZN8Fastwire17beginTransmissionEh
                0x0000518a       0xa2 I2Cdev.o
                0x0000518a                _ZN8Fastwire17beginTransmissionEh
 .text._ZN8Fastwire5writeEh
                0x0000522c       0x26 I2Cdev.o
                0x0000522c                _ZN8Fastwire5writeEh
 .text._ZN8Fastwire4stopEv
                0x00005252       0x12 I2Cdev.o
                0x00005252                _ZN8Fastwire4stopEv
 .text._ZN8Fastwire7readBufEhhPhh
                0x00005264      0x202 I2Cdev.o
                0x00005264                _ZN8Fastwire7readBufEhhPhh
 .text._ZN6I2Cdev9readBytesEhhhPhj
                0x00005466       0x8c I2Cdev.o
                0x00005466                _ZN6I2Cdev9readBytesEhhhPhj
 .text._ZN6I2Cdev8readByteEhhPhj
                0x000054f2       0x12 I2Cdev.o
                0x000054f2                _ZN6I2Cdev8readByteEhhPhj
 .text._ZN6I2Cdev8readBitsEhhhhPhj
                0x00005504       0x7e I2Cdev.o
                0x00005504                _ZN6I2Cdev8readBitsEhhhhPhj
 .text._ZN6I2Cdev7readBitEhhhPhj
                0x00005582       0x4c I2Cdev.o
                0x00005582                _ZN6I2Cdev7readBitEhhhPhj
 .text._ZN6I2Cdev10writeWordsEhhhPj
                0x000055ce       0x6c I2Cdev.o
                0x000055ce                _ZN6I2Cdev10writeWordsEhhhPj
 .text._ZN6I2Cdev9writeWordEhhj
                0x0000563a       0x22 I2Cdev.o
                0x0000563a                _ZN6I2Cdev9writeWordEhhj
 .text._ZN6I2Cdev10writeBytesEhhhPh
                0x0000565c       0x48 I2Cdev.o
                0x0000565c                _ZN6I2Cdev10writeBytesEhhhPh
 .text._ZN6I2Cdev9writeByteEhhh
                0x000056a4       0x1e I2Cdev.o
                0x000056a4                _ZN6I2Cdev9writeByteEhhh
 .text._ZN6I2Cdev9writeBitsEhhhhh
                0x000056c2       0x8a I2Cdev.o
                0x000056c2                _ZN6I2Cdev9writeBitsEhhhhh
 .text._ZN6I2Cdev8writeBitEhhhh
                0x0000574c       0x72 I2Cdev.o
                0x0000574c                _ZN6I2Cdev8writeBitEhhhh
 .text._Z16height_change_x0f
                0x000057be       0x3e inverseKinematics.o
                0x000057be                _Z16height_change_x0f
 .text._Z18height_change_leg1f
                0x000057fc       0xa0 inverseKinematics.o
                0x000057fc                _Z18height_change_leg1f
 .text._Z18height_change_leg2f
                0x0000589c       0x4c inverseKinematics.o
                0x0000589c                _Z18height_change_leg2f
 .text._Z18height_change_leg3f
                0x000058e8       0x94 inverseKinematics.o
                0x000058e8                _Z18height_change_leg3f
 .text._Z18height_change_leg4f
                0x0000597c       0xa8 inverseKinematics.o
                0x0000597c                _Z18height_change_leg4f
 .text._Z18height_change_leg5f
                0x00005a24       0x4a inverseKinematics.o
                0x00005a24                _Z18height_change_leg5f
 .text._Z18height_change_leg6f
                0x00005a6e       0x92 inverseKinematics.o
                0x00005a6e                _Z18height_change_leg6f
 .text._Z17height_change_allf
                0x00005b00       0x3c inverseKinematics.o
                0x00005b00                _Z17height_change_allf
 .text._Z8get_x0_1v
                0x00005b3c       0x1a inverseKinematics.o
                0x00005b3c                _Z8get_x0_1v
 .text._Z8get_y0_1v
                0x00005b56       0x1a inverseKinematics.o
                0x00005b56                _Z8get_y0_1v
 .text._Z6get_x0v
                0x00005b70       0x1a inverseKinematics.o
                0x00005b70                _Z6get_x0v
 .text._Z6get_y0v
                0x00005b8a       0x1a inverseKinematics.o
                0x00005b8a                _Z6get_y0v
 .text._Z6get_z0v
                0x00005ba4       0x1a inverseKinematics.o
                0x00005ba4                _Z6get_z0v
 .text._Z6calc_dfff
                0x00005bbe       0xc2 inverseKinematics.o
                0x00005bbe                _Z6calc_dfff
 .text._Z9get_gammaff
                0x00005c80       0x46 inverseKinematics.o
                0x00005c80                _Z9get_gammaff
 .text._Z8get_betav
                0x00005cc6       0x6a inverseKinematics.o
                0x00005cc6                _Z8get_betav
 .text._Z9get_alphaf
                0x00005d30       0xc2 inverseKinematics.o
                0x00005d30                _Z9get_alphaf
 .text._Z18basis_change_leg1xff
                0x00005df2       0x92 inverseKinematics.o
                0x00005df2                _Z18basis_change_leg1xff
 .text._Z18basis_change_leg1yff
                0x00005e84       0x92 inverseKinematics.o
                0x00005e84                _Z18basis_change_leg1yff
 .text._Z18basis_change_leg2xf
                0x00005f16       0x30 inverseKinematics.o
                0x00005f16                _Z18basis_change_leg2xf
 .text._Z18basis_change_leg2yf
                0x00005f46       0x24 inverseKinematics.o
                0x00005f46                _Z18basis_change_leg2yf
 .text._Z18basis_change_leg3xff
                0x00005f6a       0x92 inverseKinematics.o
                0x00005f6a                _Z18basis_change_leg3xff
 .text._Z18basis_change_leg3yff
                0x00005ffc       0x92 inverseKinematics.o
                0x00005ffc                _Z18basis_change_leg3yff
 .text._Z18basis_change_leg4xff
                0x0000608e       0x92 inverseKinematics.o
                0x0000608e                _Z18basis_change_leg4xff
 .text._Z18basis_change_leg4yff
                0x00006120       0x92 inverseKinematics.o
                0x00006120                _Z18basis_change_leg4yff
 .text._Z18basis_change_leg5xf
                0x000061b2       0x20 inverseKinematics.o
                0x000061b2                _Z18basis_change_leg5xf
 .text._Z18basis_change_leg5yf
                0x000061d2       0x14 inverseKinematics.o
                0x000061d2                _Z18basis_change_leg5yf
 .text._Z18basis_change_leg6xff
                0x000061e6       0x92 inverseKinematics.o
                0x000061e6                _Z18basis_change_leg6xff
 .text._Z18basis_change_leg6yff
                0x00006278       0x92 inverseKinematics.o
                0x00006278                _Z18basis_change_leg6yff
 .text._ZN7MPU6050C2Ev
                0x0000630a        0x8 MPU6050.o
                0x0000630a                _ZN7MPU6050C2Ev
                0x0000630a                _ZN7MPU6050C1Ev
 .text._ZN7MPU60507setRateEh
                0x00006312        0xa MPU6050.o
                0x00006312                _ZN7MPU60507setRateEh
 .text._ZN7MPU605020setExternalFrameSyncEh
                0x0000631c       0x14 MPU6050.o
                0x0000631c                _ZN7MPU605020setExternalFrameSyncEh
 .text._ZN7MPU605011setDLPFModeEh
                0x00006330       0x14 MPU6050.o
                0x00006330                _ZN7MPU605011setDLPFModeEh
 .text._ZN7MPU605021setFullScaleGyroRangeEh
                0x00006344       0x14 MPU6050.o
                0x00006344                _ZN7MPU605021setFullScaleGyroRangeEh
 .text._ZN7MPU605027setMotionDetectionThresholdEh
                0x00006358        0xa MPU6050.o
                0x00006358                _ZN7MPU605027setMotionDetectionThresholdEh
 .text._ZN7MPU605026setMotionDetectionDurationEh
                0x00006362        0xa MPU6050.o
                0x00006362                _ZN7MPU605026setMotionDetectionDurationEh
 .text._ZN7MPU605031setZeroMotionDetectionThresholdEh
                0x0000636c        0xa MPU6050.o
                0x0000636c                _ZN7MPU605031setZeroMotionDetectionThresholdEh
 .text._ZN7MPU605030setZeroMotionDetectionDurationEh
                0x00006376        0xa MPU6050.o
                0x00006376                _ZN7MPU605030setZeroMotionDetectionDurationEh
 .text._ZN7MPU605015setSlaveAddressEhh
                0x00006380       0x14 MPU6050.o
                0x00006380                _ZN7MPU605015setSlaveAddressEhh
 .text._ZN7MPU605013setIntEnabledEh
                0x00006394        0xa MPU6050.o
                0x00006394                _ZN7MPU605013setIntEnabledEh
 .text._ZN7MPU605012getIntStatusEv
                0x0000639e       0x22 MPU6050.o
                0x0000639e                _ZN7MPU605012getIntStatusEv
 .text._ZN7MPU605014setFIFOEnabledEb
                0x000063c0        0xc MPU6050.o
                0x000063c0                _ZN7MPU605014setFIFOEnabledEb
 .text._ZN7MPU605023setI2CMasterModeEnabledEb
                0x000063cc        0xc MPU6050.o
                0x000063cc                _ZN7MPU605023setI2CMasterModeEnabledEb
 .text._ZN7MPU60509resetFIFOEv
                0x000063d8        0xc MPU6050.o
                0x000063d8                _ZN7MPU60509resetFIFOEv
 .text._ZN7MPU605014resetI2CMasterEv
                0x000063e4        0xc MPU6050.o
                0x000063e4                _ZN7MPU605014resetI2CMasterEv
 .text._ZN7MPU60505resetEv
                0x000063f0        0xc MPU6050.o
                0x000063f0                _ZN7MPU60505resetEv
 .text._ZN7MPU605015setSleepEnabledEb
                0x000063fc        0xc MPU6050.o
                0x000063fc                _ZN7MPU605015setSleepEnabledEb
 .text._ZN7MPU605014setClockSourceEh
                0x00006408       0x14 MPU6050.o
                0x00006408                _ZN7MPU605014setClockSourceEh
 .text._ZN7MPU605012getFIFOCountEv
                0x0000641c       0x3a MPU6050.o
                0x0000641c                _ZN7MPU605012getFIFOCountEv
 .text._ZN7MPU605012getFIFOBytesEPhj
                0x00006456       0x2e MPU6050.o
                0x00006456                _ZN7MPU605012getFIFOBytesEPhj
 .text._ZN7MPU605015getOTPBankValidEv
                0x00006484       0x2c MPU6050.o
                0x00006484                _ZN7MPU605015getOTPBankValidEv
 .text._ZN7MPU605015setOTPBankValidEb
                0x000064b0        0xc MPU6050.o
                0x000064b0                _ZN7MPU605015setOTPBankValidEb
 .text._ZN7MPU605016getXGyroOffsetTCEv
                0x000064bc       0x36 MPU6050.o
                0x000064bc                _ZN7MPU605016getXGyroOffsetTCEv
 .text._ZN7MPU605016setXGyroOffsetTCEa
                0x000064f2       0x14 MPU6050.o
                0x000064f2                _ZN7MPU605016setXGyroOffsetTCEa
 .text._ZN7MPU605016getYGyroOffsetTCEv
                0x00006506       0x38 MPU6050.o
                0x00006506                _ZN7MPU605016getYGyroOffsetTCEv
 .text._ZN7MPU605016setYGyroOffsetTCEa
                0x0000653e       0x14 MPU6050.o
                0x0000653e                _ZN7MPU605016setYGyroOffsetTCEa
 .text._ZN7MPU605016getZGyroOffsetTCEv
                0x00006552       0x38 MPU6050.o
                0x00006552                _ZN7MPU605016getZGyroOffsetTCEv
 .text._ZN7MPU605016setZGyroOffsetTCEa
                0x0000658a       0x14 MPU6050.o
                0x0000658a                _ZN7MPU605016setZGyroOffsetTCEa
 .text._ZN7MPU605015setZAccelOffsetEi
                0x0000659e        0xa MPU6050.o
                0x0000659e                _ZN7MPU605015setZAccelOffsetEi
 .text._ZN7MPU605014setXGyroOffsetEi
                0x000065a8        0xa MPU6050.o
                0x000065a8                _ZN7MPU605014setXGyroOffsetEi
 .text._ZN7MPU605014setYGyroOffsetEi
                0x000065b2        0xa MPU6050.o
                0x000065b2                _ZN7MPU605014setYGyroOffsetEi
 .text._ZN7MPU605014setZGyroOffsetEi
                0x000065bc        0xa MPU6050.o
                0x000065bc                _ZN7MPU605014setZGyroOffsetEi
 .text._ZN7MPU605013setDMPEnabledEb
                0x000065c6        0xc MPU6050.o
                0x000065c6                _ZN7MPU605013setDMPEnabledEb
 .text._ZN7MPU60508resetDMPEv
                0x000065d2        0xc MPU6050.o
                0x000065d2                _ZN7MPU60508resetDMPEv
 .text._ZN7MPU605013setMemoryBankEhbb
                0x000065de       0x14 MPU6050.o
                0x000065de                _ZN7MPU605013setMemoryBankEhbb
 .text._ZN7MPU605021setMemoryStartAddressEh
                0x000065f2        0xa MPU6050.o
                0x000065f2                _ZN7MPU605021setMemoryStartAddressEh
 .text._ZN7MPU605014readMemoryByteEv
                0x000065fc       0x24 MPU6050.o
                0x000065fc                _ZN7MPU605014readMemoryByteEv
 .text._ZN7MPU605015readMemoryBlockEPhjhh
                0x00006620       0xd2 MPU6050.o
                0x00006620                _ZN7MPU605015readMemoryBlockEPhjhh
 .text._ZN7MPU605016writeMemoryBlockEPKhjhhbb
                0x000066f2      0x1c8 MPU6050.o
                0x000066f2                _ZN7MPU605016writeMemoryBlockEPKhjhhbb
 .text._ZN7MPU605020writeProgMemoryBlockEPKhjhhb
                0x000068ba       0x14 MPU6050.o
                0x000068ba                _ZN7MPU605020writeProgMemoryBlockEPKhjhhb
 .text._ZN7MPU605024writeDMPConfigurationSetEPKhjb
                0x000068ce      0x184 MPU6050.o
                0x000068ce                _ZN7MPU605024writeDMPConfigurationSetEPKhjb
 .text._ZN7MPU605028writeProgDMPConfigurationSetEPKhj
                0x00006a52        0x4 MPU6050.o
                0x00006a52                _ZN7MPU605028writeProgDMPConfigurationSetEPKhj
 .text._ZN7MPU605013setDMPConfig1Eh
                0x00006a56        0xc MPU6050.o
                0x00006a56                _ZN7MPU605013setDMPConfig1Eh
 .text._ZN7MPU605013setDMPConfig2Eh
                0x00006a62        0xc MPU6050.o
                0x00006a62                _ZN7MPU605013setDMPConfig2Eh
 .text._ZN7MPU605013dmpInitializeEv
                0x00006a6e      0x4b4 MpuInit.o
                0x00006a6e                _ZN7MPU605013dmpInitializeEv
 .text._ZN7MPU605016dmpGetQuaternionEPiPKh
                0x00006f22       0x60 MpuInit.o
                0x00006f22                _ZN7MPU605016dmpGetQuaternionEPiPKh
 .text._ZN7MPU605016dmpGetQuaternionEP10QuaternionPKh
                0x00006f82       0xdc MpuInit.o
                0x00006f82                _ZN7MPU605016dmpGetQuaternionEP10QuaternionPKh
 .text._ZN7MPU605013dmpGetGravityEP11VectorFloatP10Quaternion
                0x0000705e      0x186 MpuInit.o
                0x0000705e                _ZN7MPU605013dmpGetGravityEP11VectorFloatP10Quaternion
 .text._ZN7MPU605018dmpGetYawPitchRollEPfP10QuaternionP11VectorFloat
                0x000071e4      0x1e8 MpuInit.o
                0x000071e4                _ZN7MPU605018dmpGetYawPitchRollEPfP10QuaternionP11VectorFloat
 .text._ZN7MPU605020dmpGetFIFOPacketSizeEv
                0x000073cc        0x8 MpuInit.o
                0x000073cc                _ZN7MPU605020dmpGetFIFOPacketSizeEv
 .text.__vector_4
                0x000073d4       0x1e MpuInit.o
                0x000073d4                __vector_4
 .text._Z17enable_interrupt0v
                0x000073f2       0x18 MpuInit.o
                0x000073f2                _Z17enable_interrupt0v
 .text._Z9MPU_get_yv
                0x0000740a       0x16 MpuInit.o
                0x0000740a                _Z9MPU_get_yv
 .text._Z9MPU_get_pv
                0x00007420       0x16 MpuInit.o
                0x00007420                _Z9MPU_get_pv
 .text._Z9MPU_get_rv
                0x00007436       0x16 MpuInit.o
                0x00007436                _Z9MPU_get_rv
 .text._Z8MPU_initv
                0x0000744c       0x70 MpuInit.o
                0x0000744c                _Z8MPU_initv
 .text._Z10MPU_updatev
                0x000074bc       0xe4 MpuInit.o
                0x000074bc                _Z10MPU_updatev
 .text._GLOBAL__sub_I__ZN7MPU605013dmpInitializeEv
                0x000075a0       0xd2 MpuInit.o
 .text._Z20servo_check_tx_readyv
                0x00007672        0x8 serialServoControl.o
                0x00007672                _Z20servo_check_tx_readyv
 .text._Z16servo_write_byteh
                0x0000767a       0x12 serialServoControl.o
                0x0000767a                _Z16servo_write_byteh
 .text._Z17send_servo_packethhh
                0x0000768c       0xb0 serialServoControl.o
                0x0000768c                _Z17send_servo_packethhh
 .text._Z10SERVO_gotohdj
                0x0000773c       0xf8 serialServoControl.o
                0x0000773c                _Z10SERVO_gotohdj
 .text._Z21SERVO_buffer_positionhdj
                0x00007834       0xf4 serialServoControl.o
                0x00007834                _Z21SERVO_buffer_positionhdj
 .text._Z12SERVO_actionv
                0x00007928        0x8 serialServoControl.o
                0x00007928                _Z12SERVO_actionv
 .text._Z22SERVO_set_torque_limithj
                0x00007930       0x14 serialServoControl.o
                0x00007930                _Z22SERVO_set_torque_limithj
 .text._Z10SERVO_initv
                0x00007944       0x20 serialServoControl.o
                0x00007944                _Z10SERVO_initv
 .text._Z22SERVO_set_return_levelhh
                0x00007964       0x10 serialServoControl.o
                0x00007964                _Z22SERVO_set_return_levelhh
 .text._Z27SERVO_set_return_delay_timehh
                0x00007974       0x10 serialServoControl.o
                0x00007974                _Z27SERVO_set_return_delay_timehh
 .text._Z19SERVO_update_EEPROMh
                0x00007984       0x20 serialServoControl.o
                0x00007984                _Z19SERVO_update_EEPROMh
 .text.__vector_28
                0x000079a4       0x66 serialServoControl.o
                0x000079a4                __vector_28
 .text._Z17USART_getRotationv
                0x00007a0a        0xc usart.o
                0x00007a0a                _Z17USART_getRotationv
 .text._Z14USART_getSpeedv
                0x00007a16        0xa usart.o
                0x00007a16                _Z14USART_getSpeedv
 .text._Z18USART_getDirectionv
                0x00007a20        0xa usart.o
                0x00007a20                _Z18USART_getDirectionv
 .text._Z18USART_get_turn_dirv
                0x00007a2a        0x6 usart.o
                0x00007a2a                _Z18USART_get_turn_dirv
 .text._Z19USART_get_turn_flagv
                0x00007a30       0x14 usart.o
                0x00007a30                _Z19USART_get_turn_flagv
 .text._Z20USART_get_climb_flagv
                0x00007a44       0x14 usart.o
                0x00007a44                _Z20USART_get_climb_flagv
 .text._Z20USART_get_turn_anglev
                0x00007a58        0xa usart.o
                0x00007a58                _Z20USART_get_turn_anglev
 .text._Z11USART_get_zv
                0x00007a62       0x1a usart.o
                0x00007a62                _Z11USART_get_zv
 .text._Z10USART_initv
                0x00007a7c       0x26 usart.o
                0x00007a7c                _Z10USART_initv
 .text._Z18USART_CheckTxReadyv
                0x00007aa2        0x8 usart.o
                0x00007aa2                _Z18USART_CheckTxReadyv
 .text._Z15USART_WriteByteh
                0x00007aaa       0x12 usart.o
                0x00007aaa                _Z15USART_WriteByteh
 .text._Z11USART_crc16hh
                0x00007abc       0xb2 usart.o
                0x00007abc                _Z11USART_crc16hh
 .text._Z16USART_SendPacketch
                0x00007b6e       0xc0 usart.o
                0x00007b6e                _Z16USART_SendPacketch
 .text._Z17USART_SendMessagePc
                0x00007c2e       0x42 usart.o
                0x00007c2e                _Z17USART_SendMessagePc
 .text._Z15USART_SendValuef
                0x00007c70       0x16 usart.o
                0x00007c70                _Z15USART_SendValuef
 .text._Z14USART_SendGyrov
                0x00007c86       0x3c usart.o
                0x00007c86                _Z14USART_SendGyrov
 .text._Z16USART_send_readyv
                0x00007cc2        0x6 usart.o
                0x00007cc2                _Z16USART_send_readyv
 .text._Z20USART_send_turn_donev
                0x00007cc8        0x6 usart.o
                0x00007cc8                _Z20USART_send_turn_donev
 .text._Z21USART_send_climb_donev
                0x00007cce        0x6 usart.o
                0x00007cce                _Z21USART_send_climb_donev
 .text._Z25USART_DecodeMessageRxFIFOv
                0x00007cd4       0x5e usart.o
                0x00007cd4                _Z25USART_DecodeMessageRxFIFOv
 .text._Z25USART_DecodeCommandRxFIFOv
                0x00007d32       0x98 usart.o
                0x00007d32                _Z25USART_DecodeCommandRxFIFOv
 .text._Z27USART_DecodeElevationRxFIFOv
                0x00007dca       0xfc usart.o
                0x00007dca                _Z27USART_DecodeElevationRxFIFOv
 .text._Z22USART_DecodeTurnRxFIFOv
                0x00007ec6       0xaa usart.o
                0x00007ec6                _Z22USART_DecodeTurnRxFIFOv
 .text._Z23USART_DecodeClimbRxFIFOv
                0x00007f70       0x2e usart.o
                0x00007f70                _Z23USART_DecodeClimbRxFIFOv
 .text._Z18USART_DecodeRxFIFOv
                0x00007f9e       0x64 usart.o
                0x00007f9e                _Z18USART_DecodeRxFIFOv
 .text._Z20USART_elevation_flagv
                0x00008002       0x14 usart.o
                0x00008002                _Z20USART_elevation_flagv
 .text.__vector_20
                0x00008016      0x10a usart.o
                0x00008016                __vector_20
 .text.avr-libc.fplib
                0x00008120       0x1c c:/program files (x86)/atmel/atmel toolchain/avr8 gcc/native/3.4.2.1002/avr8-gnu-toolchain/bin/../lib/gcc/avr/4.7.2/../../../../avr/lib/avr51\libm.a(acos.o)
                0x00008120                acos
 .text.avr-libc.fplib
                0x0000813c        0xa c:/program files (x86)/atmel/atmel toolchain/avr8 gcc/native/3.4.2.1002/avr8-gnu-toolchain/bin/../lib/gcc/avr/4.7.2/../../../../avr/lib/avr51\libm.a(addsf3.o)
                0x0000813c                __subsf3
                0x0000813e                __addsf3
 .text.avr-libc.fplib
                0x00008146       0xc0 c:/program files (x86)/atmel/atmel toolchain/avr8 gcc/native/3.4.2.1002/avr8-gnu-toolchain/bin/../lib/gcc/avr/4.7.2/../../../../avr/lib/avr51\libm.a(addsf3x.o)
                0x00008160                __addsf3x
 .text.avr-libc.fplib
                0x00008206       0x2e c:/program files (x86)/atmel/atmel toolchain/avr8 gcc/native/3.4.2.1002/avr8-gnu-toolchain/bin/../lib/gcc/avr/4.7.2/../../../../avr/lib/avr51\libm.a(asin.o)
                0x00008206                asin
 .text.avr-libc.fplib
                0x00008234       0x74 c:/program files (x86)/atmel/atmel toolchain/avr8 gcc/native/3.4.2.1002/avr8-gnu-toolchain/bin/../lib/gcc/avr/4.7.2/../../../../avr/lib/avr51\libm.a(atan2.o)
                0x00008252                atan2
 .text.avr-libc.fplib
                0x000082a8       0x50 c:/program files (x86)/atmel/atmel toolchain/avr8 gcc/native/3.4.2.1002/avr8-gnu-toolchain/bin/../lib/gcc/avr/4.7.2/../../../../avr/lib/avr51\libm.a(atan.o)
                0x000082a8                atan
 .text.avr-libc.fplib
                0x000082f8        0x8 c:/program files (x86)/atmel/atmel toolchain/avr8 gcc/native/3.4.2.1002/avr8-gnu-toolchain/bin/../lib/gcc/avr/4.7.2/../../../../avr/lib/avr51\libm.a(cmpsf2.o)
                0x000082f8                __nesf2
                0x000082f8                __eqsf2
                0x000082f8                __cmpsf2
                0x000082f8                __ltsf2
                0x000082f8                __lesf2
 .text.avr-libc.fplib
                0x00008300        0x6 c:/program files (x86)/atmel/atmel toolchain/avr8 gcc/native/3.4.2.1002/avr8-gnu-toolchain/bin/../lib/gcc/avr/4.7.2/../../../../avr/lib/avr51\libm.a(cos.o)
                0x00008300                cos
 .text.avr-libc.fplib
                0x00008306        0x4 c:/program files (x86)/atmel/atmel toolchain/avr8 gcc/native/3.4.2.1002/avr8-gnu-toolchain/bin/../lib/gcc/avr/4.7.2/../../../../avr/lib/avr51\libm.a(divsf3.o)
                0x00008306                __divsf3
 .text.avr-libc.fplib
                0x0000830a       0xcc c:/program files (x86)/atmel/atmel toolchain/avr8 gcc/native/3.4.2.1002/avr8-gnu-toolchain/bin/../lib/gcc/avr/4.7.2/../../../../avr/lib/avr51\libm.a(divsf3x.o)
                0x00008320                __divsf3x
                0x00008324                __divsf3_pse
 .text.avr-libc.fplib
                0x000083d6        0xa c:/program files (x86)/atmel/atmel toolchain/avr8 gcc/native/3.4.2.1002/avr8-gnu-toolchain/bin/../lib/gcc/avr/4.7.2/../../../../avr/lib/avr51\libm.a(fixsfsi.o)
                0x000083d6                __fixsfsi
 .text.avr-libc.fplib
                0x000083e0       0x58 c:/program files (x86)/atmel/atmel toolchain/avr8 gcc/native/3.4.2.1002/avr8-gnu-toolchain/bin/../lib/gcc/avr/4.7.2/../../../../avr/lib/avr51\libm.a(fixunssfsi.o)
                0x000083e0                __fixunssfsi
 .text.avr-libc.fplib
                0x00008438       0x7a c:/program files (x86)/atmel/atmel toolchain/avr8 gcc/native/3.4.2.1002/avr8-gnu-toolchain/bin/../lib/gcc/avr/4.7.2/../../../../avr/lib/avr51\libm.a(floatsisf.o)
                0x00008438                __floatunsisf
                0x0000843c                __floatsisf
 .text.avr-libc.fplib
                0x000084b2       0x3e c:/program files (x86)/atmel/atmel toolchain/avr8 gcc/native/3.4.2.1002/avr8-gnu-toolchain/bin/../lib/gcc/avr/4.7.2/../../../../avr/lib/avr51\libm.a(fmax.o)
                0x000084b2                fmax
 .text.avr-libc.fplib
                0x000084f0       0x9c c:/program files (x86)/atmel/atmel toolchain/avr8 gcc/native/3.4.2.1002/avr8-gnu-toolchain/bin/../lib/gcc/avr/4.7.2/../../../../avr/lib/avr51\libm.a(fmod.o)
                0x000084fe                fmod
 .text.avr-libc.fplib
                0x0000858c       0x36 c:/program files (x86)/atmel/atmel toolchain/avr8 gcc/native/3.4.2.1002/avr8-gnu-toolchain/bin/../lib/gcc/avr/4.7.2/../../../../avr/lib/avr51\libm.a(fp_arccos.o)
                0x0000858c                __fp_arccos
 .text.avr-libc.fplib
                0x000085c2       0x48 c:/program files (x86)/atmel/atmel toolchain/avr8 gcc/native/3.4.2.1002/avr8-gnu-toolchain/bin/../lib/gcc/avr/4.7.2/../../../../avr/lib/avr51\libm.a(fp_cmp.o)
                0x000085c2                __fp_cmp
 .text.avr-libc.fplib
                0x0000860a        0xc c:/program files (x86)/atmel/atmel toolchain/avr8 gcc/native/3.4.2.1002/avr8-gnu-toolchain/bin/../lib/gcc/avr/4.7.2/../../../../avr/lib/avr51\libm.a(fp_inf.o)
                0x0000860a                __fp_inf
 .text.avr-libc.fplib
                0x00008616       0x1c c:/program files (x86)/atmel/atmel toolchain/avr8 gcc/native/3.4.2.1002/avr8-gnu-toolchain/bin/../lib/gcc/avr/4.7.2/../../../../avr/lib/avr51\libm.a(fp_mpack.o)
                0x00008616                __fp_mpack
                0x0000861a                __fp_mpack_finite
 .text.avr-libc.fplib
                0x00008632        0x6 c:/program files (x86)/atmel/atmel toolchain/avr8 gcc/native/3.4.2.1002/avr8-gnu-toolchain/bin/../lib/gcc/avr/4.7.2/../../../../avr/lib/avr51\libm.a(fp_nan.o)
                0x00008632                __fp_nan
 .text.avr-libc.fplib
                0x00008638       0x4a c:/program files (x86)/atmel/atmel toolchain/avr8 gcc/native/3.4.2.1002/avr8-gnu-toolchain/bin/../lib/gcc/avr/4.7.2/../../../../avr/lib/avr51\libm.a(fp_powser.o)
                0x00008638                __fp_powser
 .text.avr-libc.fplib
                0x00008682       0x22 c:/program files (x86)/atmel/atmel toolchain/avr8 gcc/native/3.4.2.1002/avr8-gnu-toolchain/bin/../lib/gcc/avr/4.7.2/../../../../avr/lib/avr51\libm.a(fp_powsodd.o)
                0x00008682                __fp_powsodd
 .text.avr-libc.fplib
                0x000086a4        0xe c:/program files (x86)/atmel/atmel toolchain/avr8 gcc/native/3.4.2.1002/avr8-gnu-toolchain/bin/../lib/gcc/avr/4.7.2/../../../../avr/lib/avr51\libm.a(fp_pscA.o)
                0x000086a4                __fp_pscA
 .text.avr-libc.fplib
                0x000086b2        0xe c:/program files (x86)/atmel/atmel toolchain/avr8 gcc/native/3.4.2.1002/avr8-gnu-toolchain/bin/../lib/gcc/avr/4.7.2/../../../../avr/lib/avr51\libm.a(fp_pscB.o)
                0x000086b2                __fp_pscB
 .text.avr-libc.fplib
                0x000086c0       0x50 c:/program files (x86)/atmel/atmel toolchain/avr8 gcc/native/3.4.2.1002/avr8-gnu-toolchain/bin/../lib/gcc/avr/4.7.2/../../../../avr/lib/avr51\libm.a(fp_rempio2.o)
                0x000086c2                __fp_rempio2
 .text.avr-libc.fplib
                0x00008710       0x22 c:/program files (x86)/atmel/atmel toolchain/avr8 gcc/native/3.4.2.1002/avr8-gnu-toolchain/bin/../lib/gcc/avr/4.7.2/../../../../avr/lib/avr51\libm.a(fp_round.o)
                0x00008710                __fp_round
 .text.avr-libc.fplib
                0x00008732       0x22 c:/program files (x86)/atmel/atmel toolchain/avr8 gcc/native/3.4.2.1002/avr8-gnu-toolchain/bin/../lib/gcc/avr/4.7.2/../../../../avr/lib/avr51\libm.a(fp_sinus.o)
                0x00008732                __fp_sinus
 .text.avr-libc.fplib
                0x00008754       0x44 c:/program files (x86)/atmel/atmel toolchain/avr8 gcc/native/3.4.2.1002/avr8-gnu-toolchain/bin/../lib/gcc/avr/4.7.2/../../../../avr/lib/avr51\libm.a(fp_split3.o)
                0x00008754                __fp_split3
                0x00008764                __fp_splitA
 .text.avr-libc.fplib
                0x00008798        0xe c:/program files (x86)/atmel/atmel toolchain/avr8 gcc/native/3.4.2.1002/avr8-gnu-toolchain/bin/../lib/gcc/avr/4.7.2/../../../../avr/lib/avr51\libm.a(fp_zero.o)
                0x00008798                __fp_zero
                0x0000879a                __fp_szero
 .text.avr-libc.fplib
                0x000087a6        0x8 c:/program files (x86)/atmel/atmel toolchain/avr8 gcc/native/3.4.2.1002/avr8-gnu-toolchain/bin/../lib/gcc/avr/4.7.2/../../../../avr/lib/avr51\libm.a(gesf2.o)
                0x000087a6                __gesf2
                0x000087a6                __gtsf2
 .text.avr-libc.fplib
                0x000087ae        0xe c:/program files (x86)/atmel/atmel toolchain/avr8 gcc/native/3.4.2.1002/avr8-gnu-toolchain/bin/../lib/gcc/avr/4.7.2/../../../../avr/lib/avr51\libm.a(inverse.o)
                0x000087ae                inverse
 .text.avr-libc.fplib
                0x000087bc        0x4 c:/program files (x86)/atmel/atmel toolchain/avr8 gcc/native/3.4.2.1002/avr8-gnu-toolchain/bin/../lib/gcc/avr/4.7.2/../../../../avr/lib/avr51\libm.a(mulsf3.o)
                0x000087bc                __mulsf3
 .text.avr-libc.fplib
                0x000087c0       0xc2 c:/program files (x86)/atmel/atmel toolchain/avr8 gcc/native/3.4.2.1002/avr8-gnu-toolchain/bin/../lib/gcc/avr/4.7.2/../../../../avr/lib/avr51\libm.a(mulsf3x.o)
                0x000087d4                __mulsf3x
                0x000087d8                __mulsf3_pse
 .text.avr-libc.fplib
                0x00008882        0xc c:/program files (x86)/atmel/atmel toolchain/avr8 gcc/native/3.4.2.1002/avr8-gnu-toolchain/bin/../lib/gcc/avr/4.7.2/../../../../avr/lib/avr51\libm.a(sin.o)
                0x00008882                sin
 .text.avr-libc.fplib
                0x0000888e       0x84 c:/program files (x86)/atmel/atmel toolchain/avr8 gcc/native/3.4.2.1002/avr8-gnu-toolchain/bin/../lib/gcc/avr/4.7.2/../../../../avr/lib/avr51\libm.a(sqrt.o)
                0x00008896                sqrt
 .text.avr-libc.fplib
                0x00008912        0x6 c:/program files (x86)/atmel/atmel toolchain/avr8 gcc/native/3.4.2.1002/avr8-gnu-toolchain/bin/../lib/gcc/avr/4.7.2/../../../../avr/lib/avr51\libm.a(square.o)
                0x00008912                square
 .text.avr-libc.fplib
                0x00008918        0xe c:/program files (x86)/atmel/atmel toolchain/avr8 gcc/native/3.4.2.1002/avr8-gnu-toolchain/bin/../lib/gcc/avr/4.7.2/../../../../avr/lib/avr51\libm.a(fp_norm2.o)
                0x00008918                __fp_norm2
 .text.libgcc.div
                0x00008926       0x36 c:/program files (x86)/atmel/atmel toolchain/avr8 gcc/native/3.4.2.1002/avr8-gnu-toolchain/bin/../lib/gcc/avr/4.7.2/avr51\libgcc.a(_divmodsi4.o)
                0x00008926                __divmodsi4
 .text.libgcc   0x0000895c        0x8 c:/program files (x86)/atmel/atmel toolchain/avr8 gcc/native/3.4.2.1002/avr8-gnu-toolchain/bin/../lib/gcc/avr/4.7.2/avr51\libgcc.a(_tablejump_elpm.o)
                0x0000895c                __tablejump_elpm__
 .text.libgcc.div
                0x00008964       0x44 c:/program files (x86)/atmel/atmel toolchain/avr8 gcc/native/3.4.2.1002/avr8-gnu-toolchain/bin/../lib/gcc/avr/4.7.2/avr51\libgcc.a(_udivmodsi4.o)
                0x00008964                __udivmodsi4
 .text.avr-libc
                0x000089a8      0x274 c:/program files (x86)/atmel/atmel toolchain/avr8 gcc/native/3.4.2.1002/avr8-gnu-toolchain/bin/../lib/gcc/avr/4.7.2/../../../../avr/lib/avr51\libc.a(malloc.o)
                0x000089a8                malloc
                0x00008ade                free
 .text.avr-libc
                0x00008c1c      0x1be c:/program files (x86)/atmel/atmel toolchain/avr8 gcc/native/3.4.2.1002/avr8-gnu-toolchain/bin/../lib/gcc/avr/4.7.2/../../../../avr/lib/avr51\libc.a(realloc.o)
                0x00008c1c                realloc
 .text.avr-libc
                0x00008dda       0x1a c:/program files (x86)/atmel/atmel toolchain/avr8 gcc/native/3.4.2.1002/avr8-gnu-toolchain/bin/../lib/gcc/avr/4.7.2/../../../../avr/lib/avr51\libc.a(memcmp.o)
                0x00008dda                memcmp
 .text.avr-libc
                0x00008df4       0x12 c:/program files (x86)/atmel/atmel toolchain/avr8 gcc/native/3.4.2.1002/avr8-gnu-toolchain/bin/../lib/gcc/avr/4.7.2/../../../../avr/lib/avr51\libc.a(memcpy.o)
                0x00008df4                memcpy
                0x00008e06                . = ALIGN (0x2)
 *(.fini9)
 .fini9         0x00008e06        0x0 c:/program files (x86)/atmel/atmel toolchain/avr8 gcc/native/3.4.2.1002/avr8-gnu-toolchain/bin/../lib/gcc/avr/4.7.2/avr51\libgcc.a(_exit.o)
                0x00008e06                _exit
                0x00008e06                exit
 *(.fini9)
 *(.fini8)
 *(.fini8)
 *(.fini7)
 *(.fini7)
 *(.fini6)
 *(.fini6)
 *(.fini5)
 *(.fini5)
 *(.fini4)
 *(.fini4)
 *(.fini3)
 *(.fini3)
 *(.fini2)
 *(.fini2)
 *(.fini1)
 *(.fini1)
 *(.fini0)
 .fini0         0x00008e06        0x4 c:/program files (x86)/atmel/atmel toolchain/avr8 gcc/native/3.4.2.1002/avr8-gnu-toolchain/bin/../lib/gcc/avr/4.7.2/avr51\libgcc.a(_exit.o)
 *(.fini0)
                0x00008e0a                _etext = .

.data           0x00800100     0x1488 load address 0x00008e0a
                0x00800100                PROVIDE (__data_start, .)
 *(.data)
 .data          0x00800100        0x0 c:/program files (x86)/atmel/atmel toolchain/avr8 gcc/native/3.4.2.1002/avr8-gnu-toolchain/bin/../lib/gcc/avr/4.7.2/../../../../avr/lib/avr51/crtm1284p.o
 .data          0x00800100        0x0 counter.o
 .data          0x00800100        0x0 fifo.o
 .data          0x00800100        0x0 Gangenheten.o
 .data          0x00800100        0x0 highLevelWalking.o
 .data          0x00800100        0x0 I2Cdev.o
 .data          0x00800100        0x0 inverseKinematics.o
 .data          0x00800100        0x0 MPU6050.o
 .data          0x00800100        0x0 MpuInit.o
 .data          0x00800100        0x0 serialServoControl.o
 .data          0x00800100        0x0 usart.o
 .data          0x00800100        0x0 c:/program files (x86)/atmel/atmel toolchain/avr8 gcc/native/3.4.2.1002/avr8-gnu-toolchain/bin/../lib/gcc/avr/4.7.2/../../../../avr/lib/avr51\libm.a(acos.o)
 .data          0x00800100        0x0 c:/program files (x86)/atmel/atmel toolchain/avr8 gcc/native/3.4.2.1002/avr8-gnu-toolchain/bin/../lib/gcc/avr/4.7.2/../../../../avr/lib/avr51\libm.a(addsf3.o)
 .data          0x00800100        0x0 c:/program files (x86)/atmel/atmel toolchain/avr8 gcc/native/3.4.2.1002/avr8-gnu-toolchain/bin/../lib/gcc/avr/4.7.2/../../../../avr/lib/avr51\libm.a(addsf3x.o)
 .data          0x00800100        0x0 c:/program files (x86)/atmel/atmel toolchain/avr8 gcc/native/3.4.2.1002/avr8-gnu-toolchain/bin/../lib/gcc/avr/4.7.2/../../../../avr/lib/avr51\libm.a(asin.o)
 .data          0x00800100        0x0 c:/program files (x86)/atmel/atmel toolchain/avr8 gcc/native/3.4.2.1002/avr8-gnu-toolchain/bin/../lib/gcc/avr/4.7.2/../../../../avr/lib/avr51\libm.a(atan2.o)
 .data          0x00800100        0x0 c:/program files (x86)/atmel/atmel toolchain/avr8 gcc/native/3.4.2.1002/avr8-gnu-toolchain/bin/../lib/gcc/avr/4.7.2/../../../../avr/lib/avr51\libm.a(atan.o)
 .data          0x00800100        0x0 c:/program files (x86)/atmel/atmel toolchain/avr8 gcc/native/3.4.2.1002/avr8-gnu-toolchain/bin/../lib/gcc/avr/4.7.2/../../../../avr/lib/avr51\libm.a(cmpsf2.o)
 .data          0x00800100        0x0 c:/program files (x86)/atmel/atmel toolchain/avr8 gcc/native/3.4.2.1002/avr8-gnu-toolchain/bin/../lib/gcc/avr/4.7.2/../../../../avr/lib/avr51\libm.a(cos.o)
 .data          0x00800100        0x0 c:/program files (x86)/atmel/atmel toolchain/avr8 gcc/native/3.4.2.1002/avr8-gnu-toolchain/bin/../lib/gcc/avr/4.7.2/../../../../avr/lib/avr51\libm.a(divsf3.o)
 .data          0x00800100        0x0 c:/program files (x86)/atmel/atmel toolchain/avr8 gcc/native/3.4.2.1002/avr8-gnu-toolchain/bin/../lib/gcc/avr/4.7.2/../../../../avr/lib/avr51\libm.a(divsf3x.o)
 .data          0x00800100        0x0 c:/program files (x86)/atmel/atmel toolchain/avr8 gcc/native/3.4.2.1002/avr8-gnu-toolchain/bin/../lib/gcc/avr/4.7.2/../../../../avr/lib/avr51\libm.a(fixsfsi.o)
 .data          0x00800100        0x0 c:/program files (x86)/atmel/atmel toolchain/avr8 gcc/native/3.4.2.1002/avr8-gnu-toolchain/bin/../lib/gcc/avr/4.7.2/../../../../avr/lib/avr51\libm.a(fixunssfsi.o)
 .data          0x00800100        0x0 c:/program files (x86)/atmel/atmel toolchain/avr8 gcc/native/3.4.2.1002/avr8-gnu-toolchain/bin/../lib/gcc/avr/4.7.2/../../../../avr/lib/avr51\libm.a(floatsisf.o)
 .data          0x00800100        0x0 c:/program files (x86)/atmel/atmel toolchain/avr8 gcc/native/3.4.2.1002/avr8-gnu-toolchain/bin/../lib/gcc/avr/4.7.2/../../../../avr/lib/avr51\libm.a(fmax.o)
 .data          0x00800100        0x0 c:/program files (x86)/atmel/atmel toolchain/avr8 gcc/native/3.4.2.1002/avr8-gnu-toolchain/bin/../lib/gcc/avr/4.7.2/../../../../avr/lib/avr51\libm.a(fmod.o)
 .data          0x00800100        0x0 c:/program files (x86)/atmel/atmel toolchain/avr8 gcc/native/3.4.2.1002/avr8-gnu-toolchain/bin/../lib/gcc/avr/4.7.2/../../../../avr/lib/avr51\libm.a(fp_arccos.o)
 .data          0x00800100        0x0 c:/program files (x86)/atmel/atmel toolchain/avr8 gcc/native/3.4.2.1002/avr8-gnu-toolchain/bin/../lib/gcc/avr/4.7.2/../../../../avr/lib/avr51\libm.a(fp_cmp.o)
 .data          0x00800100        0x0 c:/program files (x86)/atmel/atmel toolchain/avr8 gcc/native/3.4.2.1002/avr8-gnu-toolchain/bin/../lib/gcc/avr/4.7.2/../../../../avr/lib/avr51\libm.a(fp_inf.o)
 .data          0x00800100        0x0 c:/program files (x86)/atmel/atmel toolchain/avr8 gcc/native/3.4.2.1002/avr8-gnu-toolchain/bin/../lib/gcc/avr/4.7.2/../../../../avr/lib/avr51\libm.a(fp_mpack.o)
 .data          0x00800100        0x0 c:/program files (x86)/atmel/atmel toolchain/avr8 gcc/native/3.4.2.1002/avr8-gnu-toolchain/bin/../lib/gcc/avr/4.7.2/../../../../avr/lib/avr51\libm.a(fp_nan.o)
 .data          0x00800100        0x0 c:/program files (x86)/atmel/atmel toolchain/avr8 gcc/native/3.4.2.1002/avr8-gnu-toolchain/bin/../lib/gcc/avr/4.7.2/../../../../avr/lib/avr51\libm.a(fp_powser.o)
 .data          0x00800100        0x0 c:/program files (x86)/atmel/atmel toolchain/avr8 gcc/native/3.4.2.1002/avr8-gnu-toolchain/bin/../lib/gcc/avr/4.7.2/../../../../avr/lib/avr51\libm.a(fp_powsodd.o)
 .data          0x00800100        0x0 c:/program files (x86)/atmel/atmel toolchain/avr8 gcc/native/3.4.2.1002/avr8-gnu-toolchain/bin/../lib/gcc/avr/4.7.2/../../../../avr/lib/avr51\libm.a(fp_pscA.o)
 .data          0x00800100        0x0 c:/program files (x86)/atmel/atmel toolchain/avr8 gcc/native/3.4.2.1002/avr8-gnu-toolchain/bin/../lib/gcc/avr/4.7.2/../../../../avr/lib/avr51\libm.a(fp_pscB.o)
 .data          0x00800100        0x0 c:/program files (x86)/atmel/atmel toolchain/avr8 gcc/native/3.4.2.1002/avr8-gnu-toolchain/bin/../lib/gcc/avr/4.7.2/../../../../avr/lib/avr51\libm.a(fp_rempio2.o)
 .data          0x00800100        0x0 c:/program files (x86)/atmel/atmel toolchain/avr8 gcc/native/3.4.2.1002/avr8-gnu-toolchain/bin/../lib/gcc/avr/4.7.2/../../../../avr/lib/avr51\libm.a(fp_round.o)
 .data          0x00800100        0x0 c:/program files (x86)/atmel/atmel toolchain/avr8 gcc/native/3.4.2.1002/avr8-gnu-toolchain/bin/../lib/gcc/avr/4.7.2/../../../../avr/lib/avr51\libm.a(fp_sinus.o)
 .data          0x00800100        0x0 c:/program files (x86)/atmel/atmel toolchain/avr8 gcc/native/3.4.2.1002/avr8-gnu-toolchain/bin/../lib/gcc/avr/4.7.2/../../../../avr/lib/avr51\libm.a(fp_split3.o)
 .data          0x00800100        0x0 c:/program files (x86)/atmel/atmel toolchain/avr8 gcc/native/3.4.2.1002/avr8-gnu-toolchain/bin/../lib/gcc/avr/4.7.2/../../../../avr/lib/avr51\libm.a(fp_zero.o)
 .data          0x00800100        0x0 c:/program files (x86)/atmel/atmel toolchain/avr8 gcc/native/3.4.2.1002/avr8-gnu-toolchain/bin/../lib/gcc/avr/4.7.2/../../../../avr/lib/avr51\libm.a(gesf2.o)
 .data          0x00800100        0x0 c:/program files (x86)/atmel/atmel toolchain/avr8 gcc/native/3.4.2.1002/avr8-gnu-toolchain/bin/../lib/gcc/avr/4.7.2/../../../../avr/lib/avr51\libm.a(inverse.o)
 .data          0x00800100        0x0 c:/program files (x86)/atmel/atmel toolchain/avr8 gcc/native/3.4.2.1002/avr8-gnu-toolchain/bin/../lib/gcc/avr/4.7.2/../../../../avr/lib/avr51\libm.a(mulsf3.o)
 .data          0x00800100        0x0 c:/program files (x86)/atmel/atmel toolchain/avr8 gcc/native/3.4.2.1002/avr8-gnu-toolchain/bin/../lib/gcc/avr/4.7.2/../../../../avr/lib/avr51\libm.a(mulsf3x.o)
 .data          0x00800100        0x0 c:/program files (x86)/atmel/atmel toolchain/avr8 gcc/native/3.4.2.1002/avr8-gnu-toolchain/bin/../lib/gcc/avr/4.7.2/../../../../avr/lib/avr51\libm.a(sin.o)
 .data          0x00800100        0x0 c:/program files (x86)/atmel/atmel toolchain/avr8 gcc/native/3.4.2.1002/avr8-gnu-toolchain/bin/../lib/gcc/avr/4.7.2/../../../../avr/lib/avr51\libm.a(sqrt.o)
 .data          0x00800100        0x0 c:/program files (x86)/atmel/atmel toolchain/avr8 gcc/native/3.4.2.1002/avr8-gnu-toolchain/bin/../lib/gcc/avr/4.7.2/../../../../avr/lib/avr51\libm.a(square.o)
 .data          0x00800100        0x0 c:/program files (x86)/atmel/atmel toolchain/avr8 gcc/native/3.4.2.1002/avr8-gnu-toolchain/bin/../lib/gcc/avr/4.7.2/../../../../avr/lib/avr51\libm.a(fp_norm2.o)
 .data          0x00800100        0x0 c:/program files (x86)/atmel/atmel toolchain/avr8 gcc/native/3.4.2.1002/avr8-gnu-toolchain/bin/../lib/gcc/avr/4.7.2/avr51\libgcc.a(_divmodsi4.o)
 .data          0x00800100        0x0 c:/program files (x86)/atmel/atmel toolchain/avr8 gcc/native/3.4.2.1002/avr8-gnu-toolchain/bin/../lib/gcc/avr/4.7.2/avr51\libgcc.a(_exit.o)
 .data          0x00800100        0x0 c:/program files (x86)/atmel/atmel toolchain/avr8 gcc/native/3.4.2.1002/avr8-gnu-toolchain/bin/../lib/gcc/avr/4.7.2/avr51\libgcc.a(_copy_data.o)
 .data          0x00800100        0x0 c:/program files (x86)/atmel/atmel toolchain/avr8 gcc/native/3.4.2.1002/avr8-gnu-toolchain/bin/../lib/gcc/avr/4.7.2/avr51\libgcc.a(_clear_bss.o)
 .data          0x00800100        0x0 c:/program files (x86)/atmel/atmel toolchain/avr8 gcc/native/3.4.2.1002/avr8-gnu-toolchain/bin/../lib/gcc/avr/4.7.2/avr51\libgcc.a(_ctors.o)
 .data          0x00800100        0x0 c:/program files (x86)/atmel/atmel toolchain/avr8 gcc/native/3.4.2.1002/avr8-gnu-toolchain/bin/../lib/gcc/avr/4.7.2/avr51\libgcc.a(_tablejump_elpm.o)
 .data          0x00800100        0x0 c:/program files (x86)/atmel/atmel toolchain/avr8 gcc/native/3.4.2.1002/avr8-gnu-toolchain/bin/../lib/gcc/avr/4.7.2/avr51\libgcc.a(_udivmodsi4.o)
 .data          0x00800100        0x6 c:/program files (x86)/atmel/atmel toolchain/avr8 gcc/native/3.4.2.1002/avr8-gnu-toolchain/bin/../lib/gcc/avr/4.7.2/../../../../avr/lib/avr51\libc.a(malloc.o)
                0x00800100                __malloc_heap_end
                0x00800102                __malloc_heap_start
                0x00800104                __malloc_margin
 .data          0x00800106        0x0 c:/program files (x86)/atmel/atmel toolchain/avr8 gcc/native/3.4.2.1002/avr8-gnu-toolchain/bin/../lib/gcc/avr/4.7.2/../../../../avr/lib/avr51\libc.a(realloc.o)
 .data          0x00800106        0x0 c:/program files (x86)/atmel/atmel toolchain/avr8 gcc/native/3.4.2.1002/avr8-gnu-toolchain/bin/../lib/gcc/avr/4.7.2/../../../../avr/lib/avr51\libc.a(memcmp.o)
 .data          0x00800106        0x0 c:/program files (x86)/atmel/atmel toolchain/avr8 gcc/native/3.4.2.1002/avr8-gnu-toolchain/bin/../lib/gcc/avr/4.7.2/../../../../avr/lib/avr51\libc.a(memcpy.o)
 *(.data*)
 .data.std_pos_flag
                0x00800106        0x1 Gangenheten.o
                0x00800106                std_pos_flag
 .data.servo_speed
                0x00800107        0x2 highLevelWalking.o
                0x00800107                servo_speed
 .data._ZN6I2Cdev11readTimeoutE
                0x00800109        0x2 I2Cdev.o
                0x00800109                _ZN6I2Cdev11readTimeoutE
 .data.z0       0x0080010b        0x4 inverseKinematics.o
                0x0080010b                z0
 .data.x0       0x0080010f        0x4 inverseKinematics.o
                0x0080010f                x0
 .data.y0_6     0x00800113        0x4 inverseKinematics.o
                0x00800113                y0_6
 .data.x0_6     0x00800117        0x4 inverseKinematics.o
                0x00800117                x0_6
 .data.x0_5     0x0080011b        0x4 inverseKinematics.o
                0x0080011b                x0_5
 .data.y0_4     0x0080011f        0x4 inverseKinematics.o
                0x0080011f                y0_4
 .data.x0_4     0x00800123        0x4 inverseKinematics.o
                0x00800123                x0_4
 .data.y0_3     0x00800127        0x4 inverseKinematics.o
                0x00800127                y0_3
 .data.x0_3     0x0080012b        0x4 inverseKinematics.o
                0x0080012b                x0_3
 .data.x0_2     0x0080012f        0x4 inverseKinematics.o
                0x0080012f                x0_2
 .data.y0_1     0x00800133        0x4 inverseKinematics.o
                0x00800133                y0_1
 .data.x0_1     0x00800137        0x4 inverseKinematics.o
                0x00800137                x0_1
 .data.gServoRxFIFO
                0x0080013b        0x2 serialServoControl.o
                0x0080013b                gServoRxFIFO
 .data._raw_gServoRxFIFO
                0x0080013d      0x406 serialServoControl.o
                0x0080013d                _raw_gServoRxFIFO
 .data.gRxFIFO  0x00800543        0x2 usart.o
                0x00800543                gRxFIFO
 .data._raw_gRxFIFO
                0x00800545     0x1006 usart.o
                0x00800545                _raw_gRxFIFO
 .data.gZ       0x0080154b        0x4 usart.o
                0x0080154b                gZ
 .data.gTurnDirection
                0x0080154f        0x1 usart.o
                0x0080154f                gTurnDirection
 .data.gRotation
                0x00801550        0x1 usart.o
                0x00801550                gRotation
 *(.rodata)
 *(.rodata*)
 .rodata.str1.1
                0x00801551        0xc Gangenheten.o
 .rodata.str1.1
                0x0080155d       0x2a serialServoControl.o
 *(.gnu.linkonce.d*)
                0x00801588                . = ALIGN (0x2)
 *fill*         0x00801587        0x1 
                0x00801588                _edata = .
                0x00801588                PROVIDE (__data_end, .)

.bss            0x00801588      0xab4
                0x00801588                PROVIDE (__bss_start, .)
 *(.bss)
 *(.bss*)
 .bss.gWaitFlag
                0x00801588        0x1 counter.o
                0x00801588                gWaitFlag
 .bss.move_to_std_flag
                0x00801589        0x1 Gangenheten.o
                0x00801589                move_to_std_flag
 .bss.maxStepLength
                0x0080158a        0x4 highLevelWalking.o
                0x0080158a                maxStepLength
 .bss.stdLength
                0x0080158e        0x4 highLevelWalking.o
                0x0080158e                stdLength
 .bss.stepScaling
                0x00801592        0x4 highLevelWalking.o
                0x00801592                stepScaling
 .bss.stepTest  0x00801596        0x4 highLevelWalking.o
                0x00801596                stepTest
 .bss.stepMax   0x0080159a        0x4 highLevelWalking.o
                0x0080159a                stepMax
 .bss.yDirection
                0x0080159e        0x4 highLevelWalking.o
                0x0080159e                yDirection
 .bss.xDirection
                0x008015a2        0x4 highLevelWalking.o
                0x008015a2                xDirection
 .bss.speedf    0x008015a6        0x4 highLevelWalking.o
                0x008015a6                speedf
 .bss.rotation  0x008015aa        0x4 highLevelWalking.o
                0x008015aa                rotation
 .bss.direction
                0x008015ae        0x4 highLevelWalking.o
                0x008015ae                direction
 .bss.z         0x008015b2        0x4 highLevelWalking.o
                0x008015b2                z
 .bss.tempz     0x008015b6        0x4 highLevelWalking.o
                0x008015b6                tempz
 .bss.tempy     0x008015ba        0x4 highLevelWalking.o
                0x008015ba                tempy
 .bss.tempx     0x008015be        0x4 highLevelWalking.o
                0x008015be                tempx
 .bss.legsNotDown
                0x008015c2        0x2 highLevelWalking.o
                0x008015c2                legsNotDown
 .bss.climbing_flag
                0x008015c4        0x2 highLevelWalking.o
                0x008015c4                climbing_flag
 .bss.speedMultiplier
                0x008015c6        0x4 highLevelWalking.o
                0x008015c6                speedMultiplier
 .bss.speedGamma
                0x008015ca        0x4 highLevelWalking.o
                0x008015ca                speedGamma
 .bss.speedBeta
                0x008015ce        0x4 highLevelWalking.o
                0x008015ce                speedBeta
 .bss.speedAlpha
                0x008015d2        0x4 highLevelWalking.o
                0x008015d2                speedAlpha
 .bss.leg6      0x008015d6       0x8c highLevelWalking.o
                0x008015d6                leg6
 .bss.leg5      0x00801662       0x8c highLevelWalking.o
                0x00801662                leg5
 .bss.leg4      0x008016ee       0x8c highLevelWalking.o
                0x008016ee                leg4
 .bss.leg3      0x0080177a       0x8c highLevelWalking.o
                0x0080177a                leg3
 .bss.leg2      0x00801806       0x8c highLevelWalking.o
                0x00801806                leg2
 .bss.leg1      0x00801892       0x8c highLevelWalking.o
                0x00801892                leg1
 .bss.newPosyWB
                0x0080191e        0x4 highLevelWalking.o
                0x0080191e                newPosyWB
 .bss.newPosxWB
                0x00801922        0x4 highLevelWalking.o
                0x00801922                newPosxWB
 .bss.climb_rotation_counter
                0x00801926        0x1 highLevelWalking.o
                0x00801926                climb_rotation_counter
 .bss.climb_counter
                0x00801927        0x1 highLevelWalking.o
                0x00801927                climb_counter
 .bss.MPURMean  0x00801928        0x4 highLevelWalking.o
                0x00801928                MPURMean
 .bss.MPUPMean  0x0080192c        0x4 highLevelWalking.o
                0x0080192c                MPUPMean
 .bss.rotation_flag
                0x00801930        0x1 highLevelWalking.o
                0x00801930                rotation_flag
 .bss.climb_start_slope_p
                0x00801931        0x4 highLevelWalking.o
                0x00801931                climb_start_slope_p
 .bss.climb_start_slope_r
                0x00801935        0x4 highLevelWalking.o
                0x00801935                climb_start_slope_r
 .bss.climb_start_control
                0x00801939        0x4 highLevelWalking.o
                0x00801939                climb_start_control
 .bss.z_in_use  0x0080193d        0x4 highLevelWalking.o
                0x0080193d                z_in_use
 .bss.obstacle_height
                0x00801941        0x4 highLevelWalking.o
                0x00801941                obstacle_height
 .bss.climb_step2
                0x00801945        0x4 highLevelWalking.o
                0x00801945                climb_step2
 .bss.climb_step
                0x00801949        0x4 highLevelWalking.o
                0x00801949                climb_step
 .bss.height    0x0080194d        0x4 highLevelWalking.o
                0x0080194d                height
 .bss.iterations
                0x00801951        0x4 highLevelWalking.o
                0x00801951                iterations
 .bss.speed     0x00801955        0x2 highLevelWalking.o
                0x00801955                speed
 .bss.timer0_millis
                0x00801957        0x4 I2Cdev.o
                0x00801957                timer0_millis
 .bss.timer0_overflow_count
                0x0080195b        0x4 I2Cdev.o
                0x0080195b                timer0_overflow_count
 .bss._ZL12timer0_fract
                0x0080195f        0x1 I2Cdev.o
 .bss.y0        0x00801960        0x4 inverseKinematics.o
                0x00801960                y0
 .bss.y0_5      0x00801964        0x4 inverseKinematics.o
                0x00801964                y0_5
 .bss.y0_2      0x00801968        0x4 inverseKinematics.o
                0x00801968                y0_2
 .bss.d         0x0080196c        0x4 inverseKinematics.o
                0x0080196c                d
 .bss.gamma     0x00801970        0x4 inverseKinematics.o
                0x00801970                gamma
 .bss.beta      0x00801974        0x4 inverseKinematics.o
                0x00801974                beta
 .bss.alpha     0x00801978        0x4 inverseKinematics.o
                0x00801978                alpha
 .bss.mpuInterrupt
                0x0080197c        0x1 MpuInit.o
                0x0080197c                mpuInterrupt
 .bss.ypr       0x0080197d        0xc MpuInit.o
                0x0080197d                ypr
 .bss.gravity   0x00801989        0xc MpuInit.o
                0x00801989                gravity
 .bss.aaWorld   0x00801995        0x6 MpuInit.o
                0x00801995                aaWorld
 .bss.aaReal    0x0080199b        0x6 MpuInit.o
                0x0080199b                aaReal
 .bss.aa        0x008019a1        0x6 MpuInit.o
                0x008019a1                aa
 .bss.q         0x008019a7       0x10 MpuInit.o
                0x008019a7                q
 .bss.fifoBuffer
                0x008019b7       0x40 MpuInit.o
                0x008019b7                fifoBuffer
 .bss.fifoCount
                0x008019f7        0x2 MpuInit.o
                0x008019f7                fifoCount
 .bss.packetSize
                0x008019f9        0x2 MpuInit.o
                0x008019f9                packetSize
 .bss.devStatus
                0x008019fb        0x1 MpuInit.o
                0x008019fb                devStatus
 .bss.mpuIntStatus
                0x008019fc        0x1 MpuInit.o
                0x008019fc                mpuIntStatus
 .bss.dmpReady  0x008019fd        0x1 MpuInit.o
                0x008019fd                dmpReady
 .bss.accelgyro
                0x008019fe       0x13 MpuInit.o
                0x008019fe                accelgyro
 .bss.mpu       0x00801a11       0x13 MpuInit.o
                0x00801a11                mpu
 .bss.gServoTxBuffer
                0x00801a24       0x80 serialServoControl.o
                0x00801a24                gServoTxBuffer
 .bss.gServoParameters
                0x00801aa4       0x80 serialServoControl.o
                0x00801aa4                gServoParameters
 .bss.gElevationFlag
                0x00801b24        0x1 usart.o
                0x00801b24                gElevationFlag
 .bss.gClimbFlag
                0x00801b25        0x1 usart.o
                0x00801b25                gClimbFlag
 .bss.gTurnFlag
                0x00801b26        0x1 usart.o
                0x00801b26                gTurnFlag
 .bss.gTurnAngle
                0x00801b27        0x2 usart.o
                0x00801b27                gTurnAngle
 .bss.gDirection
                0x00801b29        0x1 usart.o
                0x00801b29                gDirection
 .bss.gSpeed    0x00801b2a        0x1 usart.o
                0x00801b2a                gSpeed
 .bss.gInvertNextFlag
                0x00801b2b        0x2 usart.o
                0x00801b2b                gInvertNextFlag
 .bss.gRxBufferIndex
                0x00801b2d        0x2 usart.o
                0x00801b2d                gRxBufferIndex
 .bss.gRxBuffer
                0x00801b2f      0x205 usart.o
                0x00801b2f                gRxBuffer
 .bss.gTxBuffer
                0x00801d34      0x205 usart.o
                0x00801d34                gTxBuffer
 .bss.gTxPayload
                0x00801f39       0xff usart.o
                0x00801f39                gTxPayload
 *(COMMON)
 COMMON         0x00802038        0x4 c:/program files (x86)/atmel/atmel toolchain/avr8 gcc/native/3.4.2.1002/avr8-gnu-toolchain/bin/../lib/gcc/avr/4.7.2/../../../../avr/lib/avr51\libc.a(malloc.o)
                0x00802038                __brkval
                0x0080203a                __flp
                0x0080203c                PROVIDE (__bss_end, .)
                0x00008e0a                __data_load_start = LOADADDR (.data)
                0x0000a292                __data_load_end = (__data_load_start + SIZEOF (.data))

.noinit         0x0080203c        0x0
                0x0080203c                PROVIDE (__noinit_start, .)
 *(.noinit*)
                0x0080203c                PROVIDE (__noinit_end, .)
                0x0080203c                _end = .
                0x0080203c                PROVIDE (__heap_start, .)

.eeprom         0x00810000        0x0
 *(.eeprom*)
                0x00810000                __eeprom_end = .

.fuse
 *(.fuse)
 *(.lfuse)
 *(.hfuse)
 *(.efuse)

.lock
 *(.lock*)

.signature
 *(.signature*)

.user_signatures
 *(.user_signatures*)

.stab           0x00000000     0x3ffc
 *(.stab)
 .stab          0x00000000      0x6cc c:/program files (x86)/atmel/atmel toolchain/avr8 gcc/native/3.4.2.1002/avr8-gnu-toolchain/bin/../lib/gcc/avr/4.7.2/../../../../avr/lib/avr51/crtm1284p.o
 .stab          0x000006cc       0xd8 c:/program files (x86)/atmel/atmel toolchain/avr8 gcc/native/3.4.2.1002/avr8-gnu-toolchain/bin/../lib/gcc/avr/4.7.2/../../../../avr/lib/avr51\libm.a(acos.o)
                                 0xe4 (size before relaxing)
 .stab          0x000007a4       0x78 c:/program files (x86)/atmel/atmel toolchain/avr8 gcc/native/3.4.2.1002/avr8-gnu-toolchain/bin/../lib/gcc/avr/4.7.2/../../../../avr/lib/avr51\libm.a(addsf3.o)
                                 0x84 (size before relaxing)
 .stab          0x0000081c      0x4bc c:/program files (x86)/atmel/atmel toolchain/avr8 gcc/native/3.4.2.1002/avr8-gnu-toolchain/bin/../lib/gcc/avr/4.7.2/../../../../avr/lib/avr51\libm.a(addsf3x.o)
                                0x4c8 (size before relaxing)
 .stab          0x00000cd8      0x144 c:/program files (x86)/atmel/atmel toolchain/avr8 gcc/native/3.4.2.1002/avr8-gnu-toolchain/bin/../lib/gcc/avr/4.7.2/../../../../avr/lib/avr51\libm.a(asin.o)
                                0x150 (size before relaxing)
 .stab          0x00000e1c      0x2f4 c:/program files (x86)/atmel/atmel toolchain/avr8 gcc/native/3.4.2.1002/avr8-gnu-toolchain/bin/../lib/gcc/avr/4.7.2/../../../../avr/lib/avr51\libm.a(atan2.o)
                                0x300 (size before relaxing)
 .stab          0x00001110      0x210 c:/program files (x86)/atmel/atmel toolchain/avr8 gcc/native/3.4.2.1002/avr8-gnu-toolchain/bin/../lib/gcc/avr/4.7.2/../../../../avr/lib/avr51\libm.a(atan.o)
                                0x21c (size before relaxing)
 .stab          0x00001320       0x90 c:/program files (x86)/atmel/atmel toolchain/avr8 gcc/native/3.4.2.1002/avr8-gnu-toolchain/bin/../lib/gcc/avr/4.7.2/../../../../avr/lib/avr51\libm.a(cmpsf2.o)
                                 0x9c (size before relaxing)
 .stab          0x000013b0       0x54 c:/program files (x86)/atmel/atmel toolchain/avr8 gcc/native/3.4.2.1002/avr8-gnu-toolchain/bin/../lib/gcc/avr/4.7.2/../../../../avr/lib/avr51\libm.a(cos.o)
                                 0x60 (size before relaxing)
 .stab          0x00001404       0x48 c:/program files (x86)/atmel/atmel toolchain/avr8 gcc/native/3.4.2.1002/avr8-gnu-toolchain/bin/../lib/gcc/avr/4.7.2/../../../../avr/lib/avr51\libm.a(divsf3.o)
                                 0x54 (size before relaxing)
 .stab          0x0000144c      0x510 c:/program files (x86)/atmel/atmel toolchain/avr8 gcc/native/3.4.2.1002/avr8-gnu-toolchain/bin/../lib/gcc/avr/4.7.2/../../../../avr/lib/avr51\libm.a(divsf3x.o)
                                0x51c (size before relaxing)
 .stab          0x0000195c       0x6c c:/program files (x86)/atmel/atmel toolchain/avr8 gcc/native/3.4.2.1002/avr8-gnu-toolchain/bin/../lib/gcc/avr/4.7.2/../../../../avr/lib/avr51\libm.a(fixsfsi.o)
                                 0x78 (size before relaxing)
 .stab          0x000019c8      0x240 c:/program files (x86)/atmel/atmel toolchain/avr8 gcc/native/3.4.2.1002/avr8-gnu-toolchain/bin/../lib/gcc/avr/4.7.2/../../../../avr/lib/avr51\libm.a(fixunssfsi.o)
                                0x24c (size before relaxing)
 .stab          0x00001c08      0x318 c:/program files (x86)/atmel/atmel toolchain/avr8 gcc/native/3.4.2.1002/avr8-gnu-toolchain/bin/../lib/gcc/avr/4.7.2/../../../../avr/lib/avr51\libm.a(floatsisf.o)
                                0x324 (size before relaxing)
 .stab          0x00001f20      0x1a4 c:/program files (x86)/atmel/atmel toolchain/avr8 gcc/native/3.4.2.1002/avr8-gnu-toolchain/bin/../lib/gcc/avr/4.7.2/../../../../avr/lib/avr51\libm.a(fmax.o)
                                0x1b0 (size before relaxing)
 .stab          0x000020c4      0x3e4 c:/program files (x86)/atmel/atmel toolchain/avr8 gcc/native/3.4.2.1002/avr8-gnu-toolchain/bin/../lib/gcc/avr/4.7.2/../../../../avr/lib/avr51\libm.a(fmod.o)
                                0x3f0 (size before relaxing)
 .stab          0x000024a8      0x174 c:/program files (x86)/atmel/atmel toolchain/avr8 gcc/native/3.4.2.1002/avr8-gnu-toolchain/bin/../lib/gcc/avr/4.7.2/../../../../avr/lib/avr51\libm.a(fp_arccos.o)
                                0x180 (size before relaxing)
 .stab          0x0000261c      0x1e0 c:/program files (x86)/atmel/atmel toolchain/avr8 gcc/native/3.4.2.1002/avr8-gnu-toolchain/bin/../lib/gcc/avr/4.7.2/../../../../avr/lib/avr51\libm.a(fp_cmp.o)
                                0x1ec (size before relaxing)
 .stab          0x000027fc       0x78 c:/program files (x86)/atmel/atmel toolchain/avr8 gcc/native/3.4.2.1002/avr8-gnu-toolchain/bin/../lib/gcc/avr/4.7.2/../../../../avr/lib/avr51\libm.a(fp_inf.o)
                                 0x84 (size before relaxing)
 .stab          0x00002874       0xe4 c:/program files (x86)/atmel/atmel toolchain/avr8 gcc/native/3.4.2.1002/avr8-gnu-toolchain/bin/../lib/gcc/avr/4.7.2/../../../../avr/lib/avr51\libm.a(fp_mpack.o)
                                 0xf0 (size before relaxing)
 .stab          0x00002958       0x54 c:/program files (x86)/atmel/atmel toolchain/avr8 gcc/native/3.4.2.1002/avr8-gnu-toolchain/bin/../lib/gcc/avr/4.7.2/../../../../avr/lib/avr51\libm.a(fp_nan.o)
                                 0x60 (size before relaxing)
 .stab          0x000029ac      0x1ec c:/program files (x86)/atmel/atmel toolchain/avr8 gcc/native/3.4.2.1002/avr8-gnu-toolchain/bin/../lib/gcc/avr/4.7.2/../../../../avr/lib/avr51\libm.a(fp_powser.o)
                                0x1f8 (size before relaxing)
 .stab          0x00002b98       0xfc c:/program files (x86)/atmel/atmel toolchain/avr8 gcc/native/3.4.2.1002/avr8-gnu-toolchain/bin/../lib/gcc/avr/4.7.2/../../../../avr/lib/avr51\libm.a(fp_powsodd.o)
                                0x108 (size before relaxing)
 .stab          0x00002c94       0x84 c:/program files (x86)/atmel/atmel toolchain/avr8 gcc/native/3.4.2.1002/avr8-gnu-toolchain/bin/../lib/gcc/avr/4.7.2/../../../../avr/lib/avr51\libm.a(fp_pscA.o)
                                 0x90 (size before relaxing)
 .stab          0x00002d18       0x84 c:/program files (x86)/atmel/atmel toolchain/avr8 gcc/native/3.4.2.1002/avr8-gnu-toolchain/bin/../lib/gcc/avr/4.7.2/../../../../avr/lib/avr51\libm.a(fp_pscB.o)
                                 0x90 (size before relaxing)
 .stab          0x00002d9c      0x21c c:/program files (x86)/atmel/atmel toolchain/avr8 gcc/native/3.4.2.1002/avr8-gnu-toolchain/bin/../lib/gcc/avr/4.7.2/../../../../avr/lib/avr51\libm.a(fp_rempio2.o)
                                0x228 (size before relaxing)
 .stab          0x00002fb8       0xfc c:/program files (x86)/atmel/atmel toolchain/avr8 gcc/native/3.4.2.1002/avr8-gnu-toolchain/bin/../lib/gcc/avr/4.7.2/../../../../avr/lib/avr51\libm.a(fp_round.o)
                                0x108 (size before relaxing)
 .stab          0x000030b4       0xfc c:/program files (x86)/atmel/atmel toolchain/avr8 gcc/native/3.4.2.1002/avr8-gnu-toolchain/bin/../lib/gcc/avr/4.7.2/../../../../avr/lib/avr51\libm.a(fp_sinus.o)
                                0x108 (size before relaxing)
 .stab          0x000031b0      0x1d4 c:/program files (x86)/atmel/atmel toolchain/avr8 gcc/native/3.4.2.1002/avr8-gnu-toolchain/bin/../lib/gcc/avr/4.7.2/../../../../avr/lib/avr51\libm.a(fp_split3.o)
                                0x1e0 (size before relaxing)
 .stab          0x00003384       0x90 c:/program files (x86)/atmel/atmel toolchain/avr8 gcc/native/3.4.2.1002/avr8-gnu-toolchain/bin/../lib/gcc/avr/4.7.2/../../../../avr/lib/avr51\libm.a(fp_zero.o)
                                 0x9c (size before relaxing)
 .stab          0x00003414       0x6c c:/program files (x86)/atmel/atmel toolchain/avr8 gcc/native/3.4.2.1002/avr8-gnu-toolchain/bin/../lib/gcc/avr/4.7.2/../../../../avr/lib/avr51\libm.a(gesf2.o)
                                 0x78 (size before relaxing)
 .stab          0x00003480       0x84 c:/program files (x86)/atmel/atmel toolchain/avr8 gcc/native/3.4.2.1002/avr8-gnu-toolchain/bin/../lib/gcc/avr/4.7.2/../../../../avr/lib/avr51\libm.a(inverse.o)
                                 0x90 (size before relaxing)
 .stab          0x00003504       0x48 c:/program files (x86)/atmel/atmel toolchain/avr8 gcc/native/3.4.2.1002/avr8-gnu-toolchain/bin/../lib/gcc/avr/4.7.2/../../../../avr/lib/avr51\libm.a(mulsf3.o)
                                 0x54 (size before relaxing)
 .stab          0x0000354c      0x4d4 c:/program files (x86)/atmel/atmel toolchain/avr8 gcc/native/3.4.2.1002/avr8-gnu-toolchain/bin/../lib/gcc/avr/4.7.2/../../../../avr/lib/avr51\libm.a(mulsf3x.o)
                                0x4e0 (size before relaxing)
 .stab          0x00003a20       0x78 c:/program files (x86)/atmel/atmel toolchain/avr8 gcc/native/3.4.2.1002/avr8-gnu-toolchain/bin/../lib/gcc/avr/4.7.2/../../../../avr/lib/avr51\libm.a(sin.o)
                                 0x84 (size before relaxing)
 .stab          0x00003a98      0x354 c:/program files (x86)/atmel/atmel toolchain/avr8 gcc/native/3.4.2.1002/avr8-gnu-toolchain/bin/../lib/gcc/avr/4.7.2/../../../../avr/lib/avr51\libm.a(sqrt.o)
                                0x360 (size before relaxing)
 .stab          0x00003dec       0x54 c:/program files (x86)/atmel/atmel toolchain/avr8 gcc/native/3.4.2.1002/avr8-gnu-toolchain/bin/../lib/gcc/avr/4.7.2/../../../../avr/lib/avr51\libm.a(square.o)
                                 0x60 (size before relaxing)
 .stab          0x00003e40       0x84 c:/program files (x86)/atmel/atmel toolchain/avr8 gcc/native/3.4.2.1002/avr8-gnu-toolchain/bin/../lib/gcc/avr/4.7.2/../../../../avr/lib/avr51\libm.a(fp_norm2.o)
                                 0x90 (size before relaxing)
 .stab          0x00003ec4       0xb4 c:/program files (x86)/atmel/atmel toolchain/avr8 gcc/native/3.4.2.1002/avr8-gnu-toolchain/bin/../lib/gcc/avr/4.7.2/../../../../avr/lib/avr51\libc.a(memcmp.o)
                                 0xc0 (size before relaxing)
 .stab          0x00003f78       0x84 c:/program files (x86)/atmel/atmel toolchain/avr8 gcc/native/3.4.2.1002/avr8-gnu-toolchain/bin/../lib/gcc/avr/4.7.2/../../../../avr/lib/avr51\libc.a(memcpy.o)
                                 0x90 (size before relaxing)

.stabstr        0x00000000     0x1232
 *(.stabstr)
 .stabstr       0x00000000     0x1232 c:/program files (x86)/atmel/atmel toolchain/avr8 gcc/native/3.4.2.1002/avr8-gnu-toolchain/bin/../lib/gcc/avr/4.7.2/../../../../avr/lib/avr51/crtm1284p.o

.stab.excl
 *(.stab.excl)

.stab.exclstr
 *(.stab.exclstr)

.stab.index
 *(.stab.index)

.stab.indexstr
 *(.stab.indexstr)

.comment        0x00000000       0x2f
 *(.comment)
 .comment       0x00000000       0x2f counter.o
                                 0x30 (size before relaxing)
 .comment       0x00000000       0x30 fifo.o
 .comment       0x00000000       0x30 Gangenheten.o
 .comment       0x00000000       0x30 highLevelWalking.o
 .comment       0x00000000       0x30 I2Cdev.o
 .comment       0x00000000       0x30 inverseKinematics.o
 .comment       0x00000000       0x30 MPU6050.o
 .comment       0x00000000       0x30 MpuInit.o
 .comment       0x00000000       0x30 serialServoControl.o
 .comment       0x00000000       0x30 usart.o
 .comment       0x00000000       0x30 c:/program files (x86)/atmel/atmel toolchain/avr8 gcc/native/3.4.2.1002/avr8-gnu-toolchain/bin/../lib/gcc/avr/4.7.2/../../../../avr/lib/avr51\libc.a(malloc.o)
 .comment       0x00000000       0x30 c:/program files (x86)/atmel/atmel toolchain/avr8 gcc/native/3.4.2.1002/avr8-gnu-toolchain/bin/../lib/gcc/avr/4.7.2/../../../../avr/lib/avr51\libc.a(realloc.o)

.debug
 *(.debug)

.line
 *(.line)

.debug_srcinfo
 *(.debug_srcinfo)

.debug_sfnames
 *(.debug_sfnames)

.debug_aranges  0x00000000      0xe90
 *(.debug_aranges)
 .debug_aranges
                0x00000000       0x50 counter.o
 .debug_aranges
                0x00000050       0x30 fifo.o
 .debug_aranges
                0x00000080       0x30 Gangenheten.o
 .debug_aranges
                0x000000b0       0xb8 highLevelWalking.o
 .debug_aranges
                0x00000168       0xf0 I2Cdev.o
 .debug_aranges
                0x00000258      0x100 inverseKinematics.o
 .debug_aranges
                0x00000358      0x840 MPU6050.o
 .debug_aranges
                0x00000b98       0xe8 MpuInit.o
 .debug_aranges
                0x00000c80       0xb8 serialServoControl.o
 .debug_aranges
                0x00000d38      0x110 usart.o
 .debug_aranges
                0x00000e48       0x28 c:/program files (x86)/atmel/atmel toolchain/avr8 gcc/native/3.4.2.1002/avr8-gnu-toolchain/bin/../lib/gcc/avr/4.7.2/../../../../avr/lib/avr51\libc.a(malloc.o)
 .debug_aranges
                0x00000e70       0x20 c:/program files (x86)/atmel/atmel toolchain/avr8 gcc/native/3.4.2.1002/avr8-gnu-toolchain/bin/../lib/gcc/avr/4.7.2/../../../../avr/lib/avr51\libc.a(realloc.o)

.debug_pubnames
 *(.debug_pubnames)

.debug_info     0x00000000    0x13c60
 *(.debug_info)
 .debug_info    0x00000000      0x1f4 counter.o
 .debug_info    0x000001f4      0x1bc fifo.o
 .debug_info    0x000003b0      0x4f0 Gangenheten.o
 .debug_info    0x000008a0     0x2488 highLevelWalking.o
 .debug_info    0x00002d28     0x145d I2Cdev.o
 .debug_info    0x00004185      0x895 inverseKinematics.o
 .debug_info    0x00004a1a     0x8705 MPU6050.o
 .debug_info    0x0000d11f     0x4df7 MpuInit.o
 .debug_info    0x00011f16      0xb8d serialServoControl.o
 .debug_info    0x00012aa3      0xce6 usart.o
 .debug_info    0x00013789      0x23d c:/program files (x86)/atmel/atmel toolchain/avr8 gcc/native/3.4.2.1002/avr8-gnu-toolchain/bin/../lib/gcc/avr/4.7.2/../../../../avr/lib/avr51\libc.a(malloc.o)
 .debug_info    0x000139c6      0x29a c:/program files (x86)/atmel/atmel toolchain/avr8 gcc/native/3.4.2.1002/avr8-gnu-toolchain/bin/../lib/gcc/avr/4.7.2/../../../../avr/lib/avr51\libc.a(realloc.o)
 *(.gnu.linkonce.wi.*)

.debug_abbrev   0x00000000     0x1a73
 *(.debug_abbrev)
 .debug_abbrev  0x00000000      0x106 counter.o
 .debug_abbrev  0x00000106       0xd2 fifo.o
 .debug_abbrev  0x000001d8      0x16d Gangenheten.o
 .debug_abbrev  0x00000345      0x2cd highLevelWalking.o
 .debug_abbrev  0x00000612      0x30e I2Cdev.o
 .debug_abbrev  0x00000920      0x17f inverseKinematics.o
 .debug_abbrev  0x00000a9f      0x2be MPU6050.o
 .debug_abbrev  0x00000d5d      0x4d1 MpuInit.o
 .debug_abbrev  0x0000122e      0x2be serialServoControl.o
 .debug_abbrev  0x000014ec      0x354 usart.o
 .debug_abbrev  0x00001840       0xf9 c:/program files (x86)/atmel/atmel toolchain/avr8 gcc/native/3.4.2.1002/avr8-gnu-toolchain/bin/../lib/gcc/avr/4.7.2/../../../../avr/lib/avr51\libc.a(malloc.o)
 .debug_abbrev  0x00001939      0x13a c:/program files (x86)/atmel/atmel toolchain/avr8 gcc/native/3.4.2.1002/avr8-gnu-toolchain/bin/../lib/gcc/avr/4.7.2/../../../../avr/lib/avr51\libc.a(realloc.o)

.debug_line     0x00000000     0x6a13
 *(.debug_line)
 .debug_line    0x00000000      0x1d5 counter.o
 .debug_line    0x000001d5      0x151 fifo.o
 .debug_line    0x00000326      0x28d Gangenheten.o
 .debug_line    0x000005b3     0x1617 highLevelWalking.o
 .debug_line    0x00001bca      0x9ca I2Cdev.o
 .debug_line    0x00002594      0x3d6 inverseKinematics.o
 .debug_line    0x0000296a     0x2333 MPU6050.o
 .debug_line    0x00004c9d      0x9c4 MpuInit.o
 .debug_line    0x00005661      0x779 serialServoControl.o
 .debug_line    0x00005dda      0x832 usart.o
 .debug_line    0x0000660c      0x20e c:/program files (x86)/atmel/atmel toolchain/avr8 gcc/native/3.4.2.1002/avr8-gnu-toolchain/bin/../lib/gcc/avr/4.7.2/../../../../avr/lib/avr51\libc.a(malloc.o)
 .debug_line    0x0000681a      0x1f9 c:/program files (x86)/atmel/atmel toolchain/avr8 gcc/native/3.4.2.1002/avr8-gnu-toolchain/bin/../lib/gcc/avr/4.7.2/../../../../avr/lib/avr51\libc.a(realloc.o)

.debug_frame    0x00000000     0x395c
 *(.debug_frame)
 .debug_frame   0x00000000       0x94 counter.o
 .debug_frame   0x00000094       0x68 fifo.o
 .debug_frame   0x000000fc       0x54 Gangenheten.o
 .debug_frame   0x00000150      0x5c4 highLevelWalking.o
 .debug_frame   0x00000714      0x540 I2Cdev.o
 .debug_frame   0x00000c54      0x420 inverseKinematics.o
 .debug_frame   0x00001074     0x1de4 MPU6050.o
 .debug_frame   0x00002e58      0x47c MpuInit.o
 .debug_frame   0x000032d4      0x2c8 serialServoControl.o
 .debug_frame   0x0000359c      0x2f8 usart.o
 .debug_frame   0x00003894       0x68 c:/program files (x86)/atmel/atmel toolchain/avr8 gcc/native/3.4.2.1002/avr8-gnu-toolchain/bin/../lib/gcc/avr/4.7.2/../../../../avr/lib/avr51\libc.a(malloc.o)
 .debug_frame   0x000038fc       0x60 c:/program files (x86)/atmel/atmel toolchain/avr8 gcc/native/3.4.2.1002/avr8-gnu-toolchain/bin/../lib/gcc/avr/4.7.2/../../../../avr/lib/avr51\libc.a(realloc.o)

.debug_str      0x00000000     0x6d73
 *(.debug_str)
 .debug_str     0x00000000      0x18c counter.o
                                0x1dc (size before relaxing)
 .debug_str     0x0000018c       0xce fifo.o
                                0x16c (size before relaxing)
 .debug_str     0x0000025a      0x317 Gangenheten.o
                                0x47f (size before relaxing)
 .debug_str     0x00000571      0xd41 highLevelWalking.o
                                0xf21 (size before relaxing)
 .debug_str     0x000012b2      0x4c8 I2Cdev.o
                                0x576 (size before relaxing)
 .debug_str     0x0000177a       0x89 inverseKinematics.o
                                0x55f (size before relaxing)
 .debug_str     0x00001803     0x387d MPU6050.o
                               0x3b1f (size before relaxing)
 .debug_str     0x00005080     0x14c4 MpuInit.o
                               0x4e34 (size before relaxing)
 .debug_str     0x00006544      0x365 serialServoControl.o
                                0x6f3 (size before relaxing)
 .debug_str     0x000068a9      0x35b usart.o
                                0x7c9 (size before relaxing)
 .debug_str     0x00006c04       0xf4 c:/program files (x86)/atmel/atmel toolchain/avr8 gcc/native/3.4.2.1002/avr8-gnu-toolchain/bin/../lib/gcc/avr/4.7.2/../../../../avr/lib/avr51\libc.a(malloc.o)
                                0x17c (size before relaxing)
 .debug_str     0x00006cf8       0x7b c:/program files (x86)/atmel/atmel toolchain/avr8 gcc/native/3.4.2.1002/avr8-gnu-toolchain/bin/../lib/gcc/avr/4.7.2/../../../../avr/lib/avr51\libc.a(realloc.o)
                                0x15c (size before relaxing)

.debug_loc      0x00000000    0x10d1e
 *(.debug_loc)
 .debug_loc     0x00000000       0xce counter.o
 .debug_loc     0x000000ce      0x17b fifo.o
 .debug_loc     0x00000249       0x78 Gangenheten.o
 .debug_loc     0x000002c1     0x1627 highLevelWalking.o
 .debug_loc     0x000018e8     0x1fdd I2Cdev.o
 .debug_loc     0x000038c5      0xe54 inverseKinematics.o
 .debug_loc     0x00004719     0x8b28 MPU6050.o
 .debug_loc     0x0000d241     0x1693 MpuInit.o
 .debug_loc     0x0000e8d4      0xe95 serialServoControl.o
 .debug_loc     0x0000f769      0xadf usart.o
 .debug_loc     0x00010248      0x4f8 c:/program files (x86)/atmel/atmel toolchain/avr8 gcc/native/3.4.2.1002/avr8-gnu-toolchain/bin/../lib/gcc/avr/4.7.2/../../../../avr/lib/avr51\libc.a(malloc.o)
 .debug_loc     0x00010740      0x5de c:/program files (x86)/atmel/atmel toolchain/avr8 gcc/native/3.4.2.1002/avr8-gnu-toolchain/bin/../lib/gcc/avr/4.7.2/../../../../avr/lib/avr51\libc.a(realloc.o)

.debug_macinfo
 *(.debug_macinfo)

.debug_pubtypes
 *(.debug_pubtypes)

.debug_ranges   0x00000000      0xe80
 *(.debug_ranges)
 .debug_ranges  0x00000000       0x40 counter.o
 .debug_ranges  0x00000040       0x20 fifo.o
 .debug_ranges  0x00000060       0x38 Gangenheten.o
 .debug_ranges  0x00000098       0xa8 highLevelWalking.o
 .debug_ranges  0x00000140      0x110 I2Cdev.o
 .debug_ranges  0x00000250       0xf0 inverseKinematics.o
 .debug_ranges  0x00000340      0x860 MPU6050.o
 .debug_ranges  0x00000ba0       0xf8 MpuInit.o
 .debug_ranges  0x00000c98       0xa8 serialServoControl.o
 .debug_ranges  0x00000d40      0x118 usart.o
 .debug_ranges  0x00000e58       0x18 c:/program files (x86)/atmel/atmel toolchain/avr8 gcc/native/3.4.2.1002/avr8-gnu-toolchain/bin/../lib/gcc/avr/4.7.2/../../../../avr/lib/avr51\libc.a(malloc.o)
 .debug_ranges  0x00000e70       0x10 c:/program files (x86)/atmel/atmel toolchain/avr8 gcc/native/3.4.2.1002/avr8-gnu-toolchain/bin/../lib/gcc/avr/4.7.2/../../../../avr/lib/avr51\libc.a(realloc.o)

.debug_macro
 *(.debug_macro)
OUTPUT(Gangenheten.elf elf32-avr)
LOAD linker stubs
