Archive member included because of file (symbol)

c:/program files (x86)/atmel/atmel toolchain/avr8 gcc/native/3.4.2.1002/avr8-gnu-toolchain/bin/../lib/gcc/avr/4.7.2/../../../../avr/lib/avr51\libm.a(acos.o)
                              inverseKinematics.o (acos)
c:/program files (x86)/atmel/atmel toolchain/avr8 gcc/native/3.4.2.1002/avr8-gnu-toolchain/bin/../lib/gcc/avr/4.7.2/../../../../avr/lib/avr51\libm.a(addsf3.o)
                              highLevelWalking.o (__subsf3)
c:/program files (x86)/atmel/atmel toolchain/avr8 gcc/native/3.4.2.1002/avr8-gnu-toolchain/bin/../lib/gcc/avr/4.7.2/../../../../avr/lib/avr51\libm.a(addsf3x.o)
                              c:/program files (x86)/atmel/atmel toolchain/avr8 gcc/native/3.4.2.1002/avr8-gnu-toolchain/bin/../lib/gcc/avr/4.7.2/../../../../avr/lib/avr51\libm.a(acos.o) (__addsf3x)
c:/program files (x86)/atmel/atmel toolchain/avr8 gcc/native/3.4.2.1002/avr8-gnu-toolchain/bin/../lib/gcc/avr/4.7.2/../../../../avr/lib/avr51\libm.a(asin.o)
                              inverseKinematics.o (asin)
c:/program files (x86)/atmel/atmel toolchain/avr8 gcc/native/3.4.2.1002/avr8-gnu-toolchain/bin/../lib/gcc/avr/4.7.2/../../../../avr/lib/avr51\libm.a(atan2.o)
                              MpuInit.o (atan2)
c:/program files (x86)/atmel/atmel toolchain/avr8 gcc/native/3.4.2.1002/avr8-gnu-toolchain/bin/../lib/gcc/avr/4.7.2/../../../../avr/lib/avr51\libm.a(atan.o)
                              inverseKinematics.o (atan)
c:/program files (x86)/atmel/atmel toolchain/avr8 gcc/native/3.4.2.1002/avr8-gnu-toolchain/bin/../lib/gcc/avr/4.7.2/../../../../avr/lib/avr51\libm.a(cmpsf2.o)
                              highLevelWalking.o (__eqsf2)
c:/program files (x86)/atmel/atmel toolchain/avr8 gcc/native/3.4.2.1002/avr8-gnu-toolchain/bin/../lib/gcc/avr/4.7.2/../../../../avr/lib/avr51\libm.a(cos.o)
                              highLevelWalking.o (cos)
c:/program files (x86)/atmel/atmel toolchain/avr8 gcc/native/3.4.2.1002/avr8-gnu-toolchain/bin/../lib/gcc/avr/4.7.2/../../../../avr/lib/avr51\libm.a(divsf3.o)
                              highLevelWalking.o (__divsf3)
c:/program files (x86)/atmel/atmel toolchain/avr8 gcc/native/3.4.2.1002/avr8-gnu-toolchain/bin/../lib/gcc/avr/4.7.2/../../../../avr/lib/avr51\libm.a(divsf3x.o)
                              c:/program files (x86)/atmel/atmel toolchain/avr8 gcc/native/3.4.2.1002/avr8-gnu-toolchain/bin/../lib/gcc/avr/4.7.2/../../../../avr/lib/avr51\libm.a(divsf3.o) (__divsf3x)
c:/program files (x86)/atmel/atmel toolchain/avr8 gcc/native/3.4.2.1002/avr8-gnu-toolchain/bin/../lib/gcc/avr/4.7.2/../../../../avr/lib/avr51\libm.a(fixsfsi.o)
                              highLevelWalking.o (__fixsfsi)
c:/program files (x86)/atmel/atmel toolchain/avr8 gcc/native/3.4.2.1002/avr8-gnu-toolchain/bin/../lib/gcc/avr/4.7.2/../../../../avr/lib/avr51\libm.a(fixunssfsi.o)
                              counter.o (__fixunssfsi)
c:/program files (x86)/atmel/atmel toolchain/avr8 gcc/native/3.4.2.1002/avr8-gnu-toolchain/bin/../lib/gcc/avr/4.7.2/../../../../avr/lib/avr51\libm.a(floatsisf.o)
                              counter.o (__floatunsisf)
c:/program files (x86)/atmel/atmel toolchain/avr8 gcc/native/3.4.2.1002/avr8-gnu-toolchain/bin/../lib/gcc/avr/4.7.2/../../../../avr/lib/avr51\libm.a(fmax.o)
                              highLevelWalking.o (fmax)
c:/program files (x86)/atmel/atmel toolchain/avr8 gcc/native/3.4.2.1002/avr8-gnu-toolchain/bin/../lib/gcc/avr/4.7.2/../../../../avr/lib/avr51\libm.a(fmod.o)
                              highLevelWalking.o (fmod)
c:/program files (x86)/atmel/atmel toolchain/avr8 gcc/native/3.4.2.1002/avr8-gnu-toolchain/bin/../lib/gcc/avr/4.7.2/../../../../avr/lib/avr51\libm.a(fp_arccos.o)
                              c:/program files (x86)/atmel/atmel toolchain/avr8 gcc/native/3.4.2.1002/avr8-gnu-toolchain/bin/../lib/gcc/avr/4.7.2/../../../../avr/lib/avr51\libm.a(acos.o) (__fp_arccos)
c:/program files (x86)/atmel/atmel toolchain/avr8 gcc/native/3.4.2.1002/avr8-gnu-toolchain/bin/../lib/gcc/avr/4.7.2/../../../../avr/lib/avr51\libm.a(fp_cmp.o)
                              c:/program files (x86)/atmel/atmel toolchain/avr8 gcc/native/3.4.2.1002/avr8-gnu-toolchain/bin/../lib/gcc/avr/4.7.2/../../../../avr/lib/avr51\libm.a(cmpsf2.o) (__fp_cmp)
c:/program files (x86)/atmel/atmel toolchain/avr8 gcc/native/3.4.2.1002/avr8-gnu-toolchain/bin/../lib/gcc/avr/4.7.2/../../../../avr/lib/avr51\libm.a(fp_inf.o)
                              c:/program files (x86)/atmel/atmel toolchain/avr8 gcc/native/3.4.2.1002/avr8-gnu-toolchain/bin/../lib/gcc/avr/4.7.2/../../../../avr/lib/avr51\libm.a(addsf3x.o) (__fp_inf)
c:/program files (x86)/atmel/atmel toolchain/avr8 gcc/native/3.4.2.1002/avr8-gnu-toolchain/bin/../lib/gcc/avr/4.7.2/../../../../avr/lib/avr51\libm.a(fp_mpack.o)
[...]
Memory Configuration

Name             Origin             Length             Attributes
text             0x00000000         0x00020000         xr
data             0x00800100         0x0000ff00         rw !x
eeprom           0x00810000         0x00010000         rw !x
fuse             0x00820000         0x00000400         rw !x
lock             0x00830000         0x00000400         rw !x
signature        0x00840000         0x00000400         rw !x
user_signatures  0x00850000         0x00000400         rw !x
*default*        0x00000000         0xffffffff

Linker script and memory map

Address of section .data set to 0x800100
LOAD c:/program files (x86)/atmel/atmel toolchain/avr8 gcc/native/3.4.2.1002/avr8-gnu-toolchain/bin/../lib/gcc/avr/4.7.2/../../../../avr/lib/avr51/crtm1284p.o
LOAD counter.o
LOAD fifo.o
LOAD Gangenheten.o
LOAD highLevelWalking.o
LOAD I2Cdev.o
LOAD inverseKinematics.o
LOAD MPU6050.o
LOAD MpuInit.o
LOAD serialServoControl.o
LOAD usart.o
START GROUP
LOAD c:/program files (x86)/atmel/atmel toolchain/avr8 gcc/native/3.4.2.1002/avr8-gnu-toolchain/bin/../lib/gcc/avr/4.7.2/../../../../avr/lib/avr51\libm.a
END GROUP
LOAD c:/program files (x86)/atmel/atmel toolchain/avr8 gcc/native/3.4.2.1002/avr8-gnu-toolchain/bin/../lib/gcc/avr/4.7.2/avr51\libgcc.a
LOAD c:/program files (x86)/atmel/atmel toolchain/avr8 gcc/native/3.4.2.1002/avr8-gnu-toolchain/bin/../lib/gcc/avr/4.7.2/../../../../avr/lib/avr51\libm.a
LOAD c:/program files (x86)/atmel/atmel toolchain/avr8 gcc/native/3.4.2.1002/avr8-gnu-toolchain/bin/../lib/gcc/avr/4.7.2/avr51\libgcc.a
LOAD c:/program files (x86)/atmel/atmel toolchain/avr8 gcc/native/3.4.2.1002/avr8-gnu-toolchain/bin/../lib/gcc/avr/4.7.2/../../../../avr/lib/avr51\libc.a
LOAD c:/program files (x86)/atmel/atmel toolchain/avr8 gcc/native/3.4.2.1002/avr8-gnu-toolchain/bin/../lib/gcc/avr/4.7.2/avr51\libgcc.a

.hash
 *(.hash)

.dynsym
 *(.dynsym)

.dynstr
 *(.dynstr)

.gnu.version
 *(.gnu.version)

.gnu.version_d
 *(.gnu.version_d)

.gnu.version_r
 *(.gnu.version_r)

.rel.init
 *(.rel.init)

.rela.init
 *(.rela.init)

.rel.text
 *(.rel.text)
 *(.rel.text.*)
 *(.rel.gnu.linkonce.t*)

.rela.text
 *(.rela.text)
 *(.rela.text.*)
 *(.rela.gnu.linkonce.t*)

.rel.fini
 *(.rel.fini)

.rela.fini
 *(.rela.fini)

.rel.rodata
 *(.rel.rodata)
 *(.rel.rodata.*)
 *(.rel.gnu.linkonce.r*)

.rela.rodata
 *(.rela.rodata)
 *(.rela.rodata.*)
 *(.rela.gnu.linkonce.r*)

.rel.data
 *(.rel.data)
 *(.rel.data.*)
 *(.rel.gnu.linkonce.d*)

.rela.data
 *(.rela.data)
 *(.rela.data.*)
 *(.rela.gnu.linkonce.d*)

.rel.ctors
 *(.rel.ctors)

.rela.ctors
 *(.rela.ctors)

.rel.dtors
 *(.rel.dtors)

.rela.dtors
 *(.rela.dtors)

.rel.got
 *(.rel.got)

.rela.got
 *(.rela.got)

.rel.bss
 *(.rel.bss)

.rela.bss
 *(.rela.bss)

.rel.plt
 *(.rel.plt)

.rela.plt
 *(.rela.plt)

.text           0x00000000     0x7dda
 *(.vectors)
 .vectors       0x00000000       0x8c c:/program files (x86)/atmel/atmel toolchain/avr8 gcc/native/3.4.2.1002/avr8-gnu-toolchain/bin/../lib/gcc/avr/4.7.2/../../../../avr/lib/avr51/crtm1284p.o
                0x00000000                __vector_default
                0x00000000                __vectors
 *(.vectors)
 *(.progmem.gcc*)
 .progmem.gcc_fplib
                0x0000008c       0x14 c:/program files (x86)/atmel/atmel toolchain/avr8 gcc/native/3.4.2.1002/avr8-gnu-toolchain/bin/../lib/gcc/avr/4.7.2/../../../../avr/lib/avr51\libm.a(asin.o)
 .progmem.gcc_fplib
                0x000000a0       0x2d c:/program files (x86)/atmel/atmel toolchain/avr8 gcc/native/3.4.2.1002/avr8-gnu-toolchain/bin/../lib/gcc/avr/4.7.2/../../../../avr/lib/avr51\libm.a(atan.o)
 .progmem.gcc_fplib
                0x000000cd       0x28 c:/program files (x86)/atmel/atmel toolchain/avr8 gcc/native/3.4.2.1002/avr8-gnu-toolchain/bin/../lib/gcc/avr/4.7.2/../../../../avr/lib/avr51\libm.a(fp_arccos.o)
 .progmem.gcc_fplib
                0x000000f5       0x1e c:/program files (x86)/atmel/atmel toolchain/avr8 gcc/native/3.4.2.1002/avr8-gnu-toolchain/bin/../lib/gcc/avr/4.7.2/../../../../avr/lib/avr51\libm.a(fp_sinus.o)
 *(.progmem*)
 .progmem.data._ZL9dmpMemory
                0x00000113      0x789 MpuInit.o
 .progmem.data._ZL9dmpConfig
                0x0000089c       0xc0 MpuInit.o
 .progmem.data._ZL10dmpUpdates
                0x0000095c       0x2f MpuInit.o
                0x0000098c                . = ALIGN (0x2)
 *fill*         0x0000098b        0x1 
                0x0000098c                __trampolines_start = .
 *(.trampolines)
 .trampolines   0x0000098c        0x0 linker stubs
 *(.trampolines*)
                0x0000098c                __trampolines_end = .
 *(.jumptables)
 *(.jumptables*)
 *(.lowtext)
 *(.lowtext*)
                0x0000098c                __ctors_start = .
 *(.ctors)
 .ctors         0x0000098c        0x2 MpuInit.o
                0x0000098e                __ctors_end = .
                0x0000098e                __dtors_start = .
 *(.dtors)
                0x0000098e                __dtors_end = .
 SORT(*)(.ctors)
 SORT(*)(.dtors)
 *(.init0)
 .init0         0x0000098e        0x0 c:/program files (x86)/atmel/atmel toolchain/avr8 gcc/native/3.4.2.1002/avr8-gnu-toolchain/bin/../lib/gcc/avr/4.7.2/../../../../avr/lib/avr51/crtm1284p.o
                0x0000098e                __init
 *(.init0)
 *(.init1)
 *(.init1)
 *(.init2)
 .init2         0x0000098e        0xc c:/program files (x86)/atmel/atmel toolchain/avr8 gcc/native/3.4.2.1002/avr8-gnu-toolchain/bin/../lib/gcc/avr/4.7.2/../../../../avr/lib/avr51/crtm1284p.o
 *(.init2)
 *(.init3)
 *(.init3)
 *(.init4)
 .init4         0x0000099a       0x1a c:/program files (x86)/atmel/atmel toolchain/avr8 gcc/native/3.4.2.1002/avr8-gnu-toolchain/bin/../lib/gcc/avr/4.7.2/avr51\libgcc.a(_copy_data.o)
                0x0000099a                __do_copy_data
 .init4         0x000009b4       0x10 c:/program files (x86)/atmel/atmel toolchain/avr8 gcc/native/3.4.2.1002/avr8-gnu-toolchain/bin/../lib/gcc/avr/4.7.2/avr51\libgcc.a(_clear_bss.o)
                0x000009b4                __do_clear_bss
 *(.init4)
 *(.init5)
 *(.init5)
 *(.init6)
 .init6         0x000009c4       0x20 c:/program files (x86)/atmel/atmel toolchain/avr8 gcc/native/3.4.2.1002/avr8-gnu-toolchain/bin/../lib/gcc/avr/4.7.2/avr51\libgcc.a(_ctors.o)
                0x000009c4                __do_global_ctors
 *(.init6)
 *(.init7)
 *(.init7)
 *(.init8)
 *(.init8)
 *(.init9)
 .init9         0x000009e4        0x6 c:/program files (x86)/atmel/atmel toolchain/avr8 gcc/native/3.4.2.1002/avr8-gnu-toolchain/bin/../lib/gcc/avr/4.7.2/../../../../avr/lib/avr51/crtm1284p.o
 *(.init9)
 *(.text)
 .text          0x000009ea        0x2 c:/program files (x86)/atmel/atmel toolchain/avr8 gcc/native/3.4.2.1002/avr8-gnu-toolchain/bin/../lib/gcc/avr/4.7.2/../../../../avr/lib/avr51/crtm1284p.o
                0x000009ea                __vector_22
                0x000009ea                __vector_1
                0x000009ea                __vector_34
                0x000009ea                __vector_24
                0x000009ea                __vector_12
                0x000009ea                __bad_interrupt
                0x000009ea                __vector_6
                0x000009ea                __vector_31
                0x000009ea                __vector_3
                0x000009ea                __vector_23
                0x000009ea                __vector_30
                0x000009ea                __vector_25
                0x000009ea                __vector_11
                0x000009ea                __vector_17
                0x000009ea                __vector_19
                0x000009ea                __vector_7
                0x000009ea                __vector_27
                0x000009ea                __vector_5
                0x000009ea                __vector_33
                0x000009ea                __vector_9
                0x000009ea                __vector_2
                0x000009ea                __vector_21
                0x000009ea                __vector_15
                0x000009ea                __vector_29
                0x000009ea                __vector_8
                0x000009ea                __vector_26
                0x000009ea                __vector_14
                0x000009ea                __vector_10
                0x000009ea                __vector_16
                0x000009ec                . = ALIGN (0x2)
 *(.text.*)
 .text._Z15reset_counter_1v
                0x000009ec        0xa counter.o
                0x000009ec                _Z15reset_counter_1v
 .text._Z13set_counter_1j
                0x000009f6       0x24 counter.o
                0x000009f6                _Z13set_counter_1j
 .text._Z15reset_counter_3v
                0x00000a1a        0xa counter.o
                0x00000a1a                _Z15reset_counter_3v
 .text._Z13set_counter_3j
                0x00000a24       0x24 counter.o
                0x00000a24                _Z13set_counter_3j
 .text._Z13init_countersv
                0x00000a48       0x46 counter.o
                0x00000a48                _Z13init_countersv
 .text._Z4waitj
                0x00000a8e       0x1c counter.o
                0x00000a8e                _Z4waitj
 .text.__vector_32
                0x00000aaa       0x26 counter.o
                0x00000aaa                __vector_32
 .text._Z14FifoDataLengthP4fifo
                0x00000ad0       0x10 fifo.o
                0x00000ad0                _Z14FifoDataLengthP4fifo
 .text._Z9FifoWriteP4fifoh
                0x00000ae0       0x40 fifo.o
                0x00000ae0                _Z9FifoWriteP4fifoh
 .text._Z8FifoReadP4fifoPh
                0x00000b20       0x46 fifo.o
                0x00000b20                _Z8FifoReadP4fifoPh
 .text.__vector_13
                0x00000b66       0x32 Gangenheten.o
                0x00000b66                __vector_13
 .text._Z22wait_until_gyro_stablev
                0x00000b98        0x6 Gangenheten.o
                0x00000b98                _Z22wait_until_gyro_stablev
 .text.main     0x00000b9e       0x66 Gangenheten.o
                0x00000b9e                main
 .text._Z11init_structP7LegData
                0x00000c04       0x70 highLevelWalking.o
                0x00000c04                _Z11init_structP7LegData
 .text._Z7initvarv
                0x00000c74      0x33a highLevelWalking.o
                0x00000c74                _Z7initvarv
 .text._Z15update_leg_infoP7LegData
                0x00000fae      0x100 highLevelWalking.o
                0x00000fae                _Z15update_leg_infoP7LegData
 .text._Z10step_startP7LegData
                0x000010ae       0x54 highLevelWalking.o
                0x000010ae                _Z10step_startP7LegData
 .text._Z21step_part1_calculatorP7LegData
                0x00001102      0x100 highLevelWalking.o
                0x00001102                _Z21step_part1_calculatorP7LegData
 .text._Z21step_part2_calculatorP7LegData
                0x00001202       0x74 highLevelWalking.o
                0x00001202                _Z21step_part2_calculatorP7LegData
 .text._Z15leg_motion_initv
                0x00001276      0x242 highLevelWalking.o
                0x00001276                _Z15leg_motion_initv
 .text._Z8move_legP7LegDataf
                0x000014b8      0x3f8 highLevelWalking.o
                0x000014b8                _Z8move_legP7LegDataf
 .text._Z13leg_move_downP7LegData
                0x000018b0      0x226 highLevelWalking.o
                0x000018b0                _Z13leg_move_downP7LegData
 .text._Z14leg_check_downP7LegData
                0x00001ad6      0x3a8 highLevelWalking.o
                0x00001ad6                _Z14leg_check_downP7LegData
 .text._Z10move_climbP7LegDataf
                0x00001e7e      0x5a0 highLevelWalking.o
                0x00001e7e                _Z10move_climbP7LegDataf
 .text._Z10leg_motionv
                0x0000241e      0x8b6 highLevelWalking.o
                0x0000241e                _Z10leg_motionv
 .text._Z10move_robotiii
                0x00002cd4      0xb02 highLevelWalking.o
                0x00002cd4                _Z10move_robotiii
 .text._Z8change_zf
                0x000037d6       0x64 highLevelWalking.o
                0x000037d6                _Z8change_zf
 .text._Z11move_to_stdv
                0x0000383a      0x296 highLevelWalking.o
                0x0000383a                _Z11move_to_stdv
 .text._Z5climbv
                0x00003ad0      0x910 highLevelWalking.o
                0x00003ad0                _Z5climbv
 .text.__vector_18
                0x000043e0       0x94 I2Cdev.o
                0x000043e0                __vector_18
 .text._Z6millisv
                0x00004474       0x2a I2Cdev.o
                0x00004474                _Z6millisv
 .text._ZN8Fastwire7waitIntEv
                0x0000449e       0x20 I2Cdev.o
                0x0000449e                _ZN8Fastwire7waitIntEv
 .text._ZN8Fastwire5setupEih
                0x000044be       0x60 I2Cdev.o
                0x000044be                _ZN8Fastwire5setupEih
 .text._ZN8Fastwire17beginTransmissionEh
                0x0000451e       0xa2 I2Cdev.o
                0x0000451e                _ZN8Fastwire17beginTransmissionEh
 .text._ZN8Fastwire5writeEh
                0x000045c0       0x26 I2Cdev.o
                0x000045c0                _ZN8Fastwire5writeEh
 .text._ZN8Fastwire4stopEv
                0x000045e6       0x12 I2Cdev.o
                0x000045e6                _ZN8Fastwire4stopEv
 .text._ZN8Fastwire7readBufEhhPhh
                0x000045f8      0x202 I2Cdev.o
                0x000045f8                _ZN8Fastwire7readBufEhhPhh
 .text._ZN6I2Cdev9readBytesEhhhPhj
                0x000047fa       0x8c I2Cdev.o
                0x000047fa                _ZN6I2Cdev9readBytesEhhhPhj
 .text._ZN6I2Cdev8readByteEhhPhj
                0x00004886       0x12 I2Cdev.o
                0x00004886                _ZN6I2Cdev8readByteEhhPhj
 .text._ZN6I2Cdev8readBitsEhhhhPhj
                0x00004898       0x7e I2Cdev.o
                0x00004898                _ZN6I2Cdev8readBitsEhhhhPhj
 .text._ZN6I2Cdev7readBitEhhhPhj
                0x00004916       0x4c I2Cdev.o
                0x00004916                _ZN6I2Cdev7readBitEhhhPhj
 .text._ZN6I2Cdev10writeWordsEhhhPj
                0x00004962       0x6c I2Cdev.o
                0x00004962                _ZN6I2Cdev10writeWordsEhhhPj
 .text._ZN6I2Cdev9writeWordEhhj
                0x000049ce       0x22 I2Cdev.o
                0x000049ce                _ZN6I2Cdev9writeWordEhhj
 .text._ZN6I2Cdev10writeBytesEhhhPh
                0x000049f0       0x48 I2Cdev.o
                0x000049f0                _ZN6I2Cdev10writeBytesEhhhPh
 .text._ZN6I2Cdev9writeByteEhhh
                0x00004a38       0x1e I2Cdev.o
                0x00004a38                _ZN6I2Cdev9writeByteEhhh
 .text._ZN6I2Cdev9writeBitsEhhhhh
                0x00004a56       0x8a I2Cdev.o
                0x00004a56                _ZN6I2Cdev9writeBitsEhhhhh
 .text._ZN6I2Cdev8writeBitEhhhh
                0x00004ae0       0x72 I2Cdev.o
                0x00004ae0                _ZN6I2Cdev8writeBitEhhhh
 .text._Z16height_change_x0f
                0x00004b52       0x32 inverseKinematics.o
                0x00004b52                _Z16height_change_x0f
 .text._Z18height_change_leg1f
                0x00004b84       0x94 inverseKinematics.o
                0x00004b84                _Z18height_change_leg1f
 .text._Z18height_change_leg2f
                0x00004c18       0x40 inverseKinematics.o
                0x00004c18                _Z18height_change_leg2f
 .text._Z18height_change_leg3f
                0x00004c58       0x88 inverseKinematics.o
                0x00004c58                _Z18height_change_leg3f
 .text._Z18height_change_leg4f
                0x00004ce0       0x9c inverseKinematics.o
                0x00004ce0                _Z18height_change_leg4f
 .text._Z18height_change_leg5f
                0x00004d7c       0x3e inverseKinematics.o
                0x00004d7c                _Z18height_change_leg5f
 .text._Z18height_change_leg6f
                0x00004dba       0x86 inverseKinematics.o
                0x00004dba                _Z18height_change_leg6f
 .text._Z17height_change_allf
                0x00004e40       0x3c inverseKinematics.o
                0x00004e40                _Z17height_change_allf
 .text._Z8get_x0_1v
                0x00004e7c       0x1a inverseKinematics.o
                0x00004e7c                _Z8get_x0_1v
 .text._Z8get_y0_1v
                0x00004e96       0x1a inverseKinematics.o
                0x00004e96                _Z8get_y0_1v
 .text._Z6get_x0v
                0x00004eb0       0x1a inverseKinematics.o
                0x00004eb0                _Z6get_x0v
 .text._Z6get_y0v
                0x00004eca       0x1a inverseKinematics.o
                0x00004eca                _Z6get_y0v
 .text._Z6get_z0v
                0x00004ee4       0x1a inverseKinematics.o
                0x00004ee4                _Z6get_z0v
 .text._Z6calc_dfff
                0x00004efe       0xc2 inverseKinematics.o
                0x00004efe                _Z6calc_dfff
 .text._Z9get_gammaff
                0x00004fc0       0x46 inverseKinematics.o
                0x00004fc0                _Z9get_gammaff
 .text._Z8get_betav
                0x00005006       0x6a inverseKinematics.o
                0x00005006                _Z8get_betav
 .text._Z9get_alphaf
                0x00005070       0xc2 inverseKinematics.o
                0x00005070                _Z9get_alphaf
 .text._Z18basis_change_leg1xff
                0x00005132       0x92 inverseKinematics.o
                0x00005132                _Z18basis_change_leg1xff
 .text._Z18basis_change_leg1yff
                0x000051c4       0x92 inverseKinematics.o
                0x000051c4                _Z18basis_change_leg1yff
 .text._Z18basis_change_leg2xf
                0x00005256       0x30 inverseKinematics.o
                0x00005256                _Z18basis_change_leg2xf
 .text._Z18basis_change_leg2yf
                0x00005286       0x24 inverseKinematics.o
                0x00005286                _Z18basis_change_leg2yf
 .text._Z18basis_change_leg3xff
                0x000052aa       0x92 inverseKinematics.o
                0x000052aa                _Z18basis_change_leg3xff
 .text._Z18basis_change_leg3yff
                0x0000533c       0x92 inverseKinematics.o
                0x0000533c                _Z18basis_change_leg3yff
 .text._Z18basis_change_leg4xff
                0x000053ce       0x92 inverseKinematics.o
                0x000053ce                _Z18basis_change_leg4xff
 .text._Z18basis_change_leg4yff
                0x00005460       0x92 inverseKinematics.o
                0x00005460                _Z18basis_change_leg4yff
 .text._Z18basis_change_leg5xf
                0x000054f2       0x20 inverseKinematics.o
                0x000054f2                _Z18basis_change_leg5xf
 .text._Z18basis_change_leg5yf
                0x00005512       0x14 inverseKinematics.o
                0x00005512                _Z18basis_change_leg5yf
 .text._Z18basis_change_leg6xff
                0x00005526       0x92 inverseKinematics.o
                0x00005526                _Z18basis_change_leg6xff
 .text._Z18basis_change_leg6yff
                0x000055b8       0x92 inverseKinematics.o
                0x000055b8                _Z18basis_change_leg6yff
 .text._ZN7MPU6050C2Ev
                0x0000564a        0x8 MPU6050.o
                0x0000564a                _ZN7MPU6050C2Ev
                0x0000564a                _ZN7MPU6050C1Ev
 .text._ZN7MPU60507setRateEh
                0x00005652        0xa MPU6050.o
                0x00005652                _ZN7MPU60507setRateEh
 .text._ZN7MPU605020setExternalFrameSyncEh
                0x0000565c       0x14 MPU6050.o
                0x0000565c                _ZN7MPU605020setExternalFrameSyncEh
 .text._ZN7MPU605011setDLPFModeEh
                0x00005670       0x14 MPU6050.o
                0x00005670                _ZN7MPU605011setDLPFModeEh
 .text._ZN7MPU605021setFullScaleGyroRangeEh
                0x00005684       0x14 MPU6050.o
                0x00005684                _ZN7MPU605021setFullScaleGyroRangeEh
 .text._ZN7MPU605027setMotionDetectionThresholdEh
                0x00005698        0xa MPU6050.o
                0x00005698                _ZN7MPU605027setMotionDetectionThresholdEh
 .text._ZN7MPU605026setMotionDetectionDurationEh
                0x000056a2        0xa MPU6050.o
                0x000056a2                _ZN7MPU605026setMotionDetectionDurationEh
 .text._ZN7MPU605031setZeroMotionDetectionThresholdEh
                0x000056ac        0xa MPU6050.o
                0x000056ac                _ZN7MPU605031setZeroMotionDetectionThresholdEh
 .text._ZN7MPU605030setZeroMotionDetectionDurationEh
                0x000056b6        0xa MPU6050.o
                0x000056b6                _ZN7MPU605030setZeroMotionDetectionDurationEh
 .text._ZN7MPU605015setSlaveAddressEhh
                0x000056c0       0x14 MPU6050.o
                0x000056c0                _ZN7MPU605015setSlaveAddressEhh
 .text._ZN7MPU605013setIntEnabledEh
                0x000056d4        0xa MPU6050.o
                0x000056d4                _ZN7MPU605013setIntEnabledEh
 .text._ZN7MPU605012getIntStatusEv
                0x000056de       0x22 MPU6050.o
                0x000056de                _ZN7MPU605012getIntStatusEv
 .text._ZN7MPU605014setFIFOEnabledEb
                0x00005700        0xc MPU6050.o
                0x00005700                _ZN7MPU605014setFIFOEnabledEb
 .text._ZN7MPU605023setI2CMasterModeEnabledEb
                0x0000570c        0xc MPU6050.o
                0x0000570c                _ZN7MPU605023setI2CMasterModeEnabledEb
 .text._ZN7MPU60509resetFIFOEv
                0x00005718        0xc MPU6050.o
                0x00005718                _ZN7MPU60509resetFIFOEv
 .text._ZN7MPU605014resetI2CMasterEv
                0x00005724        0xc MPU6050.o
                0x00005724                _ZN7MPU605014resetI2CMasterEv
 .text._ZN7MPU60505resetEv
                0x00005730        0xc MPU6050.o
                0x00005730                _ZN7MPU60505resetEv
 .text._ZN7MPU605015setSleepEnabledEb
                0x0000573c        0xc MPU6050.o
                0x0000573c                _ZN7MPU605015setSleepEnabledEb
 .text._ZN7MPU605014setClockSourceEh
                0x00005748       0x14 MPU6050.o
                0x00005748                _ZN7MPU605014setClockSourceEh
 .text._ZN7MPU605012getFIFOCountEv
                0x0000575c       0x3a MPU6050.o
                0x0000575c                _ZN7MPU605012getFIFOCountEv
 .text._ZN7MPU605012getFIFOBytesEPhj
                0x00005796       0x2c MPU6050.o
                0x00005796                _ZN7MPU605012getFIFOBytesEPhj
 .text._ZN7MPU605015getOTPBankValidEv
                0x000057c2       0x2c MPU6050.o
                0x000057c2                _ZN7MPU605015getOTPBankValidEv
 .text._ZN7MPU605015setOTPBankValidEb
                0x000057ee        0xc MPU6050.o
                0x000057ee                _ZN7MPU605015setOTPBankValidEb
 .text._ZN7MPU605016getXGyroOffsetTCEv
                0x000057fa       0x36 MPU6050.o
                0x000057fa                _ZN7MPU605016getXGyroOffsetTCEv
 .text._ZN7MPU605016setXGyroOffsetTCEa
                0x00005830       0x14 MPU6050.o
                0x00005830                _ZN7MPU605016setXGyroOffsetTCEa
 .text._ZN7MPU605016getYGyroOffsetTCEv
                0x00005844       0x36 MPU6050.o
                0x00005844                _ZN7MPU605016getYGyroOffsetTCEv
 .text._ZN7MPU605016setYGyroOffsetTCEa
                0x0000587a       0x14 MPU6050.o
                0x0000587a                _ZN7MPU605016setYGyroOffsetTCEa
 .text._ZN7MPU605016getZGyroOffsetTCEv
                0x0000588e       0x38 MPU6050.o
                0x0000588e                _ZN7MPU605016getZGyroOffsetTCEv
 .text._ZN7MPU605016setZGyroOffsetTCEa
                0x000058c6       0x14 MPU6050.o
                0x000058c6                _ZN7MPU605016setZGyroOffsetTCEa
 .text._ZN7MPU605015setZAccelOffsetEi
                0x000058da        0xa MPU6050.o
                0x000058da                _ZN7MPU605015setZAccelOffsetEi
 .text._ZN7MPU605014setXGyroOffsetEi
                0x000058e4        0xa MPU6050.o
                0x000058e4                _ZN7MPU605014setXGyroOffsetEi
 .text._ZN7MPU605014setYGyroOffsetEi
                0x000058ee        0xa MPU6050.o
                0x000058ee                _ZN7MPU605014setYGyroOffsetEi
 .text._ZN7MPU605014setZGyroOffsetEi
                0x000058f8        0xa MPU6050.o
                0x000058f8                _ZN7MPU605014setZGyroOffsetEi
 .text._ZN7MPU605013setDMPEnabledEb
                0x00005902        0xc MPU6050.o
                0x00005902                _ZN7MPU605013setDMPEnabledEb
 .text._ZN7MPU60508resetDMPEv
                0x0000590e        0xc MPU6050.o
                0x0000590e                _ZN7MPU60508resetDMPEv
 .text._ZN7MPU605013setMemoryBankEhbb
                0x0000591a       0x14 MPU6050.o
                0x0000591a                _ZN7MPU605013setMemoryBankEhbb
 .text._ZN7MPU605021setMemoryStartAddressEh
                0x0000592e        0xa MPU6050.o
                0x0000592e                _ZN7MPU605021setMemoryStartAddressEh
 .text._ZN7MPU605014readMemoryByteEv
                0x00005938       0x24 MPU6050.o
                0x00005938                _ZN7MPU605014readMemoryByteEv
 .text._ZN7MPU605015readMemoryBlockEPhjhh
                0x0000595c       0xd2 MPU6050.o
                0x0000595c                _ZN7MPU605015readMemoryBlockEPhjhh
 .text._ZN7MPU605016writeMemoryBlockEPKhjhhbb
                0x00005a2e      0x1c8 MPU6050.o
                0x00005a2e                _ZN7MPU605016writeMemoryBlockEPKhjhhbb
 .text._ZN7MPU605020writeProgMemoryBlockEPKhjhhb
                0x00005bf6       0x14 MPU6050.o
                0x00005bf6                _ZN7MPU605020writeProgMemoryBlockEPKhjhhb
 .text._ZN7MPU605024writeDMPConfigurationSetEPKhjb
                0x00005c0a      0x184 MPU6050.o
                0x00005c0a                _ZN7MPU605024writeDMPConfigurationSetEPKhjb
 .text._ZN7MPU605028writeProgDMPConfigurationSetEPKhj
                0x00005d8e        0x4 MPU6050.o
                0x00005d8e                _ZN7MPU605028writeProgDMPConfigurationSetEPKhj
 .text._ZN7MPU605013setDMPConfig1Eh
                0x00005d92        0xc MPU6050.o
                0x00005d92                _ZN7MPU605013setDMPConfig1Eh
 .text._ZN7MPU605013setDMPConfig2Eh
                0x00005d9e        0xc MPU6050.o
                0x00005d9e                _ZN7MPU605013setDMPConfig2Eh
 .text._ZN7MPU605013dmpInitializeEv
                0x00005daa      0x4b4 MpuInit.o
                0x00005daa                _ZN7MPU605013dmpInitializeEv
 .text._ZN7MPU605016dmpGetQuaternionEPiPKh
                0x0000625e       0x60 MpuInit.o
                0x0000625e                _ZN7MPU605016dmpGetQuaternionEPiPKh
 .text._ZN7MPU605016dmpGetQuaternionEP10QuaternionPKh
                0x000062be       0xdc MpuInit.o
                0x000062be                _ZN7MPU605016dmpGetQuaternionEP10QuaternionPKh
 .text._ZN7MPU605013dmpGetGravityEP11VectorFloatP10Quaternion
                0x0000639a      0x17e MpuInit.o
                0x0000639a                _ZN7MPU605013dmpGetGravityEP11VectorFloatP10Quaternion
 .text._ZN7MPU605018dmpGetYawPitchRollEPfP10QuaternionP11VectorFloat
                0x00006518      0x1e8 MpuInit.o
                0x00006518                _ZN7MPU605018dmpGetYawPitchRollEPfP10QuaternionP11VectorFloat
 .text._ZN7MPU605020dmpGetFIFOPacketSizeEv
                0x00006700        0x8 MpuInit.o
                0x00006700                _ZN7MPU605020dmpGetFIFOPacketSizeEv
 .text.__vector_4
                0x00006708       0x1e MpuInit.o
                0x00006708                __vector_4
 .text._Z17enable_interrupt0v
                0x00006726       0x18 MpuInit.o
                0x00006726                _Z17enable_interrupt0v
 .text._Z9MPU_get_pv
                0x0000673e       0x16 MpuInit.o
                0x0000673e                _Z9MPU_get_pv
 .text._Z9MPU_get_rv
                0x00006754       0x16 MpuInit.o
                0x00006754                _Z9MPU_get_rv
 .text._Z8MPU_initv
                0x0000676a       0x70 MpuInit.o
                0x0000676a                _Z8MPU_initv
 .text._Z10MPU_updatev
                0x000067da       0xe4 MpuInit.o
                0x000067da                _Z10MPU_updatev
 .text._GLOBAL__sub_I__ZN7MPU605013dmpInitializeEv
                0x000068be       0xd2 MpuInit.o
 .text._Z20servo_check_tx_readyv
                0x00006990        0x8 serialServoControl.o
                0x00006990                _Z20servo_check_tx_readyv
 .text._Z16servo_write_byteh
                0x00006998       0x12 serialServoControl.o
                0x00006998                _Z16servo_write_byteh
 .text._Z17send_servo_packethhh
                0x000069aa       0xb0 serialServoControl.o
                0x000069aa                _Z17send_servo_packethhh
 .text._Z21SERVO_buffer_positionhdj
                0x00006a5a       0xf4 serialServoControl.o
                0x00006a5a                _Z21SERVO_buffer_positionhdj
 .text._Z12SERVO_actionv
                0x00006b4e        0x8 serialServoControl.o
                0x00006b4e                _Z12SERVO_actionv
 .text._Z22SERVO_set_torque_limithj
                0x00006b56       0x14 serialServoControl.o
                0x00006b56                _Z22SERVO_set_torque_limithj
 .text._Z10SERVO_initv
                0x00006b6a       0x20 serialServoControl.o
                0x00006b6a                _Z10SERVO_initv
 .text._Z22SERVO_set_return_levelhh
                0x00006b8a       0x10 serialServoControl.o
                0x00006b8a                _Z22SERVO_set_return_levelhh
 .text._Z27SERVO_set_return_delay_timehh
                0x00006b9a       0x10 serialServoControl.o
                0x00006b9a                _Z27SERVO_set_return_delay_timehh
 .text._Z19SERVO_update_EEPROMh
                0x00006baa       0x20 serialServoControl.o
                0x00006baa                _Z19SERVO_update_EEPROMh
 .text._Z17SERVO_update_datah
                0x00006bca      0x21e serialServoControl.o
                0x00006bca                _Z17SERVO_update_datah
 .text._Z13SERVO_get_posv
                0x00006de8        0xa serialServoControl.o
                0x00006de8                _Z13SERVO_get_posv
 .text._Z15SERVO_get_speedv
                0x00006df2        0xa serialServoControl.o
                0x00006df2                _Z15SERVO_get_speedv
 .text._Z14SERVO_get_loadv
                0x00006dfc        0xa serialServoControl.o
                0x00006dfc                _Z14SERVO_get_loadv
 .text._Z21SERVO_get_temperaturev
                0x00006e06        0x6 serialServoControl.o
                0x00006e06                _Z21SERVO_get_temperaturev
 .text._Z17SERVO_get_voltagev
                0x00006e0c        0x6 serialServoControl.o
                0x00006e0c                _Z17SERVO_get_voltagev
 .text.__vector_28
                0x00006e12       0x66 serialServoControl.o
                0x00006e12                __vector_28
 .text._Z10USART_initv
                0x00006e78       0x26 usart.o
                0x00006e78                _Z10USART_initv
 .text._Z18USART_CheckTxReadyv
                0x00006e9e        0x8 usart.o
                0x00006e9e                _Z18USART_CheckTxReadyv
 .text._Z15USART_WriteByteh
                0x00006ea6       0x12 usart.o
                0x00006ea6                _Z15USART_WriteByteh
 .text._Z11USART_crc16hh
                0x00006eb8       0xb2 usart.o
                0x00006eb8                _Z11USART_crc16hh
 .text._Z16USART_SendPacketch
                0x00006f6a       0xc0 usart.o
                0x00006f6a                _Z16USART_SendPacketch
 .text._Z17USART_SendMessagePc
                0x0000702a       0x42 usart.o
                0x0000702a                _Z17USART_SendMessagePc
 .text._Z15USART_SendValuef
                0x0000706c       0x16 usart.o
                0x0000706c                _Z15USART_SendValuef
 .text.__vector_20
                0x00007082      0x10a usart.o
                0x00007082                __vector_20
 .text.avr-libc.fplib
                0x0000718c       0x1c c:/program files (x86)/atmel/atmel toolchain/avr8 gcc/native/3.4.2.1002/avr8-gnu-toolchain/bin/../lib/gcc/avr/4.7.2/../../../../avr/lib/avr51\libm.a(acos.o)
                0x0000718c                acos
 .text.avr-libc.fplib
                0x000071a8        0xa c:/program files (x86)/atmel/atmel toolchain/avr8 gcc/native/3.4.2.1002/avr8-gnu-toolchain/bin/../lib/gcc/avr/4.7.2/../../../../avr/lib/avr51\libm.a(addsf3.o)
                0x000071a8                __subsf3
                0x000071aa                __addsf3
 .text.avr-libc.fplib
                0x000071b2       0xc0 c:/program files (x86)/atmel/atmel toolchain/avr8 gcc/native/3.4.2.1002/avr8-gnu-toolchain/bin/../lib/gcc/avr/4.7.2/../../../../avr/lib/avr51\libm.a(addsf3x.o)
                0x000071cc                __addsf3x
 .text.avr-libc.fplib
                0x00007272       0x2e c:/program files (x86)/atmel/atmel toolchain/avr8 gcc/native/3.4.2.1002/avr8-gnu-toolchain/bin/../lib/gcc/avr/4.7.2/../../../../avr/lib/avr51\libm.a(asin.o)
                0x00007272                asin
 .text.avr-libc.fplib
                0x000072a0       0x74 c:/program files (x86)/atmel/atmel toolchain/avr8 gcc/native/3.4.2.1002/avr8-gnu-toolchain/bin/../lib/gcc/avr/4.7.2/../../../../avr/lib/avr51\libm.a(atan2.o)
                0x000072be                atan2
 .text.avr-libc.fplib
                0x00007314       0x50 c:/program files (x86)/atmel/atmel toolchain/avr8 gcc/native/3.4.2.1002/avr8-gnu-toolchain/bin/../lib/gcc/avr/4.7.2/../../../../avr/lib/avr51\libm.a(atan.o)
                0x00007314                atan
 .text.avr-libc.fplib
                0x00007364        0x8 c:/program files (x86)/atmel/atmel toolchain/avr8 gcc/native/3.4.2.1002/avr8-gnu-toolchain/bin/../lib/gcc/avr/4.7.2/../../../../avr/lib/avr51\libm.a(cmpsf2.o)
                0x00007364                __nesf2
                0x00007364                __eqsf2
                0x00007364                __cmpsf2
                0x00007364                __ltsf2
                0x00007364                __lesf2
 .text.avr-libc.fplib
                0x0000736c        0x6 c:/program files (x86)/atmel/atmel toolchain/avr8 gcc/native/3.4.2.1002/avr8-gnu-toolchain/bin/../lib/gcc/avr/4.7.2/../../../../avr/lib/avr51\libm.a(cos.o)
                0x0000736c                cos
 .text.avr-libc.fplib
                0x00007372        0x4 c:/program files (x86)/atmel/atmel toolchain/avr8 gcc/native/3.4.2.1002/avr8-gnu-toolchain/bin/../lib/gcc/avr/4.7.2/../../../../avr/lib/avr51\libm.a(divsf3.o)
                0x00007372                __divsf3
 .text.avr-libc.fplib
                0x00007376       0xcc c:/program files (x86)/atmel/atmel toolchain/avr8 gcc/native/3.4.2.1002/avr8-gnu-toolchain/bin/../lib/gcc/avr/4.7.2/../../../../avr/lib/avr51\libm.a(divsf3x.o)
                0x0000738c                __divsf3x
                0x00007390                __divsf3_pse
 .text.avr-libc.fplib
                0x00007442        0xa c:/program files (x86)/atmel/atmel toolchain/avr8 gcc/native/3.4.2.1002/avr8-gnu-toolchain/bin/../lib/gcc/avr/4.7.2/../../../../avr/lib/avr51\libm.a(fixsfsi.o)
                0x00007442                __fixsfsi
 .text.avr-libc.fplib
                0x0000744c       0x58 c:/program files (x86)/atmel/atmel toolchain/avr8 gcc/native/3.4.2.1002/avr8-gnu-toolchain/bin/../lib/gcc/avr/4.7.2/../../../../avr/lib/avr51\libm.a(fixunssfsi.o)
                0x0000744c                __fixunssfsi
 .text.avr-libc.fplib
                0x000074a4       0x7a c:/program files (x86)/atmel/atmel toolchain/avr8 gcc/native/3.4.2.1002/avr8-gnu-toolchain/bin/../lib/gcc/avr/4.7.2/../../../../avr/lib/avr51\libm.a(floatsisf.o)
                0x000074a4                __floatunsisf
                0x000074a8                __floatsisf
 .text.avr-libc.fplib
                0x0000751e       0x3e c:/program files (x86)/atmel/atmel toolchain/avr8 gcc/native/3.4.2.1002/avr8-gnu-toolchain/bin/../lib/gcc/avr/4.7.2/../../../../avr/lib/avr51\libm.a(fmax.o)
                0x0000751e                fmax
 .text.avr-libc.fplib
                0x0000755c       0x36 c:/program files (x86)/atmel/atmel toolchain/avr8 gcc/native/3.4.2.1002/avr8-gnu-toolchain/bin/../lib/gcc/avr/4.7.2/../../../../avr/lib/avr51\libm.a(fp_arccos.o)
                0x0000755c                __fp_arccos
 .text.avr-libc.fplib
                0x00007592       0x48 c:/program files (x86)/atmel/atmel toolchain/avr8 gcc/native/3.4.2.1002/avr8-gnu-toolchain/bin/../lib/gcc/avr/4.7.2/../../../../avr/lib/avr51\libm.a(fp_cmp.o)
                0x00007592                __fp_cmp
 .text.avr-libc.fplib
                0x000075da        0xc c:/program files (x86)/atmel/atmel toolchain/avr8 gcc/native/3.4.2.1002/avr8-gnu-toolchain/bin/../lib/gcc/avr/4.7.2/../../../../avr/lib/avr51\libm.a(fp_inf.o)
                0x000075da                __fp_inf
 .text.avr-libc.fplib
                0x000075e6       0x1c c:/program files (x86)/atmel/atmel toolchain/avr8 gcc/native/3.4.2.1002/avr8-gnu-toolchain/bin/../lib/gcc/avr/4.7.2/../../../../avr/lib/avr51\libm.a(fp_mpack.o)
                0x000075e6                __fp_mpack
                0x000075ea                __fp_mpack_finite
 .text.avr-libc.fplib
                0x00007602        0x6 c:/program files (x86)/atmel/atmel toolchain/avr8 gcc/native/3.4.2.1002/avr8-gnu-toolchain/bin/../lib/gcc/avr/4.7.2/../../../../avr/lib/avr51\libm.a(fp_nan.o)
                0x00007602                __fp_nan
 .text.avr-libc.fplib
                0x00007608       0x4a c:/program files (x86)/atmel/atmel toolchain/avr8 gcc/native/3.4.2.1002/avr8-gnu-toolchain/bin/../lib/gcc/avr/4.7.2/../../../../avr/lib/avr51\libm.a(fp_powser.o)
                0x00007608                __fp_powser
 .text.avr-libc.fplib
                0x00007652       0x22 c:/program files (x86)/atmel/atmel toolchain/avr8 gcc/native/3.4.2.1002/avr8-gnu-toolchain/bin/../lib/gcc/avr/4.7.2/../../../../avr/lib/avr51\libm.a(fp_powsodd.o)
                0x00007652                __fp_powsodd
 .text.avr-libc.fplib
                0x00007674        0xe c:/program files (x86)/atmel/atmel toolchain/avr8 gcc/native/3.4.2.1002/avr8-gnu-toolchain/bin/../lib/gcc/avr/4.7.2/../../../../avr/lib/avr51\libm.a(fp_pscA.o)
                0x00007674                __fp_pscA
 .text.avr-libc.fplib
                0x00007682        0xe c:/program files (x86)/atmel/atmel toolchain/avr8 gcc/native/3.4.2.1002/avr8-gnu-toolchain/bin/../lib/gcc/avr/4.7.2/../../../../avr/lib/avr51\libm.a(fp_pscB.o)
                0x00007682                __fp_pscB
 .text.avr-libc.fplib
                0x00007690       0x50 c:/program files (x86)/atmel/atmel toolchain/avr8 gcc/native/3.4.2.1002/avr8-gnu-toolchain/bin/../lib/gcc/avr/4.7.2/../../../../avr/lib/avr51\libm.a(fp_rempio2.o)
                0x00007692                __fp_rempio2
 .text.avr-libc.fplib
                0x000076e0       0x22 c:/program files (x86)/atmel/atmel toolchain/avr8 gcc/native/3.4.2.1002/avr8-gnu-toolchain/bin/../lib/gcc/avr/4.7.2/../../../../avr/lib/avr51\libm.a(fp_round.o)
                0x000076e0                __fp_round
 .text.avr-libc.fplib
                0x00007702       0x22 c:/program files (x86)/atmel/atmel toolchain/avr8 gcc/native/3.4.2.1002/avr8-gnu-toolchain/bin/../lib/gcc/avr/4.7.2/../../../../avr/lib/avr51\libm.a(fp_sinus.o)
                0x00007702                __fp_sinus
 .text.avr-libc.fplib
                0x00007724       0x44 c:/program files (x86)/atmel/atmel toolchain/avr8 gcc/native/3.4.2.1002/avr8-gnu-toolchain/bin/../lib/gcc/avr/4.7.2/../../../../avr/lib/avr51\libm.a(fp_split3.o)
                0x00007724                __fp_split3
                0x00007734                __fp_splitA
 .text.avr-libc.fplib
                0x00007768        0xe c:/program files (x86)/atmel/atmel toolchain/avr8 gcc/native/3.4.2.1002/avr8-gnu-toolchain/bin/../lib/gcc/avr/4.7.2/../../../../avr/lib/avr51\libm.a(fp_zero.o)
                0x00007768                __fp_zero
                0x0000776a                __fp_szero
 .text.avr-libc.fplib
                0x00007776        0x8 c:/program files (x86)/atmel/atmel toolchain/avr8 gcc/native/3.4.2.1002/avr8-gnu-toolchain/bin/../lib/gcc/avr/4.7.2/../../../../avr/lib/avr51\libm.a(gesf2.o)
                0x00007776                __gesf2
                0x00007776                __gtsf2
 .text.avr-libc.fplib
                0x0000777e        0xe c:/program files (x86)/atmel/atmel toolchain/avr8 gcc/native/3.4.2.1002/avr8-gnu-toolchain/bin/../lib/gcc/avr/4.7.2/../../../../avr/lib/avr51\libm.a(inverse.o)
                0x0000777e                inverse
 .text.avr-libc.fplib
                0x0000778c        0x4 c:/program files (x86)/atmel/atmel toolchain/avr8 gcc/native/3.4.2.1002/avr8-gnu-toolchain/bin/../lib/gcc/avr/4.7.2/../../../../avr/lib/avr51\libm.a(mulsf3.o)
                0x0000778c                __mulsf3
 .text.avr-libc.fplib
                0x00007790       0xc2 c:/program files (x86)/atmel/atmel toolchain/avr8 gcc/native/3.4.2.1002/avr8-gnu-toolchain/bin/../lib/gcc/avr/4.7.2/../../../../avr/lib/avr51\libm.a(mulsf3x.o)
                0x000077a4                __mulsf3x
                0x000077a8                __mulsf3_pse
 .text.avr-libc.fplib
                0x00007852        0xc c:/program files (x86)/atmel/atmel toolchain/avr8 gcc/native/3.4.2.1002/avr8-gnu-toolchain/bin/../lib/gcc/avr/4.7.2/../../../../avr/lib/avr51\libm.a(sin.o)
                0x00007852                sin
 .text.avr-libc.fplib
                0x0000785e       0x84 c:/program files (x86)/atmel/atmel toolchain/avr8 gcc/native/3.4.2.1002/avr8-gnu-toolchain/bin/../lib/gcc/avr/4.7.2/../../../../avr/lib/avr51\libm.a(sqrt.o)
                0x00007866                sqrt
 .text.avr-libc.fplib
                0x000078e2        0x6 c:/program files (x86)/atmel/atmel toolchain/avr8 gcc/native/3.4.2.1002/avr8-gnu-toolchain/bin/../lib/gcc/avr/4.7.2/../../../../avr/lib/avr51\libm.a(square.o)
                0x000078e2                square
 .text.avr-libc.fplib
                0x000078e8        0xe c:/program files (x86)/atmel/atmel toolchain/avr8 gcc/native/3.4.2.1002/avr8-gnu-toolchain/bin/../lib/gcc/avr/4.7.2/../../../../avr/lib/avr51\libm.a(fp_norm2.o)
                0x000078e8                __fp_norm2
 .text.libgcc.div
                0x000078f6       0x36 c:/program files (x86)/atmel/atmel toolchain/avr8 gcc/native/3.4.2.1002/avr8-gnu-toolchain/bin/../lib/gcc/avr/4.7.2/avr51\libgcc.a(_divmodsi4.o)
                0x000078f6                __divmodsi4
 .text.libgcc   0x0000792c        0x8 c:/program files (x86)/atmel/atmel toolchain/avr8 gcc/native/3.4.2.1002/avr8-gnu-toolchain/bin/../lib/gcc/avr/4.7.2/avr51\libgcc.a(_tablejump_elpm.o)
                0x0000792c                __tablejump_elpm__
 .text.libgcc.div
                0x00007934       0x44 c:/program files (x86)/atmel/atmel toolchain/avr8 gcc/native/3.4.2.1002/avr8-gnu-toolchain/bin/../lib/gcc/avr/4.7.2/avr51\libgcc.a(_udivmodsi4.o)
                0x00007934                __udivmodsi4
 .text.avr-libc
                0x00007978      0x274 c:/program files (x86)/atmel/atmel toolchain/avr8 gcc/native/3.4.2.1002/avr8-gnu-toolchain/bin/../lib/gcc/avr/4.7.2/../../../../avr/lib/avr51\libc.a(malloc.o)
                0x00007978                malloc
                0x00007aae                free
 .text.avr-libc
                0x00007bec      0x1be c:/program files (x86)/atmel/atmel toolchain/avr8 gcc/native/3.4.2.1002/avr8-gnu-toolchain/bin/../lib/gcc/avr/4.7.2/../../../../avr/lib/avr51\libc.a(realloc.o)
                0x00007bec                realloc
 .text.avr-libc
                0x00007daa       0x1a c:/program files (x86)/atmel/atmel toolchain/avr8 gcc/native/3.4.2.1002/avr8-gnu-toolchain/bin/../lib/gcc/avr/4.7.2/../../../../avr/lib/avr51\libc.a(memcmp.o)
                0x00007daa                memcmp
 .text.avr-libc
                0x00007dc4       0x12 c:/program files (x86)/atmel/atmel toolchain/avr8 gcc/native/3.4.2.1002/avr8-gnu-toolchain/bin/../lib/gcc/avr/4.7.2/../../../../avr/lib/avr51\libc.a(memcpy.o)
                0x00007dc4                memcpy
                0x00007dd6                . = ALIGN (0x2)
 *(.fini9)
 .fini9         0x00007dd6        0x0 c:/program files (x86)/atmel/atmel toolchain/avr8 gcc/native/3.4.2.1002/avr8-gnu-toolchain/bin/../lib/gcc/avr/4.7.2/avr51\libgcc.a(_exit.o)
                0x00007dd6                _exit
                0x00007dd6                exit
 *(.fini9)
 *(.fini8)
 *(.fini8)
 *(.fini7)
 *(.fini7)
 *(.fini6)
 *(.fini6)
 *(.fini5)
 *(.fini5)
 *(.fini4)
 *(.fini4)
 *(.fini3)
 *(.fini3)
 *(.fini2)
 *(.fini2)
 *(.fini1)
 *(.fini1)
 *(.fini0)
 .fini0         0x00007dd6        0x4 c:/program files (x86)/atmel/atmel toolchain/avr8 gcc/native/3.4.2.1002/avr8-gnu-toolchain/bin/../lib/gcc/avr/4.7.2/avr51\libgcc.a(_exit.o)
 *(.fini0)
                0x00007dda                _etext = .

.data           0x00800100     0x1480 load address 0x00007dda
                0x00800100                PROVIDE (__data_start, .)
 *(.data)
 .data          0x00800100        0x0 c:/program files (x86)/atmel/atmel toolchain/avr8 gcc/native/3.4.2.1002/avr8-gnu-toolchain/bin/../lib/gcc/avr/4.7.2/../../../../avr/lib/avr51/crtm1284p.o
 .data          0x00800100        0x0 counter.o
 .data          0x00800100        0x0 fifo.o
 .data          0x00800100        0x0 Gangenheten.o
 .data          0x00800100        0x0 highLevelWalking.o
 .data          0x00800100        0x0 I2Cdev.o
 .data          0x00800100        0x0 inverseKinematics.o
 .data          0x00800100        0x0 MPU6050.o
 .data          0x00800100        0x0 MpuInit.o
 .data          0x00800100        0x0 serialServoControl.o
 .data          0x00800100        0x0 usart.o
 .data          0x00800100        0x0 c:/program files (x86)/atmel/atmel toolchain/avr8 gcc/native/3.4.2.1002/avr8-gnu-toolchain/bin/../lib/gcc/avr/4.7.2/../../../../avr/lib/avr51\libm.a(acos.o)
 .data          0x00800100        0x0 c:/program files (x86)/atmel/atmel toolchain/avr8 gcc/native/3.4.2.1002/avr8-gnu-toolchain/bin/../lib/gcc/avr/4.7.2/../../../../avr/lib/avr51\libm.a(addsf3.o)
 .data          0x00800100        0x0 c:/program files (x86)/atmel/atmel toolchain/avr8 gcc/native/3.4.2.1002/avr8-gnu-toolchain/bin/../lib/gcc/avr/4.7.2/../../../../avr/lib/avr51\libm.a(addsf3x.o)
 .data          0x00800100        0x0 c:/program files (x86)/atmel/atmel toolchain/avr8 gcc/native/3.4.2.1002/avr8-gnu-toolchain/bin/../lib/gcc/avr/4.7.2/../../../../avr/lib/avr51\libm.a(asin.o)
 .data          0x00800100        0x0 c:/program files (x86)/atmel/atmel toolchain/avr8 gcc/native/3.4.2.1002/avr8-gnu-toolchain/bin/../lib/gcc/avr/4.7.2/../../../../avr/lib/avr51\libm.a(atan2.o)
 .data          0x00800100        0x0 c:/program files (x86)/atmel/atmel toolchain/avr8 gcc/native/3.4.2.1002/avr8-gnu-toolchain/bin/../lib/gcc/avr/4.7.2/../../../../avr/lib/avr51\libm.a(atan.o)
 .data          0x00800100        0x0 c:/program files (x86)/atmel/atmel toolchain/avr8 gcc/native/3.4.2.1002/avr8-gnu-toolchain/bin/../lib/gcc/avr/4.7.2/../../../../avr/lib/avr51\libm.a(cmpsf2.o)
 .data          0x00800100        0x0 c:/program files (x86)/atmel/atmel toolchain/avr8 gcc/native/3.4.2.1002/avr8-gnu-toolchain/bin/../lib/gcc/avr/4.7.2/../../../../avr/lib/avr51\libm.a(cos.o)
 .data          0x00800100        0x0 c:/program files (x86)/atmel/atmel toolchain/avr8 gcc/native/3.4.2.1002/avr8-gnu-toolchain/bin/../lib/gcc/avr/4.7.2/../../../../avr/lib/avr51\libm.a(divsf3.o)
 .data          0x00800100        0x0 c:/program files (x86)/atmel/atmel toolchain/avr8 gcc/native/3.4.2.1002/avr8-gnu-toolchain/bin/../lib/gcc/avr/4.7.2/../../../../avr/lib/avr51\libm.a(divsf3x.o)
 .data          0x00800100        0x0 c:/program files (x86)/atmel/atmel toolchain/avr8 gcc/native/3.4.2.1002/avr8-gnu-toolchain/bin/../lib/gcc/avr/4.7.2/../../../../avr/lib/avr51\libm.a(fixsfsi.o)
 .data          0x00800100        0x0 c:/program files (x86)/atmel/atmel toolchain/avr8 gcc/native/3.4.2.1002/avr8-gnu-toolchain/bin/../lib/gcc/avr/4.7.2/../../../../avr/lib/avr51\libm.a(fixunssfsi.o)
 .data          0x00800100        0x0 c:/program files (x86)/atmel/atmel toolchain/avr8 gcc/native/3.4.2.1002/avr8-gnu-toolchain/bin/../lib/gcc/avr/4.7.2/../../../../avr/lib/avr51\libm.a(floatsisf.o)
 .data          0x00800100        0x0 c:/program files (x86)/atmel/atmel toolchain/avr8 gcc/native/3.4.2.1002/avr8-gnu-toolchain/bin/../lib/gcc/avr/4.7.2/../../../../avr/lib/avr51\libm.a(fmax.o)
 .data          0x00800100        0x0 c:/program files (x86)/atmel/atmel toolchain/avr8 gcc/native/3.4.2.1002/avr8-gnu-toolchain/bin/../lib/gcc/avr/4.7.2/../../../../avr/lib/avr51\libm.a(fmod.o)
 .data          0x00800100        0x0 c:/program files (x86)/atmel/atmel toolchain/avr8 gcc/native/3.4.2.1002/avr8-gnu-toolchain/bin/../lib/gcc/avr/4.7.2/../../../../avr/lib/avr51\libm.a(fp_arccos.o)
 .data          0x00800100        0x0 c:/program files (x86)/atmel/atmel toolchain/avr8 gcc/native/3.4.2.1002/avr8-gnu-toolchain/bin/../lib/gcc/avr/4.7.2/../../../../avr/lib/avr51\libm.a(fp_cmp.o)
 .data          0x00800100        0x0 c:/program files (x86)/atmel/atmel toolchain/avr8 gcc/native/3.4.2.1002/avr8-gnu-toolchain/bin/../lib/gcc/avr/4.7.2/../../../../avr/lib/avr51\libm.a(fp_inf.o)
 .data          0x00800100        0x0 c:/program files (x86)/atmel/atmel toolchain/avr8 gcc/native/3.4.2.1002/avr8-gnu-toolchain/bin/../lib/gcc/avr/4.7.2/../../../../avr/lib/avr51\libm.a(fp_mpack.o)
 .data          0x00800100        0x0 c:/program files (x86)/atmel/atmel toolchain/avr8 gcc/native/3.4.2.1002/avr8-gnu-toolchain/bin/../lib/gcc/avr/4.7.2/../../../../avr/lib/avr51\libm.a(fp_nan.o)
 .data          0x00800100        0x0 c:/program files (x86)/atmel/atmel toolchain/avr8 gcc/native/3.4.2.1002/avr8-gnu-toolchain/bin/../lib/gcc/avr/4.7.2/../../../../avr/lib/avr51\libm.a(fp_powser.o)
 .data          0x00800100        0x0 c:/program files (x86)/atmel/atmel toolchain/avr8 gcc/native/3.4.2.1002/avr8-gnu-toolchain/bin/../lib/gcc/avr/4.7.2/../../../../avr/lib/avr51\libm.a(fp_powsodd.o)
 .data          0x00800100        0x0 c:/program files (x86)/atmel/atmel toolchain/avr8 gcc/native/3.4.2.1002/avr8-gnu-toolchain/bin/../lib/gcc/avr/4.7.2/../../../../avr/lib/avr51\libm.a(fp_pscA.o)
 .data          0x00800100        0x0 c:/program files (x86)/atmel/atmel toolchain/avr8 gcc/native/3.4.2.1002/avr8-gnu-toolchain/bin/../lib/gcc/avr/4.7.2/../../../../avr/lib/avr51\libm.a(fp_pscB.o)
 .data          0x00800100        0x0 c:/program files (x86)/atmel/atmel toolchain/avr8 gcc/native/3.4.2.1002/avr8-gnu-toolchain/bin/../lib/gcc/avr/4.7.2/../../../../avr/lib/avr51\libm.a(fp_rempio2.o)
 .data          0x00800100        0x0 c:/program files (x86)/atmel/atmel toolchain/avr8 gcc/native/3.4.2.1002/avr8-gnu-toolchain/bin/../lib/gcc/avr/4.7.2/../../../../avr/lib/avr51\libm.a(fp_round.o)
 .data          0x00800100        0x0 c:/program files (x86)/atmel/atmel toolchain/avr8 gcc/native/3.4.2.1002/avr8-gnu-toolchain/bin/../lib/gcc/avr/4.7.2/../../../../avr/lib/avr51\libm.a(fp_sinus.o)
 .data          0x00800100        0x0 c:/program files (x86)/atmel/atmel toolchain/avr8 gcc/native/3.4.2.1002/avr8-gnu-toolchain/bin/../lib/gcc/avr/4.7.2/../../../../avr/lib/avr51\libm.a(fp_split3.o)
 .data          0x00800100        0x0 c:/program files (x86)/atmel/atmel toolchain/avr8 gcc/native/3.4.2.1002/avr8-gnu-toolchain/bin/../lib/gcc/avr/4.7.2/../../../../avr/lib/avr51\libm.a(fp_zero.o)
 .data          0x00800100        0x0 c:/program files (x86)/atmel/atmel toolchain/avr8 gcc/native/3.4.2.1002/avr8-gnu-toolchain/bin/../lib/gcc/avr/4.7.2/../../../../avr/lib/avr51\libm.a(gesf2.o)
 .data          0x00800100        0x0 c:/program files (x86)/atmel/atmel toolchain/avr8 gcc/native/3.4.2.1002/avr8-gnu-toolchain/bin/../lib/gcc/avr/4.7.2/../../../../avr/lib/avr51\libm.a(inverse.o)
 .data          0x00800100        0x0 c:/program files (x86)/atmel/atmel toolchain/avr8 gcc/native/3.4.2.1002/avr8-gnu-toolchain/bin/../lib/gcc/avr/4.7.2/../../../../avr/lib/avr51\libm.a(mulsf3.o)
 .data          0x00800100        0x0 c:/program files (x86)/atmel/atmel toolchain/avr8 gcc/native/3.4.2.1002/avr8-gnu-toolchain/bin/../lib/gcc/avr/4.7.2/../../../../avr/lib/avr51\libm.a(mulsf3x.o)
 .data          0x00800100        0x0 c:/program files (x86)/atmel/atmel toolchain/avr8 gcc/native/3.4.2.1002/avr8-gnu-toolchain/bin/../lib/gcc/avr/4.7.2/../../../../avr/lib/avr51\libm.a(sin.o)
 .data          0x00800100        0x0 c:/program files (x86)/atmel/atmel toolchain/avr8 gcc/native/3.4.2.1002/avr8-gnu-toolchain/bin/../lib/gcc/avr/4.7.2/../../../../avr/lib/avr51\libm.a(sqrt.o)
 .data          0x00800100        0x0 c:/program files (x86)/atmel/atmel toolchain/avr8 gcc/native/3.4.2.1002/avr8-gnu-toolchain/bin/../lib/gcc/avr/4.7.2/../../../../avr/lib/avr51\libm.a(square.o)
 .data          0x00800100        0x0 c:/program files (x86)/atmel/atmel toolchain/avr8 gcc/native/3.4.2.1002/avr8-gnu-toolchain/bin/../lib/gcc/avr/4.7.2/../../../../avr/lib/avr51\libm.a(fp_norm2.o)
 .data          0x00800100        0x0 c:/program files (x86)/atmel/atmel toolchain/avr8 gcc/native/3.4.2.1002/avr8-gnu-toolchain/bin/../lib/gcc/avr/4.7.2/avr51\libgcc.a(_divmodsi4.o)
 .data          0x00800100        0x0 c:/program files (x86)/atmel/atmel toolchain/avr8 gcc/native/3.4.2.1002/avr8-gnu-toolchain/bin/../lib/gcc/avr/4.7.2/avr51\libgcc.a(_exit.o)
 .data          0x00800100        0x0 c:/program files (x86)/atmel/atmel toolchain/avr8 gcc/native/3.4.2.1002/avr8-gnu-toolchain/bin/../lib/gcc/avr/4.7.2/avr51\libgcc.a(_copy_data.o)
 .data          0x00800100        0x0 c:/program files (x86)/atmel/atmel toolchain/avr8 gcc/native/3.4.2.1002/avr8-gnu-toolchain/bin/../lib/gcc/avr/4.7.2/avr51\libgcc.a(_clear_bss.o)
 .data          0x00800100        0x0 c:/program files (x86)/atmel/atmel toolchain/avr8 gcc/native/3.4.2.1002/avr8-gnu-toolchain/bin/../lib/gcc/avr/4.7.2/avr51\libgcc.a(_ctors.o)
 .data          0x00800100        0x0 c:/program files (x86)/atmel/atmel toolchain/avr8 gcc/native/3.4.2.1002/avr8-gnu-toolchain/bin/../lib/gcc/avr/4.7.2/avr51\libgcc.a(_tablejump_elpm.o)
 .data          0x00800100        0x0 c:/program files (x86)/atmel/atmel toolchain/avr8 gcc/native/3.4.2.1002/avr8-gnu-toolchain/bin/../lib/gcc/avr/4.7.2/avr51\libgcc.a(_udivmodsi4.o)
 .data          0x00800100        0x6 c:/program files (x86)/atmel/atmel toolchain/avr8 gcc/native/3.4.2.1002/avr8-gnu-toolchain/bin/../lib/gcc/avr/4.7.2/../../../../avr/lib/avr51\libc.a(malloc.o)
                0x00800100                __malloc_heap_end
                0x00800102                __malloc_heap_start
                0x00800104                __malloc_margin
 .data          0x00800106        0x0 c:/program files (x86)/atmel/atmel toolchain/avr8 gcc/native/3.4.2.1002/avr8-gnu-toolchain/bin/../lib/gcc/avr/4.7.2/../../../../avr/lib/avr51\libc.a(realloc.o)
 .data          0x00800106        0x0 c:/program files (x86)/atmel/atmel toolchain/avr8 gcc/native/3.4.2.1002/avr8-gnu-toolchain/bin/../lib/gcc/avr/4.7.2/../../../../avr/lib/avr51\libc.a(memcmp.o)
 .data          0x00800106        0x0 c:/program files (x86)/atmel/atmel toolchain/avr8 gcc/native/3.4.2.1002/avr8-gnu-toolchain/bin/../lib/gcc/avr/4.7.2/../../../../avr/lib/avr51\libc.a(memcpy.o)
 *(.data*)
 .data.std_pos_flag
                0x00800106        0x1 Gangenheten.o
                0x00800106                std_pos_flag
 .data._ZN6I2Cdev11readTimeoutE
                0x00800107        0x2 I2Cdev.o
                0x00800107                _ZN6I2Cdev11readTimeoutE
 .data.z0       0x00800109        0x4 inverseKinematics.o
                0x00800109                z0
 .data.x0       0x0080010d        0x4 inverseKinematics.o
                0x0080010d                x0
 .data.y0_6     0x00800111        0x4 inverseKinematics.o
                0x00800111                y0_6
 .data.x0_6     0x00800115        0x4 inverseKinematics.o
                0x00800115                x0_6
 .data.x0_5     0x00800119        0x4 inverseKinematics.o
                0x00800119                x0_5
 .data.y0_4     0x0080011d        0x4 inverseKinematics.o
                0x0080011d                y0_4
 .data.x0_4     0x00800121        0x4 inverseKinematics.o
                0x00800121                x0_4
 .data.y0_3     0x00800125        0x4 inverseKinematics.o
                0x00800125                y0_3
 .data.x0_3     0x00800129        0x4 inverseKinematics.o
                0x00800129                x0_3
 .data.x0_2     0x0080012d        0x4 inverseKinematics.o
                0x0080012d                x0_2
 .data.y0_1     0x00800131        0x4 inverseKinematics.o
                0x00800131                y0_1
 .data.x0_1     0x00800135        0x4 inverseKinematics.o
                0x00800135                x0_1
 .data.gServoRxFIFO
                0x00800139        0x2 serialServoControl.o
                0x00800139                gServoRxFIFO
 .data._raw_gServoRxFIFO
                0x0080013b      0x406 serialServoControl.o
                0x0080013b                _raw_gServoRxFIFO
 .data.gRxFIFO  0x00800541        0x2 usart.o
                0x00800541                gRxFIFO
 .data._raw_gRxFIFO
                0x00800543     0x1006 usart.o
                0x00800543                _raw_gRxFIFO
 .data.gRotation
                0x00801549        0x1 usart.o
                0x00801549                gRotation
 *(.rodata)
 *(.rodata*)
 .rodata.str1.1
                0x0080154a        0xc Gangenheten.o
 .rodata.str1.1
                0x00801556       0x2a serialServoControl.o
 *(.gnu.linkonce.d*)
                0x00801580                . = ALIGN (0x2)
                0x00801580                _edata = .
                0x00801580                PROVIDE (__data_end, .)

.bss            0x00801580      0xab4
                0x00801580                PROVIDE (__bss_start, .)
 *(.bss)
 *(.bss*)
 .bss.gWaitFlag
                0x00801580        0x1 counter.o
                0x00801580                gWaitFlag
 .bss.move_to_std_flag
                0x00801581        0x1 Gangenheten.o
                0x00801581                move_to_std_flag
 .bss.maxStepLength
                0x00801582        0x4 highLevelWalking.o
                0x00801582                maxStepLength
 .bss.stdLength
                0x00801586        0x4 highLevelWalking.o
                0x00801586                stdLength
 .bss.stepScaling
                0x0080158a        0x4 highLevelWalking.o
                0x0080158a                stepScaling
 .bss.stepTest  0x0080158e        0x4 highLevelWalking.o
                0x0080158e                stepTest
 .bss.stepMax   0x00801592        0x4 highLevelWalking.o
                0x00801592                stepMax
 .bss.yDirection
                0x00801596        0x4 highLevelWalking.o
                0x00801596                yDirection
 .bss.xDirection
                0x0080159a        0x4 highLevelWalking.o
                0x0080159a                xDirection
 .bss.speedf    0x0080159e        0x4 highLevelWalking.o
                0x0080159e                speedf
 .bss.rotation  0x008015a2        0x4 highLevelWalking.o
                0x008015a2                rotation
 .bss.direction
                0x008015a6        0x4 highLevelWalking.o
                0x008015a6                direction
 .bss.z         0x008015aa        0x4 highLevelWalking.o
                0x008015aa                z
 .bss.tempz     0x008015ae        0x4 highLevelWalking.o
                0x008015ae                tempz
 .bss.tempy     0x008015b2        0x4 highLevelWalking.o
                0x008015b2                tempy
 .bss.tempx     0x008015b6        0x4 highLevelWalking.o
                0x008015b6                tempx
 .bss.legsNotDown
                0x008015ba        0x2 highLevelWalking.o
                0x008015ba                legsNotDown
 .bss.climbing_flag
                0x008015bc        0x2 highLevelWalking.o
                0x008015bc                climbing_flag
 .bss.speedMultiplier
                0x008015be        0x4 highLevelWalking.o
                0x008015be                speedMultiplier
 .bss.speedGamma
                0x008015c2        0x4 highLevelWalking.o
                0x008015c2                speedGamma
 .bss.speedBeta
                0x008015c6        0x4 highLevelWalking.o
                0x008015c6                speedBeta
 .bss.speedAlpha
                0x008015ca        0x4 highLevelWalking.o
                0x008015ca                speedAlpha
 .bss.leg6      0x008015ce       0x8e highLevelWalking.o
                0x008015ce                leg6
 .bss.leg5      0x0080165c       0x8e highLevelWalking.o
                0x0080165c                leg5
 .bss.leg4      0x008016ea       0x8e highLevelWalking.o
                0x008016ea                leg4
 .bss.leg3      0x00801778       0x8e highLevelWalking.o
                0x00801778                leg3
 .bss.leg2      0x00801806       0x8e highLevelWalking.o
                0x00801806                leg2
 .bss.leg1      0x00801894       0x8e highLevelWalking.o
                0x00801894                leg1
 .bss.newPosyWB
                0x00801922        0x4 highLevelWalking.o
                0x00801922                newPosyWB
 .bss.newPosxWB
                0x00801926        0x4 highLevelWalking.o
                0x00801926                newPosxWB
 .bss.climb_start_slope_p
                0x0080192a        0x4 highLevelWalking.o
                0x0080192a                climb_start_slope_p
 .bss.climb_start_slope_r
                0x0080192e        0x4 highLevelWalking.o
                0x0080192e                climb_start_slope_r
 .bss.z_in_use  0x00801932        0x4 highLevelWalking.o
                0x00801932                z_in_use
 .bss.obstacle_height
                0x00801936        0x4 highLevelWalking.o
                0x00801936                obstacle_height
 .bss.climb_step2
                0x0080193a        0x4 highLevelWalking.o
                0x0080193a                climb_step2
 .bss.climb_step
                0x0080193e        0x4 highLevelWalking.o
                0x0080193e                climb_step
 .bss.height    0x00801942        0x4 highLevelWalking.o
                0x00801942                height
 .bss.iterations
                0x00801946        0x4 highLevelWalking.o
                0x00801946                iterations
 .bss.speed     0x0080194a        0x2 highLevelWalking.o
                0x0080194a                speed
 .bss.timer0_millis
                0x0080194c        0x4 I2Cdev.o
                0x0080194c                timer0_millis
 .bss.timer0_overflow_count
                0x00801950        0x4 I2Cdev.o
                0x00801950                timer0_overflow_count
 .bss._ZL12timer0_fract
                0x00801954        0x1 I2Cdev.o
 .bss.y0        0x00801955        0x4 inverseKinematics.o
                0x00801955                y0
 .bss.y0_5      0x00801959        0x4 inverseKinematics.o
                0x00801959                y0_5
 .bss.y0_2      0x0080195d        0x4 inverseKinematics.o
                0x0080195d                y0_2
 .bss.d         0x00801961        0x4 inverseKinematics.o
                0x00801961                d
 .bss.gamma     0x00801965        0x4 inverseKinematics.o
                0x00801965                gamma
 .bss.beta      0x00801969        0x4 inverseKinematics.o
                0x00801969                beta
 .bss.alpha     0x0080196d        0x4 inverseKinematics.o
                0x0080196d                alpha
 .bss.mpuInterrupt
                0x00801971        0x1 MpuInit.o
                0x00801971                mpuInterrupt
 .bss.ypr       0x00801972        0xc MpuInit.o
                0x00801972                ypr
 .bss.gravity   0x0080197e        0xc MpuInit.o
                0x0080197e                gravity
 .bss.aaWorld   0x0080198a        0x6 MpuInit.o
                0x0080198a                aaWorld
 .bss.aaReal    0x00801990        0x6 MpuInit.o
                0x00801990                aaReal
 .bss.aa        0x00801996        0x6 MpuInit.o
                0x00801996                aa
 .bss.q         0x0080199c       0x10 MpuInit.o
                0x0080199c                q
 .bss.fifoBuffer
                0x008019ac       0x40 MpuInit.o
                0x008019ac                fifoBuffer
 .bss.fifoCount
                0x008019ec        0x2 MpuInit.o
                0x008019ec                fifoCount
 .bss.packetSize
                0x008019ee        0x2 MpuInit.o
                0x008019ee                packetSize
 .bss.devStatus
                0x008019f0        0x1 MpuInit.o
                0x008019f0                devStatus
 .bss.mpuIntStatus
                0x008019f1        0x1 MpuInit.o
                0x008019f1                mpuIntStatus
 .bss.dmpReady  0x008019f2        0x1 MpuInit.o
                0x008019f2                dmpReady
 .bss.accelgyro
                0x008019f3       0x13 MpuInit.o
                0x008019f3                accelgyro
 .bss.mpu       0x00801a06       0x13 MpuInit.o
                0x00801a06                mpu
 .bss.gServoTemperature
                0x00801a19        0x1 serialServoControl.o
                0x00801a19                gServoTemperature
 .bss.gServoVoltage
                0x00801a1a        0x1 serialServoControl.o
                0x00801a1a                gServoVoltage
 .bss.gServoLoad
                0x00801a1b        0x2 serialServoControl.o
                0x00801a1b                gServoLoad
 .bss.gServoSpeed
                0x00801a1d        0x2 serialServoControl.o
                0x00801a1d                gServoSpeed
 .bss.gServoPos
                0x00801a1f        0x2 serialServoControl.o
                0x00801a1f                gServoPos
 .bss.gServoTxBuffer
                0x00801a21       0x80 serialServoControl.o
                0x00801a21                gServoTxBuffer
 .bss.gServoParameters
                0x00801aa1       0x80 serialServoControl.o
                0x00801aa1                gServoParameters
 .bss.gDirection
                0x00801b21        0x1 usart.o
                0x00801b21                gDirection
 .bss.gSpeed    0x00801b22        0x1 usart.o
                0x00801b22                gSpeed
 .bss.gInvertNextFlag
                0x00801b23        0x2 usart.o
                0x00801b23                gInvertNextFlag
 .bss.gRxBufferIndex
                0x00801b25        0x2 usart.o
                0x00801b25                gRxBufferIndex
 .bss.gRxBuffer
                0x00801b27      0x205 usart.o
                0x00801b27                gRxBuffer
 .bss.gTxBuffer
                0x00801d2c      0x205 usart.o
                0x00801d2c                gTxBuffer
 .bss.gTxPayload
                0x00801f31       0xff usart.o
                0x00801f31                gTxPayload
 *(COMMON)
 COMMON         0x00802030        0x4 c:/program files (x86)/atmel/atmel toolchain/avr8 gcc/native/3.4.2.1002/avr8-gnu-toolchain/bin/../lib/gcc/avr/4.7.2/../../../../avr/lib/avr51\libc.a(malloc.o)
                0x00802030                __brkval
                0x00802032                __flp
                0x00802034                PROVIDE (__bss_end, .)
                0x00007dda                __data_load_start = LOADADDR (.data)
                0x0000925a                __data_load_end = (__data_load_start + SIZEOF (.data))

.noinit         0x00802034        0x0
                0x00802034                PROVIDE (__noinit_start, .)
 *(.noinit*)
                0x00802034                PROVIDE (__noinit_end, .)
                0x00802034                _end = .
                0x00802034                PROVIDE (__heap_start, .)

.eeprom         0x00810000        0x0
 *(.eeprom*)
                0x00810000                __eeprom_end = .

.fuse
 *(.fuse)
 *(.lfuse)
 *(.hfuse)
 *(.efuse)

.lock
 *(.lock*)

.signature
 *(.signature*)

.user_signatures
 *(.user_signatures*)

.stab           0x00000000     0x3ffc
 *(.stab)
 .stab          0x00000000      0x6cc c:/program files (x86)/atmel/atmel toolchain/avr8 gcc/native/3.4.2.1002/avr8-gnu-toolchain/bin/../lib/gcc/avr/4.7.2/../../../../avr/lib/avr51/crtm1284p.o
 .stab          0x000006cc       0xd8 c:/program files (x86)/atmel/atmel toolchain/avr8 gcc/native/3.4.2.1002/avr8-gnu-toolchain/bin/../lib/gcc/avr/4.7.2/../../../../avr/lib/avr51\libm.a(acos.o)
                                 0xe4 (size before relaxing)
 .stab          0x000007a4       0x78 c:/program files (x86)/atmel/atmel toolchain/avr8 gcc/native/3.4.2.1002/avr8-gnu-toolchain/bin/../lib/gcc/avr/4.7.2/../../../../avr/lib/avr51\libm.a(addsf3.o)
                                 0x84 (size before relaxing)
 .stab          0x0000081c      0x4bc c:/program files (x86)/atmel/atmel toolchain/avr8 gcc/native/3.4.2.1002/avr8-gnu-toolchain/bin/../lib/gcc/avr/4.7.2/../../../../avr/lib/avr51\libm.a(addsf3x.o)
                                0x4c8 (size before relaxing)
 .stab          0x00000cd8      0x144 c:/program files (x86)/atmel/atmel toolchain/avr8 gcc/native/3.4.2.1002/avr8-gnu-toolchain/bin/../lib/gcc/avr/4.7.2/../../../../avr/lib/avr51\libm.a(asin.o)
                                0x150 (size before relaxing)
 .stab          0x00000e1c      0x2f4 c:/program files (x86)/atmel/atmel toolchain/avr8 gcc/native/3.4.2.1002/avr8-gnu-toolchain/bin/../lib/gcc/avr/4.7.2/../../../../avr/lib/avr51\libm.a(atan2.o)
                                0x300 (size before relaxing)
 .stab          0x00001110      0x210 c:/program files (x86)/atmel/atmel toolchain/avr8 gcc/native/3.4.2.1002/avr8-gnu-toolchain/bin/../lib/gcc/avr/4.7.2/../../../../avr/lib/avr51\libm.a(atan.o)
                                0x21c (size before relaxing)
 .stab          0x00001320       0x90 c:/program files (x86)/atmel/atmel toolchain/avr8 gcc/native/3.4.2.1002/avr8-gnu-toolchain/bin/../lib/gcc/avr/4.7.2/../../../../avr/lib/avr51\libm.a(cmpsf2.o)
                                 0x9c (size before relaxing)
 .stab          0x000013b0       0x54 c:/program files (x86)/atmel/atmel toolchain/avr8 gcc/native/3.4.2.1002/avr8-gnu-toolchain/bin/../lib/gcc/avr/4.7.2/../../../../avr/lib/avr51\libm.a(cos.o)
                                 0x60 (size before relaxing)
 .stab          0x00001404       0x48 c:/program files (x86)/atmel/atmel toolchain/avr8 gcc/native/3.4.2.1002/avr8-gnu-toolchain/bin/../lib/gcc/avr/4.7.2/../../../../avr/lib/avr51\libm.a(divsf3.o)
                                 0x54 (size before relaxing)
 .stab          0x0000144c      0x510 c:/program files (x86)/atmel/atmel toolchain/avr8 gcc/native/3.4.2.1002/avr8-gnu-toolchain/bin/../lib/gcc/avr/4.7.2/../../../../avr/lib/avr51\libm.a(divsf3x.o)
                                0x51c (size before relaxing)
 .stab          0x0000195c       0x6c c:/program files (x86)/atmel/atmel toolchain/avr8 gcc/native/3.4.2.1002/avr8-gnu-toolchain/bin/../lib/gcc/avr/4.7.2/../../../../avr/lib/avr51\libm.a(fixsfsi.o)
                                 0x78 (size before relaxing)
 .stab          0x000019c8      0x240 c:/program files (x86)/atmel/atmel toolchain/avr8 gcc/native/3.4.2.1002/avr8-gnu-toolchain/bin/../lib/gcc/avr/4.7.2/../../../../avr/lib/avr51\libm.a(fixunssfsi.o)
                                0x24c (size before relaxing)
 .stab          0x00001c08      0x318 c:/program files (x86)/atmel/atmel toolchain/avr8 gcc/native/3.4.2.1002/avr8-gnu-toolchain/bin/../lib/gcc/avr/4.7.2/../../../../avr/lib/avr51\libm.a(floatsisf.o)
                                0x324 (size before relaxing)
 .stab          0x00001f20      0x1a4 c:/program files (x86)/atmel/atmel toolchain/avr8 gcc/native/3.4.2.1002/avr8-gnu-toolchain/bin/../lib/gcc/avr/4.7.2/../../../../avr/lib/avr51\libm.a(fmax.o)
                                0x1b0 (size before relaxing)
 .stab          0x000020c4      0x3e4 c:/program files (x86)/atmel/atmel toolchain/avr8 gcc/native/3.4.2.1002/avr8-gnu-toolchain/bin/../lib/gcc/avr/4.7.2/../../../../avr/lib/avr51\libm.a(fmod.o)
                                0x3f0 (size before relaxing)
 .stab          0x000024a8      0x174 c:/program files (x86)/atmel/atmel toolchain/avr8 gcc/native/3.4.2.1002/avr8-gnu-toolchain/bin/../lib/gcc/avr/4.7.2/../../../../avr/lib/avr51\libm.a(fp_arccos.o)
                                0x180 (size before relaxing)
 .stab          0x0000261c      0x1e0 c:/program files (x86)/atmel/atmel toolchain/avr8 gcc/native/3.4.2.1002/avr8-gnu-toolchain/bin/../lib/gcc/avr/4.7.2/../../../../avr/lib/avr51\libm.a(fp_cmp.o)
                                0x1ec (size before relaxing)
 .stab          0x000027fc       0x78 c:/program files (x86)/atmel/atmel toolchain/avr8 gcc/native/3.4.2.1002/avr8-gnu-toolchain/bin/../lib/gcc/avr/4.7.2/../../../../avr/lib/avr51\libm.a(fp_inf.o)
                                 0x84 (size before relaxing)
 .stab          0x00002874       0xe4 c:/program files (x86)/atmel/atmel toolchain/avr8 gcc/native/3.4.2.1002/avr8-gnu-toolchain/bin/../lib/gcc/avr/4.7.2/../../../../avr/lib/avr51\libm.a(fp_mpack.o)
                                 0xf0 (size before relaxing)
 .stab          0x00002958       0x54 c:/program files (x86)/atmel/atmel toolchain/avr8 gcc/native/3.4.2.1002/avr8-gnu-toolchain/bin/../lib/gcc/avr/4.7.2/../../../../avr/lib/avr51\libm.a(fp_nan.o)
                                 0x60 (size before relaxing)
 .stab          0x000029ac      0x1ec c:/program files (x86)/atmel/atmel toolchain/avr8 gcc/native/3.4.2.1002/avr8-gnu-toolchain/bin/../lib/gcc/avr/4.7.2/../../../../avr/lib/avr51\libm.a(fp_powser.o)
                                0x1f8 (size before relaxing)
 .stab          0x00002b98       0xfc c:/program files (x86)/atmel/atmel toolchain/avr8 gcc/native/3.4.2.1002/avr8-gnu-toolchain/bin/../lib/gcc/avr/4.7.2/../../../../avr/lib/avr51\libm.a(fp_powsodd.o)
                                0x108 (size before relaxing)
 .stab          0x00002c94       0x84 c:/program files (x86)/atmel/atmel toolchain/avr8 gcc/native/3.4.2.1002/avr8-gnu-toolchain/bin/../lib/gcc/avr/4.7.2/../../../../avr/lib/avr51\libm.a(fp_pscA.o)
                                 0x90 (size before relaxing)
 .stab          0x00002d18       0x84 c:/program files (x86)/atmel/atmel toolchain/avr8 gcc/native/3.4.2.1002/avr8-gnu-toolchain/bin/../lib/gcc/avr/4.7.2/../../../../avr/lib/avr51\libm.a(fp_pscB.o)
                                 0x90 (size before relaxing)
 .stab          0x00002d9c      0x21c c:/program files (x86)/atmel/atmel toolchain/avr8 gcc/native/3.4.2.1002/avr8-gnu-toolchain/bin/../lib/gcc/avr/4.7.2/../../../../avr/lib/avr51\libm.a(fp_rempio2.o)
                                0x228 (size before relaxing)
 .stab          0x00002fb8       0xfc c:/program files (x86)/atmel/atmel toolchain/avr8 gcc/native/3.4.2.1002/avr8-gnu-toolchain/bin/../lib/gcc/avr/4.7.2/../../../../avr/lib/avr51\libm.a(fp_round.o)
                                0x108 (size before relaxing)
 .stab          0x000030b4       0xfc c:/program files (x86)/atmel/atmel toolchain/avr8 gcc/native/3.4.2.1002/avr8-gnu-toolchain/bin/../lib/gcc/avr/4.7.2/../../../../avr/lib/avr51\libm.a(fp_sinus.o)
                                0x108 (size before relaxing)
 .stab          0x000031b0      0x1d4 c:/program files (x86)/atmel/atmel toolchain/avr8 gcc/native/3.4.2.1002/avr8-gnu-toolchain/bin/../lib/gcc/avr/4.7.2/../../../../avr/lib/avr51\libm.a(fp_split3.o)
                                0x1e0 (size before relaxing)
 .stab          0x00003384       0x90 c:/program files (x86)/atmel/atmel toolchain/avr8 gcc/native/3.4.2.1002/avr8-gnu-toolchain/bin/../lib/gcc/avr/4.7.2/../../../../avr/lib/avr51\libm.a(fp_zero.o)
                                 0x9c (size before relaxing)
 .stab          0x00003414       0x6c c:/program files (x86)/atmel/atmel toolchain/avr8 gcc/native/3.4.2.1002/avr8-gnu-toolchain/bin/../lib/gcc/avr/4.7.2/../../../../avr/lib/avr51\libm.a(gesf2.o)
                                 0x78 (size before relaxing)
 .stab          0x00003480       0x84 c:/program files (x86)/atmel/atmel toolchain/avr8 gcc/native/3.4.2.1002/avr8-gnu-toolchain/bin/../lib/gcc/avr/4.7.2/../../../../avr/lib/avr51\libm.a(inverse.o)
                                 0x90 (size before relaxing)
 .stab          0x00003504       0x48 c:/program files (x86)/atmel/atmel toolchain/avr8 gcc/native/3.4.2.1002/avr8-gnu-toolchain/bin/../lib/gcc/avr/4.7.2/../../../../avr/lib/avr51\libm.a(mulsf3.o)
                                 0x54 (size before relaxing)
 .stab          0x0000354c      0x4d4 c:/program files (x86)/atmel/atmel toolchain/avr8 gcc/native/3.4.2.1002/avr8-gnu-toolchain/bin/../lib/gcc/avr/4.7.2/../../../../avr/lib/avr51\libm.a(mulsf3x.o)
                                0x4e0 (size before relaxing)
 .stab          0x00003a20       0x78 c:/program files (x86)/atmel/atmel toolchain/avr8 gcc/native/3.4.2.1002/avr8-gnu-toolchain/bin/../lib/gcc/avr/4.7.2/../../../../avr/lib/avr51\libm.a(sin.o)
                                 0x84 (size before relaxing)
 .stab          0x00003a98      0x354 c:/program files (x86)/atmel/atmel toolchain/avr8 gcc/native/3.4.2.1002/avr8-gnu-toolchain/bin/../lib/gcc/avr/4.7.2/../../../../avr/lib/avr51\libm.a(sqrt.o)
                                0x360 (size before relaxing)
 .stab          0x00003dec       0x54 c:/program files (x86)/atmel/atmel toolchain/avr8 gcc/native/3.4.2.1002/avr8-gnu-toolchain/bin/../lib/gcc/avr/4.7.2/../../../../avr/lib/avr51\libm.a(square.o)
                                 0x60 (size before relaxing)
 .stab          0x00003e40       0x84 c:/program files (x86)/atmel/atmel toolchain/avr8 gcc/native/3.4.2.1002/avr8-gnu-toolchain/bin/../lib/gcc/avr/4.7.2/../../../../avr/lib/avr51\libm.a(fp_norm2.o)
                                 0x90 (size before relaxing)
 .stab          0x00003ec4       0xb4 c:/program files (x86)/atmel/atmel toolchain/avr8 gcc/native/3.4.2.1002/avr8-gnu-toolchain/bin/../lib/gcc/avr/4.7.2/../../../../avr/lib/avr51\libc.a(memcmp.o)
                                 0xc0 (size before relaxing)
 .stab          0x00003f78       0x84 c:/program files (x86)/atmel/atmel toolchain/avr8 gcc/native/3.4.2.1002/avr8-gnu-toolchain/bin/../lib/gcc/avr/4.7.2/../../../../avr/lib/avr51\libc.a(memcpy.o)
                                 0x90 (size before relaxing)

.stabstr        0x00000000     0x1232
 *(.stabstr)
 .stabstr       0x00000000     0x1232 c:/program files (x86)/atmel/atmel toolchain/avr8 gcc/native/3.4.2.1002/avr8-gnu-toolchain/bin/../lib/gcc/avr/4.7.2/../../../../avr/lib/avr51/crtm1284p.o

.stab.excl
 *(.stab.excl)

.stab.exclstr
 *(.stab.exclstr)

.stab.index
 *(.stab.index)

.stab.indexstr
 *(.stab.indexstr)

.comment        0x00000000       0x2f
 *(.comment)
 .comment       0x00000000       0x2f counter.o
                                 0x30 (size before relaxing)
 .comment       0x00000000       0x30 fifo.o
 .comment       0x00000000       0x30 Gangenheten.o
 .comment       0x00000000       0x30 highLevelWalking.o
 .comment       0x00000000       0x30 I2Cdev.o
 .comment       0x00000000       0x30 inverseKinematics.o
 .comment       0x00000000       0x30 MPU6050.o
 .comment       0x00000000       0x30 MpuInit.o
 .comment       0x00000000       0x30 serialServoControl.o
 .comment       0x00000000       0x30 usart.o
 .comment       0x00000000       0x30 c:/program files (x86)/atmel/atmel toolchain/avr8 gcc/native/3.4.2.1002/avr8-gnu-toolchain/bin/../lib/gcc/avr/4.7.2/../../../../avr/lib/avr51\libc.a(malloc.o)
 .comment       0x00000000       0x30 c:/program files (x86)/atmel/atmel toolchain/avr8 gcc/native/3.4.2.1002/avr8-gnu-toolchain/bin/../lib/gcc/avr/4.7.2/../../../../avr/lib/avr51\libc.a(realloc.o)

.debug
 *(.debug)

.line
 *(.line)

.debug_srcinfo
 *(.debug_srcinfo)

.debug_sfnames
 *(.debug_sfnames)

.debug_aranges  0x00000000      0xe68
 *(.debug_aranges)
 .debug_aranges
                0x00000000       0x50 counter.o
 .debug_aranges
                0x00000050       0x30 fifo.o
 .debug_aranges
                0x00000080       0x30 Gangenheten.o
 .debug_aranges
                0x000000b0       0xb0 highLevelWalking.o
 .debug_aranges
                0x00000160       0xf0 I2Cdev.o
 .debug_aranges
                0x00000250      0x100 inverseKinematics.o
 .debug_aranges
                0x00000350      0x840 MPU6050.o
 .debug_aranges
                0x00000b90       0xe8 MpuInit.o
 .debug_aranges
                0x00000c78       0xb8 serialServoControl.o
 .debug_aranges
                0x00000d30       0xf0 usart.o
 .debug_aranges
                0x00000e20       0x28 c:/program files (x86)/atmel/atmel toolchain/avr8 gcc/native/3.4.2.1002/avr8-gnu-toolchain/bin/../lib/gcc/avr/4.7.2/../../../../avr/lib/avr51\libc.a(malloc.o)
 .debug_aranges
                0x00000e48       0x20 c:/program files (x86)/atmel/atmel toolchain/avr8 gcc/native/3.4.2.1002/avr8-gnu-toolchain/bin/../lib/gcc/avr/4.7.2/../../../../avr/lib/avr51\libc.a(realloc.o)

.debug_pubnames
 *(.debug_pubnames)

.debug_info     0x00000000    0x133da
 *(.debug_info)
 .debug_info    0x00000000      0x1f4 counter.o
 .debug_info    0x000001f4      0x1bc fifo.o
 .debug_info    0x000003b0      0x328 Gangenheten.o
 .debug_info    0x000006d8     0x1eca highLevelWalking.o
 .debug_info    0x000025a2     0x145d I2Cdev.o
 .debug_info    0x000039ff      0x895 inverseKinematics.o
 .debug_info    0x00004294     0x8705 MPU6050.o
 .debug_info    0x0000c999     0x4df7 MpuInit.o
 .debug_info    0x00011790      0xb8d serialServoControl.o
 .debug_info    0x0001231d      0xbe6 usart.o
 .debug_info    0x00012f03      0x23d c:/program files (x86)/atmel/atmel toolchain/avr8 gcc/native/3.4.2.1002/avr8-gnu-toolchain/bin/../lib/gcc/avr/4.7.2/../../../../avr/lib/avr51\libc.a(malloc.o)
 .debug_info    0x00013140      0x29a c:/program files (x86)/atmel/atmel toolchain/avr8 gcc/native/3.4.2.1002/avr8-gnu-toolchain/bin/../lib/gcc/avr/4.7.2/../../../../avr/lib/avr51\libc.a(realloc.o)
 *(.gnu.linkonce.wi.*)

.debug_abbrev   0x00000000     0x19d8
 *(.debug_abbrev)
 .debug_abbrev  0x00000000      0x106 counter.o
 .debug_abbrev  0x00000106       0xd2 fifo.o
 .debug_abbrev  0x000001d8      0x10c Gangenheten.o
 .debug_abbrev  0x000002e4      0x2cd highLevelWalking.o
 .debug_abbrev  0x000005b1      0x30e I2Cdev.o
 .debug_abbrev  0x000008bf      0x17f inverseKinematics.o
 .debug_abbrev  0x00000a3e      0x2be MPU6050.o
 .debug_abbrev  0x00000cfc      0x4d1 MpuInit.o
 .debug_abbrev  0x000011cd      0x2be serialServoControl.o
 .debug_abbrev  0x0000148b      0x31a usart.o
 .debug_abbrev  0x000017a5       0xf9 c:/program files (x86)/atmel/atmel toolchain/avr8 gcc/native/3.4.2.1002/avr8-gnu-toolchain/bin/../lib/gcc/avr/4.7.2/../../../../avr/lib/avr51\libc.a(malloc.o)
 .debug_abbrev  0x0000189e      0x13a c:/program files (x86)/atmel/atmel toolchain/avr8 gcc/native/3.4.2.1002/avr8-gnu-toolchain/bin/../lib/gcc/avr/4.7.2/../../../../avr/lib/avr51\libc.a(realloc.o)

.debug_line     0x00000000     0x651d
 *(.debug_line)
 .debug_line    0x00000000      0x1d5 counter.o
 .debug_line    0x000001d5      0x151 fifo.o
 .debug_line    0x00000326      0x205 Gangenheten.o
 .debug_line    0x0000052b     0x126b highLevelWalking.o
 .debug_line    0x00001796      0x9ca I2Cdev.o
 .debug_line    0x00002160      0x3d6 inverseKinematics.o
 .debug_line    0x00002536     0x2333 MPU6050.o
 .debug_line    0x00004869      0x9c4 MpuInit.o
 .debug_line    0x0000522d      0x779 serialServoControl.o
 .debug_line    0x000059a6      0x770 usart.o
 .debug_line    0x00006116      0x20e c:/program files (x86)/atmel/atmel toolchain/avr8 gcc/native/3.4.2.1002/avr8-gnu-toolchain/bin/../lib/gcc/avr/4.7.2/../../../../avr/lib/avr51\libc.a(malloc.o)
 .debug_line    0x00006324      0x1f9 c:/program files (x86)/atmel/atmel toolchain/avr8 gcc/native/3.4.2.1002/avr8-gnu-toolchain/bin/../lib/gcc/avr/4.7.2/../../../../avr/lib/avr51\libc.a(realloc.o)

.debug_frame    0x00000000     0x38c8
 *(.debug_frame)
 .debug_frame   0x00000000       0x94 counter.o
 .debug_frame   0x00000094       0x68 fifo.o
 .debug_frame   0x000000fc       0x54 Gangenheten.o
 .debug_frame   0x00000150      0x570 highLevelWalking.o
 .debug_frame   0x000006c0      0x540 I2Cdev.o
 .debug_frame   0x00000c00      0x420 inverseKinematics.o
 .debug_frame   0x00001020     0x1de4 MPU6050.o
 .debug_frame   0x00002e04      0x47c MpuInit.o
 .debug_frame   0x00003280      0x2c8 serialServoControl.o
 .debug_frame   0x00003548      0x2b8 usart.o
 .debug_frame   0x00003800       0x68 c:/program files (x86)/atmel/atmel toolchain/avr8 gcc/native/3.4.2.1002/avr8-gnu-toolchain/bin/../lib/gcc/avr/4.7.2/../../../../avr/lib/avr51\libc.a(malloc.o)
 .debug_frame   0x00003868       0x60 c:/program files (x86)/atmel/atmel toolchain/avr8 gcc/native/3.4.2.1002/avr8-gnu-toolchain/bin/../lib/gcc/avr/4.7.2/../../../../avr/lib/avr51\libc.a(realloc.o)

.debug_str      0x00000000     0x6c02
 *(.debug_str)
 .debug_str     0x00000000      0x18c counter.o
                                0x1dc (size before relaxing)
 .debug_str     0x0000018c       0x83 fifo.o
                                0x161 (size before relaxing)
 .debug_str     0x0000020f      0x171 Gangenheten.o
                                0x2d2 (size before relaxing)
 .debug_str     0x00000380      0xc36 highLevelWalking.o
                                0xdca (size before relaxing)
 .debug_str     0x00000fb6      0x4cd I2Cdev.o
                                0x57b (size before relaxing)
 .debug_str     0x00001483       0x89 inverseKinematics.o
                                0x55f (size before relaxing)
 .debug_str     0x0000150c     0x387d MPU6050.o
                               0x3b24 (size before relaxing)
 .debug_str     0x00004d89     0x150f MpuInit.o
                               0x4e2a (size before relaxing)
 .debug_str     0x00006298      0x382 serialServoControl.o
                                0x6fe (size before relaxing)
 .debug_str     0x0000661a      0x479 usart.o
                                0x6eb (size before relaxing)
 .debug_str     0x00006a93       0xf4 c:/program files (x86)/atmel/atmel toolchain/avr8 gcc/native/3.4.2.1002/avr8-gnu-toolchain/bin/../lib/gcc/avr/4.7.2/../../../../avr/lib/avr51\libc.a(malloc.o)
                                0x17c (size before relaxing)
 .debug_str     0x00006b87       0x7b c:/program files (x86)/atmel/atmel toolchain/avr8 gcc/native/3.4.2.1002/avr8-gnu-toolchain/bin/../lib/gcc/avr/4.7.2/../../../../avr/lib/avr51\libc.a(realloc.o)
                                0x15c (size before relaxing)

.debug_loc      0x00000000    0x10b27
 *(.debug_loc)
 .debug_loc     0x00000000       0xce counter.o
 .debug_loc     0x000000ce      0x17b fifo.o
 .debug_loc     0x00000249       0x3c Gangenheten.o
 .debug_loc     0x00000285     0x14a6 highLevelWalking.o
 .debug_loc     0x0000172b     0x1fdd I2Cdev.o
 .debug_loc     0x00003708      0xe54 inverseKinematics.o
 .debug_loc     0x0000455c     0x8b28 MPU6050.o
 .debug_loc     0x0000d084     0x1693 MpuInit.o
 .debug_loc     0x0000e717      0xe95 serialServoControl.o
 .debug_loc     0x0000f5ac      0xaa5 usart.o
 .debug_loc     0x00010051      0x4f8 c:/program files (x86)/atmel/atmel toolchain/avr8 gcc/native/3.4.2.1002/avr8-gnu-toolchain/bin/../lib/gcc/avr/4.7.2/../../../../avr/lib/avr51\libc.a(malloc.o)
 .debug_loc     0x00010549      0x5de c:/program files (x86)/atmel/atmel toolchain/avr8 gcc/native/3.4.2.1002/avr8-gnu-toolchain/bin/../lib/gcc/avr/4.7.2/../../../../avr/lib/avr51\libc.a(realloc.o)

.debug_macinfo
 *(.debug_macinfo)

.debug_pubtypes
 *(.debug_pubtypes)

.debug_ranges   0x00000000      0xe40
 *(.debug_ranges)
 .debug_ranges  0x00000000       0x40 counter.o
 .debug_ranges  0x00000040       0x20 fifo.o
 .debug_ranges  0x00000060       0x20 Gangenheten.o
 .debug_ranges  0x00000080       0xa0 highLevelWalking.o
 .debug_ranges  0x00000120      0x110 I2Cdev.o
 .debug_ranges  0x00000230       0xf0 inverseKinematics.o
 .debug_ranges  0x00000320      0x860 MPU6050.o
 .debug_ranges  0x00000b80       0xf8 MpuInit.o
 .debug_ranges  0x00000c78       0xa8 serialServoControl.o
 .debug_ranges  0x00000d20       0xf8 usart.o
 .debug_ranges  0x00000e18       0x18 c:/program files (x86)/atmel/atmel toolchain/avr8 gcc/native/3.4.2.1002/avr8-gnu-toolchain/bin/../lib/gcc/avr/4.7.2/../../../../avr/lib/avr51\libc.a(malloc.o)
 .debug_ranges  0x00000e30       0x10 c:/program files (x86)/atmel/atmel toolchain/avr8 gcc/native/3.4.2.1002/avr8-gnu-toolchain/bin/../lib/gcc/avr/4.7.2/../../../../avr/lib/avr51\libc.a(realloc.o)

.debug_macro
 *(.debug_macro)
OUTPUT(Gangenheten.elf elf32-avr)
LOAD linker stubs
