Archive member included because of file (symbol)

c:/program files (x86)/atmel/atmel toolchain/avr8 gcc/native/3.4.2.1002/avr8-gnu-toolchain/bin/../lib/gcc/avr/4.7.2/../../../../avr/lib/avr51\libm.a(acos.o)
                              inverseKinematics.o (acos)
c:/program files (x86)/atmel/atmel toolchain/avr8 gcc/native/3.4.2.1002/avr8-gnu-toolchain/bin/../lib/gcc/avr/4.7.2/../../../../avr/lib/avr51\libm.a(addsf3.o)
                              highLevelWalking.o (__subsf3)
c:/program files (x86)/atmel/atmel toolchain/avr8 gcc/native/3.4.2.1002/avr8-gnu-toolchain/bin/../lib/gcc/avr/4.7.2/../../../../avr/lib/avr51\libm.a(addsf3x.o)
                              c:/program files (x86)/atmel/atmel toolchain/avr8 gcc/native/3.4.2.1002/avr8-gnu-toolchain/bin/../lib/gcc/avr/4.7.2/../../../../avr/lib/avr51\libm.a(acos.o) (__addsf3x)
c:/program files (x86)/atmel/atmel toolchain/avr8 gcc/native/3.4.2.1002/avr8-gnu-toolchain/bin/../lib/gcc/avr/4.7.2/../../../../avr/lib/avr51\libm.a(asin.o)
                              inverseKinematics.o (asin)
c:/program files (x86)/atmel/atmel toolchain/avr8 gcc/native/3.4.2.1002/avr8-gnu-toolchain/bin/../lib/gcc/avr/4.7.2/../../../../avr/lib/avr51\libm.a(atan2.o)
                              MpuInit.o (atan2)
c:/program files (x86)/atmel/atmel toolchain/avr8 gcc/native/3.4.2.1002/avr8-gnu-toolchain/bin/../lib/gcc/avr/4.7.2/../../../../avr/lib/avr51\libm.a(atan.o)
                              inverseKinematics.o (atan)
c:/program files (x86)/atmel/atmel toolchain/avr8 gcc/native/3.4.2.1002/avr8-gnu-toolchain/bin/../lib/gcc/avr/4.7.2/../../../../avr/lib/avr51\libm.a(cmpsf2.o)
                              highLevelWalking.o (__eqsf2)
c:/program files (x86)/atmel/atmel toolchain/avr8 gcc/native/3.4.2.1002/avr8-gnu-toolchain/bin/../lib/gcc/avr/4.7.2/../../../../avr/lib/avr51\libm.a(cos.o)
                              highLevelWalking.o (cos)
c:/program files (x86)/atmel/atmel toolchain/avr8 gcc/native/3.4.2.1002/avr8-gnu-toolchain/bin/../lib/gcc/avr/4.7.2/../../../../avr/lib/avr51\libm.a(divsf3.o)
                              highLevelWalking.o (__divsf3)
c:/program files (x86)/atmel/atmel toolchain/avr8 gcc/native/3.4.2.1002/avr8-gnu-toolchain/bin/../lib/gcc/avr/4.7.2/../../../../avr/lib/avr51\libm.a(divsf3x.o)
                              c:/program files (x86)/atmel/atmel toolchain/avr8 gcc/native/3.4.2.1002/avr8-gnu-toolchain/bin/../lib/gcc/avr/4.7.2/../../../../avr/lib/avr51\libm.a(divsf3.o) (__divsf3x)
c:/program files (x86)/atmel/atmel toolchain/avr8 gcc/native/3.4.2.1002/avr8-gnu-toolchain/bin/../lib/gcc/avr/4.7.2/../../../../avr/lib/avr51\libm.a(fixsfsi.o)
                              highLevelWalking.o (__fixsfsi)
c:/program files (x86)/atmel/atmel toolchain/avr8 gcc/native/3.4.2.1002/avr8-gnu-toolchain/bin/../lib/gcc/avr/4.7.2/../../../../avr/lib/avr51\libm.a(fixunssfsi.o)
                              counter.o (__fixunssfsi)
c:/program files (x86)/atmel/atmel toolchain/avr8 gcc/native/3.4.2.1002/avr8-gnu-toolchain/bin/../lib/gcc/avr/4.7.2/../../../../avr/lib/avr51\libm.a(floatsisf.o)
                              counter.o (__floatunsisf)
c:/program files (x86)/atmel/atmel toolchain/avr8 gcc/native/3.4.2.1002/avr8-gnu-toolchain/bin/../lib/gcc/avr/4.7.2/../../../../avr/lib/avr51\libm.a(fmax.o)
                              highLevelWalking.o (fmax)
c:/program files (x86)/atmel/atmel toolchain/avr8 gcc/native/3.4.2.1002/avr8-gnu-toolchain/bin/../lib/gcc/avr/4.7.2/../../../../avr/lib/avr51\libm.a(fmod.o)
                              highLevelWalking.o (fmod)
c:/program files (x86)/atmel/atmel toolchain/avr8 gcc/native/3.4.2.1002/avr8-gnu-toolchain/bin/../lib/gcc/avr/4.7.2/../../../../avr/lib/avr51\libm.a(fp_arccos.o)
                              c:/program files (x86)/atmel/atmel toolchain/avr8 gcc/native/3.4.2.1002/avr8-gnu-toolchain/bin/../lib/gcc/avr/4.7.2/../../../../avr/lib/avr51\libm.a(acos.o) (__fp_arccos)
c:/program files (x86)/atmel/atmel toolchain/avr8 gcc/native/3.4.2.1002/avr8-gnu-toolchain/bin/../lib/gcc/avr/4.7.2/../../../../avr/lib/avr51\libm.a(fp_cmp.o)
                              c:/program files (x86)/atmel/atmel toolchain/avr8 gcc/native/3.4.2.1002/avr8-gnu-toolchain/bin/../lib/gcc/avr/4.7.2/../../../../avr/lib/avr51\libm.a(cmpsf2.o) (__fp_cmp)
c:/program files (x86)/atmel/atmel toolchain/avr8 gcc/native/3.4.2.1002/avr8-gnu-toolchain/bin/../lib/gcc/avr/4.7.2/../../../../avr/lib/avr51\libm.a(fp_inf.o)
                              c:/program files (x86)/atmel/atmel toolchain/avr8 gcc/native/3.4.2.1002/avr8-gnu-toolchain/bin/../lib/gcc/avr/4.7.2/../../../../avr/lib/avr51\libm.a(addsf3x.o) (__fp_inf)
c:/program files (x86)/atmel/atmel toolchain/avr8 gcc/native/3.4.2.1002/avr8-gnu-toolchain/bin/../lib/gcc/avr/4.7.2/../../../../avr/lib/avr51\libm.a(fp_mpack.o)
[...]
Memory Configuration

Name             Origin             Length             Attributes
text             0x00000000         0x00020000         xr
data             0x00800100         0x0000ff00         rw !x
eeprom           0x00810000         0x00010000         rw !x
fuse             0x00820000         0x00000400         rw !x
lock             0x00830000         0x00000400         rw !x
signature        0x00840000         0x00000400         rw !x
user_signatures  0x00850000         0x00000400         rw !x
*default*        0x00000000         0xffffffff

Linker script and memory map

Address of section .data set to 0x800100
LOAD c:/program files (x86)/atmel/atmel toolchain/avr8 gcc/native/3.4.2.1002/avr8-gnu-toolchain/bin/../lib/gcc/avr/4.7.2/../../../../avr/lib/avr51/crtm1284p.o
LOAD counter.o
LOAD fifo.o
LOAD Gangenheten.o
LOAD highLevelWalking.o
LOAD I2Cdev.o
LOAD inverseKinematics.o
LOAD MPU6050.o
LOAD MpuInit.o
LOAD serialServoControl.o
LOAD usart.o
START GROUP
LOAD c:/program files (x86)/atmel/atmel toolchain/avr8 gcc/native/3.4.2.1002/avr8-gnu-toolchain/bin/../lib/gcc/avr/4.7.2/../../../../avr/lib/avr51\libm.a
END GROUP
LOAD c:/program files (x86)/atmel/atmel toolchain/avr8 gcc/native/3.4.2.1002/avr8-gnu-toolchain/bin/../lib/gcc/avr/4.7.2/avr51\libgcc.a
LOAD c:/program files (x86)/atmel/atmel toolchain/avr8 gcc/native/3.4.2.1002/avr8-gnu-toolchain/bin/../lib/gcc/avr/4.7.2/../../../../avr/lib/avr51\libm.a
LOAD c:/program files (x86)/atmel/atmel toolchain/avr8 gcc/native/3.4.2.1002/avr8-gnu-toolchain/bin/../lib/gcc/avr/4.7.2/avr51\libgcc.a
LOAD c:/program files (x86)/atmel/atmel toolchain/avr8 gcc/native/3.4.2.1002/avr8-gnu-toolchain/bin/../lib/gcc/avr/4.7.2/../../../../avr/lib/avr51\libc.a
LOAD c:/program files (x86)/atmel/atmel toolchain/avr8 gcc/native/3.4.2.1002/avr8-gnu-toolchain/bin/../lib/gcc/avr/4.7.2/avr51\libgcc.a

.hash
 *(.hash)

.dynsym
 *(.dynsym)

.dynstr
 *(.dynstr)

.gnu.version
 *(.gnu.version)

.gnu.version_d
 *(.gnu.version_d)

.gnu.version_r
 *(.gnu.version_r)

.rel.init
 *(.rel.init)

.rela.init
 *(.rela.init)

.rel.text
 *(.rel.text)
 *(.rel.text.*)
 *(.rel.gnu.linkonce.t*)

.rela.text
 *(.rela.text)
 *(.rela.text.*)
 *(.rela.gnu.linkonce.t*)

.rel.fini
 *(.rel.fini)

.rela.fini
 *(.rela.fini)

.rel.rodata
 *(.rel.rodata)
 *(.rel.rodata.*)
 *(.rel.gnu.linkonce.r*)

.rela.rodata
 *(.rela.rodata)
 *(.rela.rodata.*)
 *(.rela.gnu.linkonce.r*)

.rel.data
 *(.rel.data)
 *(.rel.data.*)
 *(.rel.gnu.linkonce.d*)

.rela.data
 *(.rela.data)
 *(.rela.data.*)
 *(.rela.gnu.linkonce.d*)

.rel.ctors
 *(.rel.ctors)

.rela.ctors
 *(.rela.ctors)

.rel.dtors
 *(.rel.dtors)

.rela.dtors
 *(.rela.dtors)

.rel.got
 *(.rel.got)

.rela.got
 *(.rela.got)

.rel.bss
 *(.rel.bss)

.rela.bss
 *(.rela.bss)

.rel.plt
 *(.rel.plt)

.rela.plt
 *(.rela.plt)

.text           0x00000000     0x7192
 *(.vectors)
 .vectors       0x00000000       0x8c c:/program files (x86)/atmel/atmel toolchain/avr8 gcc/native/3.4.2.1002/avr8-gnu-toolchain/bin/../lib/gcc/avr/4.7.2/../../../../avr/lib/avr51/crtm1284p.o
                0x00000000                __vector_default
                0x00000000                __vectors
 *(.vectors)
 *(.progmem.gcc*)
 .progmem.gcc_fplib
                0x0000008c       0x14 c:/program files (x86)/atmel/atmel toolchain/avr8 gcc/native/3.4.2.1002/avr8-gnu-toolchain/bin/../lib/gcc/avr/4.7.2/../../../../avr/lib/avr51\libm.a(asin.o)
 .progmem.gcc_fplib
                0x000000a0       0x2d c:/program files (x86)/atmel/atmel toolchain/avr8 gcc/native/3.4.2.1002/avr8-gnu-toolchain/bin/../lib/gcc/avr/4.7.2/../../../../avr/lib/avr51\libm.a(atan.o)
 .progmem.gcc_fplib
                0x000000cd       0x28 c:/program files (x86)/atmel/atmel toolchain/avr8 gcc/native/3.4.2.1002/avr8-gnu-toolchain/bin/../lib/gcc/avr/4.7.2/../../../../avr/lib/avr51\libm.a(fp_arccos.o)
 .progmem.gcc_fplib
                0x000000f5       0x1e c:/program files (x86)/atmel/atmel toolchain/avr8 gcc/native/3.4.2.1002/avr8-gnu-toolchain/bin/../lib/gcc/avr/4.7.2/../../../../avr/lib/avr51\libm.a(fp_sinus.o)
 *(.progmem*)
 .progmem.data._ZL9dmpMemory
                0x00000113      0x789 MpuInit.o
 .progmem.data._ZL9dmpConfig
                0x0000089c       0xc0 MpuInit.o
 .progmem.data._ZL10dmpUpdates
                0x0000095c       0x2f MpuInit.o
                0x0000098c                . = ALIGN (0x2)
 *fill*         0x0000098b        0x1 
                0x0000098c                __trampolines_start = .
 *(.trampolines)
 .trampolines   0x0000098c        0x0 linker stubs
 *(.trampolines*)
                0x0000098c                __trampolines_end = .
 *(.jumptables)
 *(.jumptables*)
 *(.lowtext)
 *(.lowtext*)
                0x0000098c                __ctors_start = .
 *(.ctors)
 .ctors         0x0000098c        0x2 MpuInit.o
                0x0000098e                __ctors_end = .
                0x0000098e                __dtors_start = .
 *(.dtors)
                0x0000098e                __dtors_end = .
 SORT(*)(.ctors)
 SORT(*)(.dtors)
 *(.init0)
 .init0         0x0000098e        0x0 c:/program files (x86)/atmel/atmel toolchain/avr8 gcc/native/3.4.2.1002/avr8-gnu-toolchain/bin/../lib/gcc/avr/4.7.2/../../../../avr/lib/avr51/crtm1284p.o
                0x0000098e                __init
 *(.init0)
 *(.init1)
 *(.init1)
 *(.init2)
 .init2         0x0000098e        0xc c:/program files (x86)/atmel/atmel toolchain/avr8 gcc/native/3.4.2.1002/avr8-gnu-toolchain/bin/../lib/gcc/avr/4.7.2/../../../../avr/lib/avr51/crtm1284p.o
 *(.init2)
 *(.init3)
 *(.init3)
 *(.init4)
 .init4         0x0000099a       0x1a c:/program files (x86)/atmel/atmel toolchain/avr8 gcc/native/3.4.2.1002/avr8-gnu-toolchain/bin/../lib/gcc/avr/4.7.2/avr51\libgcc.a(_copy_data.o)
                0x0000099a                __do_copy_data
 .init4         0x000009b4       0x10 c:/program files (x86)/atmel/atmel toolchain/avr8 gcc/native/3.4.2.1002/avr8-gnu-toolchain/bin/../lib/gcc/avr/4.7.2/avr51\libgcc.a(_clear_bss.o)
                0x000009b4                __do_clear_bss
 *(.init4)
 *(.init5)
 *(.init5)
 *(.init6)
 .init6         0x000009c4       0x20 c:/program files (x86)/atmel/atmel toolchain/avr8 gcc/native/3.4.2.1002/avr8-gnu-toolchain/bin/../lib/gcc/avr/4.7.2/avr51\libgcc.a(_ctors.o)
                0x000009c4                __do_global_ctors
 *(.init6)
 *(.init7)
 *(.init7)
 *(.init8)
 *(.init8)
 *(.init9)
 .init9         0x000009e4        0x6 c:/program files (x86)/atmel/atmel toolchain/avr8 gcc/native/3.4.2.1002/avr8-gnu-toolchain/bin/../lib/gcc/avr/4.7.2/../../../../avr/lib/avr51/crtm1284p.o
 *(.init9)
 *(.text)
 .text          0x000009ea        0x2 c:/program files (x86)/atmel/atmel toolchain/avr8 gcc/native/3.4.2.1002/avr8-gnu-toolchain/bin/../lib/gcc/avr/4.7.2/../../../../avr/lib/avr51/crtm1284p.o
                0x000009ea                __vector_22
                0x000009ea                __vector_1
                0x000009ea                __vector_34
                0x000009ea                __vector_24
                0x000009ea                __vector_12
                0x000009ea                __bad_interrupt
                0x000009ea                __vector_6
                0x000009ea                __vector_31
                0x000009ea                __vector_3
                0x000009ea                __vector_23
                0x000009ea                __vector_30
                0x000009ea                __vector_25
                0x000009ea                __vector_11
                0x000009ea                __vector_17
                0x000009ea                __vector_19
                0x000009ea                __vector_7
                0x000009ea                __vector_27
                0x000009ea                __vector_5
                0x000009ea                __vector_33
                0x000009ea                __vector_9
                0x000009ea                __vector_2
                0x000009ea                __vector_21
                0x000009ea                __vector_15
                0x000009ea                __vector_29
                0x000009ea                __vector_8
                0x000009ea                __vector_26
                0x000009ea                __vector_14
                0x000009ea                __vector_10
                0x000009ea                __vector_16
                0x000009ec                . = ALIGN (0x2)
 *(.text.*)
 .text._Z15reset_counter_1v
                0x000009ec        0xa counter.o
                0x000009ec                _Z15reset_counter_1v
 .text._Z13set_counter_1j
                0x000009f6       0x24 counter.o
                0x000009f6                _Z13set_counter_1j
 .text._Z15reset_counter_3v
                0x00000a1a        0xa counter.o
                0x00000a1a                _Z15reset_counter_3v
 .text._Z13set_counter_3j
                0x00000a24       0x24 counter.o
                0x00000a24                _Z13set_counter_3j
 .text._Z13init_countersv
                0x00000a48       0x46 counter.o
                0x00000a48                _Z13init_countersv
 .text._Z4waitj
                0x00000a8e       0x1c counter.o
                0x00000a8e                _Z4waitj
 .text.__vector_32
                0x00000aaa       0x26 counter.o
                0x00000aaa                __vector_32
 .text._Z14FifoDataLengthP4fifo
                0x00000ad0       0x10 fifo.o
                0x00000ad0                _Z14FifoDataLengthP4fifo
 .text._Z9FifoWriteP4fifoh
                0x00000ae0       0x40 fifo.o
                0x00000ae0                _Z9FifoWriteP4fifoh
 .text._Z8FifoReadP4fifoPh
                0x00000b20       0x46 fifo.o
                0x00000b20                _Z8FifoReadP4fifoPh
 .text.__vector_13
                0x00000b66       0x32 Gangenheten.o
                0x00000b66                __vector_13
 .text._Z22wait_until_gyro_stablev
                0x00000b98       0x1e Gangenheten.o
                0x00000b98                _Z22wait_until_gyro_stablev
 .text.main     0x00000bb6      0x146 Gangenheten.o
                0x00000bb6                main
 .text._Z11init_structP7LegData
                0x00000cfc       0x70 highLevelWalking.o
                0x00000cfc                _Z11init_structP7LegData
 .text._Z7initvarv
                0x00000d6c      0x2e6 highLevelWalking.o
                0x00000d6c                _Z7initvarv
 .text._Z10step_startP7LegData
                0x00001052       0x54 highLevelWalking.o
                0x00001052                _Z10step_startP7LegData
 .text._Z21step_part1_calculatorP7LegData
                0x000010a6      0x100 highLevelWalking.o
                0x000010a6                _Z21step_part1_calculatorP7LegData
 .text._Z21step_part2_calculatorP7LegData
                0x000011a6       0x74 highLevelWalking.o
                0x000011a6                _Z21step_part2_calculatorP7LegData
 .text._Z15leg_motion_initv
                0x0000121a      0x242 highLevelWalking.o
                0x0000121a                _Z15leg_motion_initv
 .text._Z8move_legP7LegDataf
                0x0000145c      0x546 highLevelWalking.o
                0x0000145c                _Z8move_legP7LegDataf
 .text._Z8change_zf
                0x000019a2       0x64 highLevelWalking.o
                0x000019a2                _Z8change_zf
 .text._Z10leg_motionv
                0x00001a06      0x168 highLevelWalking.o
                0x00001a06                _Z10leg_motionv
 .text._Z10move_robotiii
                0x00001b6e      0xd54 highLevelWalking.o
                0x00001b6e                _Z10move_robotiii
 .text._Z11move_to_stdv
                0x000028c2      0x2a4 highLevelWalking.o
                0x000028c2                _Z11move_to_stdv
 .text._Z12turn_degreesja
                0x00002b66      0x456 highLevelWalking.o
                0x00002b66                _Z12turn_degreesja
 .text._Z9floatCasthhhh
                0x00002fbc        0xc highLevelWalking.o
                0x00002fbc                _Z9floatCasthhhh
 .text._Z17update_parametersPh
                0x00002fc8      0x1aa highLevelWalking.o
                0x00002fc8                _Z17update_parametersPh
 .text._Z5climbv
                0x00003172      0x1be highLevelWalking.o
                0x00003172                _Z5climbv
 .text.__vector_18
                0x00003330       0x94 I2Cdev.o
                0x00003330                __vector_18
 .text._Z6millisv
                0x000033c4       0x2a I2Cdev.o
                0x000033c4                _Z6millisv
 .text._ZN8Fastwire7waitIntEv
                0x000033ee       0x20 I2Cdev.o
                0x000033ee                _ZN8Fastwire7waitIntEv
 .text._ZN8Fastwire5setupEih
                0x0000340e       0x60 I2Cdev.o
                0x0000340e                _ZN8Fastwire5setupEih
 .text._ZN8Fastwire17beginTransmissionEh
                0x0000346e       0xa2 I2Cdev.o
                0x0000346e                _ZN8Fastwire17beginTransmissionEh
 .text._ZN8Fastwire5writeEh
                0x00003510       0x26 I2Cdev.o
                0x00003510                _ZN8Fastwire5writeEh
 .text._ZN8Fastwire4stopEv
                0x00003536       0x12 I2Cdev.o
                0x00003536                _ZN8Fastwire4stopEv
 .text._ZN8Fastwire7readBufEhhPhh
                0x00003548      0x202 I2Cdev.o
                0x00003548                _ZN8Fastwire7readBufEhhPhh
 .text._ZN6I2Cdev9readBytesEhhhPhj
                0x0000374a       0x8c I2Cdev.o
                0x0000374a                _ZN6I2Cdev9readBytesEhhhPhj
 .text._ZN6I2Cdev8readByteEhhPhj
                0x000037d6       0x12 I2Cdev.o
                0x000037d6                _ZN6I2Cdev8readByteEhhPhj
 .text._ZN6I2Cdev8readBitsEhhhhPhj
                0x000037e8       0x7e I2Cdev.o
                0x000037e8                _ZN6I2Cdev8readBitsEhhhhPhj
 .text._ZN6I2Cdev7readBitEhhhPhj
                0x00003866       0x4c I2Cdev.o
                0x00003866                _ZN6I2Cdev7readBitEhhhPhj
 .text._ZN6I2Cdev10writeWordsEhhhPj
                0x000038b2       0x6c I2Cdev.o
                0x000038b2                _ZN6I2Cdev10writeWordsEhhhPj
 .text._ZN6I2Cdev9writeWordEhhj
                0x0000391e       0x22 I2Cdev.o
                0x0000391e                _ZN6I2Cdev9writeWordEhhj
 .text._ZN6I2Cdev10writeBytesEhhhPh
                0x00003940       0x48 I2Cdev.o
                0x00003940                _ZN6I2Cdev10writeBytesEhhhPh
 .text._ZN6I2Cdev9writeByteEhhh
                0x00003988       0x1e I2Cdev.o
                0x00003988                _ZN6I2Cdev9writeByteEhhh
 .text._ZN6I2Cdev9writeBitsEhhhhh
                0x000039a6       0x8a I2Cdev.o
                0x000039a6                _ZN6I2Cdev9writeBitsEhhhhh
 .text._ZN6I2Cdev8writeBitEhhhh
                0x00003a30       0x72 I2Cdev.o
                0x00003a30                _ZN6I2Cdev8writeBitEhhhh
 .text._Z16height_change_x0f
                0x00003aa2       0x3e inverseKinematics.o
                0x00003aa2                _Z16height_change_x0f
 .text._Z18height_change_leg1f
                0x00003ae0       0xa0 inverseKinematics.o
                0x00003ae0                _Z18height_change_leg1f
 .text._Z18height_change_leg2f
                0x00003b80       0x4c inverseKinematics.o
                0x00003b80                _Z18height_change_leg2f
 .text._Z18height_change_leg3f
                0x00003bcc       0x94 inverseKinematics.o
                0x00003bcc                _Z18height_change_leg3f
 .text._Z18height_change_leg4f
                0x00003c60       0xa8 inverseKinematics.o
                0x00003c60                _Z18height_change_leg4f
 .text._Z18height_change_leg5f
                0x00003d08       0x4a inverseKinematics.o
                0x00003d08                _Z18height_change_leg5f
 .text._Z18height_change_leg6f
                0x00003d52       0x92 inverseKinematics.o
                0x00003d52                _Z18height_change_leg6f
 .text._Z17height_change_allf
                0x00003de4       0x3c inverseKinematics.o
                0x00003de4                _Z17height_change_allf
 .text._Z8get_x0_1v
                0x00003e20       0x1a inverseKinematics.o
                0x00003e20                _Z8get_x0_1v
 .text._Z8get_y0_1v
                0x00003e3a       0x1a inverseKinematics.o
                0x00003e3a                _Z8get_y0_1v
 .text._Z6get_x0v
                0x00003e54       0x1a inverseKinematics.o
                0x00003e54                _Z6get_x0v
 .text._Z6get_y0v
                0x00003e6e       0x1a inverseKinematics.o
                0x00003e6e                _Z6get_y0v
 .text._Z6get_z0v
                0x00003e88       0x1a inverseKinematics.o
                0x00003e88                _Z6get_z0v
 .text._Z6calc_dfff
                0x00003ea2       0xc2 inverseKinematics.o
                0x00003ea2                _Z6calc_dfff
 .text._Z9get_gammaff
                0x00003f64       0x46 inverseKinematics.o
                0x00003f64                _Z9get_gammaff
 .text._Z8get_betav
                0x00003faa       0x6a inverseKinematics.o
                0x00003faa                _Z8get_betav
 .text._Z9get_alphaf
                0x00004014       0xc2 inverseKinematics.o
                0x00004014                _Z9get_alphaf
 .text._Z18basis_change_leg1xff
                0x000040d6       0x92 inverseKinematics.o
                0x000040d6                _Z18basis_change_leg1xff
 .text._Z18basis_change_leg1yff
                0x00004168       0x92 inverseKinematics.o
                0x00004168                _Z18basis_change_leg1yff
 .text._Z18basis_change_leg2xf
                0x000041fa       0x30 inverseKinematics.o
                0x000041fa                _Z18basis_change_leg2xf
 .text._Z18basis_change_leg2yf
                0x0000422a       0x24 inverseKinematics.o
                0x0000422a                _Z18basis_change_leg2yf
 .text._Z18basis_change_leg3xff
                0x0000424e       0x92 inverseKinematics.o
                0x0000424e                _Z18basis_change_leg3xff
 .text._Z18basis_change_leg3yff
                0x000042e0       0x92 inverseKinematics.o
                0x000042e0                _Z18basis_change_leg3yff
 .text._Z18basis_change_leg4xff
                0x00004372       0x92 inverseKinematics.o
                0x00004372                _Z18basis_change_leg4xff
 .text._Z18basis_change_leg4yff
                0x00004404       0x92 inverseKinematics.o
                0x00004404                _Z18basis_change_leg4yff
 .text._Z18basis_change_leg5xf
                0x00004496       0x20 inverseKinematics.o
                0x00004496                _Z18basis_change_leg5xf
 .text._Z18basis_change_leg5yf
                0x000044b6       0x14 inverseKinematics.o
                0x000044b6                _Z18basis_change_leg5yf
 .text._Z18basis_change_leg6xff
                0x000044ca       0x92 inverseKinematics.o
                0x000044ca                _Z18basis_change_leg6xff
 .text._Z18basis_change_leg6yff
                0x0000455c       0x92 inverseKinematics.o
                0x0000455c                _Z18basis_change_leg6yff
 .text._ZN7MPU6050C2Ev
                0x000045ee        0x8 MPU6050.o
                0x000045ee                _ZN7MPU6050C2Ev
                0x000045ee                _ZN7MPU6050C1Ev
 .text._ZN7MPU60507setRateEh
                0x000045f6        0xa MPU6050.o
                0x000045f6                _ZN7MPU60507setRateEh
 .text._ZN7MPU605020setExternalFrameSyncEh
                0x00004600       0x14 MPU6050.o
                0x00004600                _ZN7MPU605020setExternalFrameSyncEh
 .text._ZN7MPU605011setDLPFModeEh
                0x00004614       0x14 MPU6050.o
                0x00004614                _ZN7MPU605011setDLPFModeEh
 .text._ZN7MPU605021setFullScaleGyroRangeEh
                0x00004628       0x14 MPU6050.o
                0x00004628                _ZN7MPU605021setFullScaleGyroRangeEh
 .text._ZN7MPU605027setMotionDetectionThresholdEh
                0x0000463c        0xa MPU6050.o
                0x0000463c                _ZN7MPU605027setMotionDetectionThresholdEh
 .text._ZN7MPU605026setMotionDetectionDurationEh
                0x00004646        0xa MPU6050.o
                0x00004646                _ZN7MPU605026setMotionDetectionDurationEh
 .text._ZN7MPU605031setZeroMotionDetectionThresholdEh
                0x00004650        0xa MPU6050.o
                0x00004650                _ZN7MPU605031setZeroMotionDetectionThresholdEh
 .text._ZN7MPU605030setZeroMotionDetectionDurationEh
                0x0000465a        0xa MPU6050.o
                0x0000465a                _ZN7MPU605030setZeroMotionDetectionDurationEh
 .text._ZN7MPU605015setSlaveAddressEhh
                0x00004664       0x14 MPU6050.o
                0x00004664                _ZN7MPU605015setSlaveAddressEhh
 .text._ZN7MPU605013setIntEnabledEh
                0x00004678        0xa MPU6050.o
                0x00004678                _ZN7MPU605013setIntEnabledEh
 .text._ZN7MPU605012getIntStatusEv
                0x00004682       0x22 MPU6050.o
                0x00004682                _ZN7MPU605012getIntStatusEv
 .text._ZN7MPU605014setFIFOEnabledEb
                0x000046a4        0xc MPU6050.o
                0x000046a4                _ZN7MPU605014setFIFOEnabledEb
 .text._ZN7MPU605023setI2CMasterModeEnabledEb
                0x000046b0        0xc MPU6050.o
                0x000046b0                _ZN7MPU605023setI2CMasterModeEnabledEb
 .text._ZN7MPU60509resetFIFOEv
                0x000046bc        0xc MPU6050.o
                0x000046bc                _ZN7MPU60509resetFIFOEv
 .text._ZN7MPU605014resetI2CMasterEv
                0x000046c8        0xc MPU6050.o
                0x000046c8                _ZN7MPU605014resetI2CMasterEv
 .text._ZN7MPU60505resetEv
                0x000046d4        0xc MPU6050.o
                0x000046d4                _ZN7MPU60505resetEv
 .text._ZN7MPU605015setSleepEnabledEb
                0x000046e0        0xc MPU6050.o
                0x000046e0                _ZN7MPU605015setSleepEnabledEb
 .text._ZN7MPU605014setClockSourceEh
                0x000046ec       0x14 MPU6050.o
                0x000046ec                _ZN7MPU605014setClockSourceEh
 .text._ZN7MPU605012getFIFOCountEv
                0x00004700       0x3a MPU6050.o
                0x00004700                _ZN7MPU605012getFIFOCountEv
 .text._ZN7MPU605012getFIFOBytesEPhj
                0x0000473a       0x2e MPU6050.o
                0x0000473a                _ZN7MPU605012getFIFOBytesEPhj
 .text._ZN7MPU605015getOTPBankValidEv
                0x00004768       0x2c MPU6050.o
                0x00004768                _ZN7MPU605015getOTPBankValidEv
 .text._ZN7MPU605015setOTPBankValidEb
                0x00004794        0xc MPU6050.o
                0x00004794                _ZN7MPU605015setOTPBankValidEb
 .text._ZN7MPU605016getXGyroOffsetTCEv
                0x000047a0       0x36 MPU6050.o
                0x000047a0                _ZN7MPU605016getXGyroOffsetTCEv
 .text._ZN7MPU605016setXGyroOffsetTCEa
                0x000047d6       0x14 MPU6050.o
                0x000047d6                _ZN7MPU605016setXGyroOffsetTCEa
 .text._ZN7MPU605016getYGyroOffsetTCEv
                0x000047ea       0x38 MPU6050.o
                0x000047ea                _ZN7MPU605016getYGyroOffsetTCEv
 .text._ZN7MPU605016setYGyroOffsetTCEa
                0x00004822       0x14 MPU6050.o
                0x00004822                _ZN7MPU605016setYGyroOffsetTCEa
 .text._ZN7MPU605016getZGyroOffsetTCEv
                0x00004836       0x38 MPU6050.o
                0x00004836                _ZN7MPU605016getZGyroOffsetTCEv
 .text._ZN7MPU605016setZGyroOffsetTCEa
                0x0000486e       0x14 MPU6050.o
                0x0000486e                _ZN7MPU605016setZGyroOffsetTCEa
 .text._ZN7MPU605015setZAccelOffsetEi
                0x00004882        0xa MPU6050.o
                0x00004882                _ZN7MPU605015setZAccelOffsetEi
 .text._ZN7MPU605014setXGyroOffsetEi
                0x0000488c        0xa MPU6050.o
                0x0000488c                _ZN7MPU605014setXGyroOffsetEi
 .text._ZN7MPU605014setYGyroOffsetEi
                0x00004896        0xa MPU6050.o
                0x00004896                _ZN7MPU605014setYGyroOffsetEi
 .text._ZN7MPU605014setZGyroOffsetEi
                0x000048a0        0xa MPU6050.o
                0x000048a0                _ZN7MPU605014setZGyroOffsetEi
 .text._ZN7MPU605013setDMPEnabledEb
                0x000048aa        0xc MPU6050.o
                0x000048aa                _ZN7MPU605013setDMPEnabledEb
 .text._ZN7MPU60508resetDMPEv
                0x000048b6        0xc MPU6050.o
                0x000048b6                _ZN7MPU60508resetDMPEv
 .text._ZN7MPU605013setMemoryBankEhbb
                0x000048c2       0x14 MPU6050.o
                0x000048c2                _ZN7MPU605013setMemoryBankEhbb
 .text._ZN7MPU605021setMemoryStartAddressEh
                0x000048d6        0xa MPU6050.o
                0x000048d6                _ZN7MPU605021setMemoryStartAddressEh
 .text._ZN7MPU605014readMemoryByteEv
                0x000048e0       0x24 MPU6050.o
                0x000048e0                _ZN7MPU605014readMemoryByteEv
 .text._ZN7MPU605015readMemoryBlockEPhjhh
                0x00004904       0xd2 MPU6050.o
                0x00004904                _ZN7MPU605015readMemoryBlockEPhjhh
 .text._ZN7MPU605016writeMemoryBlockEPKhjhhbb
                0x000049d6      0x1c8 MPU6050.o
                0x000049d6                _ZN7MPU605016writeMemoryBlockEPKhjhhbb
 .text._ZN7MPU605020writeProgMemoryBlockEPKhjhhb
                0x00004b9e       0x14 MPU6050.o
                0x00004b9e                _ZN7MPU605020writeProgMemoryBlockEPKhjhhb
 .text._ZN7MPU605024writeDMPConfigurationSetEPKhjb
                0x00004bb2      0x184 MPU6050.o
                0x00004bb2                _ZN7MPU605024writeDMPConfigurationSetEPKhjb
 .text._ZN7MPU605028writeProgDMPConfigurationSetEPKhj
                0x00004d36        0x4 MPU6050.o
                0x00004d36                _ZN7MPU605028writeProgDMPConfigurationSetEPKhj
 .text._ZN7MPU605013setDMPConfig1Eh
                0x00004d3a        0xc MPU6050.o
                0x00004d3a                _ZN7MPU605013setDMPConfig1Eh
 .text._ZN7MPU605013setDMPConfig2Eh
                0x00004d46        0xc MPU6050.o
                0x00004d46                _ZN7MPU605013setDMPConfig2Eh
 .text._ZN7MPU605013dmpInitializeEv
                0x00004d52      0x4b4 MpuInit.o
                0x00004d52                _ZN7MPU605013dmpInitializeEv
 .text._ZN7MPU605016dmpGetQuaternionEPiPKh
                0x00005206       0x60 MpuInit.o
                0x00005206                _ZN7MPU605016dmpGetQuaternionEPiPKh
 .text._ZN7MPU605016dmpGetQuaternionEP10QuaternionPKh
                0x00005266       0xdc MpuInit.o
                0x00005266                _ZN7MPU605016dmpGetQuaternionEP10QuaternionPKh
 .text._ZN7MPU605013dmpGetGravityEP11VectorFloatP10Quaternion
                0x00005342      0x18c MpuInit.o
                0x00005342                _ZN7MPU605013dmpGetGravityEP11VectorFloatP10Quaternion
 .text._ZN7MPU605018dmpGetYawPitchRollEPfP10QuaternionP11VectorFloat
                0x000054ce      0x1f0 MpuInit.o
                0x000054ce                _ZN7MPU605018dmpGetYawPitchRollEPfP10QuaternionP11VectorFloat
 .text._ZN7MPU605020dmpGetFIFOPacketSizeEv
                0x000056be        0x8 MpuInit.o
                0x000056be                _ZN7MPU605020dmpGetFIFOPacketSizeEv
 .text.__vector_4
                0x000056c6       0x1e MpuInit.o
                0x000056c6                __vector_4
 .text._Z17enable_interrupt0v
                0x000056e4       0x18 MpuInit.o
                0x000056e4                _Z17enable_interrupt0v
 .text._Z9MPU_get_yv
                0x000056fc       0x16 MpuInit.o
                0x000056fc                _Z9MPU_get_yv
 .text._Z9MPU_get_pv
                0x00005712       0x16 MpuInit.o
                0x00005712                _Z9MPU_get_pv
 .text._Z9MPU_get_rv
                0x00005728       0x16 MpuInit.o
                0x00005728                _Z9MPU_get_rv
 .text._Z8MPU_initv
                0x0000573e       0x70 MpuInit.o
                0x0000573e                _Z8MPU_initv
 .text._Z10MPU_updatev
                0x000057ae       0xe4 MpuInit.o
                0x000057ae                _Z10MPU_updatev
 .text._GLOBAL__sub_I__ZN7MPU605013dmpInitializeEv
                0x00005892       0xd2 MpuInit.o
 .text._Z20servo_check_tx_readyv
                0x00005964        0x8 serialServoControl.o
                0x00005964                _Z20servo_check_tx_readyv
 .text._Z16servo_write_byteh
                0x0000596c       0x12 serialServoControl.o
                0x0000596c                _Z16servo_write_byteh
 .text._Z17send_servo_packethhh
                0x0000597e       0xb0 serialServoControl.o
                0x0000597e                _Z17send_servo_packethhh
 .text._Z10SERVO_gotohdj
                0x00005a2e       0xfa serialServoControl.o
                0x00005a2e                _Z10SERVO_gotohdj
 .text._Z21SERVO_buffer_positionhdj
                0x00005b28       0xf4 serialServoControl.o
                0x00005b28                _Z21SERVO_buffer_positionhdj
 .text._Z12SERVO_actionv
                0x00005c1c        0x8 serialServoControl.o
                0x00005c1c                _Z12SERVO_actionv
 .text._Z22SERVO_set_torque_limithj
                0x00005c24       0x14 serialServoControl.o
                0x00005c24                _Z22SERVO_set_torque_limithj
 .text._Z10SERVO_initv
                0x00005c38       0x20 serialServoControl.o
                0x00005c38                _Z10SERVO_initv
 .text._Z22SERVO_set_return_levelhh
                0x00005c58       0x10 serialServoControl.o
                0x00005c58                _Z22SERVO_set_return_levelhh
 .text._Z27SERVO_set_return_delay_timehh
                0x00005c68       0x10 serialServoControl.o
                0x00005c68                _Z27SERVO_set_return_delay_timehh
 .text._Z19SERVO_update_EEPROMh
                0x00005c78       0x20 serialServoControl.o
                0x00005c78                _Z19SERVO_update_EEPROMh
 .text.__vector_28
                0x00005c98       0x66 serialServoControl.o
                0x00005c98                __vector_28
 .text._Z17USART_getRotationv
                0x00005cfe        0xc usart.o
                0x00005cfe                _Z17USART_getRotationv
 .text._Z14USART_getSpeedv
                0x00005d0a        0xa usart.o
                0x00005d0a                _Z14USART_getSpeedv
 .text._Z18USART_getDirectionv
                0x00005d14        0xa usart.o
                0x00005d14                _Z18USART_getDirectionv
 .text._Z18USART_get_turn_dirv
                0x00005d1e        0x6 usart.o
                0x00005d1e                _Z18USART_get_turn_dirv
 .text._Z19USART_get_turn_flagv
                0x00005d24       0x14 usart.o
                0x00005d24                _Z19USART_get_turn_flagv
 .text._Z20USART_get_climb_flagv
                0x00005d38       0x14 usart.o
                0x00005d38                _Z20USART_get_climb_flagv
 .text._Z20USART_get_turn_anglev
                0x00005d4c        0xa usart.o
                0x00005d4c                _Z20USART_get_turn_anglev
 .text._Z11USART_get_zv
                0x00005d56       0x1a usart.o
                0x00005d56                _Z11USART_get_zv
 .text._Z10USART_initv
                0x00005d70       0x26 usart.o
                0x00005d70                _Z10USART_initv
 .text._Z20USART_check_tx_readyv
                0x00005d96        0x8 usart.o
                0x00005d96                _Z20USART_check_tx_readyv
 .text._Z16USART_write_byteh
                0x00005d9e       0x12 usart.o
                0x00005d9e                _Z16USART_write_byteh
 .text._Z11USART_crc16hh
                0x00005db0       0xb2 usart.o
                0x00005db0                _Z11USART_crc16hh
 .text._Z17USART_send_packetch
                0x00005e62       0xc0 usart.o
                0x00005e62                _Z17USART_send_packetch
 .text._Z18USART_send_messagePc
                0x00005f22       0x42 usart.o
                0x00005f22                _Z18USART_send_messagePc
 .text._Z16USART_send_valuef
                0x00005f64       0x16 usart.o
                0x00005f64                _Z16USART_send_valuef
 .text._Z15USART_send_gyrov
                0x00005f7a       0x3c usart.o
                0x00005f7a                _Z15USART_send_gyrov
 .text._Z16USART_send_readyv
                0x00005fb6        0x6 usart.o
                0x00005fb6                _Z16USART_send_readyv
 .text._Z20USART_send_turn_donev
                0x00005fbc        0x6 usart.o
                0x00005fbc                _Z20USART_send_turn_donev
 .text._Z21USART_send_climb_donev
                0x00005fc2        0x6 usart.o
                0x00005fc2                _Z21USART_send_climb_donev
 .text._Z28USART_decode_message_rx_fifov
                0x00005fc8       0x5e usart.o
                0x00005fc8                _Z28USART_decode_message_rx_fifov
 .text._Z28USART_decode_command_rx_fifov
                0x00006026       0x98 usart.o
                0x00006026                _Z28USART_decode_command_rx_fifov
 .text._Z30USART_decode_elevation_rx_fifov
                0x000060be       0xfc usart.o
                0x000060be                _Z30USART_decode_elevation_rx_fifov
 .text._Z25USART_decode_turn_rx_fifov
                0x000061ba       0xaa usart.o
                0x000061ba                _Z25USART_decode_turn_rx_fifov
 .text._Z26USART_decode_climb_rx_fifov
                0x00006264       0x2e usart.o
                0x00006264                _Z26USART_decode_climb_rx_fifov
 .text._Z31USART_decode_parameters_rx_fifov
                0x00006292       0x6a usart.o
                0x00006292                _Z31USART_decode_parameters_rx_fifov
 .text._Z20USART_decode_rx_fifov
                0x000062fc       0x6e usart.o
                0x000062fc                _Z20USART_decode_rx_fifov
 .text._Z20USART_elevation_flagv
                0x0000636a       0x14 usart.o
                0x0000636a                _Z20USART_elevation_flagv
 .text._Z21USART_parameters_flagv
                0x0000637e       0x14 usart.o
                0x0000637e                _Z21USART_parameters_flagv
 .text.__vector_20
                0x00006392      0x10a usart.o
                0x00006392                __vector_20
 .text._Z19USART_get_parameterh
                0x0000649c        0xc usart.o
                0x0000649c                _Z19USART_get_parameterh
 .text.avr-libc.fplib
                0x000064a8       0x1c c:/program files (x86)/atmel/atmel toolchain/avr8 gcc/native/3.4.2.1002/avr8-gnu-toolchain/bin/../lib/gcc/avr/4.7.2/../../../../avr/lib/avr51\libm.a(acos.o)
                0x000064a8                acos
 .text.avr-libc.fplib
                0x000064c4        0xa c:/program files (x86)/atmel/atmel toolchain/avr8 gcc/native/3.4.2.1002/avr8-gnu-toolchain/bin/../lib/gcc/avr/4.7.2/../../../../avr/lib/avr51\libm.a(addsf3.o)
                0x000064c4                __subsf3
                0x000064c6                __addsf3
 .text.avr-libc.fplib
                0x000064ce       0xc0 c:/program files (x86)/atmel/atmel toolchain/avr8 gcc/native/3.4.2.1002/avr8-gnu-toolchain/bin/../lib/gcc/avr/4.7.2/../../../../avr/lib/avr51\libm.a(addsf3x.o)
                0x000064e8                __addsf3x
 .text.avr-libc.fplib
                0x0000658e       0x2e c:/program files (x86)/atmel/atmel toolchain/avr8 gcc/native/3.4.2.1002/avr8-gnu-toolchain/bin/../lib/gcc/avr/4.7.2/../../../../avr/lib/avr51\libm.a(asin.o)
                0x0000658e                asin
 .text.avr-libc.fplib
                0x000065bc       0x74 c:/program files (x86)/atmel/atmel toolchain/avr8 gcc/native/3.4.2.1002/avr8-gnu-toolchain/bin/../lib/gcc/avr/4.7.2/../../../../avr/lib/avr51\libm.a(atan2.o)
                0x000065da                atan2
 .text.avr-libc.fplib
                0x00006630       0x50 c:/program files (x86)/atmel/atmel toolchain/avr8 gcc/native/3.4.2.1002/avr8-gnu-toolchain/bin/../lib/gcc/avr/4.7.2/../../../../avr/lib/avr51\libm.a(atan.o)
                0x00006630                atan
 .text.avr-libc.fplib
                0x00006680        0x8 c:/program files (x86)/atmel/atmel toolchain/avr8 gcc/native/3.4.2.1002/avr8-gnu-toolchain/bin/../lib/gcc/avr/4.7.2/../../../../avr/lib/avr51\libm.a(cmpsf2.o)
                0x00006680                __nesf2
                0x00006680                __eqsf2
                0x00006680                __cmpsf2
                0x00006680                __ltsf2
                0x00006680                __lesf2
 .text.avr-libc.fplib
                0x00006688        0x6 c:/program files (x86)/atmel/atmel toolchain/avr8 gcc/native/3.4.2.1002/avr8-gnu-toolchain/bin/../lib/gcc/avr/4.7.2/../../../../avr/lib/avr51\libm.a(cos.o)
                0x00006688                cos
 .text.avr-libc.fplib
                0x0000668e        0x4 c:/program files (x86)/atmel/atmel toolchain/avr8 gcc/native/3.4.2.1002/avr8-gnu-toolchain/bin/../lib/gcc/avr/4.7.2/../../../../avr/lib/avr51\libm.a(divsf3.o)
                0x0000668e                __divsf3
 .text.avr-libc.fplib
                0x00006692       0xcc c:/program files (x86)/atmel/atmel toolchain/avr8 gcc/native/3.4.2.1002/avr8-gnu-toolchain/bin/../lib/gcc/avr/4.7.2/../../../../avr/lib/avr51\libm.a(divsf3x.o)
                0x000066a8                __divsf3x
                0x000066ac                __divsf3_pse
 .text.avr-libc.fplib
                0x0000675e        0xa c:/program files (x86)/atmel/atmel toolchain/avr8 gcc/native/3.4.2.1002/avr8-gnu-toolchain/bin/../lib/gcc/avr/4.7.2/../../../../avr/lib/avr51\libm.a(fixsfsi.o)
                0x0000675e                __fixsfsi
 .text.avr-libc.fplib
                0x00006768       0x58 c:/program files (x86)/atmel/atmel toolchain/avr8 gcc/native/3.4.2.1002/avr8-gnu-toolchain/bin/../lib/gcc/avr/4.7.2/../../../../avr/lib/avr51\libm.a(fixunssfsi.o)
                0x00006768                __fixunssfsi
 .text.avr-libc.fplib
                0x000067c0       0x7a c:/program files (x86)/atmel/atmel toolchain/avr8 gcc/native/3.4.2.1002/avr8-gnu-toolchain/bin/../lib/gcc/avr/4.7.2/../../../../avr/lib/avr51\libm.a(floatsisf.o)
                0x000067c0                __floatunsisf
                0x000067c4                __floatsisf
 .text.avr-libc.fplib
                0x0000683a       0x3e c:/program files (x86)/atmel/atmel toolchain/avr8 gcc/native/3.4.2.1002/avr8-gnu-toolchain/bin/../lib/gcc/avr/4.7.2/../../../../avr/lib/avr51\libm.a(fmax.o)
                0x0000683a                fmax
 .text.avr-libc.fplib
                0x00006878       0x9c c:/program files (x86)/atmel/atmel toolchain/avr8 gcc/native/3.4.2.1002/avr8-gnu-toolchain/bin/../lib/gcc/avr/4.7.2/../../../../avr/lib/avr51\libm.a(fmod.o)
                0x00006886                fmod
 .text.avr-libc.fplib
                0x00006914       0x36 c:/program files (x86)/atmel/atmel toolchain/avr8 gcc/native/3.4.2.1002/avr8-gnu-toolchain/bin/../lib/gcc/avr/4.7.2/../../../../avr/lib/avr51\libm.a(fp_arccos.o)
                0x00006914                __fp_arccos
 .text.avr-libc.fplib
                0x0000694a       0x48 c:/program files (x86)/atmel/atmel toolchain/avr8 gcc/native/3.4.2.1002/avr8-gnu-toolchain/bin/../lib/gcc/avr/4.7.2/../../../../avr/lib/avr51\libm.a(fp_cmp.o)
                0x0000694a                __fp_cmp
 .text.avr-libc.fplib
                0x00006992        0xc c:/program files (x86)/atmel/atmel toolchain/avr8 gcc/native/3.4.2.1002/avr8-gnu-toolchain/bin/../lib/gcc/avr/4.7.2/../../../../avr/lib/avr51\libm.a(fp_inf.o)
                0x00006992                __fp_inf
 .text.avr-libc.fplib
                0x0000699e       0x1c c:/program files (x86)/atmel/atmel toolchain/avr8 gcc/native/3.4.2.1002/avr8-gnu-toolchain/bin/../lib/gcc/avr/4.7.2/../../../../avr/lib/avr51\libm.a(fp_mpack.o)
                0x0000699e                __fp_mpack
                0x000069a2                __fp_mpack_finite
 .text.avr-libc.fplib
                0x000069ba        0x6 c:/program files (x86)/atmel/atmel toolchain/avr8 gcc/native/3.4.2.1002/avr8-gnu-toolchain/bin/../lib/gcc/avr/4.7.2/../../../../avr/lib/avr51\libm.a(fp_nan.o)
                0x000069ba                __fp_nan
 .text.avr-libc.fplib
                0x000069c0       0x4a c:/program files (x86)/atmel/atmel toolchain/avr8 gcc/native/3.4.2.1002/avr8-gnu-toolchain/bin/../lib/gcc/avr/4.7.2/../../../../avr/lib/avr51\libm.a(fp_powser.o)
                0x000069c0                __fp_powser
 .text.avr-libc.fplib
                0x00006a0a       0x22 c:/program files (x86)/atmel/atmel toolchain/avr8 gcc/native/3.4.2.1002/avr8-gnu-toolchain/bin/../lib/gcc/avr/4.7.2/../../../../avr/lib/avr51\libm.a(fp_powsodd.o)
                0x00006a0a                __fp_powsodd
 .text.avr-libc.fplib
                0x00006a2c        0xe c:/program files (x86)/atmel/atmel toolchain/avr8 gcc/native/3.4.2.1002/avr8-gnu-toolchain/bin/../lib/gcc/avr/4.7.2/../../../../avr/lib/avr51\libm.a(fp_pscA.o)
                0x00006a2c                __fp_pscA
 .text.avr-libc.fplib
                0x00006a3a        0xe c:/program files (x86)/atmel/atmel toolchain/avr8 gcc/native/3.4.2.1002/avr8-gnu-toolchain/bin/../lib/gcc/avr/4.7.2/../../../../avr/lib/avr51\libm.a(fp_pscB.o)
                0x00006a3a                __fp_pscB
 .text.avr-libc.fplib
                0x00006a48       0x50 c:/program files (x86)/atmel/atmel toolchain/avr8 gcc/native/3.4.2.1002/avr8-gnu-toolchain/bin/../lib/gcc/avr/4.7.2/../../../../avr/lib/avr51\libm.a(fp_rempio2.o)
                0x00006a4a                __fp_rempio2
 .text.avr-libc.fplib
                0x00006a98       0x22 c:/program files (x86)/atmel/atmel toolchain/avr8 gcc/native/3.4.2.1002/avr8-gnu-toolchain/bin/../lib/gcc/avr/4.7.2/../../../../avr/lib/avr51\libm.a(fp_round.o)
                0x00006a98                __fp_round
 .text.avr-libc.fplib
                0x00006aba       0x22 c:/program files (x86)/atmel/atmel toolchain/avr8 gcc/native/3.4.2.1002/avr8-gnu-toolchain/bin/../lib/gcc/avr/4.7.2/../../../../avr/lib/avr51\libm.a(fp_sinus.o)
                0x00006aba                __fp_sinus
 .text.avr-libc.fplib
                0x00006adc       0x44 c:/program files (x86)/atmel/atmel toolchain/avr8 gcc/native/3.4.2.1002/avr8-gnu-toolchain/bin/../lib/gcc/avr/4.7.2/../../../../avr/lib/avr51\libm.a(fp_split3.o)
                0x00006adc                __fp_split3
                0x00006aec                __fp_splitA
 .text.avr-libc.fplib
                0x00006b20        0xe c:/program files (x86)/atmel/atmel toolchain/avr8 gcc/native/3.4.2.1002/avr8-gnu-toolchain/bin/../lib/gcc/avr/4.7.2/../../../../avr/lib/avr51\libm.a(fp_zero.o)
                0x00006b20                __fp_zero
                0x00006b22                __fp_szero
 .text.avr-libc.fplib
                0x00006b2e        0x8 c:/program files (x86)/atmel/atmel toolchain/avr8 gcc/native/3.4.2.1002/avr8-gnu-toolchain/bin/../lib/gcc/avr/4.7.2/../../../../avr/lib/avr51\libm.a(gesf2.o)
                0x00006b2e                __gesf2
                0x00006b2e                __gtsf2
 .text.avr-libc.fplib
                0x00006b36        0xe c:/program files (x86)/atmel/atmel toolchain/avr8 gcc/native/3.4.2.1002/avr8-gnu-toolchain/bin/../lib/gcc/avr/4.7.2/../../../../avr/lib/avr51\libm.a(inverse.o)
                0x00006b36                inverse
 .text.avr-libc.fplib
                0x00006b44        0x4 c:/program files (x86)/atmel/atmel toolchain/avr8 gcc/native/3.4.2.1002/avr8-gnu-toolchain/bin/../lib/gcc/avr/4.7.2/../../../../avr/lib/avr51\libm.a(mulsf3.o)
                0x00006b44                __mulsf3
 .text.avr-libc.fplib
                0x00006b48       0xc2 c:/program files (x86)/atmel/atmel toolchain/avr8 gcc/native/3.4.2.1002/avr8-gnu-toolchain/bin/../lib/gcc/avr/4.7.2/../../../../avr/lib/avr51\libm.a(mulsf3x.o)
                0x00006b5c                __mulsf3x
                0x00006b60                __mulsf3_pse
 .text.avr-libc.fplib
                0x00006c0a        0xc c:/program files (x86)/atmel/atmel toolchain/avr8 gcc/native/3.4.2.1002/avr8-gnu-toolchain/bin/../lib/gcc/avr/4.7.2/../../../../avr/lib/avr51\libm.a(sin.o)
                0x00006c0a                sin
 .text.avr-libc.fplib
                0x00006c16       0x84 c:/program files (x86)/atmel/atmel toolchain/avr8 gcc/native/3.4.2.1002/avr8-gnu-toolchain/bin/../lib/gcc/avr/4.7.2/../../../../avr/lib/avr51\libm.a(sqrt.o)
                0x00006c1e                sqrt
 .text.avr-libc.fplib
                0x00006c9a        0x6 c:/program files (x86)/atmel/atmel toolchain/avr8 gcc/native/3.4.2.1002/avr8-gnu-toolchain/bin/../lib/gcc/avr/4.7.2/../../../../avr/lib/avr51\libm.a(square.o)
                0x00006c9a                square
 .text.avr-libc.fplib
                0x00006ca0        0xe c:/program files (x86)/atmel/atmel toolchain/avr8 gcc/native/3.4.2.1002/avr8-gnu-toolchain/bin/../lib/gcc/avr/4.7.2/../../../../avr/lib/avr51\libm.a(fp_norm2.o)
                0x00006ca0                __fp_norm2
 .text.libgcc.div
                0x00006cae       0x36 c:/program files (x86)/atmel/atmel toolchain/avr8 gcc/native/3.4.2.1002/avr8-gnu-toolchain/bin/../lib/gcc/avr/4.7.2/avr51\libgcc.a(_divmodsi4.o)
                0x00006cae                __divmodsi4
 .text.libgcc   0x00006ce4        0x8 c:/program files (x86)/atmel/atmel toolchain/avr8 gcc/native/3.4.2.1002/avr8-gnu-toolchain/bin/../lib/gcc/avr/4.7.2/avr51\libgcc.a(_tablejump_elpm.o)
                0x00006ce4                __tablejump_elpm__
 .text.libgcc.div
                0x00006cec       0x44 c:/program files (x86)/atmel/atmel toolchain/avr8 gcc/native/3.4.2.1002/avr8-gnu-toolchain/bin/../lib/gcc/avr/4.7.2/avr51\libgcc.a(_udivmodsi4.o)
                0x00006cec                __udivmodsi4
 .text.avr-libc
                0x00006d30      0x274 c:/program files (x86)/atmel/atmel toolchain/avr8 gcc/native/3.4.2.1002/avr8-gnu-toolchain/bin/../lib/gcc/avr/4.7.2/../../../../avr/lib/avr51\libc.a(malloc.o)
                0x00006d30                malloc
                0x00006e66                free
 .text.avr-libc
                0x00006fa4      0x1be c:/program files (x86)/atmel/atmel toolchain/avr8 gcc/native/3.4.2.1002/avr8-gnu-toolchain/bin/../lib/gcc/avr/4.7.2/../../../../avr/lib/avr51\libc.a(realloc.o)
                0x00006fa4                realloc
 .text.avr-libc
                0x00007162       0x1a c:/program files (x86)/atmel/atmel toolchain/avr8 gcc/native/3.4.2.1002/avr8-gnu-toolchain/bin/../lib/gcc/avr/4.7.2/../../../../avr/lib/avr51\libc.a(memcmp.o)
                0x00007162                memcmp
 .text.avr-libc
                0x0000717c       0x12 c:/program files (x86)/atmel/atmel toolchain/avr8 gcc/native/3.4.2.1002/avr8-gnu-toolchain/bin/../lib/gcc/avr/4.7.2/../../../../avr/lib/avr51\libc.a(memcpy.o)
                0x0000717c                memcpy
                0x0000718e                . = ALIGN (0x2)
 *(.fini9)
 .fini9         0x0000718e        0x0 c:/program files (x86)/atmel/atmel toolchain/avr8 gcc/native/3.4.2.1002/avr8-gnu-toolchain/bin/../lib/gcc/avr/4.7.2/avr51\libgcc.a(_exit.o)
                0x0000718e                _exit
                0x0000718e                exit
 *(.fini9)
 *(.fini8)
 *(.fini8)
 *(.fini7)
 *(.fini7)
 *(.fini6)
 *(.fini6)
 *(.fini5)
 *(.fini5)
 *(.fini4)
 *(.fini4)
 *(.fini3)
 *(.fini3)
 *(.fini2)
 *(.fini2)
 *(.fini1)
 *(.fini1)
 *(.fini0)
 .fini0         0x0000718e        0x4 c:/program files (x86)/atmel/atmel toolchain/avr8 gcc/native/3.4.2.1002/avr8-gnu-toolchain/bin/../lib/gcc/avr/4.7.2/avr51\libgcc.a(_exit.o)
 *(.fini0)
                0x00007192                _etext = .

.data           0x00800100     0x14aa load address 0x00007192
                0x00800100                PROVIDE (__data_start, .)
 *(.data)
 .data          0x00800100        0x0 c:/program files (x86)/atmel/atmel toolchain/avr8 gcc/native/3.4.2.1002/avr8-gnu-toolchain/bin/../lib/gcc/avr/4.7.2/../../../../avr/lib/avr51/crtm1284p.o
 .data          0x00800100        0x0 counter.o
 .data          0x00800100        0x0 fifo.o
 .data          0x00800100        0x0 Gangenheten.o
 .data          0x00800100        0x0 highLevelWalking.o
 .data          0x00800100        0x0 I2Cdev.o
 .data          0x00800100        0x0 inverseKinematics.o
 .data          0x00800100        0x0 MPU6050.o
 .data          0x00800100        0x0 MpuInit.o
 .data          0x00800100        0x0 serialServoControl.o
 .data          0x00800100        0x0 usart.o
 .data          0x00800100        0x0 c:/program files (x86)/atmel/atmel toolchain/avr8 gcc/native/3.4.2.1002/avr8-gnu-toolchain/bin/../lib/gcc/avr/4.7.2/../../../../avr/lib/avr51\libm.a(acos.o)
 .data          0x00800100        0x0 c:/program files (x86)/atmel/atmel toolchain/avr8 gcc/native/3.4.2.1002/avr8-gnu-toolchain/bin/../lib/gcc/avr/4.7.2/../../../../avr/lib/avr51\libm.a(addsf3.o)
 .data          0x00800100        0x0 c:/program files (x86)/atmel/atmel toolchain/avr8 gcc/native/3.4.2.1002/avr8-gnu-toolchain/bin/../lib/gcc/avr/4.7.2/../../../../avr/lib/avr51\libm.a(addsf3x.o)
 .data          0x00800100        0x0 c:/program files (x86)/atmel/atmel toolchain/avr8 gcc/native/3.4.2.1002/avr8-gnu-toolchain/bin/../lib/gcc/avr/4.7.2/../../../../avr/lib/avr51\libm.a(asin.o)
 .data          0x00800100        0x0 c:/program files (x86)/atmel/atmel toolchain/avr8 gcc/native/3.4.2.1002/avr8-gnu-toolchain/bin/../lib/gcc/avr/4.7.2/../../../../avr/lib/avr51\libm.a(atan2.o)
 .data          0x00800100        0x0 c:/program files (x86)/atmel/atmel toolchain/avr8 gcc/native/3.4.2.1002/avr8-gnu-toolchain/bin/../lib/gcc/avr/4.7.2/../../../../avr/lib/avr51\libm.a(atan.o)
 .data          0x00800100        0x0 c:/program files (x86)/atmel/atmel toolchain/avr8 gcc/native/3.4.2.1002/avr8-gnu-toolchain/bin/../lib/gcc/avr/4.7.2/../../../../avr/lib/avr51\libm.a(cmpsf2.o)
 .data          0x00800100        0x0 c:/program files (x86)/atmel/atmel toolchain/avr8 gcc/native/3.4.2.1002/avr8-gnu-toolchain/bin/../lib/gcc/avr/4.7.2/../../../../avr/lib/avr51\libm.a(cos.o)
 .data          0x00800100        0x0 c:/program files (x86)/atmel/atmel toolchain/avr8 gcc/native/3.4.2.1002/avr8-gnu-toolchain/bin/../lib/gcc/avr/4.7.2/../../../../avr/lib/avr51\libm.a(divsf3.o)
 .data          0x00800100        0x0 c:/program files (x86)/atmel/atmel toolchain/avr8 gcc/native/3.4.2.1002/avr8-gnu-toolchain/bin/../lib/gcc/avr/4.7.2/../../../../avr/lib/avr51\libm.a(divsf3x.o)
 .data          0x00800100        0x0 c:/program files (x86)/atmel/atmel toolchain/avr8 gcc/native/3.4.2.1002/avr8-gnu-toolchain/bin/../lib/gcc/avr/4.7.2/../../../../avr/lib/avr51\libm.a(fixsfsi.o)
 .data          0x00800100        0x0 c:/program files (x86)/atmel/atmel toolchain/avr8 gcc/native/3.4.2.1002/avr8-gnu-toolchain/bin/../lib/gcc/avr/4.7.2/../../../../avr/lib/avr51\libm.a(fixunssfsi.o)
 .data          0x00800100        0x0 c:/program files (x86)/atmel/atmel toolchain/avr8 gcc/native/3.4.2.1002/avr8-gnu-toolchain/bin/../lib/gcc/avr/4.7.2/../../../../avr/lib/avr51\libm.a(floatsisf.o)
 .data          0x00800100        0x0 c:/program files (x86)/atmel/atmel toolchain/avr8 gcc/native/3.4.2.1002/avr8-gnu-toolchain/bin/../lib/gcc/avr/4.7.2/../../../../avr/lib/avr51\libm.a(fmax.o)
 .data          0x00800100        0x0 c:/program files (x86)/atmel/atmel toolchain/avr8 gcc/native/3.4.2.1002/avr8-gnu-toolchain/bin/../lib/gcc/avr/4.7.2/../../../../avr/lib/avr51\libm.a(fmod.o)
 .data          0x00800100        0x0 c:/program files (x86)/atmel/atmel toolchain/avr8 gcc/native/3.4.2.1002/avr8-gnu-toolchain/bin/../lib/gcc/avr/4.7.2/../../../../avr/lib/avr51\libm.a(fp_arccos.o)
 .data          0x00800100        0x0 c:/program files (x86)/atmel/atmel toolchain/avr8 gcc/native/3.4.2.1002/avr8-gnu-toolchain/bin/../lib/gcc/avr/4.7.2/../../../../avr/lib/avr51\libm.a(fp_cmp.o)
 .data          0x00800100        0x0 c:/program files (x86)/atmel/atmel toolchain/avr8 gcc/native/3.4.2.1002/avr8-gnu-toolchain/bin/../lib/gcc/avr/4.7.2/../../../../avr/lib/avr51\libm.a(fp_inf.o)
 .data          0x00800100        0x0 c:/program files (x86)/atmel/atmel toolchain/avr8 gcc/native/3.4.2.1002/avr8-gnu-toolchain/bin/../lib/gcc/avr/4.7.2/../../../../avr/lib/avr51\libm.a(fp_mpack.o)
 .data          0x00800100        0x0 c:/program files (x86)/atmel/atmel toolchain/avr8 gcc/native/3.4.2.1002/avr8-gnu-toolchain/bin/../lib/gcc/avr/4.7.2/../../../../avr/lib/avr51\libm.a(fp_nan.o)
 .data          0x00800100        0x0 c:/program files (x86)/atmel/atmel toolchain/avr8 gcc/native/3.4.2.1002/avr8-gnu-toolchain/bin/../lib/gcc/avr/4.7.2/../../../../avr/lib/avr51\libm.a(fp_powser.o)
 .data          0x00800100        0x0 c:/program files (x86)/atmel/atmel toolchain/avr8 gcc/native/3.4.2.1002/avr8-gnu-toolchain/bin/../lib/gcc/avr/4.7.2/../../../../avr/lib/avr51\libm.a(fp_powsodd.o)
 .data          0x00800100        0x0 c:/program files (x86)/atmel/atmel toolchain/avr8 gcc/native/3.4.2.1002/avr8-gnu-toolchain/bin/../lib/gcc/avr/4.7.2/../../../../avr/lib/avr51\libm.a(fp_pscA.o)
 .data          0x00800100        0x0 c:/program files (x86)/atmel/atmel toolchain/avr8 gcc/native/3.4.2.1002/avr8-gnu-toolchain/bin/../lib/gcc/avr/4.7.2/../../../../avr/lib/avr51\libm.a(fp_pscB.o)
 .data          0x00800100        0x0 c:/program files (x86)/atmel/atmel toolchain/avr8 gcc/native/3.4.2.1002/avr8-gnu-toolchain/bin/../lib/gcc/avr/4.7.2/../../../../avr/lib/avr51\libm.a(fp_rempio2.o)
 .data          0x00800100        0x0 c:/program files (x86)/atmel/atmel toolchain/avr8 gcc/native/3.4.2.1002/avr8-gnu-toolchain/bin/../lib/gcc/avr/4.7.2/../../../../avr/lib/avr51\libm.a(fp_round.o)
 .data          0x00800100        0x0 c:/program files (x86)/atmel/atmel toolchain/avr8 gcc/native/3.4.2.1002/avr8-gnu-toolchain/bin/../lib/gcc/avr/4.7.2/../../../../avr/lib/avr51\libm.a(fp_sinus.o)
 .data          0x00800100        0x0 c:/program files (x86)/atmel/atmel toolchain/avr8 gcc/native/3.4.2.1002/avr8-gnu-toolchain/bin/../lib/gcc/avr/4.7.2/../../../../avr/lib/avr51\libm.a(fp_split3.o)
 .data          0x00800100        0x0 c:/program files (x86)/atmel/atmel toolchain/avr8 gcc/native/3.4.2.1002/avr8-gnu-toolchain/bin/../lib/gcc/avr/4.7.2/../../../../avr/lib/avr51\libm.a(fp_zero.o)
 .data          0x00800100        0x0 c:/program files (x86)/atmel/atmel toolchain/avr8 gcc/native/3.4.2.1002/avr8-gnu-toolchain/bin/../lib/gcc/avr/4.7.2/../../../../avr/lib/avr51\libm.a(gesf2.o)
 .data          0x00800100        0x0 c:/program files (x86)/atmel/atmel toolchain/avr8 gcc/native/3.4.2.1002/avr8-gnu-toolchain/bin/../lib/gcc/avr/4.7.2/../../../../avr/lib/avr51\libm.a(inverse.o)
 .data          0x00800100        0x0 c:/program files (x86)/atmel/atmel toolchain/avr8 gcc/native/3.4.2.1002/avr8-gnu-toolchain/bin/../lib/gcc/avr/4.7.2/../../../../avr/lib/avr51\libm.a(mulsf3.o)
 .data          0x00800100        0x0 c:/program files (x86)/atmel/atmel toolchain/avr8 gcc/native/3.4.2.1002/avr8-gnu-toolchain/bin/../lib/gcc/avr/4.7.2/../../../../avr/lib/avr51\libm.a(mulsf3x.o)
 .data          0x00800100        0x0 c:/program files (x86)/atmel/atmel toolchain/avr8 gcc/native/3.4.2.1002/avr8-gnu-toolchain/bin/../lib/gcc/avr/4.7.2/../../../../avr/lib/avr51\libm.a(sin.o)
 .data          0x00800100        0x0 c:/program files (x86)/atmel/atmel toolchain/avr8 gcc/native/3.4.2.1002/avr8-gnu-toolchain/bin/../lib/gcc/avr/4.7.2/../../../../avr/lib/avr51\libm.a(sqrt.o)
 .data          0x00800100        0x0 c:/program files (x86)/atmel/atmel toolchain/avr8 gcc/native/3.4.2.1002/avr8-gnu-toolchain/bin/../lib/gcc/avr/4.7.2/../../../../avr/lib/avr51\libm.a(square.o)
 .data          0x00800100        0x0 c:/program files (x86)/atmel/atmel toolchain/avr8 gcc/native/3.4.2.1002/avr8-gnu-toolchain/bin/../lib/gcc/avr/4.7.2/../../../../avr/lib/avr51\libm.a(fp_norm2.o)
 .data          0x00800100        0x0 c:/program files (x86)/atmel/atmel toolchain/avr8 gcc/native/3.4.2.1002/avr8-gnu-toolchain/bin/../lib/gcc/avr/4.7.2/avr51\libgcc.a(_divmodsi4.o)
 .data          0x00800100        0x0 c:/program files (x86)/atmel/atmel toolchain/avr8 gcc/native/3.4.2.1002/avr8-gnu-toolchain/bin/../lib/gcc/avr/4.7.2/avr51\libgcc.a(_exit.o)
 .data          0x00800100        0x0 c:/program files (x86)/atmel/atmel toolchain/avr8 gcc/native/3.4.2.1002/avr8-gnu-toolchain/bin/../lib/gcc/avr/4.7.2/avr51\libgcc.a(_copy_data.o)
 .data          0x00800100        0x0 c:/program files (x86)/atmel/atmel toolchain/avr8 gcc/native/3.4.2.1002/avr8-gnu-toolchain/bin/../lib/gcc/avr/4.7.2/avr51\libgcc.a(_clear_bss.o)
 .data          0x00800100        0x0 c:/program files (x86)/atmel/atmel toolchain/avr8 gcc/native/3.4.2.1002/avr8-gnu-toolchain/bin/../lib/gcc/avr/4.7.2/avr51\libgcc.a(_ctors.o)
 .data          0x00800100        0x0 c:/program files (x86)/atmel/atmel toolchain/avr8 gcc/native/3.4.2.1002/avr8-gnu-toolchain/bin/../lib/gcc/avr/4.7.2/avr51\libgcc.a(_tablejump_elpm.o)
 .data          0x00800100        0x0 c:/program files (x86)/atmel/atmel toolchain/avr8 gcc/native/3.4.2.1002/avr8-gnu-toolchain/bin/../lib/gcc/avr/4.7.2/avr51\libgcc.a(_udivmodsi4.o)
 .data          0x00800100        0x6 c:/program files (x86)/atmel/atmel toolchain/avr8 gcc/native/3.4.2.1002/avr8-gnu-toolchain/bin/../lib/gcc/avr/4.7.2/../../../../avr/lib/avr51\libc.a(malloc.o)
                0x00800100                __malloc_heap_end
                0x00800102                __malloc_heap_start
                0x00800104                __malloc_margin
 .data          0x00800106        0x0 c:/program files (x86)/atmel/atmel toolchain/avr8 gcc/native/3.4.2.1002/avr8-gnu-toolchain/bin/../lib/gcc/avr/4.7.2/../../../../avr/lib/avr51\libc.a(realloc.o)
 .data          0x00800106        0x0 c:/program files (x86)/atmel/atmel toolchain/avr8 gcc/native/3.4.2.1002/avr8-gnu-toolchain/bin/../lib/gcc/avr/4.7.2/../../../../avr/lib/avr51\libc.a(memcmp.o)
 .data          0x00800106        0x0 c:/program files (x86)/atmel/atmel toolchain/avr8 gcc/native/3.4.2.1002/avr8-gnu-toolchain/bin/../lib/gcc/avr/4.7.2/../../../../avr/lib/avr51\libc.a(memcpy.o)
 *(.data*)
 .data.std_pos_flag
                0x00800106        0x1 Gangenheten.o
                0x00800106                std_pos_flag
 .data.AUTO_ELEVATION
                0x00800107        0x4 highLevelWalking.o
                0x00800107                AUTO_ELEVATION
 .data.STEP_HEIGHT_CLIMB
                0x0080010b        0x1 highLevelWalking.o
                0x0080010b                STEP_HEIGHT_CLIMB
 .data.STEP_HEIGHT
                0x0080010c        0x1 highLevelWalking.o
                0x0080010c                STEP_HEIGHT
 .data.ITERATIONS_DELAY
                0x0080010d        0x2 highLevelWalking.o
                0x0080010d                ITERATIONS_DELAY
 .data.ITERATIONS_DELAY_START
                0x0080010f        0x2 highLevelWalking.o
                0x0080010f                ITERATIONS_DELAY_START
 .data.SERVO_SPEED
                0x00800111        0x2 highLevelWalking.o
                0x00800111                SERVO_SPEED
 .data.TURN_WALK_SCALE_FACTOR
                0x00800113        0x4 highLevelWalking.o
                0x00800113                TURN_WALK_SCALE_FACTOR
 .data.TURN_SCALE_FACTOR
                0x00800117        0x4 highLevelWalking.o
                0x00800117                TURN_SCALE_FACTOR
 .data.TURN_MIN_SPEED
                0x0080011b        0x4 highLevelWalking.o
                0x0080011b                TURN_MIN_SPEED
 .data.TURN_TOLERANCE
                0x0080011f        0x4 highLevelWalking.o
                0x0080011f                TURN_TOLERANCE
 .data.TURN_WALK_SPEED_MAX
                0x00800123        0x4 highLevelWalking.o
                0x00800123                TURN_WALK_SPEED_MAX
 .data.TURN_WALK_SPEED_MIN
                0x00800127        0x4 highLevelWalking.o
                0x00800127                TURN_WALK_SPEED_MIN
 .data._ZN6I2Cdev11readTimeoutE
                0x0080012b        0x2 I2Cdev.o
                0x0080012b                _ZN6I2Cdev11readTimeoutE
 .data.z0       0x0080012d        0x4 inverseKinematics.o
                0x0080012d                z0
 .data.x0       0x00800131        0x4 inverseKinematics.o
                0x00800131                x0
 .data.y0_6     0x00800135        0x4 inverseKinematics.o
                0x00800135                y0_6
 .data.x0_6     0x00800139        0x4 inverseKinematics.o
                0x00800139                x0_6
 .data.x0_5     0x0080013d        0x4 inverseKinematics.o
                0x0080013d                x0_5
 .data.y0_4     0x00800141        0x4 inverseKinematics.o
                0x00800141                y0_4
 .data.x0_4     0x00800145        0x4 inverseKinematics.o
                0x00800145                x0_4
 .data.y0_3     0x00800149        0x4 inverseKinematics.o
                0x00800149                y0_3
 .data.x0_3     0x0080014d        0x4 inverseKinematics.o
                0x0080014d                x0_3
 .data.x0_2     0x00800151        0x4 inverseKinematics.o
                0x00800151                x0_2
 .data.y0_1     0x00800155        0x4 inverseKinematics.o
                0x00800155                y0_1
 .data.x0_1     0x00800159        0x4 inverseKinematics.o
                0x00800159                x0_1
 .data.gServoRxFIFO
                0x0080015d        0x2 serialServoControl.o
                0x0080015d                gServoRxFIFO
 .data._raw_gServoRxFIFO
                0x0080015f      0x406 serialServoControl.o
                0x0080015f                _raw_gServoRxFIFO
 .data.gRxFIFO  0x00800565        0x2 usart.o
                0x00800565                gRxFIFO
 .data._raw_gRxFIFO
                0x00800567     0x1006 usart.o
                0x00800567                _raw_gRxFIFO
 .data.gZ       0x0080156d        0x4 usart.o
                0x0080156d                gZ
 .data.gTurnDirection
                0x00801571        0x1 usart.o
                0x00801571                gTurnDirection
 .data.gRotation
                0x00801572        0x1 usart.o
                0x00801572                gRotation
 *(.rodata)
 *(.rodata*)
 .rodata.str1.1
                0x00801573        0xc Gangenheten.o
 .rodata.str1.1
                0x0080157f       0x2a serialServoControl.o
 *(.gnu.linkonce.d*)
                0x008015aa                . = ALIGN (0x2)
 *fill*         0x008015a9        0x1 
                0x008015aa                _edata = .
                0x008015aa                PROVIDE (__data_end, .)

.bss            0x008015aa      0xaaa
                0x008015aa                PROVIDE (__bss_start, .)
 *(.bss)
 *(.bss*)
 .bss.gWaitFlag
                0x008015aa        0x1 counter.o
                0x008015aa                gWaitFlag
 .bss.move_to_std_flag
                0x008015ab        0x1 Gangenheten.o
                0x008015ab                move_to_std_flag
 .bss.MAX_STEP_LENGTH
                0x008015ac        0x4 highLevelWalking.o
                0x008015ac                MAX_STEP_LENGTH
 .bss.stdLength
                0x008015b0        0x4 highLevelWalking.o
                0x008015b0                stdLength
 .bss.stepScaling
                0x008015b4        0x4 highLevelWalking.o
                0x008015b4                stepScaling
 .bss.stepTest  0x008015b8        0x4 highLevelWalking.o
                0x008015b8                stepTest
 .bss.stepMax   0x008015bc        0x4 highLevelWalking.o
                0x008015bc                stepMax
 .bss.yDirection
                0x008015c0        0x4 highLevelWalking.o
                0x008015c0                yDirection
 .bss.xDirection
                0x008015c4        0x4 highLevelWalking.o
                0x008015c4                xDirection
 .bss.speedf    0x008015c8        0x4 highLevelWalking.o
                0x008015c8                speedf
 .bss.rotation  0x008015cc        0x4 highLevelWalking.o
                0x008015cc                rotation
 .bss.direction
                0x008015d0        0x4 highLevelWalking.o
                0x008015d0                direction
 .bss.z         0x008015d4        0x4 highLevelWalking.o
                0x008015d4                z
 .bss.tempz     0x008015d8        0x4 highLevelWalking.o
                0x008015d8                tempz
 .bss.tempy     0x008015dc        0x4 highLevelWalking.o
                0x008015dc                tempy
 .bss.tempx     0x008015e0        0x4 highLevelWalking.o
                0x008015e0                tempx
 .bss.climbing_flag
                0x008015e4        0x2 highLevelWalking.o
                0x008015e4                climbing_flag
 .bss.speedMultiplier
                0x008015e6        0x4 highLevelWalking.o
                0x008015e6                speedMultiplier
 .bss.leg6      0x008015ea       0x8c highLevelWalking.o
                0x008015ea                leg6
 .bss.leg5      0x00801676       0x8c highLevelWalking.o
                0x00801676                leg5
 .bss.leg4      0x00801702       0x8c highLevelWalking.o
                0x00801702                leg4
 .bss.leg3      0x0080178e       0x8c highLevelWalking.o
                0x0080178e                leg3
 .bss.leg2      0x0080181a       0x8c highLevelWalking.o
                0x0080181a                leg2
 .bss.leg1      0x008018a6       0x8c highLevelWalking.o
                0x008018a6                leg1
 .bss.newPosyWB
                0x00801932        0x4 highLevelWalking.o
                0x00801932                newPosyWB
 .bss.newPosxWB
                0x00801936        0x4 highLevelWalking.o
                0x00801936                newPosxWB
 .bss.sintemp   0x0080193a        0x4 highLevelWalking.o
                0x0080193a                sintemp
 .bss.costemp   0x0080193e        0x4 highLevelWalking.o
                0x0080193e                costemp
 .bss.climb_start_control
                0x00801942        0x4 highLevelWalking.o
                0x00801942                climb_start_control
 .bss.speed     0x00801946        0x2 highLevelWalking.o
                0x00801946                speed
 .bss.ITERATIONS
                0x00801948        0x4 highLevelWalking.o
                0x00801948                ITERATIONS
 .bss.timer0_millis
                0x0080194c        0x4 I2Cdev.o
                0x0080194c                timer0_millis
 .bss.timer0_overflow_count
                0x00801950        0x4 I2Cdev.o
                0x00801950                timer0_overflow_count
 .bss._ZL12timer0_fract
                0x00801954        0x1 I2Cdev.o
 .bss.y0        0x00801955        0x4 inverseKinematics.o
                0x00801955                y0
 .bss.y0_5      0x00801959        0x4 inverseKinematics.o
                0x00801959                y0_5
 .bss.y0_2      0x0080195d        0x4 inverseKinematics.o
                0x0080195d                y0_2
 .bss.d         0x00801961        0x4 inverseKinematics.o
                0x00801961                d
 .bss.gamma     0x00801965        0x4 inverseKinematics.o
                0x00801965                gamma
 .bss.beta      0x00801969        0x4 inverseKinematics.o
                0x00801969                beta
 .bss.alpha     0x0080196d        0x4 inverseKinematics.o
                0x0080196d                alpha
 .bss.mpuInterrupt
                0x00801971        0x1 MpuInit.o
                0x00801971                mpuInterrupt
 .bss.ypr       0x00801972        0xc MpuInit.o
                0x00801972                ypr
 .bss.gravity   0x0080197e        0xc MpuInit.o
                0x0080197e                gravity
 .bss.aaWorld   0x0080198a        0x6 MpuInit.o
                0x0080198a                aaWorld
 .bss.aaReal    0x00801990        0x6 MpuInit.o
                0x00801990                aaReal
 .bss.aa        0x00801996        0x6 MpuInit.o
                0x00801996                aa
 .bss.q         0x0080199c       0x10 MpuInit.o
                0x0080199c                q
 .bss.fifoBuffer
                0x008019ac       0x40 MpuInit.o
                0x008019ac                fifoBuffer
 .bss.fifoCount
                0x008019ec        0x2 MpuInit.o
                0x008019ec                fifoCount
 .bss.packetSize
                0x008019ee        0x2 MpuInit.o
                0x008019ee                packetSize
 .bss.devStatus
                0x008019f0        0x1 MpuInit.o
                0x008019f0                devStatus
 .bss.mpuIntStatus
                0x008019f1        0x1 MpuInit.o
                0x008019f1                mpuIntStatus
 .bss.dmpReady  0x008019f2        0x1 MpuInit.o
                0x008019f2                dmpReady
 .bss.accelgyro
                0x008019f3       0x13 MpuInit.o
                0x008019f3                accelgyro
 .bss.mpu       0x00801a06       0x13 MpuInit.o
                0x00801a06                mpu
 .bss.gServoTxBuffer
                0x00801a19       0x80 serialServoControl.o
                0x00801a19                gServoTxBuffer
 .bss.gServoParameters
                0x00801a99       0x80 serialServoControl.o
                0x00801a99                gServoParameters
 .bss.gParametersFlag
                0x00801b19        0x1 usart.o
                0x00801b19                gParametersFlag
 .bss.gElevationFlag
                0x00801b1a        0x1 usart.o
                0x00801b1a                gElevationFlag
 .bss.gClimbFlag
                0x00801b1b        0x1 usart.o
                0x00801b1b                gClimbFlag
 .bss.gTurnFlag
                0x00801b1c        0x1 usart.o
                0x00801b1c                gTurnFlag
 .bss.gTurnAngle
                0x00801b1d        0x2 usart.o
                0x00801b1d                gTurnAngle
 .bss.gDirection
                0x00801b1f        0x1 usart.o
                0x00801b1f                gDirection
 .bss.gSpeed    0x00801b20        0x1 usart.o
                0x00801b20                gSpeed
 .bss.parameters
                0x00801b21       0x22 usart.o
                0x00801b21                parameters
 .bss.gInvertNextFlag
                0x00801b43        0x2 usart.o
                0x00801b43                gInvertNextFlag
 .bss.gRxBufferIndex
                0x00801b45        0x2 usart.o
                0x00801b45                gRxBufferIndex
 .bss.gRxBuffer
                0x00801b47      0x205 usart.o
                0x00801b47                gRxBuffer
 .bss.gTxBuffer
                0x00801d4c      0x205 usart.o
                0x00801d4c                gTxBuffer
 .bss.gTxPayload
                0x00801f51       0xff usart.o
                0x00801f51                gTxPayload
 *(COMMON)
 COMMON         0x00802050        0x4 c:/program files (x86)/atmel/atmel toolchain/avr8 gcc/native/3.4.2.1002/avr8-gnu-toolchain/bin/../lib/gcc/avr/4.7.2/../../../../avr/lib/avr51\libc.a(malloc.o)
                0x00802050                __brkval
                0x00802052                __flp
                0x00802054                PROVIDE (__bss_end, .)
                0x00007192                __data_load_start = LOADADDR (.data)
                0x0000863c                __data_load_end = (__data_load_start + SIZEOF (.data))

.noinit         0x00802054        0x0
                0x00802054                PROVIDE (__noinit_start, .)
 *(.noinit*)
                0x00802054                PROVIDE (__noinit_end, .)
                0x00802054                _end = .
                0x00802054                PROVIDE (__heap_start, .)

.eeprom         0x00810000        0x0
 *(.eeprom*)
                0x00810000                __eeprom_end = .

.fuse
 *(.fuse)
 *(.lfuse)
 *(.hfuse)
 *(.efuse)

.lock
 *(.lock*)

.signature
 *(.signature*)

.user_signatures
 *(.user_signatures*)

.stab           0x00000000     0x3ffc
 *(.stab)
 .stab          0x00000000      0x6cc c:/program files (x86)/atmel/atmel toolchain/avr8 gcc/native/3.4.2.1002/avr8-gnu-toolchain/bin/../lib/gcc/avr/4.7.2/../../../../avr/lib/avr51/crtm1284p.o
 .stab          0x000006cc       0xd8 c:/program files (x86)/atmel/atmel toolchain/avr8 gcc/native/3.4.2.1002/avr8-gnu-toolchain/bin/../lib/gcc/avr/4.7.2/../../../../avr/lib/avr51\libm.a(acos.o)
                                 0xe4 (size before relaxing)
 .stab          0x000007a4       0x78 c:/program files (x86)/atmel/atmel toolchain/avr8 gcc/native/3.4.2.1002/avr8-gnu-toolchain/bin/../lib/gcc/avr/4.7.2/../../../../avr/lib/avr51\libm.a(addsf3.o)
                                 0x84 (size before relaxing)
 .stab          0x0000081c      0x4bc c:/program files (x86)/atmel/atmel toolchain/avr8 gcc/native/3.4.2.1002/avr8-gnu-toolchain/bin/../lib/gcc/avr/4.7.2/../../../../avr/lib/avr51\libm.a(addsf3x.o)
                                0x4c8 (size before relaxing)
 .stab          0x00000cd8      0x144 c:/program files (x86)/atmel/atmel toolchain/avr8 gcc/native/3.4.2.1002/avr8-gnu-toolchain/bin/../lib/gcc/avr/4.7.2/../../../../avr/lib/avr51\libm.a(asin.o)
                                0x150 (size before relaxing)
 .stab          0x00000e1c      0x2f4 c:/program files (x86)/atmel/atmel toolchain/avr8 gcc/native/3.4.2.1002/avr8-gnu-toolchain/bin/../lib/gcc/avr/4.7.2/../../../../avr/lib/avr51\libm.a(atan2.o)
                                0x300 (size before relaxing)
 .stab          0x00001110      0x210 c:/program files (x86)/atmel/atmel toolchain/avr8 gcc/native/3.4.2.1002/avr8-gnu-toolchain/bin/../lib/gcc/avr/4.7.2/../../../../avr/lib/avr51\libm.a(atan.o)
                                0x21c (size before relaxing)
 .stab          0x00001320       0x90 c:/program files (x86)/atmel/atmel toolchain/avr8 gcc/native/3.4.2.1002/avr8-gnu-toolchain/bin/../lib/gcc/avr/4.7.2/../../../../avr/lib/avr51\libm.a(cmpsf2.o)
                                 0x9c (size before relaxing)
 .stab          0x000013b0       0x54 c:/program files (x86)/atmel/atmel toolchain/avr8 gcc/native/3.4.2.1002/avr8-gnu-toolchain/bin/../lib/gcc/avr/4.7.2/../../../../avr/lib/avr51\libm.a(cos.o)
                                 0x60 (size before relaxing)
 .stab          0x00001404       0x48 c:/program files (x86)/atmel/atmel toolchain/avr8 gcc/native/3.4.2.1002/avr8-gnu-toolchain/bin/../lib/gcc/avr/4.7.2/../../../../avr/lib/avr51\libm.a(divsf3.o)
                                 0x54 (size before relaxing)
 .stab          0x0000144c      0x510 c:/program files (x86)/atmel/atmel toolchain/avr8 gcc/native/3.4.2.1002/avr8-gnu-toolchain/bin/../lib/gcc/avr/4.7.2/../../../../avr/lib/avr51\libm.a(divsf3x.o)
                                0x51c (size before relaxing)
 .stab          0x0000195c       0x6c c:/program files (x86)/atmel/atmel toolchain/avr8 gcc/native/3.4.2.1002/avr8-gnu-toolchain/bin/../lib/gcc/avr/4.7.2/../../../../avr/lib/avr51\libm.a(fixsfsi.o)
                                 0x78 (size before relaxing)
 .stab          0x000019c8      0x240 c:/program files (x86)/atmel/atmel toolchain/avr8 gcc/native/3.4.2.1002/avr8-gnu-toolchain/bin/../lib/gcc/avr/4.7.2/../../../../avr/lib/avr51\libm.a(fixunssfsi.o)
                                0x24c (size before relaxing)
 .stab          0x00001c08      0x318 c:/program files (x86)/atmel/atmel toolchain/avr8 gcc/native/3.4.2.1002/avr8-gnu-toolchain/bin/../lib/gcc/avr/4.7.2/../../../../avr/lib/avr51\libm.a(floatsisf.o)
                                0x324 (size before relaxing)
 .stab          0x00001f20      0x1a4 c:/program files (x86)/atmel/atmel toolchain/avr8 gcc/native/3.4.2.1002/avr8-gnu-toolchain/bin/../lib/gcc/avr/4.7.2/../../../../avr/lib/avr51\libm.a(fmax.o)
                                0x1b0 (size before relaxing)
 .stab          0x000020c4      0x3e4 c:/program files (x86)/atmel/atmel toolchain/avr8 gcc/native/3.4.2.1002/avr8-gnu-toolchain/bin/../lib/gcc/avr/4.7.2/../../../../avr/lib/avr51\libm.a(fmod.o)
                                0x3f0 (size before relaxing)
 .stab          0x000024a8      0x174 c:/program files (x86)/atmel/atmel toolchain/avr8 gcc/native/3.4.2.1002/avr8-gnu-toolchain/bin/../lib/gcc/avr/4.7.2/../../../../avr/lib/avr51\libm.a(fp_arccos.o)
                                0x180 (size before relaxing)
 .stab          0x0000261c      0x1e0 c:/program files (x86)/atmel/atmel toolchain/avr8 gcc/native/3.4.2.1002/avr8-gnu-toolchain/bin/../lib/gcc/avr/4.7.2/../../../../avr/lib/avr51\libm.a(fp_cmp.o)
                                0x1ec (size before relaxing)
 .stab          0x000027fc       0x78 c:/program files (x86)/atmel/atmel toolchain/avr8 gcc/native/3.4.2.1002/avr8-gnu-toolchain/bin/../lib/gcc/avr/4.7.2/../../../../avr/lib/avr51\libm.a(fp_inf.o)
                                 0x84 (size before relaxing)
 .stab          0x00002874       0xe4 c:/program files (x86)/atmel/atmel toolchain/avr8 gcc/native/3.4.2.1002/avr8-gnu-toolchain/bin/../lib/gcc/avr/4.7.2/../../../../avr/lib/avr51\libm.a(fp_mpack.o)
                                 0xf0 (size before relaxing)
 .stab          0x00002958       0x54 c:/program files (x86)/atmel/atmel toolchain/avr8 gcc/native/3.4.2.1002/avr8-gnu-toolchain/bin/../lib/gcc/avr/4.7.2/../../../../avr/lib/avr51\libm.a(fp_nan.o)
                                 0x60 (size before relaxing)
 .stab          0x000029ac      0x1ec c:/program files (x86)/atmel/atmel toolchain/avr8 gcc/native/3.4.2.1002/avr8-gnu-toolchain/bin/../lib/gcc/avr/4.7.2/../../../../avr/lib/avr51\libm.a(fp_powser.o)
                                0x1f8 (size before relaxing)
 .stab          0x00002b98       0xfc c:/program files (x86)/atmel/atmel toolchain/avr8 gcc/native/3.4.2.1002/avr8-gnu-toolchain/bin/../lib/gcc/avr/4.7.2/../../../../avr/lib/avr51\libm.a(fp_powsodd.o)
                                0x108 (size before relaxing)
 .stab          0x00002c94       0x84 c:/program files (x86)/atmel/atmel toolchain/avr8 gcc/native/3.4.2.1002/avr8-gnu-toolchain/bin/../lib/gcc/avr/4.7.2/../../../../avr/lib/avr51\libm.a(fp_pscA.o)
                                 0x90 (size before relaxing)
 .stab          0x00002d18       0x84 c:/program files (x86)/atmel/atmel toolchain/avr8 gcc/native/3.4.2.1002/avr8-gnu-toolchain/bin/../lib/gcc/avr/4.7.2/../../../../avr/lib/avr51\libm.a(fp_pscB.o)
                                 0x90 (size before relaxing)
 .stab          0x00002d9c      0x21c c:/program files (x86)/atmel/atmel toolchain/avr8 gcc/native/3.4.2.1002/avr8-gnu-toolchain/bin/../lib/gcc/avr/4.7.2/../../../../avr/lib/avr51\libm.a(fp_rempio2.o)
                                0x228 (size before relaxing)
 .stab          0x00002fb8       0xfc c:/program files (x86)/atmel/atmel toolchain/avr8 gcc/native/3.4.2.1002/avr8-gnu-toolchain/bin/../lib/gcc/avr/4.7.2/../../../../avr/lib/avr51\libm.a(fp_round.o)
                                0x108 (size before relaxing)
 .stab          0x000030b4       0xfc c:/program files (x86)/atmel/atmel toolchain/avr8 gcc/native/3.4.2.1002/avr8-gnu-toolchain/bin/../lib/gcc/avr/4.7.2/../../../../avr/lib/avr51\libm.a(fp_sinus.o)
                                0x108 (size before relaxing)
 .stab          0x000031b0      0x1d4 c:/program files (x86)/atmel/atmel toolchain/avr8 gcc/native/3.4.2.1002/avr8-gnu-toolchain/bin/../lib/gcc/avr/4.7.2/../../../../avr/lib/avr51\libm.a(fp_split3.o)
                                0x1e0 (size before relaxing)
 .stab          0x00003384       0x90 c:/program files (x86)/atmel/atmel toolchain/avr8 gcc/native/3.4.2.1002/avr8-gnu-toolchain/bin/../lib/gcc/avr/4.7.2/../../../../avr/lib/avr51\libm.a(fp_zero.o)
                                 0x9c (size before relaxing)
 .stab          0x00003414       0x6c c:/program files (x86)/atmel/atmel toolchain/avr8 gcc/native/3.4.2.1002/avr8-gnu-toolchain/bin/../lib/gcc/avr/4.7.2/../../../../avr/lib/avr51\libm.a(gesf2.o)
                                 0x78 (size before relaxing)
 .stab          0x00003480       0x84 c:/program files (x86)/atmel/atmel toolchain/avr8 gcc/native/3.4.2.1002/avr8-gnu-toolchain/bin/../lib/gcc/avr/4.7.2/../../../../avr/lib/avr51\libm.a(inverse.o)
                                 0x90 (size before relaxing)
 .stab          0x00003504       0x48 c:/program files (x86)/atmel/atmel toolchain/avr8 gcc/native/3.4.2.1002/avr8-gnu-toolchain/bin/../lib/gcc/avr/4.7.2/../../../../avr/lib/avr51\libm.a(mulsf3.o)
                                 0x54 (size before relaxing)
 .stab          0x0000354c      0x4d4 c:/program files (x86)/atmel/atmel toolchain/avr8 gcc/native/3.4.2.1002/avr8-gnu-toolchain/bin/../lib/gcc/avr/4.7.2/../../../../avr/lib/avr51\libm.a(mulsf3x.o)
                                0x4e0 (size before relaxing)
 .stab          0x00003a20       0x78 c:/program files (x86)/atmel/atmel toolchain/avr8 gcc/native/3.4.2.1002/avr8-gnu-toolchain/bin/../lib/gcc/avr/4.7.2/../../../../avr/lib/avr51\libm.a(sin.o)
                                 0x84 (size before relaxing)
 .stab          0x00003a98      0x354 c:/program files (x86)/atmel/atmel toolchain/avr8 gcc/native/3.4.2.1002/avr8-gnu-toolchain/bin/../lib/gcc/avr/4.7.2/../../../../avr/lib/avr51\libm.a(sqrt.o)
                                0x360 (size before relaxing)
 .stab          0x00003dec       0x54 c:/program files (x86)/atmel/atmel toolchain/avr8 gcc/native/3.4.2.1002/avr8-gnu-toolchain/bin/../lib/gcc/avr/4.7.2/../../../../avr/lib/avr51\libm.a(square.o)
                                 0x60 (size before relaxing)
 .stab          0x00003e40       0x84 c:/program files (x86)/atmel/atmel toolchain/avr8 gcc/native/3.4.2.1002/avr8-gnu-toolchain/bin/../lib/gcc/avr/4.7.2/../../../../avr/lib/avr51\libm.a(fp_norm2.o)
                                 0x90 (size before relaxing)
 .stab          0x00003ec4       0xb4 c:/program files (x86)/atmel/atmel toolchain/avr8 gcc/native/3.4.2.1002/avr8-gnu-toolchain/bin/../lib/gcc/avr/4.7.2/../../../../avr/lib/avr51\libc.a(memcmp.o)
                                 0xc0 (size before relaxing)
 .stab          0x00003f78       0x84 c:/program files (x86)/atmel/atmel toolchain/avr8 gcc/native/3.4.2.1002/avr8-gnu-toolchain/bin/../lib/gcc/avr/4.7.2/../../../../avr/lib/avr51\libc.a(memcpy.o)
                                 0x90 (size before relaxing)

.stabstr        0x00000000     0x1232
 *(.stabstr)
 .stabstr       0x00000000     0x1232 c:/program files (x86)/atmel/atmel toolchain/avr8 gcc/native/3.4.2.1002/avr8-gnu-toolchain/bin/../lib/gcc/avr/4.7.2/../../../../avr/lib/avr51/crtm1284p.o

.stab.excl
 *(.stab.excl)

.stab.exclstr
 *(.stab.exclstr)

.stab.index
 *(.stab.index)

.stab.indexstr
 *(.stab.indexstr)

.comment        0x00000000       0x2f
 *(.comment)
 .comment       0x00000000       0x2f counter.o
                                 0x30 (size before relaxing)
 .comment       0x00000000       0x30 fifo.o
 .comment       0x00000000       0x30 Gangenheten.o
 .comment       0x00000000       0x30 highLevelWalking.o
 .comment       0x00000000       0x30 I2Cdev.o
 .comment       0x00000000       0x30 inverseKinematics.o
 .comment       0x00000000       0x30 MPU6050.o
 .comment       0x00000000       0x30 MpuInit.o
 .comment       0x00000000       0x30 serialServoControl.o
 .comment       0x00000000       0x30 usart.o
 .comment       0x00000000       0x30 c:/program files (x86)/atmel/atmel toolchain/avr8 gcc/native/3.4.2.1002/avr8-gnu-toolchain/bin/../lib/gcc/avr/4.7.2/../../../../avr/lib/avr51\libc.a(malloc.o)
 .comment       0x00000000       0x30 c:/program files (x86)/atmel/atmel toolchain/avr8 gcc/native/3.4.2.1002/avr8-gnu-toolchain/bin/../lib/gcc/avr/4.7.2/../../../../avr/lib/avr51\libc.a(realloc.o)

.debug
 *(.debug)

.line
 *(.line)

.debug_srcinfo
 *(.debug_srcinfo)

.debug_sfnames
 *(.debug_sfnames)

.debug_aranges  0x00000000      0xe98
 *(.debug_aranges)
 .debug_aranges
                0x00000000       0x50 counter.o
 .debug_aranges
                0x00000050       0x30 fifo.o
 .debug_aranges
                0x00000080       0x30 Gangenheten.o
 .debug_aranges
                0x000000b0       0xb0 highLevelWalking.o
 .debug_aranges
                0x00000160       0xf0 I2Cdev.o
 .debug_aranges
                0x00000250      0x100 inverseKinematics.o
 .debug_aranges
                0x00000350      0x840 MPU6050.o
 .debug_aranges
                0x00000b90       0xe8 MpuInit.o
 .debug_aranges
                0x00000c78       0xb8 serialServoControl.o
 .debug_aranges
                0x00000d30      0x120 usart.o
 .debug_aranges
                0x00000e50       0x28 c:/program files (x86)/atmel/atmel toolchain/avr8 gcc/native/3.4.2.1002/avr8-gnu-toolchain/bin/../lib/gcc/avr/4.7.2/../../../../avr/lib/avr51\libc.a(malloc.o)
 .debug_aranges
                0x00000e78       0x20 c:/program files (x86)/atmel/atmel toolchain/avr8 gcc/native/3.4.2.1002/avr8-gnu-toolchain/bin/../lib/gcc/avr/4.7.2/../../../../avr/lib/avr51\libc.a(realloc.o)

.debug_pubnames
 *(.debug_pubnames)

.debug_info     0x00000000    0x13675
 *(.debug_info)
 .debug_info    0x00000000      0x1f4 counter.o
 .debug_info    0x000001f4      0x1bc fifo.o
 .debug_info    0x000003b0      0x5a5 Gangenheten.o
 .debug_info    0x00000955     0x1cfb highLevelWalking.o
 .debug_info    0x00002650     0x145d I2Cdev.o
 .debug_info    0x00003aad      0x895 inverseKinematics.o
 .debug_info    0x00004342     0x8705 MPU6050.o
 .debug_info    0x0000ca47     0x4df7 MpuInit.o
 .debug_info    0x0001183e      0xb8d serialServoControl.o
 .debug_info    0x000123cb      0xdd3 usart.o
 .debug_info    0x0001319e      0x23d c:/program files (x86)/atmel/atmel toolchain/avr8 gcc/native/3.4.2.1002/avr8-gnu-toolchain/bin/../lib/gcc/avr/4.7.2/../../../../avr/lib/avr51\libc.a(malloc.o)
 .debug_info    0x000133db      0x29a c:/program files (x86)/atmel/atmel toolchain/avr8 gcc/native/3.4.2.1002/avr8-gnu-toolchain/bin/../lib/gcc/avr/4.7.2/../../../../avr/lib/avr51\libc.a(realloc.o)
 *(.gnu.linkonce.wi.*)

.debug_abbrev   0x00000000     0x1b09
 *(.debug_abbrev)
 .debug_abbrev  0x00000000      0x106 counter.o
 .debug_abbrev  0x00000106       0xd2 fifo.o
 .debug_abbrev  0x000001d8      0x1c5 Gangenheten.o
 .debug_abbrev  0x0000039d      0x2ea highLevelWalking.o
 .debug_abbrev  0x00000687      0x30e I2Cdev.o
 .debug_abbrev  0x00000995      0x17f inverseKinematics.o
 .debug_abbrev  0x00000b14      0x2be MPU6050.o
 .debug_abbrev  0x00000dd2      0x4d1 MpuInit.o
 .debug_abbrev  0x000012a3      0x2be serialServoControl.o
 .debug_abbrev  0x00001561      0x375 usart.o
 .debug_abbrev  0x000018d6       0xf9 c:/program files (x86)/atmel/atmel toolchain/avr8 gcc/native/3.4.2.1002/avr8-gnu-toolchain/bin/../lib/gcc/avr/4.7.2/../../../../avr/lib/avr51\libc.a(malloc.o)
 .debug_abbrev  0x000019cf      0x13a c:/program files (x86)/atmel/atmel toolchain/avr8 gcc/native/3.4.2.1002/avr8-gnu-toolchain/bin/../lib/gcc/avr/4.7.2/../../../../avr/lib/avr51\libc.a(realloc.o)

.debug_line     0x00000000     0x612f
 *(.debug_line)
 .debug_line    0x00000000      0x1d5 counter.o
 .debug_line    0x000001d5      0x151 fifo.o
 .debug_line    0x00000326      0x2e2 Gangenheten.o
 .debug_line    0x00000608      0xc4f highLevelWalking.o
 .debug_line    0x00001257      0x9ca I2Cdev.o
 .debug_line    0x00001c21      0x3d6 inverseKinematics.o
 .debug_line    0x00001ff7     0x2333 MPU6050.o
 .debug_line    0x0000432a      0x9c4 MpuInit.o
 .debug_line    0x00004cee      0x779 serialServoControl.o
 .debug_line    0x00005467      0x8c1 usart.o
 .debug_line    0x00005d28      0x20e c:/program files (x86)/atmel/atmel toolchain/avr8 gcc/native/3.4.2.1002/avr8-gnu-toolchain/bin/../lib/gcc/avr/4.7.2/../../../../avr/lib/avr51\libc.a(malloc.o)
 .debug_line    0x00005f36      0x1f9 c:/program files (x86)/atmel/atmel toolchain/avr8 gcc/native/3.4.2.1002/avr8-gnu-toolchain/bin/../lib/gcc/avr/4.7.2/../../../../avr/lib/avr51\libc.a(realloc.o)

.debug_frame    0x00000000     0x3850
 *(.debug_frame)
 .debug_frame   0x00000000       0x94 counter.o
 .debug_frame   0x00000094       0x68 fifo.o
 .debug_frame   0x000000fc       0x64 Gangenheten.o
 .debug_frame   0x00000160      0x474 highLevelWalking.o
 .debug_frame   0x000005d4      0x540 I2Cdev.o
 .debug_frame   0x00000b14      0x420 inverseKinematics.o
 .debug_frame   0x00000f34     0x1de4 MPU6050.o
 .debug_frame   0x00002d18      0x47c MpuInit.o
 .debug_frame   0x00003194      0x2c8 serialServoControl.o
 .debug_frame   0x0000345c      0x32c usart.o
 .debug_frame   0x00003788       0x68 c:/program files (x86)/atmel/atmel toolchain/avr8 gcc/native/3.4.2.1002/avr8-gnu-toolchain/bin/../lib/gcc/avr/4.7.2/../../../../avr/lib/avr51\libc.a(malloc.o)
 .debug_frame   0x000037f0       0x60 c:/program files (x86)/atmel/atmel toolchain/avr8 gcc/native/3.4.2.1002/avr8-gnu-toolchain/bin/../lib/gcc/avr/4.7.2/../../../../avr/lib/avr51\libc.a(realloc.o)

.debug_str      0x00000000     0x6e88
 *(.debug_str)
 .debug_str     0x00000000      0x19b counter.o
                                0x1eb (size before relaxing)
 .debug_str     0x0000019b       0x83 fifo.o
                                0x170 (size before relaxing)
 .debug_str     0x0000021e      0x3bf Gangenheten.o
                                0x539 (size before relaxing)
 .debug_str     0x000005dd      0xcf3 highLevelWalking.o
                                0xf21 (size before relaxing)
 .debug_str     0x000012d0      0x46d I2Cdev.o
                                0x570 (size before relaxing)
 .debug_str     0x0000173d      0x18b inverseKinematics.o
                                0x56e (size before relaxing)
 .debug_str     0x000018c8     0x3878 MPU6050.o
                               0x3b19 (size before relaxing)
 .debug_str     0x00005140     0x14c4 MpuInit.o
                               0x4e2e (size before relaxing)
 .debug_str     0x00006604      0x35a serialServoControl.o
                                0x704 (size before relaxing)
 .debug_str     0x0000695e      0x3bb usart.o
                                0x8a9 (size before relaxing)
 .debug_str     0x00006d19       0xf4 c:/program files (x86)/atmel/atmel toolchain/avr8 gcc/native/3.4.2.1002/avr8-gnu-toolchain/bin/../lib/gcc/avr/4.7.2/../../../../avr/lib/avr51\libc.a(malloc.o)
                                0x17c (size before relaxing)
 .debug_str     0x00006e0d       0x7b c:/program files (x86)/atmel/atmel toolchain/avr8 gcc/native/3.4.2.1002/avr8-gnu-toolchain/bin/../lib/gcc/avr/4.7.2/../../../../avr/lib/avr51\libc.a(realloc.o)
                                0x15c (size before relaxing)

.debug_loc      0x00000000    0x10b6d
 *(.debug_loc)
 .debug_loc     0x00000000       0xce counter.o
 .debug_loc     0x000000ce      0x17b fifo.o
 .debug_loc     0x00000249       0xc5 Gangenheten.o
 .debug_loc     0x0000030e     0x1385 highLevelWalking.o
 .debug_loc     0x00001693     0x1fdd I2Cdev.o
 .debug_loc     0x00003670      0xe54 inverseKinematics.o
 .debug_loc     0x000044c4     0x8b28 MPU6050.o
 .debug_loc     0x0000cfec     0x1693 MpuInit.o
 .debug_loc     0x0000e67f      0xe95 serialServoControl.o
 .debug_loc     0x0000f514      0xb83 usart.o
 .debug_loc     0x00010097      0x4f8 c:/program files (x86)/atmel/atmel toolchain/avr8 gcc/native/3.4.2.1002/avr8-gnu-toolchain/bin/../lib/gcc/avr/4.7.2/../../../../avr/lib/avr51\libc.a(malloc.o)
 .debug_loc     0x0001058f      0x5de c:/program files (x86)/atmel/atmel toolchain/avr8 gcc/native/3.4.2.1002/avr8-gnu-toolchain/bin/../lib/gcc/avr/4.7.2/../../../../avr/lib/avr51\libc.a(realloc.o)

.debug_macinfo
 *(.debug_macinfo)

.debug_pubtypes
 *(.debug_pubtypes)

.debug_ranges   0x00000000      0xec8
 *(.debug_ranges)
 .debug_ranges  0x00000000       0x40 counter.o
 .debug_ranges  0x00000040       0x20 fifo.o
 .debug_ranges  0x00000060       0x48 Gangenheten.o
 .debug_ranges  0x000000a8       0xa0 highLevelWalking.o
 .debug_ranges  0x00000148      0x110 I2Cdev.o
 .debug_ranges  0x00000258       0xf0 inverseKinematics.o
 .debug_ranges  0x00000348      0x860 MPU6050.o
 .debug_ranges  0x00000ba8       0xf8 MpuInit.o
 .debug_ranges  0x00000ca0       0xa8 serialServoControl.o
 .debug_ranges  0x00000d48      0x158 usart.o
 .debug_ranges  0x00000ea0       0x18 c:/program files (x86)/atmel/atmel toolchain/avr8 gcc/native/3.4.2.1002/avr8-gnu-toolchain/bin/../lib/gcc/avr/4.7.2/../../../../avr/lib/avr51\libc.a(malloc.o)
 .debug_ranges  0x00000eb8       0x10 c:/program files (x86)/atmel/atmel toolchain/avr8 gcc/native/3.4.2.1002/avr8-gnu-toolchain/bin/../lib/gcc/avr/4.7.2/../../../../avr/lib/avr51\libc.a(realloc.o)

.debug_macro
 *(.debug_macro)
OUTPUT(Gangenheten.elf elf32-avr)
LOAD linker stubs
